Error msg: Error msg:' Not Found 
 data: Sun Jan 07 2018 08:10:12 GMT-0200 (Horário brasileiro de verão) stack: Error: Not Found
    at app.use (D:\gitHub\basicNodeApp\app.js:71:16)
    at Layer.handle [as handle_request] (D:\gitHub\basicNodeApp\node_modules\express\lib\router\layer.js:95:5)
    at trim_prefix (D:\gitHub\basicNodeApp\node_modules\express\lib\router\index.js:317:13)
    at D:\gitHub\basicNodeApp\node_modules\express\lib\router\index.js:284:7
    at Function.process_params (D:\gitHub\basicNodeApp\node_modules\express\lib\router\index.js:335:12)
    at next (D:\gitHub\basicNodeApp\node_modules\express\lib\router\index.js:275:10)
    at D:\gitHub\basicNodeApp\node_modules\express\lib\router\index.js:635:15
    at next (D:\gitHub\basicNodeApp\node_modules\express\lib\router\index.js:260:14)
    at Function.handle (D:\gitHub\basicNodeApp\node_modules\express\lib\router\index.js:174:3)
    at router (D:\gitHub\basicNodeApp\node_modules\express\lib\router\index.js:47:12)
    at Layer.handle [as handle_request] (D:\gitHub\basicNodeApp\node_modules\express\lib\router\layer.js:95:5)
    at trim_prefix (D:\gitHub\basicNodeApp\node_modules\express\lib\router\index.js:317:13)
    at D:\gitHub\basicNodeApp\node_modules\express\lib\router\index.js:284:7
    at Function.process_params (D:\gitHub\basicNodeApp\node_modules\express\lib\router\index.js:335:12)
    at next (D:\gitHub\basicNodeApp\node_modules\express\lib\router\index.js:275:10)
    at app.use (D:\gitHub\basicNodeApp\app.js:55:5)Error msg:  Not Found 
 data: Sun Jan 07 2018 08:12:06 GMT-0200 (Horário brasileiro de verão) stack: Error: Not Found
    at app.use (D:\gitHub\basicNodeApp\app.js:71:16)
    at Layer.handle [as handle_request] (D:\gitHub\basicNodeApp\node_modules\express\lib\router\layer.js:95:5)
    at trim_prefix (D:\gitHub\basicNodeApp\node_modules\express\lib\router\index.js:317:13)
    at D:\gitHub\basicNodeApp\node_modules\express\lib\router\index.js:284:7
    at Function.process_params (D:\gitHub\basicNodeApp\node_modules\express\lib\router\index.js:335:12)
    at next (D:\gitHub\basicNodeApp\node_modules\express\lib\router\index.js:275:10)
    at D:\gitHub\basicNodeApp\node_modules\express\lib\router\index.js:635:15
    at next (D:\gitHub\basicNodeApp\node_modules\express\lib\router\index.js:260:14)
    at Function.handle (D:\gitHub\basicNodeApp\node_modules\express\lib\router\index.js:174:3)
    at router (D:\gitHub\basicNodeApp\node_modules\express\lib\router\index.js:47:12)
    at Layer.handle [as handle_request] (D:\gitHub\basicNodeApp\node_modules\express\lib\router\layer.js:95:5)
    at trim_prefix (D:\gitHub\basicNodeApp\node_modules\express\lib\router\index.js:317:13)
    at D:\gitHub\basicNodeApp\node_modules\express\lib\router\index.js:284:7
    at Function.process_params (D:\gitHub\basicNodeApp\node_modules\express\lib\router\index.js:335:12)
    at next (D:\gitHub\basicNodeApp\node_modules\express\lib\router\index.js:275:10)
    at app.use (D:\gitHub\basicNodeApp\app.js:55:5)Error msg:  Not Found 
 data: Sun Jan 07 2018 08:12:35 GMT-0200 (Horário brasileiro de verão) stack: Error: Not Found
    at app.use (D:\gitHub\basicNodeApp\app.js:71:16)
    at Layer.handle [as handle_request] (D:\gitHub\basicNodeApp\node_modules\express\lib\router\layer.js:95:5)
    at trim_prefix (D:\gitHub\basicNodeApp\node_modules\express\lib\router\index.js:317:13)
    at D:\gitHub\basicNodeApp\node_modules\express\lib\router\index.js:284:7
    at Function.process_params (D:\gitHub\basicNodeApp\node_modules\express\lib\router\index.js:335:12)
    at next (D:\gitHub\basicNodeApp\node_modules\express\lib\router\index.js:275:10)
    at D:\gitHub\basicNodeApp\node_modules\express\lib\router\index.js:635:15
    at next (D:\gitHub\basicNodeApp\node_modules\express\lib\router\index.js:260:14)
    at Function.handle (D:\gitHub\basicNodeApp\node_modules\express\lib\router\index.js:174:3)
    at router (D:\gitHub\basicNodeApp\node_modules\express\lib\router\index.js:47:12)
    at Layer.handle [as handle_request] (D:\gitHub\basicNodeApp\node_modules\express\lib\router\layer.js:95:5)
    at trim_prefix (D:\gitHub\basicNodeApp\node_modules\express\lib\router\index.js:317:13)
    at D:\gitHub\basicNodeApp\node_modules\express\lib\router\index.js:284:7
    at Function.process_params (D:\gitHub\basicNodeApp\node_modules\express\lib\router\index.js:335:12)
    at next (D:\gitHub\basicNodeApp\node_modules\express\lib\router\index.js:275:10)
    at app.use (D:\gitHub\basicNodeApp\app.js:55:5)Error msg:  Not Found 
 data: Sun Jan 07 2018 08:13:10 GMT-0200 (Horário brasileiro de verão) stack: Error: Not Found
    at app.use (D:\gitHub\basicNodeApp\app.js:71:16)
    at Layer.handle [as handle_request] (D:\gitHub\basicNodeApp\node_modules\express\lib\router\layer.js:95:5)
    at trim_prefix (D:\gitHub\basicNodeApp\node_modules\express\lib\router\index.js:317:13)
    at D:\gitHub\basicNodeApp\node_modules\express\lib\router\index.js:284:7
    at Function.process_params (D:\gitHub\basicNodeApp\node_modules\express\lib\router\index.js:335:12)
    at next (D:\gitHub\basicNodeApp\node_modules\express\lib\router\index.js:275:10)
    at D:\gitHub\basicNodeApp\node_modules\express\lib\router\index.js:635:15
    at next (D:\gitHub\basicNodeApp\node_modules\express\lib\router\index.js:260:14)
    at Function.handle (D:\gitHub\basicNodeApp\node_modules\express\lib\router\index.js:174:3)
    at router (D:\gitHub\basicNodeApp\node_modules\express\lib\router\index.js:47:12)
    at Layer.handle [as handle_request] (D:\gitHub\basicNodeApp\node_modules\express\lib\router\layer.js:95:5)
    at trim_prefix (D:\gitHub\basicNodeApp\node_modules\express\lib\router\index.js:317:13)
    at D:\gitHub\basicNodeApp\node_modules\express\lib\router\index.js:284:7
    at Function.process_params (D:\gitHub\basicNodeApp\node_modules\express\lib\router\index.js:335:12)
    at next (D:\gitHub\basicNodeApp\node_modules\express\lib\router\index.js:275:10)
    at app.use (D:\gitHub\basicNodeApp\app.js:55:5)Error msg:  Not Found 
 data: Sun Jan 07 2018 08:18:47 GMT-0200 (Horário brasileiro de verão) stack: Error: Not Found
    at app.use (D:\gitHub\basicNodeApp\app.js:71:16)
    at Layer.handle [as handle_request] (D:\gitHub\basicNodeApp\node_modules\express\lib\router\layer.js:95:5)
    at trim_prefix (D:\gitHub\basicNodeApp\node_modules\express\lib\router\index.js:317:13)
    at D:\gitHub\basicNodeApp\node_modules\express\lib\router\index.js:284:7
    at Function.process_params (D:\gitHub\basicNodeApp\node_modules\express\lib\router\index.js:335:12)
    at next (D:\gitHub\basicNodeApp\node_modules\express\lib\router\index.js:275:10)
    at D:\gitHub\basicNodeApp\node_modules\express\lib\router\index.js:635:15
    at next (D:\gitHub\basicNodeApp\node_modules\express\lib\router\index.js:260:14)
    at Function.handle (D:\gitHub\basicNodeApp\node_modules\express\lib\router\index.js:174:3)
    at router (D:\gitHub\basicNodeApp\node_modules\express\lib\router\index.js:47:12)
    at Layer.handle [as handle_request] (D:\gitHub\basicNodeApp\node_modules\express\lib\router\layer.js:95:5)
    at trim_prefix (D:\gitHub\basicNodeApp\node_modules\express\lib\router\index.js:317:13)
    at D:\gitHub\basicNodeApp\node_modules\express\lib\router\index.js:284:7
    at Function.process_params (D:\gitHub\basicNodeApp\node_modules\express\lib\router\index.js:335:12)
    at next (D:\gitHub\basicNodeApp\node_modules\express\lib\router\index.js:275:10)
    at app.use (D:\gitHub\basicNodeApp\app.js:55:5)Error msg:  Not Found 
 data: Sun Jan 07 2018 08:18:48 GMT-0200 (Horário brasileiro de verão) stack: Error: Not Found
    at app.use (D:\gitHub\basicNodeApp\app.js:71:16)
    at Layer.handle [as handle_request] (D:\gitHub\basicNodeApp\node_modules\express\lib\router\layer.js:95:5)
    at trim_prefix (D:\gitHub\basicNodeApp\node_modules\express\lib\router\index.js:317:13)
    at D:\gitHub\basicNodeApp\node_modules\express\lib\router\index.js:284:7
    at Function.process_params (D:\gitHub\basicNodeApp\node_modules\express\lib\router\index.js:335:12)
    at next (D:\gitHub\basicNodeApp\node_modules\express\lib\router\index.js:275:10)
    at D:\gitHub\basicNodeApp\node_modules\express\lib\router\index.js:635:15
    at next (D:\gitHub\basicNodeApp\node_modules\express\lib\router\index.js:260:14)
    at Function.handle (D:\gitHub\basicNodeApp\node_modules\express\lib\router\index.js:174:3)
    at router (D:\gitHub\basicNodeApp\node_modules\express\lib\router\index.js:47:12)
    at Layer.handle [as handle_request] (D:\gitHub\basicNodeApp\node_modules\express\lib\router\layer.js:95:5)
    at trim_prefix (D:\gitHub\basicNodeApp\node_modules\express\lib\router\index.js:317:13)
    at D:\gitHub\basicNodeApp\node_modules\express\lib\router\index.js:284:7
    at Function.process_params (D:\gitHub\basicNodeApp\node_modules\express\lib\router\index.js:335:12)
    at next (D:\gitHub\basicNodeApp\node_modules\express\lib\router\index.js:275:10)
    at app.use (D:\gitHub\basicNodeApp\app.js:55:5)Error msg:  Not Found 
 data: Sun Jan 07 2018 08:18:48 GMT-0200 (Horário brasileiro de verão) stack: Error: Not Found
    at app.use (D:\gitHub\basicNodeApp\app.js:71:16)
    at Layer.handle [as handle_request] (D:\gitHub\basicNodeApp\node_modules\express\lib\router\layer.js:95:5)
    at trim_prefix (D:\gitHub\basicNodeApp\node_modules\express\lib\router\index.js:317:13)
    at D:\gitHub\basicNodeApp\node_modules\express\lib\router\index.js:284:7
    at Function.process_params (D:\gitHub\basicNodeApp\node_modules\express\lib\router\index.js:335:12)
    at next (D:\gitHub\basicNodeApp\node_modules\express\lib\router\index.js:275:10)
    at D:\gitHub\basicNodeApp\node_modules\express\lib\router\index.js:635:15
    at next (D:\gitHub\basicNodeApp\node_modules\express\lib\router\index.js:260:14)
    at Function.handle (D:\gitHub\basicNodeApp\node_modules\express\lib\router\index.js:174:3)
    at router (D:\gitHub\basicNodeApp\node_modules\express\lib\router\index.js:47:12)
    at Layer.handle [as handle_request] (D:\gitHub\basicNodeApp\node_modules\express\lib\router\layer.js:95:5)
    at trim_prefix (D:\gitHub\basicNodeApp\node_modules\express\lib\router\index.js:317:13)
    at D:\gitHub\basicNodeApp\node_modules\express\lib\router\index.js:284:7
    at Function.process_params (D:\gitHub\basicNodeApp\node_modules\express\lib\router\index.js:335:12)
    at next (D:\gitHub\basicNodeApp\node_modules\express\lib\router\index.js:275:10)
    at app.use (D:\gitHub\basicNodeApp\app.js:55:5)Error msg:  Not Found 
 data: Sun Jan 07 2018 08:18:48 GMT-0200 (Horário brasileiro de verão) stack: Error: Not Found
    at app.use (D:\gitHub\basicNodeApp\app.js:71:16)
    at Layer.handle [as handle_request] (D:\gitHub\basicNodeApp\node_modules\express\lib\router\layer.js:95:5)
    at trim_prefix (D:\gitHub\basicNodeApp\node_modules\express\lib\router\index.js:317:13)
    at D:\gitHub\basicNodeApp\node_modules\express\lib\router\index.js:284:7
    at Function.process_params (D:\gitHub\basicNodeApp\node_modules\express\lib\router\index.js:335:12)
    at next (D:\gitHub\basicNodeApp\node_modules\express\lib\router\index.js:275:10)
    at D:\gitHub\basicNodeApp\node_modules\express\lib\router\index.js:635:15
    at next (D:\gitHub\basicNodeApp\node_modules\express\lib\router\index.js:260:14)
    at Function.handle (D:\gitHub\basicNodeApp\node_modules\express\lib\router\index.js:174:3)
    at router (D:\gitHub\basicNodeApp\node_modules\express\lib\router\index.js:47:12)
    at Layer.handle [as handle_request] (D:\gitHub\basicNodeApp\node_modules\express\lib\router\layer.js:95:5)
    at trim_prefix (D:\gitHub\basicNodeApp\node_modules\express\lib\router\index.js:317:13)
    at D:\gitHub\basicNodeApp\node_modules\express\lib\router\index.js:284:7
    at Function.process_params (D:\gitHub\basicNodeApp\node_modules\express\lib\router\index.js:335:12)
    at next (D:\gitHub\basicNodeApp\node_modules\express\lib\router\index.js:275:10)
    at app.use (D:\gitHub\basicNodeApp\app.js:55:5)Error msg:  Not Found 
 data: Sun Jan 07 2018 08:18:49 GMT-0200 (Horário brasileiro de verão) stack: Error: Not Found
    at app.use (D:\gitHub\basicNodeApp\app.js:71:16)
    at Layer.handle [as handle_request] (D:\gitHub\basicNodeApp\node_modules\express\lib\router\layer.js:95:5)
    at trim_prefix (D:\gitHub\basicNodeApp\node_modules\express\lib\router\index.js:317:13)
    at D:\gitHub\basicNodeApp\node_modules\express\lib\router\index.js:284:7
    at Function.process_params (D:\gitHub\basicNodeApp\node_modules\express\lib\router\index.js:335:12)
    at next (D:\gitHub\basicNodeApp\node_modules\express\lib\router\index.js:275:10)
    at D:\gitHub\basicNodeApp\node_modules\express\lib\router\index.js:635:15
    at next (D:\gitHub\basicNodeApp\node_modules\express\lib\router\index.js:260:14)
    at Function.handle (D:\gitHub\basicNodeApp\node_modules\express\lib\router\index.js:174:3)
    at router (D:\gitHub\basicNodeApp\node_modules\express\lib\router\index.js:47:12)
    at Layer.handle [as handle_request] (D:\gitHub\basicNodeApp\node_modules\express\lib\router\layer.js:95:5)
    at trim_prefix (D:\gitHub\basicNodeApp\node_modules\express\lib\router\index.js:317:13)
    at D:\gitHub\basicNodeApp\node_modules\express\lib\router\index.js:284:7
    at Function.process_params (D:\gitHub\basicNodeApp\node_modules\express\lib\router\index.js:335:12)
    at next (D:\gitHub\basicNodeApp\node_modules\express\lib\router\index.js:275:10)
    at app.use (D:\gitHub\basicNodeApp\app.js:55:5)Error msg:  Not Found 
 data: Sun Jan 07 2018 08:18:49 GMT-0200 (Horário brasileiro de verão) stack: Error: Not Found
    at app.use (D:\gitHub\basicNodeApp\app.js:71:16)
    at Layer.handle [as handle_request] (D:\gitHub\basicNodeApp\node_modules\express\lib\router\layer.js:95:5)
    at trim_prefix (D:\gitHub\basicNodeApp\node_modules\express\lib\router\index.js:317:13)
    at D:\gitHub\basicNodeApp\node_modules\express\lib\router\index.js:284:7
    at Function.process_params (D:\gitHub\basicNodeApp\node_modules\express\lib\router\index.js:335:12)
    at next (D:\gitHub\basicNodeApp\node_modules\express\lib\router\index.js:275:10)
    at D:\gitHub\basicNodeApp\node_modules\express\lib\router\index.js:635:15
    at next (D:\gitHub\basicNodeApp\node_modules\express\lib\router\index.js:260:14)
    at Function.handle (D:\gitHub\basicNodeApp\node_modules\express\lib\router\index.js:174:3)
    at router (D:\gitHub\basicNodeApp\node_modules\express\lib\router\index.js:47:12)
    at Layer.handle [as handle_request] (D:\gitHub\basicNodeApp\node_modules\express\lib\router\layer.js:95:5)
    at trim_prefix (D:\gitHub\basicNodeApp\node_modules\express\lib\router\index.js:317:13)
    at D:\gitHub\basicNodeApp\node_modules\express\lib\router\index.js:284:7
    at Function.process_params (D:\gitHub\basicNodeApp\node_modules\express\lib\router\index.js:335:12)
    at next (D:\gitHub\basicNodeApp\node_modules\express\lib\router\index.js:275:10)
    at app.use (D:\gitHub\basicNodeApp\app.js:55:5)Error msg:  Not Found 
 data: Sun Jan 07 2018 08:18:50 GMT-0200 (Horário brasileiro de verão) stack: Error: Not Found
    at app.use (D:\gitHub\basicNodeApp\app.js:71:16)
    at Layer.handle [as handle_request] (D:\gitHub\basicNodeApp\node_modules\express\lib\router\layer.js:95:5)
    at trim_prefix (D:\gitHub\basicNodeApp\node_modules\express\lib\router\index.js:317:13)
    at D:\gitHub\basicNodeApp\node_modules\express\lib\router\index.js:284:7
    at Function.process_params (D:\gitHub\basicNodeApp\node_modules\express\lib\router\index.js:335:12)
    at next (D:\gitHub\basicNodeApp\node_modules\express\lib\router\index.js:275:10)
    at D:\gitHub\basicNodeApp\node_modules\express\lib\router\index.js:635:15
    at next (D:\gitHub\basicNodeApp\node_modules\express\lib\router\index.js:260:14)
    at Function.handle (D:\gitHub\basicNodeApp\node_modules\express\lib\router\index.js:174:3)
    at router (D:\gitHub\basicNodeApp\node_modules\express\lib\router\index.js:47:12)
    at Layer.handle [as handle_request] (D:\gitHub\basicNodeApp\node_modules\express\lib\router\layer.js:95:5)
    at trim_prefix (D:\gitHub\basicNodeApp\node_modules\express\lib\router\index.js:317:13)
    at D:\gitHub\basicNodeApp\node_modules\express\lib\router\index.js:284:7
    at Function.process_params (D:\gitHub\basicNodeApp\node_modules\express\lib\router\index.js:335:12)
    at next (D:\gitHub\basicNodeApp\node_modules\express\lib\router\index.js:275:10)
    at app.use (D:\gitHub\basicNodeApp\app.js:55:5)Error msg:  Not Found 
 data: Sun Jan 07 2018 08:18:50 GMT-0200 (Horário brasileiro de verão) stack: Error: Not Found
    at app.use (D:\gitHub\basicNodeApp\app.js:71:16)
    at Layer.handle [as handle_request] (D:\gitHub\basicNodeApp\node_modules\express\lib\router\layer.js:95:5)
    at trim_prefix (D:\gitHub\basicNodeApp\node_modules\express\lib\router\index.js:317:13)
    at D:\gitHub\basicNodeApp\node_modules\express\lib\router\index.js:284:7
    at Function.process_params (D:\gitHub\basicNodeApp\node_modules\express\lib\router\index.js:335:12)
    at next (D:\gitHub\basicNodeApp\node_modules\express\lib\router\index.js:275:10)
    at D:\gitHub\basicNodeApp\node_modules\express\lib\router\index.js:635:15
    at next (D:\gitHub\basicNodeApp\node_modules\express\lib\router\index.js:260:14)
    at Function.handle (D:\gitHub\basicNodeApp\node_modules\express\lib\router\index.js:174:3)
    at router (D:\gitHub\basicNodeApp\node_modules\express\lib\router\index.js:47:12)
    at Layer.handle [as handle_request] (D:\gitHub\basicNodeApp\node_modules\express\lib\router\layer.js:95:5)
    at trim_prefix (D:\gitHub\basicNodeApp\node_modules\express\lib\router\index.js:317:13)
    at D:\gitHub\basicNodeApp\node_modules\express\lib\router\index.js:284:7
    at Function.process_params (D:\gitHub\basicNodeApp\node_modules\express\lib\router\index.js:335:12)
    at next (D:\gitHub\basicNodeApp\node_modules\express\lib\router\index.js:275:10)
    at app.use (D:\gitHub\basicNodeApp\app.js:55:5)Error msg:  Not Found 
 data: Sun Jan 07 2018 08:18:50 GMT-0200 (Horário brasileiro de verão) stack: Error: Not Found
    at app.use (D:\gitHub\basicNodeApp\app.js:71:16)
    at Layer.handle [as handle_request] (D:\gitHub\basicNodeApp\node_modules\express\lib\router\layer.js:95:5)
    at trim_prefix (D:\gitHub\basicNodeApp\node_modules\express\lib\router\index.js:317:13)
    at D:\gitHub\basicNodeApp\node_modules\express\lib\router\index.js:284:7
    at Function.process_params (D:\gitHub\basicNodeApp\node_modules\express\lib\router\index.js:335:12)
    at next (D:\gitHub\basicNodeApp\node_modules\express\lib\router\index.js:275:10)
    at D:\gitHub\basicNodeApp\node_modules\express\lib\router\index.js:635:15
    at next (D:\gitHub\basicNodeApp\node_modules\express\lib\router\index.js:260:14)
    at Function.handle (D:\gitHub\basicNodeApp\node_modules\express\lib\router\index.js:174:3)
    at router (D:\gitHub\basicNodeApp\node_modules\express\lib\router\index.js:47:12)
    at Layer.handle [as handle_request] (D:\gitHub\basicNodeApp\node_modules\express\lib\router\layer.js:95:5)
    at trim_prefix (D:\gitHub\basicNodeApp\node_modules\express\lib\router\index.js:317:13)
    at D:\gitHub\basicNodeApp\node_modules\express\lib\router\index.js:284:7
    at Function.process_params (D:\gitHub\basicNodeApp\node_modules\express\lib\router\index.js:335:12)
    at next (D:\gitHub\basicNodeApp\node_modules\express\lib\router\index.js:275:10)
    at app.use (D:\gitHub\basicNodeApp\app.js:55:5)Error msg:  Not Found 
 data: Sun Jan 07 2018 08:18:51 GMT-0200 (Horário brasileiro de verão) stack: Error: Not Found
    at app.use (D:\gitHub\basicNodeApp\app.js:71:16)
    at Layer.handle [as handle_request] (D:\gitHub\basicNodeApp\node_modules\express\lib\router\layer.js:95:5)
    at trim_prefix (D:\gitHub\basicNodeApp\node_modules\express\lib\router\index.js:317:13)
    at D:\gitHub\basicNodeApp\node_modules\express\lib\router\index.js:284:7
    at Function.process_params (D:\gitHub\basicNodeApp\node_modules\express\lib\router\index.js:335:12)
    at next (D:\gitHub\basicNodeApp\node_modules\express\lib\router\index.js:275:10)
    at D:\gitHub\basicNodeApp\node_modules\express\lib\router\index.js:635:15
    at next (D:\gitHub\basicNodeApp\node_modules\express\lib\router\index.js:260:14)
    at Function.handle (D:\gitHub\basicNodeApp\node_modules\express\lib\router\index.js:174:3)
    at router (D:\gitHub\basicNodeApp\node_modules\express\lib\router\index.js:47:12)
    at Layer.handle [as handle_request] (D:\gitHub\basicNodeApp\node_modules\express\lib\router\layer.js:95:5)
    at trim_prefix (D:\gitHub\basicNodeApp\node_modules\express\lib\router\index.js:317:13)
    at D:\gitHub\basicNodeApp\node_modules\express\lib\router\index.js:284:7
    at Function.process_params (D:\gitHub\basicNodeApp\node_modules\express\lib\router\index.js:335:12)
    at next (D:\gitHub\basicNodeApp\node_modules\express\lib\router\index.js:275:10)
    at app.use (D:\gitHub\basicNodeApp\app.js:55:5)Error msg:  Not Found 
 data: Sun Jan 07 2018 08:18:51 GMT-0200 (Horário brasileiro de verão) stack: Error: Not Found
    at app.use (D:\gitHub\basicNodeApp\app.js:71:16)
    at Layer.handle [as handle_request] (D:\gitHub\basicNodeApp\node_modules\express\lib\router\layer.js:95:5)
    at trim_prefix (D:\gitHub\basicNodeApp\node_modules\express\lib\router\index.js:317:13)
    at D:\gitHub\basicNodeApp\node_modules\express\lib\router\index.js:284:7
    at Function.process_params (D:\gitHub\basicNodeApp\node_modules\express\lib\router\index.js:335:12)
    at next (D:\gitHub\basicNodeApp\node_modules\express\lib\router\index.js:275:10)
    at D:\gitHub\basicNodeApp\node_modules\express\lib\router\index.js:635:15
    at next (D:\gitHub\basicNodeApp\node_modules\express\lib\router\index.js:260:14)
    at Function.handle (D:\gitHub\basicNodeApp\node_modules\express\lib\router\index.js:174:3)
    at router (D:\gitHub\basicNodeApp\node_modules\express\lib\router\index.js:47:12)
    at Layer.handle [as handle_request] (D:\gitHub\basicNodeApp\node_modules\express\lib\router\layer.js:95:5)
    at trim_prefix (D:\gitHub\basicNodeApp\node_modules\express\lib\router\index.js:317:13)
    at D:\gitHub\basicNodeApp\node_modules\express\lib\router\index.js:284:7
    at Function.process_params (D:\gitHub\basicNodeApp\node_modules\express\lib\router\index.js:335:12)
    at next (D:\gitHub\basicNodeApp\node_modules\express\lib\router\index.js:275:10)
    at app.use (D:\gitHub\basicNodeApp\app.js:55:5)Error msg:  Not Found 
 data: Sun Jan 07 2018 08:18:51 GMT-0200 (Horário brasileiro de verão) stack: Error: Not Found
    at app.use (D:\gitHub\basicNodeApp\app.js:71:16)
    at Layer.handle [as handle_request] (D:\gitHub\basicNodeApp\node_modules\express\lib\router\layer.js:95:5)
    at trim_prefix (D:\gitHub\basicNodeApp\node_modules\express\lib\router\index.js:317:13)
    at D:\gitHub\basicNodeApp\node_modules\express\lib\router\index.js:284:7
    at Function.process_params (D:\gitHub\basicNodeApp\node_modules\express\lib\router\index.js:335:12)
    at next (D:\gitHub\basicNodeApp\node_modules\express\lib\router\index.js:275:10)
    at D:\gitHub\basicNodeApp\node_modules\express\lib\router\index.js:635:15
    at next (D:\gitHub\basicNodeApp\node_modules\express\lib\router\index.js:260:14)
    at Function.handle (D:\gitHub\basicNodeApp\node_modules\express\lib\router\index.js:174:3)
    at router (D:\gitHub\basicNodeApp\node_modules\express\lib\router\index.js:47:12)
    at Layer.handle [as handle_request] (D:\gitHub\basicNodeApp\node_modules\express\lib\router\layer.js:95:5)
    at trim_prefix (D:\gitHub\basicNodeApp\node_modules\express\lib\router\index.js:317:13)
    at D:\gitHub\basicNodeApp\node_modules\express\lib\router\index.js:284:7
    at Function.process_params (D:\gitHub\basicNodeApp\node_modules\express\lib\router\index.js:335:12)
    at next (D:\gitHub\basicNodeApp\node_modules\express\lib\router\index.js:275:10)
    at app.use (D:\gitHub\basicNodeApp\app.js:55:5)Error msg:  Not Found 
 data: Sun Jan 07 2018 08:18:52 GMT-0200 (Horário brasileiro de verão) stack: Error: Not Found
    at app.use (D:\gitHub\basicNodeApp\app.js:71:16)
    at Layer.handle [as handle_request] (D:\gitHub\basicNodeApp\node_modules\express\lib\router\layer.js:95:5)
    at trim_prefix (D:\gitHub\basicNodeApp\node_modules\express\lib\router\index.js:317:13)
    at D:\gitHub\basicNodeApp\node_modules\express\lib\router\index.js:284:7
    at Function.process_params (D:\gitHub\basicNodeApp\node_modules\express\lib\router\index.js:335:12)
    at next (D:\gitHub\basicNodeApp\node_modules\express\lib\router\index.js:275:10)
    at D:\gitHub\basicNodeApp\node_modules\express\lib\router\index.js:635:15
    at next (D:\gitHub\basicNodeApp\node_modules\express\lib\router\index.js:260:14)
    at Function.handle (D:\gitHub\basicNodeApp\node_modules\express\lib\router\index.js:174:3)
    at router (D:\gitHub\basicNodeApp\node_modules\express\lib\router\index.js:47:12)
    at Layer.handle [as handle_request] (D:\gitHub\basicNodeApp\node_modules\express\lib\router\layer.js:95:5)
    at trim_prefix (D:\gitHub\basicNodeApp\node_modules\express\lib\router\index.js:317:13)
    at D:\gitHub\basicNodeApp\node_modules\express\lib\router\index.js:284:7
    at Function.process_params (D:\gitHub\basicNodeApp\node_modules\express\lib\router\index.js:335:12)
    at next (D:\gitHub\basicNodeApp\node_modules\express\lib\router\index.js:275:10)
    at app.use (D:\gitHub\basicNodeApp\app.js:55:5)Error msg:  Not Found 
 data: Sun Jan 07 2018 08:18:52 GMT-0200 (Horário brasileiro de verão) stack: Error: Not Found
    at app.use (D:\gitHub\basicNodeApp\app.js:71:16)
    at Layer.handle [as handle_request] (D:\gitHub\basicNodeApp\node_modules\express\lib\router\layer.js:95:5)
    at trim_prefix (D:\gitHub\basicNodeApp\node_modules\express\lib\router\index.js:317:13)
    at D:\gitHub\basicNodeApp\node_modules\express\lib\router\index.js:284:7
    at Function.process_params (D:\gitHub\basicNodeApp\node_modules\express\lib\router\index.js:335:12)
    at next (D:\gitHub\basicNodeApp\node_modules\express\lib\router\index.js:275:10)
    at D:\gitHub\basicNodeApp\node_modules\express\lib\router\index.js:635:15
    at next (D:\gitHub\basicNodeApp\node_modules\express\lib\router\index.js:260:14)
    at Function.handle (D:\gitHub\basicNodeApp\node_modules\express\lib\router\index.js:174:3)
    at router (D:\gitHub\basicNodeApp\node_modules\express\lib\router\index.js:47:12)
    at Layer.handle [as handle_request] (D:\gitHub\basicNodeApp\node_modules\express\lib\router\layer.js:95:5)
    at trim_prefix (D:\gitHub\basicNodeApp\node_modules\express\lib\router\index.js:317:13)
    at D:\gitHub\basicNodeApp\node_modules\express\lib\router\index.js:284:7
    at Function.process_params (D:\gitHub\basicNodeApp\node_modules\express\lib\router\index.js:335:12)
    at next (D:\gitHub\basicNodeApp\node_modules\express\lib\router\index.js:275:10)
    at app.use (D:\gitHub\basicNodeApp\app.js:55:5)Error msg:  Not Found 
 data: Sun Jan 07 2018 08:18:53 GMT-0200 (Horário brasileiro de verão) stack: Error: Not Found
    at app.use (D:\gitHub\basicNodeApp\app.js:71:16)
    at Layer.handle [as handle_request] (D:\gitHub\basicNodeApp\node_modules\express\lib\router\layer.js:95:5)
    at trim_prefix (D:\gitHub\basicNodeApp\node_modules\express\lib\router\index.js:317:13)
    at D:\gitHub\basicNodeApp\node_modules\express\lib\router\index.js:284:7
    at Function.process_params (D:\gitHub\basicNodeApp\node_modules\express\lib\router\index.js:335:12)
    at next (D:\gitHub\basicNodeApp\node_modules\express\lib\router\index.js:275:10)
    at D:\gitHub\basicNodeApp\node_modules\express\lib\router\index.js:635:15
    at next (D:\gitHub\basicNodeApp\node_modules\express\lib\router\index.js:260:14)
    at Function.handle (D:\gitHub\basicNodeApp\node_modules\express\lib\router\index.js:174:3)
    at router (D:\gitHub\basicNodeApp\node_modules\express\lib\router\index.js:47:12)
    at Layer.handle [as handle_request] (D:\gitHub\basicNodeApp\node_modules\express\lib\router\layer.js:95:5)
    at trim_prefix (D:\gitHub\basicNodeApp\node_modules\express\lib\router\index.js:317:13)
    at D:\gitHub\basicNodeApp\node_modules\express\lib\router\index.js:284:7
    at Function.process_params (D:\gitHub\basicNodeApp\node_modules\express\lib\router\index.js:335:12)
    at next (D:\gitHub\basicNodeApp\node_modules\express\lib\router\index.js:275:10)
    at app.use (D:\gitHub\basicNodeApp\app.js:55:5)Error msg:  Not Found 
 data: Sun Jan 07 2018 08:18:53 GMT-0200 (Horário brasileiro de verão) stack: Error: Not Found
    at app.use (D:\gitHub\basicNodeApp\app.js:71:16)
    at Layer.handle [as handle_request] (D:\gitHub\basicNodeApp\node_modules\express\lib\router\layer.js:95:5)
    at trim_prefix (D:\gitHub\basicNodeApp\node_modules\express\lib\router\index.js:317:13)
    at D:\gitHub\basicNodeApp\node_modules\express\lib\router\index.js:284:7
    at Function.process_params (D:\gitHub\basicNodeApp\node_modules\express\lib\router\index.js:335:12)
    at next (D:\gitHub\basicNodeApp\node_modules\express\lib\router\index.js:275:10)
    at D:\gitHub\basicNodeApp\node_modules\express\lib\router\index.js:635:15
    at next (D:\gitHub\basicNodeApp\node_modules\express\lib\router\index.js:260:14)
    at Function.handle (D:\gitHub\basicNodeApp\node_modules\express\lib\router\index.js:174:3)
    at router (D:\gitHub\basicNodeApp\node_modules\express\lib\router\index.js:47:12)
    at Layer.handle [as handle_request] (D:\gitHub\basicNodeApp\node_modules\express\lib\router\layer.js:95:5)
    at trim_prefix (D:\gitHub\basicNodeApp\node_modules\express\lib\router\index.js:317:13)
    at D:\gitHub\basicNodeApp\node_modules\express\lib\router\index.js:284:7
    at Function.process_params (D:\gitHub\basicNodeApp\node_modules\express\lib\router\index.js:335:12)
    at next (D:\gitHub\basicNodeApp\node_modules\express\lib\router\index.js:275:10)
    at app.use (D:\gitHub\basicNodeApp\app.js:55:5)Error msg:  Not Found 
 data: Sun Jan 07 2018 08:18:53 GMT-0200 (Horário brasileiro de verão) stack: Error: Not Found
    at app.use (D:\gitHub\basicNodeApp\app.js:71:16)
    at Layer.handle [as handle_request] (D:\gitHub\basicNodeApp\node_modules\express\lib\router\layer.js:95:5)
    at trim_prefix (D:\gitHub\basicNodeApp\node_modules\express\lib\router\index.js:317:13)
    at D:\gitHub\basicNodeApp\node_modules\express\lib\router\index.js:284:7
    at Function.process_params (D:\gitHub\basicNodeApp\node_modules\express\lib\router\index.js:335:12)
    at next (D:\gitHub\basicNodeApp\node_modules\express\lib\router\index.js:275:10)
    at D:\gitHub\basicNodeApp\node_modules\express\lib\router\index.js:635:15
    at next (D:\gitHub\basicNodeApp\node_modules\express\lib\router\index.js:260:14)
    at Function.handle (D:\gitHub\basicNodeApp\node_modules\express\lib\router\index.js:174:3)
    at router (D:\gitHub\basicNodeApp\node_modules\express\lib\router\index.js:47:12)
    at Layer.handle [as handle_request] (D:\gitHub\basicNodeApp\node_modules\express\lib\router\layer.js:95:5)
    at trim_prefix (D:\gitHub\basicNodeApp\node_modules\express\lib\router\index.js:317:13)
    at D:\gitHub\basicNodeApp\node_modules\express\lib\router\index.js:284:7
    at Function.process_params (D:\gitHub\basicNodeApp\node_modules\express\lib\router\index.js:335:12)
    at next (D:\gitHub\basicNodeApp\node_modules\express\lib\router\index.js:275:10)
    at app.use (D:\gitHub\basicNodeApp\app.js:55:5)Error msg:  Not Found 
 data: Sun Jan 07 2018 08:18:54 GMT-0200 (Horário brasileiro de verão) stack: Error: Not Found
    at app.use (D:\gitHub\basicNodeApp\app.js:71:16)
    at Layer.handle [as handle_request] (D:\gitHub\basicNodeApp\node_modules\express\lib\router\layer.js:95:5)
    at trim_prefix (D:\gitHub\basicNodeApp\node_modules\express\lib\router\index.js:317:13)
    at D:\gitHub\basicNodeApp\node_modules\express\lib\router\index.js:284:7
    at Function.process_params (D:\gitHub\basicNodeApp\node_modules\express\lib\router\index.js:335:12)
    at next (D:\gitHub\basicNodeApp\node_modules\express\lib\router\index.js:275:10)
    at D:\gitHub\basicNodeApp\node_modules\express\lib\router\index.js:635:15
    at next (D:\gitHub\basicNodeApp\node_modules\express\lib\router\index.js:260:14)
    at Function.handle (D:\gitHub\basicNodeApp\node_modules\express\lib\router\index.js:174:3)
    at router (D:\gitHub\basicNodeApp\node_modules\express\lib\router\index.js:47:12)
    at Layer.handle [as handle_request] (D:\gitHub\basicNodeApp\node_modules\express\lib\router\layer.js:95:5)
    at trim_prefix (D:\gitHub\basicNodeApp\node_modules\express\lib\router\index.js:317:13)
    at D:\gitHub\basicNodeApp\node_modules\express\lib\router\index.js:284:7
    at Function.process_params (D:\gitHub\basicNodeApp\node_modules\express\lib\router\index.js:335:12)
    at next (D:\gitHub\basicNodeApp\node_modules\express\lib\router\index.js:275:10)
    at app.use (D:\gitHub\basicNodeApp\app.js:55:5)Error msg:  Not Found 
 data: Sun Jan 07 2018 08:18:54 GMT-0200 (Horário brasileiro de verão) stack: Error: Not Found
    at app.use (D:\gitHub\basicNodeApp\app.js:71:16)
    at Layer.handle [as handle_request] (D:\gitHub\basicNodeApp\node_modules\express\lib\router\layer.js:95:5)
    at trim_prefix (D:\gitHub\basicNodeApp\node_modules\express\lib\router\index.js:317:13)
    at D:\gitHub\basicNodeApp\node_modules\express\lib\router\index.js:284:7
    at Function.process_params (D:\gitHub\basicNodeApp\node_modules\express\lib\router\index.js:335:12)
    at next (D:\gitHub\basicNodeApp\node_modules\express\lib\router\index.js:275:10)
    at D:\gitHub\basicNodeApp\node_modules\express\lib\router\index.js:635:15
    at next (D:\gitHub\basicNodeApp\node_modules\express\lib\router\index.js:260:14)
    at Function.handle (D:\gitHub\basicNodeApp\node_modules\express\lib\router\index.js:174:3)
    at router (D:\gitHub\basicNodeApp\node_modules\express\lib\router\index.js:47:12)
    at Layer.handle [as handle_request] (D:\gitHub\basicNodeApp\node_modules\express\lib\router\layer.js:95:5)
    at trim_prefix (D:\gitHub\basicNodeApp\node_modules\express\lib\router\index.js:317:13)
    at D:\gitHub\basicNodeApp\node_modules\express\lib\router\index.js:284:7
    at Function.process_params (D:\gitHub\basicNodeApp\node_modules\express\lib\router\index.js:335:12)
    at next (D:\gitHub\basicNodeApp\node_modules\express\lib\router\index.js:275:10)
    at app.use (D:\gitHub\basicNodeApp\app.js:55:5)Error msg:  Not Found 
 data: Sun Jan 07 2018 08:18:54 GMT-0200 (Horário brasileiro de verão) stack: Error: Not Found
    at app.use (D:\gitHub\basicNodeApp\app.js:71:16)
    at Layer.handle [as handle_request] (D:\gitHub\basicNodeApp\node_modules\express\lib\router\layer.js:95:5)
    at trim_prefix (D:\gitHub\basicNodeApp\node_modules\express\lib\router\index.js:317:13)
    at D:\gitHub\basicNodeApp\node_modules\express\lib\router\index.js:284:7
    at Function.process_params (D:\gitHub\basicNodeApp\node_modules\express\lib\router\index.js:335:12)
    at next (D:\gitHub\basicNodeApp\node_modules\express\lib\router\index.js:275:10)
    at D:\gitHub\basicNodeApp\node_modules\express\lib\router\index.js:635:15
    at next (D:\gitHub\basicNodeApp\node_modules\express\lib\router\index.js:260:14)
    at Function.handle (D:\gitHub\basicNodeApp\node_modules\express\lib\router\index.js:174:3)
    at router (D:\gitHub\basicNodeApp\node_modules\express\lib\router\index.js:47:12)
    at Layer.handle [as handle_request] (D:\gitHub\basicNodeApp\node_modules\express\lib\router\layer.js:95:5)
    at trim_prefix (D:\gitHub\basicNodeApp\node_modules\express\lib\router\index.js:317:13)
    at D:\gitHub\basicNodeApp\node_modules\express\lib\router\index.js:284:7
    at Function.process_params (D:\gitHub\basicNodeApp\node_modules\express\lib\router\index.js:335:12)
    at next (D:\gitHub\basicNodeApp\node_modules\express\lib\router\index.js:275:10)
    at app.use (D:\gitHub\basicNodeApp\app.js:55:5)Error msg:  Not Found 
 data: Sun Jan 07 2018 08:18:55 GMT-0200 (Horário brasileiro de verão) stack: Error: Not Found
    at app.use (D:\gitHub\basicNodeApp\app.js:71:16)
    at Layer.handle [as handle_request] (D:\gitHub\basicNodeApp\node_modules\express\lib\router\layer.js:95:5)
    at trim_prefix (D:\gitHub\basicNodeApp\node_modules\express\lib\router\index.js:317:13)
    at D:\gitHub\basicNodeApp\node_modules\express\lib\router\index.js:284:7
    at Function.process_params (D:\gitHub\basicNodeApp\node_modules\express\lib\router\index.js:335:12)
    at next (D:\gitHub\basicNodeApp\node_modules\express\lib\router\index.js:275:10)
    at D:\gitHub\basicNodeApp\node_modules\express\lib\router\index.js:635:15
    at next (D:\gitHub\basicNodeApp\node_modules\express\lib\router\index.js:260:14)
    at Function.handle (D:\gitHub\basicNodeApp\node_modules\express\lib\router\index.js:174:3)
    at router (D:\gitHub\basicNodeApp\node_modules\express\lib\router\index.js:47:12)
    at Layer.handle [as handle_request] (D:\gitHub\basicNodeApp\node_modules\express\lib\router\layer.js:95:5)
    at trim_prefix (D:\gitHub\basicNodeApp\node_modules\express\lib\router\index.js:317:13)
    at D:\gitHub\basicNodeApp\node_modules\express\lib\router\index.js:284:7
    at Function.process_params (D:\gitHub\basicNodeApp\node_modules\express\lib\router\index.js:335:12)
    at next (D:\gitHub\basicNodeApp\node_modules\express\lib\router\index.js:275:10)
    at app.use (D:\gitHub\basicNodeApp\app.js:55:5)Error msg:  Not Found 
 data: Sun Jan 07 2018 08:18:55 GMT-0200 (Horário brasileiro de verão) stack: Error: Not Found
    at app.use (D:\gitHub\basicNodeApp\app.js:71:16)
    at Layer.handle [as handle_request] (D:\gitHub\basicNodeApp\node_modules\express\lib\router\layer.js:95:5)
    at trim_prefix (D:\gitHub\basicNodeApp\node_modules\express\lib\router\index.js:317:13)
    at D:\gitHub\basicNodeApp\node_modules\express\lib\router\index.js:284:7
    at Function.process_params (D:\gitHub\basicNodeApp\node_modules\express\lib\router\index.js:335:12)
    at next (D:\gitHub\basicNodeApp\node_modules\express\lib\router\index.js:275:10)
    at D:\gitHub\basicNodeApp\node_modules\express\lib\router\index.js:635:15
    at next (D:\gitHub\basicNodeApp\node_modules\express\lib\router\index.js:260:14)
    at Function.handle (D:\gitHub\basicNodeApp\node_modules\express\lib\router\index.js:174:3)
    at router (D:\gitHub\basicNodeApp\node_modules\express\lib\router\index.js:47:12)
    at Layer.handle [as handle_request] (D:\gitHub\basicNodeApp\node_modules\express\lib\router\layer.js:95:5)
    at trim_prefix (D:\gitHub\basicNodeApp\node_modules\express\lib\router\index.js:317:13)
    at D:\gitHub\basicNodeApp\node_modules\express\lib\router\index.js:284:7
    at Function.process_params (D:\gitHub\basicNodeApp\node_modules\express\lib\router\index.js:335:12)
    at next (D:\gitHub\basicNodeApp\node_modules\express\lib\router\index.js:275:10)
    at app.use (D:\gitHub\basicNodeApp\app.js:55:5)Error msg:  Not Found 
 data: Sun Jan 07 2018 08:18:56 GMT-0200 (Horário brasileiro de verão) stack: Error: Not Found
    at app.use (D:\gitHub\basicNodeApp\app.js:71:16)
    at Layer.handle [as handle_request] (D:\gitHub\basicNodeApp\node_modules\express\lib\router\layer.js:95:5)
    at trim_prefix (D:\gitHub\basicNodeApp\node_modules\express\lib\router\index.js:317:13)
    at D:\gitHub\basicNodeApp\node_modules\express\lib\router\index.js:284:7
    at Function.process_params (D:\gitHub\basicNodeApp\node_modules\express\lib\router\index.js:335:12)
    at next (D:\gitHub\basicNodeApp\node_modules\express\lib\router\index.js:275:10)
    at D:\gitHub\basicNodeApp\node_modules\express\lib\router\index.js:635:15
    at next (D:\gitHub\basicNodeApp\node_modules\express\lib\router\index.js:260:14)
    at Function.handle (D:\gitHub\basicNodeApp\node_modules\express\lib\router\index.js:174:3)
    at router (D:\gitHub\basicNodeApp\node_modules\express\lib\router\index.js:47:12)
    at Layer.handle [as handle_request] (D:\gitHub\basicNodeApp\node_modules\express\lib\router\layer.js:95:5)
    at trim_prefix (D:\gitHub\basicNodeApp\node_modules\express\lib\router\index.js:317:13)
    at D:\gitHub\basicNodeApp\node_modules\express\lib\router\index.js:284:7
    at Function.process_params (D:\gitHub\basicNodeApp\node_modules\express\lib\router\index.js:335:12)
    at next (D:\gitHub\basicNodeApp\node_modules\express\lib\router\index.js:275:10)
    at app.use (D:\gitHub\basicNodeApp\app.js:55:5)Error msg:  Not Found 
 data: Sun Jan 07 2018 08:18:57 GMT-0200 (Horário brasileiro de verão) stack: Error: Not Found
    at app.use (D:\gitHub\basicNodeApp\app.js:71:16)
    at Layer.handle [as handle_request] (D:\gitHub\basicNodeApp\node_modules\express\lib\router\layer.js:95:5)
    at trim_prefix (D:\gitHub\basicNodeApp\node_modules\express\lib\router\index.js:317:13)
    at D:\gitHub\basicNodeApp\node_modules\express\lib\router\index.js:284:7
    at Function.process_params (D:\gitHub\basicNodeApp\node_modules\express\lib\router\index.js:335:12)
    at next (D:\gitHub\basicNodeApp\node_modules\express\lib\router\index.js:275:10)
    at D:\gitHub\basicNodeApp\node_modules\express\lib\router\index.js:635:15
    at next (D:\gitHub\basicNodeApp\node_modules\express\lib\router\index.js:260:14)
    at Function.handle (D:\gitHub\basicNodeApp\node_modules\express\lib\router\index.js:174:3)
    at router (D:\gitHub\basicNodeApp\node_modules\express\lib\router\index.js:47:12)
    at Layer.handle [as handle_request] (D:\gitHub\basicNodeApp\node_modules\express\lib\router\layer.js:95:5)
    at trim_prefix (D:\gitHub\basicNodeApp\node_modules\express\lib\router\index.js:317:13)
    at D:\gitHub\basicNodeApp\node_modules\express\lib\router\index.js:284:7
    at Function.process_params (D:\gitHub\basicNodeApp\node_modules\express\lib\router\index.js:335:12)
    at next (D:\gitHub\basicNodeApp\node_modules\express\lib\router\index.js:275:10)
    at app.use (D:\gitHub\basicNodeApp\app.js:55:5)Error msg:  Not Found 
 data: Sun Jan 07 2018 08:18:57 GMT-0200 (Horário brasileiro de verão) stack: Error: Not Found
    at app.use (D:\gitHub\basicNodeApp\app.js:71:16)
    at Layer.handle [as handle_request] (D:\gitHub\basicNodeApp\node_modules\express\lib\router\layer.js:95:5)
    at trim_prefix (D:\gitHub\basicNodeApp\node_modules\express\lib\router\index.js:317:13)
    at D:\gitHub\basicNodeApp\node_modules\express\lib\router\index.js:284:7
    at Function.process_params (D:\gitHub\basicNodeApp\node_modules\express\lib\router\index.js:335:12)
    at next (D:\gitHub\basicNodeApp\node_modules\express\lib\router\index.js:275:10)
    at D:\gitHub\basicNodeApp\node_modules\express\lib\router\index.js:635:15
    at next (D:\gitHub\basicNodeApp\node_modules\express\lib\router\index.js:260:14)
    at Function.handle (D:\gitHub\basicNodeApp\node_modules\express\lib\router\index.js:174:3)
    at router (D:\gitHub\basicNodeApp\node_modules\express\lib\router\index.js:47:12)
    at Layer.handle [as handle_request] (D:\gitHub\basicNodeApp\node_modules\express\lib\router\layer.js:95:5)
    at trim_prefix (D:\gitHub\basicNodeApp\node_modules\express\lib\router\index.js:317:13)
    at D:\gitHub\basicNodeApp\node_modules\express\lib\router\index.js:284:7
    at Function.process_params (D:\gitHub\basicNodeApp\node_modules\express\lib\router\index.js:335:12)
    at next (D:\gitHub\basicNodeApp\node_modules\express\lib\router\index.js:275:10)
    at app.use (D:\gitHub\basicNodeApp\app.js:55:5)Error msg:  Not Found 
 data: Sun Jan 07 2018 08:18:57 GMT-0200 (Horário brasileiro de verão) stack: Error: Not Found
    at app.use (D:\gitHub\basicNodeApp\app.js:71:16)
    at Layer.handle [as handle_request] (D:\gitHub\basicNodeApp\node_modules\express\lib\router\layer.js:95:5)
    at trim_prefix (D:\gitHub\basicNodeApp\node_modules\express\lib\router\index.js:317:13)
    at D:\gitHub\basicNodeApp\node_modules\express\lib\router\index.js:284:7
    at Function.process_params (D:\gitHub\basicNodeApp\node_modules\express\lib\router\index.js:335:12)
    at next (D:\gitHub\basicNodeApp\node_modules\express\lib\router\index.js:275:10)
    at D:\gitHub\basicNodeApp\node_modules\express\lib\router\index.js:635:15
    at next (D:\gitHub\basicNodeApp\node_modules\express\lib\router\index.js:260:14)
    at Function.handle (D:\gitHub\basicNodeApp\node_modules\express\lib\router\index.js:174:3)
    at router (D:\gitHub\basicNodeApp\node_modules\express\lib\router\index.js:47:12)
    at Layer.handle [as handle_request] (D:\gitHub\basicNodeApp\node_modules\express\lib\router\layer.js:95:5)
    at trim_prefix (D:\gitHub\basicNodeApp\node_modules\express\lib\router\index.js:317:13)
    at D:\gitHub\basicNodeApp\node_modules\express\lib\router\index.js:284:7
    at Function.process_params (D:\gitHub\basicNodeApp\node_modules\express\lib\router\index.js:335:12)
    at next (D:\gitHub\basicNodeApp\node_modules\express\lib\router\index.js:275:10)
    at app.use (D:\gitHub\basicNodeApp\app.js:55:5)Error msg:  Not Found 
 data: Sun Jan 07 2018 08:18:58 GMT-0200 (Horário brasileiro de verão) stack: Error: Not Found
    at app.use (D:\gitHub\basicNodeApp\app.js:71:16)
    at Layer.handle [as handle_request] (D:\gitHub\basicNodeApp\node_modules\express\lib\router\layer.js:95:5)
    at trim_prefix (D:\gitHub\basicNodeApp\node_modules\express\lib\router\index.js:317:13)
    at D:\gitHub\basicNodeApp\node_modules\express\lib\router\index.js:284:7
    at Function.process_params (D:\gitHub\basicNodeApp\node_modules\express\lib\router\index.js:335:12)
    at next (D:\gitHub\basicNodeApp\node_modules\express\lib\router\index.js:275:10)
    at D:\gitHub\basicNodeApp\node_modules\express\lib\router\index.js:635:15
    at next (D:\gitHub\basicNodeApp\node_modules\express\lib\router\index.js:260:14)
    at Function.handle (D:\gitHub\basicNodeApp\node_modules\express\lib\router\index.js:174:3)
    at router (D:\gitHub\basicNodeApp\node_modules\express\lib\router\index.js:47:12)
    at Layer.handle [as handle_request] (D:\gitHub\basicNodeApp\node_modules\express\lib\router\layer.js:95:5)
    at trim_prefix (D:\gitHub\basicNodeApp\node_modules\express\lib\router\index.js:317:13)
    at D:\gitHub\basicNodeApp\node_modules\express\lib\router\index.js:284:7
    at Function.process_params (D:\gitHub\basicNodeApp\node_modules\express\lib\router\index.js:335:12)
    at next (D:\gitHub\basicNodeApp\node_modules\express\lib\router\index.js:275:10)
    at app.use (D:\gitHub\basicNodeApp\app.js:55:5)Error msg:  Not Found 
 data: Sun Jan 07 2018 08:18:58 GMT-0200 (Horário brasileiro de verão) stack: Error: Not Found
    at app.use (D:\gitHub\basicNodeApp\app.js:71:16)
    at Layer.handle [as handle_request] (D:\gitHub\basicNodeApp\node_modules\express\lib\router\layer.js:95:5)
    at trim_prefix (D:\gitHub\basicNodeApp\node_modules\express\lib\router\index.js:317:13)
    at D:\gitHub\basicNodeApp\node_modules\express\lib\router\index.js:284:7
    at Function.process_params (D:\gitHub\basicNodeApp\node_modules\express\lib\router\index.js:335:12)
    at next (D:\gitHub\basicNodeApp\node_modules\express\lib\router\index.js:275:10)
    at D:\gitHub\basicNodeApp\node_modules\express\lib\router\index.js:635:15
    at next (D:\gitHub\basicNodeApp\node_modules\express\lib\router\index.js:260:14)
    at Function.handle (D:\gitHub\basicNodeApp\node_modules\express\lib\router\index.js:174:3)
    at router (D:\gitHub\basicNodeApp\node_modules\express\lib\router\index.js:47:12)
    at Layer.handle [as handle_request] (D:\gitHub\basicNodeApp\node_modules\express\lib\router\layer.js:95:5)
    at trim_prefix (D:\gitHub\basicNodeApp\node_modules\express\lib\router\index.js:317:13)
    at D:\gitHub\basicNodeApp\node_modules\express\lib\router\index.js:284:7
    at Function.process_params (D:\gitHub\basicNodeApp\node_modules\express\lib\router\index.js:335:12)
    at next (D:\gitHub\basicNodeApp\node_modules\express\lib\router\index.js:275:10)
    at app.use (D:\gitHub\basicNodeApp\app.js:55:5)Error msg:  Not Found 
 data: Sun Jan 07 2018 08:18:59 GMT-0200 (Horário brasileiro de verão) stack: Error: Not Found
    at app.use (D:\gitHub\basicNodeApp\app.js:71:16)
    at Layer.handle [as handle_request] (D:\gitHub\basicNodeApp\node_modules\express\lib\router\layer.js:95:5)
    at trim_prefix (D:\gitHub\basicNodeApp\node_modules\express\lib\router\index.js:317:13)
    at D:\gitHub\basicNodeApp\node_modules\express\lib\router\index.js:284:7
    at Function.process_params (D:\gitHub\basicNodeApp\node_modules\express\lib\router\index.js:335:12)
    at next (D:\gitHub\basicNodeApp\node_modules\express\lib\router\index.js:275:10)
    at D:\gitHub\basicNodeApp\node_modules\express\lib\router\index.js:635:15
    at next (D:\gitHub\basicNodeApp\node_modules\express\lib\router\index.js:260:14)
    at Function.handle (D:\gitHub\basicNodeApp\node_modules\express\lib\router\index.js:174:3)
    at router (D:\gitHub\basicNodeApp\node_modules\express\lib\router\index.js:47:12)
    at Layer.handle [as handle_request] (D:\gitHub\basicNodeApp\node_modules\express\lib\router\layer.js:95:5)
    at trim_prefix (D:\gitHub\basicNodeApp\node_modules\express\lib\router\index.js:317:13)
    at D:\gitHub\basicNodeApp\node_modules\express\lib\router\index.js:284:7
    at Function.process_params (D:\gitHub\basicNodeApp\node_modules\express\lib\router\index.js:335:12)
    at next (D:\gitHub\basicNodeApp\node_modules\express\lib\router\index.js:275:10)
    at app.use (D:\gitHub\basicNodeApp\app.js:55:5)Error msg:  Not Found 
 data: Sun Jan 07 2018 08:18:59 GMT-0200 (Horário brasileiro de verão) stack: Error: Not Found
    at app.use (D:\gitHub\basicNodeApp\app.js:71:16)
    at Layer.handle [as handle_request] (D:\gitHub\basicNodeApp\node_modules\express\lib\router\layer.js:95:5)
    at trim_prefix (D:\gitHub\basicNodeApp\node_modules\express\lib\router\index.js:317:13)
    at D:\gitHub\basicNodeApp\node_modules\express\lib\router\index.js:284:7
    at Function.process_params (D:\gitHub\basicNodeApp\node_modules\express\lib\router\index.js:335:12)
    at next (D:\gitHub\basicNodeApp\node_modules\express\lib\router\index.js:275:10)
    at D:\gitHub\basicNodeApp\node_modules\express\lib\router\index.js:635:15
    at next (D:\gitHub\basicNodeApp\node_modules\express\lib\router\index.js:260:14)
    at Function.handle (D:\gitHub\basicNodeApp\node_modules\express\lib\router\index.js:174:3)
    at router (D:\gitHub\basicNodeApp\node_modules\express\lib\router\index.js:47:12)
    at Layer.handle [as handle_request] (D:\gitHub\basicNodeApp\node_modules\express\lib\router\layer.js:95:5)
    at trim_prefix (D:\gitHub\basicNodeApp\node_modules\express\lib\router\index.js:317:13)
    at D:\gitHub\basicNodeApp\node_modules\express\lib\router\index.js:284:7
    at Function.process_params (D:\gitHub\basicNodeApp\node_modules\express\lib\router\index.js:335:12)
    at next (D:\gitHub\basicNodeApp\node_modules\express\lib\router\index.js:275:10)
    at app.use (D:\gitHub\basicNodeApp\app.js:55:5)Error msg:  Not Found 
 data: Sun Jan 07 2018 08:19:00 GMT-0200 (Horário brasileiro de verão) stack: Error: Not Found
    at app.use (D:\gitHub\basicNodeApp\app.js:71:16)
    at Layer.handle [as handle_request] (D:\gitHub\basicNodeApp\node_modules\express\lib\router\layer.js:95:5)
    at trim_prefix (D:\gitHub\basicNodeApp\node_modules\express\lib\router\index.js:317:13)
    at D:\gitHub\basicNodeApp\node_modules\express\lib\router\index.js:284:7
    at Function.process_params (D:\gitHub\basicNodeApp\node_modules\express\lib\router\index.js:335:12)
    at next (D:\gitHub\basicNodeApp\node_modules\express\lib\router\index.js:275:10)
    at D:\gitHub\basicNodeApp\node_modules\express\lib\router\index.js:635:15
    at next (D:\gitHub\basicNodeApp\node_modules\express\lib\router\index.js:260:14)
    at Function.handle (D:\gitHub\basicNodeApp\node_modules\express\lib\router\index.js:174:3)
    at router (D:\gitHub\basicNodeApp\node_modules\express\lib\router\index.js:47:12)
    at Layer.handle [as handle_request] (D:\gitHub\basicNodeApp\node_modules\express\lib\router\layer.js:95:5)
    at trim_prefix (D:\gitHub\basicNodeApp\node_modules\express\lib\router\index.js:317:13)
    at D:\gitHub\basicNodeApp\node_modules\express\lib\router\index.js:284:7
    at Function.process_params (D:\gitHub\basicNodeApp\node_modules\express\lib\router\index.js:335:12)
    at next (D:\gitHub\basicNodeApp\node_modules\express\lib\router\index.js:275:10)
    at app.use (D:\gitHub\basicNodeApp\app.js:55:5)Error msg:  Not Found 
 data: Sun Jan 07 2018 08:19:00 GMT-0200 (Horário brasileiro de verão) stack: Error: Not Found
    at app.use (D:\gitHub\basicNodeApp\app.js:71:16)
    at Layer.handle [as handle_request] (D:\gitHub\basicNodeApp\node_modules\express\lib\router\layer.js:95:5)
    at trim_prefix (D:\gitHub\basicNodeApp\node_modules\express\lib\router\index.js:317:13)
    at D:\gitHub\basicNodeApp\node_modules\express\lib\router\index.js:284:7
    at Function.process_params (D:\gitHub\basicNodeApp\node_modules\express\lib\router\index.js:335:12)
    at next (D:\gitHub\basicNodeApp\node_modules\express\lib\router\index.js:275:10)
    at D:\gitHub\basicNodeApp\node_modules\express\lib\router\index.js:635:15
    at next (D:\gitHub\basicNodeApp\node_modules\express\lib\router\index.js:260:14)
    at Function.handle (D:\gitHub\basicNodeApp\node_modules\express\lib\router\index.js:174:3)
    at router (D:\gitHub\basicNodeApp\node_modules\express\lib\router\index.js:47:12)
    at Layer.handle [as handle_request] (D:\gitHub\basicNodeApp\node_modules\express\lib\router\layer.js:95:5)
    at trim_prefix (D:\gitHub\basicNodeApp\node_modules\express\lib\router\index.js:317:13)
    at D:\gitHub\basicNodeApp\node_modules\express\lib\router\index.js:284:7
    at Function.process_params (D:\gitHub\basicNodeApp\node_modules\express\lib\router\index.js:335:12)
    at next (D:\gitHub\basicNodeApp\node_modules\express\lib\router\index.js:275:10)
    at app.use (D:\gitHub\basicNodeApp\app.js:55:5)Error msg:  Not Found 
 data: Sun Jan 07 2018 08:19:00 GMT-0200 (Horário brasileiro de verão) stack: Error: Not Found
    at app.use (D:\gitHub\basicNodeApp\app.js:71:16)
    at Layer.handle [as handle_request] (D:\gitHub\basicNodeApp\node_modules\express\lib\router\layer.js:95:5)
    at trim_prefix (D:\gitHub\basicNodeApp\node_modules\express\lib\router\index.js:317:13)
    at D:\gitHub\basicNodeApp\node_modules\express\lib\router\index.js:284:7
    at Function.process_params (D:\gitHub\basicNodeApp\node_modules\express\lib\router\index.js:335:12)
    at next (D:\gitHub\basicNodeApp\node_modules\express\lib\router\index.js:275:10)
    at D:\gitHub\basicNodeApp\node_modules\express\lib\router\index.js:635:15
    at next (D:\gitHub\basicNodeApp\node_modules\express\lib\router\index.js:260:14)
    at Function.handle (D:\gitHub\basicNodeApp\node_modules\express\lib\router\index.js:174:3)
    at router (D:\gitHub\basicNodeApp\node_modules\express\lib\router\index.js:47:12)
    at Layer.handle [as handle_request] (D:\gitHub\basicNodeApp\node_modules\express\lib\router\layer.js:95:5)
    at trim_prefix (D:\gitHub\basicNodeApp\node_modules\express\lib\router\index.js:317:13)
    at D:\gitHub\basicNodeApp\node_modules\express\lib\router\index.js:284:7
    at Function.process_params (D:\gitHub\basicNodeApp\node_modules\express\lib\router\index.js:335:12)
    at next (D:\gitHub\basicNodeApp\node_modules\express\lib\router\index.js:275:10)
    at app.use (D:\gitHub\basicNodeApp\app.js:55:5)Error msg:  Not Found 
 data: Sun Jan 07 2018 08:19:00 GMT-0200 (Horário brasileiro de verão) stack: Error: Not Found
    at app.use (D:\gitHub\basicNodeApp\app.js:71:16)
    at Layer.handle [as handle_request] (D:\gitHub\basicNodeApp\node_modules\express\lib\router\layer.js:95:5)
    at trim_prefix (D:\gitHub\basicNodeApp\node_modules\express\lib\router\index.js:317:13)
    at D:\gitHub\basicNodeApp\node_modules\express\lib\router\index.js:284:7
    at Function.process_params (D:\gitHub\basicNodeApp\node_modules\express\lib\router\index.js:335:12)
    at next (D:\gitHub\basicNodeApp\node_modules\express\lib\router\index.js:275:10)
    at D:\gitHub\basicNodeApp\node_modules\express\lib\router\index.js:635:15
    at next (D:\gitHub\basicNodeApp\node_modules\express\lib\router\index.js:260:14)
    at Function.handle (D:\gitHub\basicNodeApp\node_modules\express\lib\router\index.js:174:3)
    at router (D:\gitHub\basicNodeApp\node_modules\express\lib\router\index.js:47:12)
    at Layer.handle [as handle_request] (D:\gitHub\basicNodeApp\node_modules\express\lib\router\layer.js:95:5)
    at trim_prefix (D:\gitHub\basicNodeApp\node_modules\express\lib\router\index.js:317:13)
    at D:\gitHub\basicNodeApp\node_modules\express\lib\router\index.js:284:7
    at Function.process_params (D:\gitHub\basicNodeApp\node_modules\express\lib\router\index.js:335:12)
    at next (D:\gitHub\basicNodeApp\node_modules\express\lib\router\index.js:275:10)
    at app.use (D:\gitHub\basicNodeApp\app.js:55:5)Error msg:  Not Found 
 data: Sun Jan 07 2018 08:19:01 GMT-0200 (Horário brasileiro de verão) stack: Error: Not Found
    at app.use (D:\gitHub\basicNodeApp\app.js:71:16)
    at Layer.handle [as handle_request] (D:\gitHub\basicNodeApp\node_modules\express\lib\router\layer.js:95:5)
    at trim_prefix (D:\gitHub\basicNodeApp\node_modules\express\lib\router\index.js:317:13)
    at D:\gitHub\basicNodeApp\node_modules\express\lib\router\index.js:284:7
    at Function.process_params (D:\gitHub\basicNodeApp\node_modules\express\lib\router\index.js:335:12)
    at next (D:\gitHub\basicNodeApp\node_modules\express\lib\router\index.js:275:10)
    at D:\gitHub\basicNodeApp\node_modules\express\lib\router\index.js:635:15
    at next (D:\gitHub\basicNodeApp\node_modules\express\lib\router\index.js:260:14)
    at Function.handle (D:\gitHub\basicNodeApp\node_modules\express\lib\router\index.js:174:3)
    at router (D:\gitHub\basicNodeApp\node_modules\express\lib\router\index.js:47:12)
    at Layer.handle [as handle_request] (D:\gitHub\basicNodeApp\node_modules\express\lib\router\layer.js:95:5)
    at trim_prefix (D:\gitHub\basicNodeApp\node_modules\express\lib\router\index.js:317:13)
    at D:\gitHub\basicNodeApp\node_modules\express\lib\router\index.js:284:7
    at Function.process_params (D:\gitHub\basicNodeApp\node_modules\express\lib\router\index.js:335:12)
    at next (D:\gitHub\basicNodeApp\node_modules\express\lib\router\index.js:275:10)
    at app.use (D:\gitHub\basicNodeApp\app.js:55:5)Error msg:  Not Found 
 data: Sun Jan 07 2018 08:19:01 GMT-0200 (Horário brasileiro de verão) stack: Error: Not Found
    at app.use (D:\gitHub\basicNodeApp\app.js:71:16)
    at Layer.handle [as handle_request] (D:\gitHub\basicNodeApp\node_modules\express\lib\router\layer.js:95:5)
    at trim_prefix (D:\gitHub\basicNodeApp\node_modules\express\lib\router\index.js:317:13)
    at D:\gitHub\basicNodeApp\node_modules\express\lib\router\index.js:284:7
    at Function.process_params (D:\gitHub\basicNodeApp\node_modules\express\lib\router\index.js:335:12)
    at next (D:\gitHub\basicNodeApp\node_modules\express\lib\router\index.js:275:10)
    at D:\gitHub\basicNodeApp\node_modules\express\lib\router\index.js:635:15
    at next (D:\gitHub\basicNodeApp\node_modules\express\lib\router\index.js:260:14)
    at Function.handle (D:\gitHub\basicNodeApp\node_modules\express\lib\router\index.js:174:3)
    at router (D:\gitHub\basicNodeApp\node_modules\express\lib\router\index.js:47:12)
    at Layer.handle [as handle_request] (D:\gitHub\basicNodeApp\node_modules\express\lib\router\layer.js:95:5)
    at trim_prefix (D:\gitHub\basicNodeApp\node_modules\express\lib\router\index.js:317:13)
    at D:\gitHub\basicNodeApp\node_modules\express\lib\router\index.js:284:7
    at Function.process_params (D:\gitHub\basicNodeApp\node_modules\express\lib\router\index.js:335:12)
    at next (D:\gitHub\basicNodeApp\node_modules\express\lib\router\index.js:275:10)
    at app.use (D:\gitHub\basicNodeApp\app.js:55:5)Error msg:  Not Found 
 data: Sun Jan 07 2018 08:19:02 GMT-0200 (Horário brasileiro de verão) stack: Error: Not Found
    at app.use (D:\gitHub\basicNodeApp\app.js:71:16)
    at Layer.handle [as handle_request] (D:\gitHub\basicNodeApp\node_modules\express\lib\router\layer.js:95:5)
    at trim_prefix (D:\gitHub\basicNodeApp\node_modules\express\lib\router\index.js:317:13)
    at D:\gitHub\basicNodeApp\node_modules\express\lib\router\index.js:284:7
    at Function.process_params (D:\gitHub\basicNodeApp\node_modules\express\lib\router\index.js:335:12)
    at next (D:\gitHub\basicNodeApp\node_modules\express\lib\router\index.js:275:10)
    at D:\gitHub\basicNodeApp\node_modules\express\lib\router\index.js:635:15
    at next (D:\gitHub\basicNodeApp\node_modules\express\lib\router\index.js:260:14)
    at Function.handle (D:\gitHub\basicNodeApp\node_modules\express\lib\router\index.js:174:3)
    at router (D:\gitHub\basicNodeApp\node_modules\express\lib\router\index.js:47:12)
    at Layer.handle [as handle_request] (D:\gitHub\basicNodeApp\node_modules\express\lib\router\layer.js:95:5)
    at trim_prefix (D:\gitHub\basicNodeApp\node_modules\express\lib\router\index.js:317:13)
    at D:\gitHub\basicNodeApp\node_modules\express\lib\router\index.js:284:7
    at Function.process_params (D:\gitHub\basicNodeApp\node_modules\express\lib\router\index.js:335:12)
    at next (D:\gitHub\basicNodeApp\node_modules\express\lib\router\index.js:275:10)
    at app.use (D:\gitHub\basicNodeApp\app.js:55:5)Error msg:  Not Found 
 data: Sun Jan 07 2018 08:19:02 GMT-0200 (Horário brasileiro de verão) stack: Error: Not Found
    at app.use (D:\gitHub\basicNodeApp\app.js:71:16)
    at Layer.handle [as handle_request] (D:\gitHub\basicNodeApp\node_modules\express\lib\router\layer.js:95:5)
    at trim_prefix (D:\gitHub\basicNodeApp\node_modules\express\lib\router\index.js:317:13)
    at D:\gitHub\basicNodeApp\node_modules\express\lib\router\index.js:284:7
    at Function.process_params (D:\gitHub\basicNodeApp\node_modules\express\lib\router\index.js:335:12)
    at next (D:\gitHub\basicNodeApp\node_modules\express\lib\router\index.js:275:10)
    at D:\gitHub\basicNodeApp\node_modules\express\lib\router\index.js:635:15
    at next (D:\gitHub\basicNodeApp\node_modules\express\lib\router\index.js:260:14)
    at Function.handle (D:\gitHub\basicNodeApp\node_modules\express\lib\router\index.js:174:3)
    at router (D:\gitHub\basicNodeApp\node_modules\express\lib\router\index.js:47:12)
    at Layer.handle [as handle_request] (D:\gitHub\basicNodeApp\node_modules\express\lib\router\layer.js:95:5)
    at trim_prefix (D:\gitHub\basicNodeApp\node_modules\express\lib\router\index.js:317:13)
    at D:\gitHub\basicNodeApp\node_modules\express\lib\router\index.js:284:7
    at Function.process_params (D:\gitHub\basicNodeApp\node_modules\express\lib\router\index.js:335:12)
    at next (D:\gitHub\basicNodeApp\node_modules\express\lib\router\index.js:275:10)
    at app.use (D:\gitHub\basicNodeApp\app.js:55:5)Error msg:  Not Found 
 data: Sun Jan 07 2018 08:19:03 GMT-0200 (Horário brasileiro de verão) stack: Error: Not Found
    at app.use (D:\gitHub\basicNodeApp\app.js:71:16)
    at Layer.handle [as handle_request] (D:\gitHub\basicNodeApp\node_modules\express\lib\router\layer.js:95:5)
    at trim_prefix (D:\gitHub\basicNodeApp\node_modules\express\lib\router\index.js:317:13)
    at D:\gitHub\basicNodeApp\node_modules\express\lib\router\index.js:284:7
    at Function.process_params (D:\gitHub\basicNodeApp\node_modules\express\lib\router\index.js:335:12)
    at next (D:\gitHub\basicNodeApp\node_modules\express\lib\router\index.js:275:10)
    at D:\gitHub\basicNodeApp\node_modules\express\lib\router\index.js:635:15
    at next (D:\gitHub\basicNodeApp\node_modules\express\lib\router\index.js:260:14)
    at Function.handle (D:\gitHub\basicNodeApp\node_modules\express\lib\router\index.js:174:3)
    at router (D:\gitHub\basicNodeApp\node_modules\express\lib\router\index.js:47:12)
    at Layer.handle [as handle_request] (D:\gitHub\basicNodeApp\node_modules\express\lib\router\layer.js:95:5)
    at trim_prefix (D:\gitHub\basicNodeApp\node_modules\express\lib\router\index.js:317:13)
    at D:\gitHub\basicNodeApp\node_modules\express\lib\router\index.js:284:7
    at Function.process_params (D:\gitHub\basicNodeApp\node_modules\express\lib\router\index.js:335:12)
    at next (D:\gitHub\basicNodeApp\node_modules\express\lib\router\index.js:275:10)
    at app.use (D:\gitHub\basicNodeApp\app.js:55:5)Error msg:  Not Found 
 data: Sun Jan 07 2018 08:19:03 GMT-0200 (Horário brasileiro de verão) stack: Error: Not Found
    at app.use (D:\gitHub\basicNodeApp\app.js:71:16)
    at Layer.handle [as handle_request] (D:\gitHub\basicNodeApp\node_modules\express\lib\router\layer.js:95:5)
    at trim_prefix (D:\gitHub\basicNodeApp\node_modules\express\lib\router\index.js:317:13)
    at D:\gitHub\basicNodeApp\node_modules\express\lib\router\index.js:284:7
    at Function.process_params (D:\gitHub\basicNodeApp\node_modules\express\lib\router\index.js:335:12)
    at next (D:\gitHub\basicNodeApp\node_modules\express\lib\router\index.js:275:10)
    at D:\gitHub\basicNodeApp\node_modules\express\lib\router\index.js:635:15
    at next (D:\gitHub\basicNodeApp\node_modules\express\lib\router\index.js:260:14)
    at Function.handle (D:\gitHub\basicNodeApp\node_modules\express\lib\router\index.js:174:3)
    at router (D:\gitHub\basicNodeApp\node_modules\express\lib\router\index.js:47:12)
    at Layer.handle [as handle_request] (D:\gitHub\basicNodeApp\node_modules\express\lib\router\layer.js:95:5)
    at trim_prefix (D:\gitHub\basicNodeApp\node_modules\express\lib\router\index.js:317:13)
    at D:\gitHub\basicNodeApp\node_modules\express\lib\router\index.js:284:7
    at Function.process_params (D:\gitHub\basicNodeApp\node_modules\express\lib\router\index.js:335:12)
    at next (D:\gitHub\basicNodeApp\node_modules\express\lib\router\index.js:275:10)
    at app.use (D:\gitHub\basicNodeApp\app.js:55:5)Error msg:  Not Found 
 data: Sun Jan 07 2018 08:19:03 GMT-0200 (Horário brasileiro de verão) stack: Error: Not Found
    at app.use (D:\gitHub\basicNodeApp\app.js:71:16)
    at Layer.handle [as handle_request] (D:\gitHub\basicNodeApp\node_modules\express\lib\router\layer.js:95:5)
    at trim_prefix (D:\gitHub\basicNodeApp\node_modules\express\lib\router\index.js:317:13)
    at D:\gitHub\basicNodeApp\node_modules\express\lib\router\index.js:284:7
    at Function.process_params (D:\gitHub\basicNodeApp\node_modules\express\lib\router\index.js:335:12)
    at next (D:\gitHub\basicNodeApp\node_modules\express\lib\router\index.js:275:10)
    at D:\gitHub\basicNodeApp\node_modules\express\lib\router\index.js:635:15
    at next (D:\gitHub\basicNodeApp\node_modules\express\lib\router\index.js:260:14)
    at Function.handle (D:\gitHub\basicNodeApp\node_modules\express\lib\router\index.js:174:3)
    at router (D:\gitHub\basicNodeApp\node_modules\express\lib\router\index.js:47:12)
    at Layer.handle [as handle_request] (D:\gitHub\basicNodeApp\node_modules\express\lib\router\layer.js:95:5)
    at trim_prefix (D:\gitHub\basicNodeApp\node_modules\express\lib\router\index.js:317:13)
    at D:\gitHub\basicNodeApp\node_modules\express\lib\router\index.js:284:7
    at Function.process_params (D:\gitHub\basicNodeApp\node_modules\express\lib\router\index.js:335:12)
    at next (D:\gitHub\basicNodeApp\node_modules\express\lib\router\index.js:275:10)
    at app.use (D:\gitHub\basicNodeApp\app.js:55:5)Error msg:  Not Found 
 data: Sun Jan 07 2018 08:19:03 GMT-0200 (Horário brasileiro de verão) stack: Error: Not Found
    at app.use (D:\gitHub\basicNodeApp\app.js:71:16)
    at Layer.handle [as handle_request] (D:\gitHub\basicNodeApp\node_modules\express\lib\router\layer.js:95:5)
    at trim_prefix (D:\gitHub\basicNodeApp\node_modules\express\lib\router\index.js:317:13)
    at D:\gitHub\basicNodeApp\node_modules\express\lib\router\index.js:284:7
    at Function.process_params (D:\gitHub\basicNodeApp\node_modules\express\lib\router\index.js:335:12)
    at next (D:\gitHub\basicNodeApp\node_modules\express\lib\router\index.js:275:10)
    at D:\gitHub\basicNodeApp\node_modules\express\lib\router\index.js:635:15
    at next (D:\gitHub\basicNodeApp\node_modules\express\lib\router\index.js:260:14)
    at Function.handle (D:\gitHub\basicNodeApp\node_modules\express\lib\router\index.js:174:3)
    at router (D:\gitHub\basicNodeApp\node_modules\express\lib\router\index.js:47:12)
    at Layer.handle [as handle_request] (D:\gitHub\basicNodeApp\node_modules\express\lib\router\layer.js:95:5)
    at trim_prefix (D:\gitHub\basicNodeApp\node_modules\express\lib\router\index.js:317:13)
    at D:\gitHub\basicNodeApp\node_modules\express\lib\router\index.js:284:7
    at Function.process_params (D:\gitHub\basicNodeApp\node_modules\express\lib\router\index.js:335:12)
    at next (D:\gitHub\basicNodeApp\node_modules\express\lib\router\index.js:275:10)
    at app.use (D:\gitHub\basicNodeApp\app.js:55:5)Error msg:  Not Found 
 data: Sun Jan 07 2018 08:19:04 GMT-0200 (Horário brasileiro de verão) stack: Error: Not Found
    at app.use (D:\gitHub\basicNodeApp\app.js:71:16)
    at Layer.handle [as handle_request] (D:\gitHub\basicNodeApp\node_modules\express\lib\router\layer.js:95:5)
    at trim_prefix (D:\gitHub\basicNodeApp\node_modules\express\lib\router\index.js:317:13)
    at D:\gitHub\basicNodeApp\node_modules\express\lib\router\index.js:284:7
    at Function.process_params (D:\gitHub\basicNodeApp\node_modules\express\lib\router\index.js:335:12)
    at next (D:\gitHub\basicNodeApp\node_modules\express\lib\router\index.js:275:10)
    at D:\gitHub\basicNodeApp\node_modules\express\lib\router\index.js:635:15
    at next (D:\gitHub\basicNodeApp\node_modules\express\lib\router\index.js:260:14)
    at Function.handle (D:\gitHub\basicNodeApp\node_modules\express\lib\router\index.js:174:3)
    at router (D:\gitHub\basicNodeApp\node_modules\express\lib\router\index.js:47:12)
    at Layer.handle [as handle_request] (D:\gitHub\basicNodeApp\node_modules\express\lib\router\layer.js:95:5)
    at trim_prefix (D:\gitHub\basicNodeApp\node_modules\express\lib\router\index.js:317:13)
    at D:\gitHub\basicNodeApp\node_modules\express\lib\router\index.js:284:7
    at Function.process_params (D:\gitHub\basicNodeApp\node_modules\express\lib\router\index.js:335:12)
    at next (D:\gitHub\basicNodeApp\node_modules\express\lib\router\index.js:275:10)
    at app.use (D:\gitHub\basicNodeApp\app.js:55:5)Error msg:  Not Found 
 data: Sun Jan 07 2018 08:19:04 GMT-0200 (Horário brasileiro de verão) stack: Error: Not Found
    at app.use (D:\gitHub\basicNodeApp\app.js:71:16)
    at Layer.handle [as handle_request] (D:\gitHub\basicNodeApp\node_modules\express\lib\router\layer.js:95:5)
    at trim_prefix (D:\gitHub\basicNodeApp\node_modules\express\lib\router\index.js:317:13)
    at D:\gitHub\basicNodeApp\node_modules\express\lib\router\index.js:284:7
    at Function.process_params (D:\gitHub\basicNodeApp\node_modules\express\lib\router\index.js:335:12)
    at next (D:\gitHub\basicNodeApp\node_modules\express\lib\router\index.js:275:10)
    at D:\gitHub\basicNodeApp\node_modules\express\lib\router\index.js:635:15
    at next (D:\gitHub\basicNodeApp\node_modules\express\lib\router\index.js:260:14)
    at Function.handle (D:\gitHub\basicNodeApp\node_modules\express\lib\router\index.js:174:3)
    at router (D:\gitHub\basicNodeApp\node_modules\express\lib\router\index.js:47:12)
    at Layer.handle [as handle_request] (D:\gitHub\basicNodeApp\node_modules\express\lib\router\layer.js:95:5)
    at trim_prefix (D:\gitHub\basicNodeApp\node_modules\express\lib\router\index.js:317:13)
    at D:\gitHub\basicNodeApp\node_modules\express\lib\router\index.js:284:7
    at Function.process_params (D:\gitHub\basicNodeApp\node_modules\express\lib\router\index.js:335:12)
    at next (D:\gitHub\basicNodeApp\node_modules\express\lib\router\index.js:275:10)
    at app.use (D:\gitHub\basicNodeApp\app.js:55:5)Error msg:  Not Found 
 data: Sun Jan 07 2018 08:19:05 GMT-0200 (Horário brasileiro de verão) stack: Error: Not Found
    at app.use (D:\gitHub\basicNodeApp\app.js:71:16)
    at Layer.handle [as handle_request] (D:\gitHub\basicNodeApp\node_modules\express\lib\router\layer.js:95:5)
    at trim_prefix (D:\gitHub\basicNodeApp\node_modules\express\lib\router\index.js:317:13)
    at D:\gitHub\basicNodeApp\node_modules\express\lib\router\index.js:284:7
    at Function.process_params (D:\gitHub\basicNodeApp\node_modules\express\lib\router\index.js:335:12)
    at next (D:\gitHub\basicNodeApp\node_modules\express\lib\router\index.js:275:10)
    at D:\gitHub\basicNodeApp\node_modules\express\lib\router\index.js:635:15
    at next (D:\gitHub\basicNodeApp\node_modules\express\lib\router\index.js:260:14)
    at Function.handle (D:\gitHub\basicNodeApp\node_modules\express\lib\router\index.js:174:3)
    at router (D:\gitHub\basicNodeApp\node_modules\express\lib\router\index.js:47:12)
    at Layer.handle [as handle_request] (D:\gitHub\basicNodeApp\node_modules\express\lib\router\layer.js:95:5)
    at trim_prefix (D:\gitHub\basicNodeApp\node_modules\express\lib\router\index.js:317:13)
    at D:\gitHub\basicNodeApp\node_modules\express\lib\router\index.js:284:7
    at Function.process_params (D:\gitHub\basicNodeApp\node_modules\express\lib\router\index.js:335:12)
    at next (D:\gitHub\basicNodeApp\node_modules\express\lib\router\index.js:275:10)
    at app.use (D:\gitHub\basicNodeApp\app.js:55:5)Error msg:  Not Found 
 data: Sun Jan 07 2018 08:19:05 GMT-0200 (Horário brasileiro de verão) stack: Error: Not Found
    at app.use (D:\gitHub\basicNodeApp\app.js:71:16)
    at Layer.handle [as handle_request] (D:\gitHub\basicNodeApp\node_modules\express\lib\router\layer.js:95:5)
    at trim_prefix (D:\gitHub\basicNodeApp\node_modules\express\lib\router\index.js:317:13)
    at D:\gitHub\basicNodeApp\node_modules\express\lib\router\index.js:284:7
    at Function.process_params (D:\gitHub\basicNodeApp\node_modules\express\lib\router\index.js:335:12)
    at next (D:\gitHub\basicNodeApp\node_modules\express\lib\router\index.js:275:10)
    at D:\gitHub\basicNodeApp\node_modules\express\lib\router\index.js:635:15
    at next (D:\gitHub\basicNodeApp\node_modules\express\lib\router\index.js:260:14)
    at Function.handle (D:\gitHub\basicNodeApp\node_modules\express\lib\router\index.js:174:3)
    at router (D:\gitHub\basicNodeApp\node_modules\express\lib\router\index.js:47:12)
    at Layer.handle [as handle_request] (D:\gitHub\basicNodeApp\node_modules\express\lib\router\layer.js:95:5)
    at trim_prefix (D:\gitHub\basicNodeApp\node_modules\express\lib\router\index.js:317:13)
    at D:\gitHub\basicNodeApp\node_modules\express\lib\router\index.js:284:7
    at Function.process_params (D:\gitHub\basicNodeApp\node_modules\express\lib\router\index.js:335:12)
    at next (D:\gitHub\basicNodeApp\node_modules\express\lib\router\index.js:275:10)
    at app.use (D:\gitHub\basicNodeApp\app.js:55:5)Error msg:  Not Found 
 data: Sun Jan 07 2018 08:19:06 GMT-0200 (Horário brasileiro de verão) stack: Error: Not Found
    at app.use (D:\gitHub\basicNodeApp\app.js:71:16)
    at Layer.handle [as handle_request] (D:\gitHub\basicNodeApp\node_modules\express\lib\router\layer.js:95:5)
    at trim_prefix (D:\gitHub\basicNodeApp\node_modules\express\lib\router\index.js:317:13)
    at D:\gitHub\basicNodeApp\node_modules\express\lib\router\index.js:284:7
    at Function.process_params (D:\gitHub\basicNodeApp\node_modules\express\lib\router\index.js:335:12)
    at next (D:\gitHub\basicNodeApp\node_modules\express\lib\router\index.js:275:10)
    at D:\gitHub\basicNodeApp\node_modules\express\lib\router\index.js:635:15
    at next (D:\gitHub\basicNodeApp\node_modules\express\lib\router\index.js:260:14)
    at Function.handle (D:\gitHub\basicNodeApp\node_modules\express\lib\router\index.js:174:3)
    at router (D:\gitHub\basicNodeApp\node_modules\express\lib\router\index.js:47:12)
    at Layer.handle [as handle_request] (D:\gitHub\basicNodeApp\node_modules\express\lib\router\layer.js:95:5)
    at trim_prefix (D:\gitHub\basicNodeApp\node_modules\express\lib\router\index.js:317:13)
    at D:\gitHub\basicNodeApp\node_modules\express\lib\router\index.js:284:7
    at Function.process_params (D:\gitHub\basicNodeApp\node_modules\express\lib\router\index.js:335:12)
    at next (D:\gitHub\basicNodeApp\node_modules\express\lib\router\index.js:275:10)
    at app.use (D:\gitHub\basicNodeApp\app.js:55:5)Error msg:  Not Found 
 data: Sun Jan 07 2018 08:19:06 GMT-0200 (Horário brasileiro de verão) stack: Error: Not Found
    at app.use (D:\gitHub\basicNodeApp\app.js:71:16)
    at Layer.handle [as handle_request] (D:\gitHub\basicNodeApp\node_modules\express\lib\router\layer.js:95:5)
    at trim_prefix (D:\gitHub\basicNodeApp\node_modules\express\lib\router\index.js:317:13)
    at D:\gitHub\basicNodeApp\node_modules\express\lib\router\index.js:284:7
    at Function.process_params (D:\gitHub\basicNodeApp\node_modules\express\lib\router\index.js:335:12)
    at next (D:\gitHub\basicNodeApp\node_modules\express\lib\router\index.js:275:10)
    at D:\gitHub\basicNodeApp\node_modules\express\lib\router\index.js:635:15
    at next (D:\gitHub\basicNodeApp\node_modules\express\lib\router\index.js:260:14)
    at Function.handle (D:\gitHub\basicNodeApp\node_modules\express\lib\router\index.js:174:3)
    at router (D:\gitHub\basicNodeApp\node_modules\express\lib\router\index.js:47:12)
    at Layer.handle [as handle_request] (D:\gitHub\basicNodeApp\node_modules\express\lib\router\layer.js:95:5)
    at trim_prefix (D:\gitHub\basicNodeApp\node_modules\express\lib\router\index.js:317:13)
    at D:\gitHub\basicNodeApp\node_modules\express\lib\router\index.js:284:7
    at Function.process_params (D:\gitHub\basicNodeApp\node_modules\express\lib\router\index.js:335:12)
    at next (D:\gitHub\basicNodeApp\node_modules\express\lib\router\index.js:275:10)
    at app.use (D:\gitHub\basicNodeApp\app.js:55:5)Error msg:  Not Found 
 data: Sun Jan 07 2018 08:19:06 GMT-0200 (Horário brasileiro de verão) stack: Error: Not Found
    at app.use (D:\gitHub\basicNodeApp\app.js:71:16)
    at Layer.handle [as handle_request] (D:\gitHub\basicNodeApp\node_modules\express\lib\router\layer.js:95:5)
    at trim_prefix (D:\gitHub\basicNodeApp\node_modules\express\lib\router\index.js:317:13)
    at D:\gitHub\basicNodeApp\node_modules\express\lib\router\index.js:284:7
    at Function.process_params (D:\gitHub\basicNodeApp\node_modules\express\lib\router\index.js:335:12)
    at next (D:\gitHub\basicNodeApp\node_modules\express\lib\router\index.js:275:10)
    at D:\gitHub\basicNodeApp\node_modules\express\lib\router\index.js:635:15
    at next (D:\gitHub\basicNodeApp\node_modules\express\lib\router\index.js:260:14)
    at Function.handle (D:\gitHub\basicNodeApp\node_modules\express\lib\router\index.js:174:3)
    at router (D:\gitHub\basicNodeApp\node_modules\express\lib\router\index.js:47:12)
    at Layer.handle [as handle_request] (D:\gitHub\basicNodeApp\node_modules\express\lib\router\layer.js:95:5)
    at trim_prefix (D:\gitHub\basicNodeApp\node_modules\express\lib\router\index.js:317:13)
    at D:\gitHub\basicNodeApp\node_modules\express\lib\router\index.js:284:7
    at Function.process_params (D:\gitHub\basicNodeApp\node_modules\express\lib\router\index.js:335:12)
    at next (D:\gitHub\basicNodeApp\node_modules\express\lib\router\index.js:275:10)
    at app.use (D:\gitHub\basicNodeApp\app.js:55:5)Error msg:  Not Found 
 data: Sun Jan 07 2018 08:19:07 GMT-0200 (Horário brasileiro de verão) stack: Error: Not Found
    at app.use (D:\gitHub\basicNodeApp\app.js:71:16)
    at Layer.handle [as handle_request] (D:\gitHub\basicNodeApp\node_modules\express\lib\router\layer.js:95:5)
    at trim_prefix (D:\gitHub\basicNodeApp\node_modules\express\lib\router\index.js:317:13)
    at D:\gitHub\basicNodeApp\node_modules\express\lib\router\index.js:284:7
    at Function.process_params (D:\gitHub\basicNodeApp\node_modules\express\lib\router\index.js:335:12)
    at next (D:\gitHub\basicNodeApp\node_modules\express\lib\router\index.js:275:10)
    at D:\gitHub\basicNodeApp\node_modules\express\lib\router\index.js:635:15
    at next (D:\gitHub\basicNodeApp\node_modules\express\lib\router\index.js:260:14)
    at Function.handle (D:\gitHub\basicNodeApp\node_modules\express\lib\router\index.js:174:3)
    at router (D:\gitHub\basicNodeApp\node_modules\express\lib\router\index.js:47:12)
    at Layer.handle [as handle_request] (D:\gitHub\basicNodeApp\node_modules\express\lib\router\layer.js:95:5)
    at trim_prefix (D:\gitHub\basicNodeApp\node_modules\express\lib\router\index.js:317:13)
    at D:\gitHub\basicNodeApp\node_modules\express\lib\router\index.js:284:7
    at Function.process_params (D:\gitHub\basicNodeApp\node_modules\express\lib\router\index.js:335:12)
    at next (D:\gitHub\basicNodeApp\node_modules\express\lib\router\index.js:275:10)
    at app.use (D:\gitHub\basicNodeApp\app.js:55:5)Error msg:  Not Found 
 data: Sun Jan 07 2018 08:19:08 GMT-0200 (Horário brasileiro de verão) stack: Error: Not Found
    at app.use (D:\gitHub\basicNodeApp\app.js:71:16)
    at Layer.handle [as handle_request] (D:\gitHub\basicNodeApp\node_modules\express\lib\router\layer.js:95:5)
    at trim_prefix (D:\gitHub\basicNodeApp\node_modules\express\lib\router\index.js:317:13)
    at D:\gitHub\basicNodeApp\node_modules\express\lib\router\index.js:284:7
    at Function.process_params (D:\gitHub\basicNodeApp\node_modules\express\lib\router\index.js:335:12)
    at next (D:\gitHub\basicNodeApp\node_modules\express\lib\router\index.js:275:10)
    at D:\gitHub\basicNodeApp\node_modules\express\lib\router\index.js:635:15
    at next (D:\gitHub\basicNodeApp\node_modules\express\lib\router\index.js:260:14)
    at Function.handle (D:\gitHub\basicNodeApp\node_modules\express\lib\router\index.js:174:3)
    at router (D:\gitHub\basicNodeApp\node_modules\express\lib\router\index.js:47:12)
    at Layer.handle [as handle_request] (D:\gitHub\basicNodeApp\node_modules\express\lib\router\layer.js:95:5)
    at trim_prefix (D:\gitHub\basicNodeApp\node_modules\express\lib\router\index.js:317:13)
    at D:\gitHub\basicNodeApp\node_modules\express\lib\router\index.js:284:7
    at Function.process_params (D:\gitHub\basicNodeApp\node_modules\express\lib\router\index.js:335:12)
    at next (D:\gitHub\basicNodeApp\node_modules\express\lib\router\index.js:275:10)
    at app.use (D:\gitHub\basicNodeApp\app.js:55:5)Error msg:  Not Found 
 data: Sun Jan 07 2018 08:19:08 GMT-0200 (Horário brasileiro de verão) stack: Error: Not Found
    at app.use (D:\gitHub\basicNodeApp\app.js:71:16)
    at Layer.handle [as handle_request] (D:\gitHub\basicNodeApp\node_modules\express\lib\router\layer.js:95:5)
    at trim_prefix (D:\gitHub\basicNodeApp\node_modules\express\lib\router\index.js:317:13)
    at D:\gitHub\basicNodeApp\node_modules\express\lib\router\index.js:284:7
    at Function.process_params (D:\gitHub\basicNodeApp\node_modules\express\lib\router\index.js:335:12)
    at next (D:\gitHub\basicNodeApp\node_modules\express\lib\router\index.js:275:10)
    at D:\gitHub\basicNodeApp\node_modules\express\lib\router\index.js:635:15
    at next (D:\gitHub\basicNodeApp\node_modules\express\lib\router\index.js:260:14)
    at Function.handle (D:\gitHub\basicNodeApp\node_modules\express\lib\router\index.js:174:3)
    at router (D:\gitHub\basicNodeApp\node_modules\express\lib\router\index.js:47:12)
    at Layer.handle [as handle_request] (D:\gitHub\basicNodeApp\node_modules\express\lib\router\layer.js:95:5)
    at trim_prefix (D:\gitHub\basicNodeApp\node_modules\express\lib\router\index.js:317:13)
    at D:\gitHub\basicNodeApp\node_modules\express\lib\router\index.js:284:7
    at Function.process_params (D:\gitHub\basicNodeApp\node_modules\express\lib\router\index.js:335:12)
    at next (D:\gitHub\basicNodeApp\node_modules\express\lib\router\index.js:275:10)
    at app.use (D:\gitHub\basicNodeApp\app.js:55:5)Error msg:  Not Found 
 data: Sun Jan 07 2018 08:19:09 GMT-0200 (Horário brasileiro de verão) stack: Error: Not Found
    at app.use (D:\gitHub\basicNodeApp\app.js:71:16)
    at Layer.handle [as handle_request] (D:\gitHub\basicNodeApp\node_modules\express\lib\router\layer.js:95:5)
    at trim_prefix (D:\gitHub\basicNodeApp\node_modules\express\lib\router\index.js:317:13)
    at D:\gitHub\basicNodeApp\node_modules\express\lib\router\index.js:284:7
    at Function.process_params (D:\gitHub\basicNodeApp\node_modules\express\lib\router\index.js:335:12)
    at next (D:\gitHub\basicNodeApp\node_modules\express\lib\router\index.js:275:10)
    at D:\gitHub\basicNodeApp\node_modules\express\lib\router\index.js:635:15
    at next (D:\gitHub\basicNodeApp\node_modules\express\lib\router\index.js:260:14)
    at Function.handle (D:\gitHub\basicNodeApp\node_modules\express\lib\router\index.js:174:3)
    at router (D:\gitHub\basicNodeApp\node_modules\express\lib\router\index.js:47:12)
    at Layer.handle [as handle_request] (D:\gitHub\basicNodeApp\node_modules\express\lib\router\layer.js:95:5)
    at trim_prefix (D:\gitHub\basicNodeApp\node_modules\express\lib\router\index.js:317:13)
    at D:\gitHub\basicNodeApp\node_modules\express\lib\router\index.js:284:7
    at Function.process_params (D:\gitHub\basicNodeApp\node_modules\express\lib\router\index.js:335:12)
    at next (D:\gitHub\basicNodeApp\node_modules\express\lib\router\index.js:275:10)
    at app.use (D:\gitHub\basicNodeApp\app.js:55:5)Error msg:  Not Found 
 data: Sun Jan 07 2018 08:19:09 GMT-0200 (Horário brasileiro de verão) stack: Error: Not Found
    at app.use (D:\gitHub\basicNodeApp\app.js:71:16)
    at Layer.handle [as handle_request] (D:\gitHub\basicNodeApp\node_modules\express\lib\router\layer.js:95:5)
    at trim_prefix (D:\gitHub\basicNodeApp\node_modules\express\lib\router\index.js:317:13)
    at D:\gitHub\basicNodeApp\node_modules\express\lib\router\index.js:284:7
    at Function.process_params (D:\gitHub\basicNodeApp\node_modules\express\lib\router\index.js:335:12)
    at next (D:\gitHub\basicNodeApp\node_modules\express\lib\router\index.js:275:10)
    at D:\gitHub\basicNodeApp\node_modules\express\lib\router\index.js:635:15
    at next (D:\gitHub\basicNodeApp\node_modules\express\lib\router\index.js:260:14)
    at Function.handle (D:\gitHub\basicNodeApp\node_modules\express\lib\router\index.js:174:3)
    at router (D:\gitHub\basicNodeApp\node_modules\express\lib\router\index.js:47:12)
    at Layer.handle [as handle_request] (D:\gitHub\basicNodeApp\node_modules\express\lib\router\layer.js:95:5)
    at trim_prefix (D:\gitHub\basicNodeApp\node_modules\express\lib\router\index.js:317:13)
    at D:\gitHub\basicNodeApp\node_modules\express\lib\router\index.js:284:7
    at Function.process_params (D:\gitHub\basicNodeApp\node_modules\express\lib\router\index.js:335:12)
    at next (D:\gitHub\basicNodeApp\node_modules\express\lib\router\index.js:275:10)
    at app.use (D:\gitHub\basicNodeApp\app.js:55:5)Error msg:  Not Found 
 data: Sun Jan 07 2018 08:19:09 GMT-0200 (Horário brasileiro de verão) stack: Error: Not Found
    at app.use (D:\gitHub\basicNodeApp\app.js:71:16)
    at Layer.handle [as handle_request] (D:\gitHub\basicNodeApp\node_modules\express\lib\router\layer.js:95:5)
    at trim_prefix (D:\gitHub\basicNodeApp\node_modules\express\lib\router\index.js:317:13)
    at D:\gitHub\basicNodeApp\node_modules\express\lib\router\index.js:284:7
    at Function.process_params (D:\gitHub\basicNodeApp\node_modules\express\lib\router\index.js:335:12)
    at next (D:\gitHub\basicNodeApp\node_modules\express\lib\router\index.js:275:10)
    at D:\gitHub\basicNodeApp\node_modules\express\lib\router\index.js:635:15
    at next (D:\gitHub\basicNodeApp\node_modules\express\lib\router\index.js:260:14)
    at Function.handle (D:\gitHub\basicNodeApp\node_modules\express\lib\router\index.js:174:3)
    at router (D:\gitHub\basicNodeApp\node_modules\express\lib\router\index.js:47:12)
    at Layer.handle [as handle_request] (D:\gitHub\basicNodeApp\node_modules\express\lib\router\layer.js:95:5)
    at trim_prefix (D:\gitHub\basicNodeApp\node_modules\express\lib\router\index.js:317:13)
    at D:\gitHub\basicNodeApp\node_modules\express\lib\router\index.js:284:7
    at Function.process_params (D:\gitHub\basicNodeApp\node_modules\express\lib\router\index.js:335:12)
    at next (D:\gitHub\basicNodeApp\node_modules\express\lib\router\index.js:275:10)
    at app.use (D:\gitHub\basicNodeApp\app.js:55:5)Error msg:  Not Found 
 data: Sun Jan 07 2018 08:19:09 GMT-0200 (Horário brasileiro de verão) stack: Error: Not Found
    at app.use (D:\gitHub\basicNodeApp\app.js:71:16)
    at Layer.handle [as handle_request] (D:\gitHub\basicNodeApp\node_modules\express\lib\router\layer.js:95:5)
    at trim_prefix (D:\gitHub\basicNodeApp\node_modules\express\lib\router\index.js:317:13)
    at D:\gitHub\basicNodeApp\node_modules\express\lib\router\index.js:284:7
    at Function.process_params (D:\gitHub\basicNodeApp\node_modules\express\lib\router\index.js:335:12)
    at next (D:\gitHub\basicNodeApp\node_modules\express\lib\router\index.js:275:10)
    at D:\gitHub\basicNodeApp\node_modules\express\lib\router\index.js:635:15
    at next (D:\gitHub\basicNodeApp\node_modules\express\lib\router\index.js:260:14)
    at Function.handle (D:\gitHub\basicNodeApp\node_modules\express\lib\router\index.js:174:3)
    at router (D:\gitHub\basicNodeApp\node_modules\express\lib\router\index.js:47:12)
    at Layer.handle [as handle_request] (D:\gitHub\basicNodeApp\node_modules\express\lib\router\layer.js:95:5)
    at trim_prefix (D:\gitHub\basicNodeApp\node_modules\express\lib\router\index.js:317:13)
    at D:\gitHub\basicNodeApp\node_modules\express\lib\router\index.js:284:7
    at Function.process_params (D:\gitHub\basicNodeApp\node_modules\express\lib\router\index.js:335:12)
    at next (D:\gitHub\basicNodeApp\node_modules\express\lib\router\index.js:275:10)
    at app.use (D:\gitHub\basicNodeApp\app.js:55:5)Error msg:  Not Found 
 data: Sun Jan 07 2018 08:19:10 GMT-0200 (Horário brasileiro de verão) stack: Error: Not Found
    at app.use (D:\gitHub\basicNodeApp\app.js:71:16)
    at Layer.handle [as handle_request] (D:\gitHub\basicNodeApp\node_modules\express\lib\router\layer.js:95:5)
    at trim_prefix (D:\gitHub\basicNodeApp\node_modules\express\lib\router\index.js:317:13)
    at D:\gitHub\basicNodeApp\node_modules\express\lib\router\index.js:284:7
    at Function.process_params (D:\gitHub\basicNodeApp\node_modules\express\lib\router\index.js:335:12)
    at next (D:\gitHub\basicNodeApp\node_modules\express\lib\router\index.js:275:10)
    at D:\gitHub\basicNodeApp\node_modules\express\lib\router\index.js:635:15
    at next (D:\gitHub\basicNodeApp\node_modules\express\lib\router\index.js:260:14)
    at Function.handle (D:\gitHub\basicNodeApp\node_modules\express\lib\router\index.js:174:3)
    at router (D:\gitHub\basicNodeApp\node_modules\express\lib\router\index.js:47:12)
    at Layer.handle [as handle_request] (D:\gitHub\basicNodeApp\node_modules\express\lib\router\layer.js:95:5)
    at trim_prefix (D:\gitHub\basicNodeApp\node_modules\express\lib\router\index.js:317:13)
    at D:\gitHub\basicNodeApp\node_modules\express\lib\router\index.js:284:7
    at Function.process_params (D:\gitHub\basicNodeApp\node_modules\express\lib\router\index.js:335:12)
    at next (D:\gitHub\basicNodeApp\node_modules\express\lib\router\index.js:275:10)
    at app.use (D:\gitHub\basicNodeApp\app.js:55:5)Error msg:  Not Found 
 data: Sun Jan 07 2018 08:19:10 GMT-0200 (Horário brasileiro de verão) stack: Error: Not Found
    at app.use (D:\gitHub\basicNodeApp\app.js:71:16)
    at Layer.handle [as handle_request] (D:\gitHub\basicNodeApp\node_modules\express\lib\router\layer.js:95:5)
    at trim_prefix (D:\gitHub\basicNodeApp\node_modules\express\lib\router\index.js:317:13)
    at D:\gitHub\basicNodeApp\node_modules\express\lib\router\index.js:284:7
    at Function.process_params (D:\gitHub\basicNodeApp\node_modules\express\lib\router\index.js:335:12)
    at next (D:\gitHub\basicNodeApp\node_modules\express\lib\router\index.js:275:10)
    at D:\gitHub\basicNodeApp\node_modules\express\lib\router\index.js:635:15
    at next (D:\gitHub\basicNodeApp\node_modules\express\lib\router\index.js:260:14)
    at Function.handle (D:\gitHub\basicNodeApp\node_modules\express\lib\router\index.js:174:3)
    at router (D:\gitHub\basicNodeApp\node_modules\express\lib\router\index.js:47:12)
    at Layer.handle [as handle_request] (D:\gitHub\basicNodeApp\node_modules\express\lib\router\layer.js:95:5)
    at trim_prefix (D:\gitHub\basicNodeApp\node_modules\express\lib\router\index.js:317:13)
    at D:\gitHub\basicNodeApp\node_modules\express\lib\router\index.js:284:7
    at Function.process_params (D:\gitHub\basicNodeApp\node_modules\express\lib\router\index.js:335:12)
    at next (D:\gitHub\basicNodeApp\node_modules\express\lib\router\index.js:275:10)
    at app.use (D:\gitHub\basicNodeApp\app.js:55:5)Error msg:  Not Found 
 data: Sun Jan 07 2018 08:19:11 GMT-0200 (Horário brasileiro de verão) stack: Error: Not Found
    at app.use (D:\gitHub\basicNodeApp\app.js:71:16)
    at Layer.handle [as handle_request] (D:\gitHub\basicNodeApp\node_modules\express\lib\router\layer.js:95:5)
    at trim_prefix (D:\gitHub\basicNodeApp\node_modules\express\lib\router\index.js:317:13)
    at D:\gitHub\basicNodeApp\node_modules\express\lib\router\index.js:284:7
    at Function.process_params (D:\gitHub\basicNodeApp\node_modules\express\lib\router\index.js:335:12)
    at next (D:\gitHub\basicNodeApp\node_modules\express\lib\router\index.js:275:10)
    at D:\gitHub\basicNodeApp\node_modules\express\lib\router\index.js:635:15
    at next (D:\gitHub\basicNodeApp\node_modules\express\lib\router\index.js:260:14)
    at Function.handle (D:\gitHub\basicNodeApp\node_modules\express\lib\router\index.js:174:3)
    at router (D:\gitHub\basicNodeApp\node_modules\express\lib\router\index.js:47:12)
    at Layer.handle [as handle_request] (D:\gitHub\basicNodeApp\node_modules\express\lib\router\layer.js:95:5)
    at trim_prefix (D:\gitHub\basicNodeApp\node_modules\express\lib\router\index.js:317:13)
    at D:\gitHub\basicNodeApp\node_modules\express\lib\router\index.js:284:7
    at Function.process_params (D:\gitHub\basicNodeApp\node_modules\express\lib\router\index.js:335:12)
    at next (D:\gitHub\basicNodeApp\node_modules\express\lib\router\index.js:275:10)
    at app.use (D:\gitHub\basicNodeApp\app.js:55:5)Error msg:  Not Found 
 data: Sun Jan 07 2018 08:19:11 GMT-0200 (Horário brasileiro de verão) stack: Error: Not Found
    at app.use (D:\gitHub\basicNodeApp\app.js:71:16)
    at Layer.handle [as handle_request] (D:\gitHub\basicNodeApp\node_modules\express\lib\router\layer.js:95:5)
    at trim_prefix (D:\gitHub\basicNodeApp\node_modules\express\lib\router\index.js:317:13)
    at D:\gitHub\basicNodeApp\node_modules\express\lib\router\index.js:284:7
    at Function.process_params (D:\gitHub\basicNodeApp\node_modules\express\lib\router\index.js:335:12)
    at next (D:\gitHub\basicNodeApp\node_modules\express\lib\router\index.js:275:10)
    at D:\gitHub\basicNodeApp\node_modules\express\lib\router\index.js:635:15
    at next (D:\gitHub\basicNodeApp\node_modules\express\lib\router\index.js:260:14)
    at Function.handle (D:\gitHub\basicNodeApp\node_modules\express\lib\router\index.js:174:3)
    at router (D:\gitHub\basicNodeApp\node_modules\express\lib\router\index.js:47:12)
    at Layer.handle [as handle_request] (D:\gitHub\basicNodeApp\node_modules\express\lib\router\layer.js:95:5)
    at trim_prefix (D:\gitHub\basicNodeApp\node_modules\express\lib\router\index.js:317:13)
    at D:\gitHub\basicNodeApp\node_modules\express\lib\router\index.js:284:7
    at Function.process_params (D:\gitHub\basicNodeApp\node_modules\express\lib\router\index.js:335:12)
    at next (D:\gitHub\basicNodeApp\node_modules\express\lib\router\index.js:275:10)
    at app.use (D:\gitHub\basicNodeApp\app.js:55:5)Error msg:  Not Found 
 data: Sun Jan 07 2018 08:19:12 GMT-0200 (Horário brasileiro de verão) stack: Error: Not Found
    at app.use (D:\gitHub\basicNodeApp\app.js:71:16)
    at Layer.handle [as handle_request] (D:\gitHub\basicNodeApp\node_modules\express\lib\router\layer.js:95:5)
    at trim_prefix (D:\gitHub\basicNodeApp\node_modules\express\lib\router\index.js:317:13)
    at D:\gitHub\basicNodeApp\node_modules\express\lib\router\index.js:284:7
    at Function.process_params (D:\gitHub\basicNodeApp\node_modules\express\lib\router\index.js:335:12)
    at next (D:\gitHub\basicNodeApp\node_modules\express\lib\router\index.js:275:10)
    at D:\gitHub\basicNodeApp\node_modules\express\lib\router\index.js:635:15
    at next (D:\gitHub\basicNodeApp\node_modules\express\lib\router\index.js:260:14)
    at Function.handle (D:\gitHub\basicNodeApp\node_modules\express\lib\router\index.js:174:3)
    at router (D:\gitHub\basicNodeApp\node_modules\express\lib\router\index.js:47:12)
    at Layer.handle [as handle_request] (D:\gitHub\basicNodeApp\node_modules\express\lib\router\layer.js:95:5)
    at trim_prefix (D:\gitHub\basicNodeApp\node_modules\express\lib\router\index.js:317:13)
    at D:\gitHub\basicNodeApp\node_modules\express\lib\router\index.js:284:7
    at Function.process_params (D:\gitHub\basicNodeApp\node_modules\express\lib\router\index.js:335:12)
    at next (D:\gitHub\basicNodeApp\node_modules\express\lib\router\index.js:275:10)
    at app.use (D:\gitHub\basicNodeApp\app.js:55:5)Error msg:  Not Found 
 data: Sun Jan 07 2018 08:19:12 GMT-0200 (Horário brasileiro de verão) stack: Error: Not Found
    at app.use (D:\gitHub\basicNodeApp\app.js:71:16)
    at Layer.handle [as handle_request] (D:\gitHub\basicNodeApp\node_modules\express\lib\router\layer.js:95:5)
    at trim_prefix (D:\gitHub\basicNodeApp\node_modules\express\lib\router\index.js:317:13)
    at D:\gitHub\basicNodeApp\node_modules\express\lib\router\index.js:284:7
    at Function.process_params (D:\gitHub\basicNodeApp\node_modules\express\lib\router\index.js:335:12)
    at next (D:\gitHub\basicNodeApp\node_modules\express\lib\router\index.js:275:10)
    at D:\gitHub\basicNodeApp\node_modules\express\lib\router\index.js:635:15
    at next (D:\gitHub\basicNodeApp\node_modules\express\lib\router\index.js:260:14)
    at Function.handle (D:\gitHub\basicNodeApp\node_modules\express\lib\router\index.js:174:3)
    at router (D:\gitHub\basicNodeApp\node_modules\express\lib\router\index.js:47:12)
    at Layer.handle [as handle_request] (D:\gitHub\basicNodeApp\node_modules\express\lib\router\layer.js:95:5)
    at trim_prefix (D:\gitHub\basicNodeApp\node_modules\express\lib\router\index.js:317:13)
    at D:\gitHub\basicNodeApp\node_modules\express\lib\router\index.js:284:7
    at Function.process_params (D:\gitHub\basicNodeApp\node_modules\express\lib\router\index.js:335:12)
    at next (D:\gitHub\basicNodeApp\node_modules\express\lib\router\index.js:275:10)
    at app.use (D:\gitHub\basicNodeApp\app.js:55:5)Error msg:  Not Found 
 data: Sun Jan 07 2018 08:19:12 GMT-0200 (Horário brasileiro de verão) stack: Error: Not Found
    at app.use (D:\gitHub\basicNodeApp\app.js:71:16)
    at Layer.handle [as handle_request] (D:\gitHub\basicNodeApp\node_modules\express\lib\router\layer.js:95:5)
    at trim_prefix (D:\gitHub\basicNodeApp\node_modules\express\lib\router\index.js:317:13)
    at D:\gitHub\basicNodeApp\node_modules\express\lib\router\index.js:284:7
    at Function.process_params (D:\gitHub\basicNodeApp\node_modules\express\lib\router\index.js:335:12)
    at next (D:\gitHub\basicNodeApp\node_modules\express\lib\router\index.js:275:10)
    at D:\gitHub\basicNodeApp\node_modules\express\lib\router\index.js:635:15
    at next (D:\gitHub\basicNodeApp\node_modules\express\lib\router\index.js:260:14)
    at Function.handle (D:\gitHub\basicNodeApp\node_modules\express\lib\router\index.js:174:3)
    at router (D:\gitHub\basicNodeApp\node_modules\express\lib\router\index.js:47:12)
    at Layer.handle [as handle_request] (D:\gitHub\basicNodeApp\node_modules\express\lib\router\layer.js:95:5)
    at trim_prefix (D:\gitHub\basicNodeApp\node_modules\express\lib\router\index.js:317:13)
    at D:\gitHub\basicNodeApp\node_modules\express\lib\router\index.js:284:7
    at Function.process_params (D:\gitHub\basicNodeApp\node_modules\express\lib\router\index.js:335:12)
    at next (D:\gitHub\basicNodeApp\node_modules\express\lib\router\index.js:275:10)
    at app.use (D:\gitHub\basicNodeApp\app.js:55:5)Error msg:  Not Found 
 data: Sun Jan 07 2018 08:19:12 GMT-0200 (Horário brasileiro de verão) stack: Error: Not Found
    at app.use (D:\gitHub\basicNodeApp\app.js:71:16)
    at Layer.handle [as handle_request] (D:\gitHub\basicNodeApp\node_modules\express\lib\router\layer.js:95:5)
    at trim_prefix (D:\gitHub\basicNodeApp\node_modules\express\lib\router\index.js:317:13)
    at D:\gitHub\basicNodeApp\node_modules\express\lib\router\index.js:284:7
    at Function.process_params (D:\gitHub\basicNodeApp\node_modules\express\lib\router\index.js:335:12)
    at next (D:\gitHub\basicNodeApp\node_modules\express\lib\router\index.js:275:10)
    at D:\gitHub\basicNodeApp\node_modules\express\lib\router\index.js:635:15
    at next (D:\gitHub\basicNodeApp\node_modules\express\lib\router\index.js:260:14)
    at Function.handle (D:\gitHub\basicNodeApp\node_modules\express\lib\router\index.js:174:3)
    at router (D:\gitHub\basicNodeApp\node_modules\express\lib\router\index.js:47:12)
    at Layer.handle [as handle_request] (D:\gitHub\basicNodeApp\node_modules\express\lib\router\layer.js:95:5)
    at trim_prefix (D:\gitHub\basicNodeApp\node_modules\express\lib\router\index.js:317:13)
    at D:\gitHub\basicNodeApp\node_modules\express\lib\router\index.js:284:7
    at Function.process_params (D:\gitHub\basicNodeApp\node_modules\express\lib\router\index.js:335:12)
    at next (D:\gitHub\basicNodeApp\node_modules\express\lib\router\index.js:275:10)
    at app.use (D:\gitHub\basicNodeApp\app.js:55:5)Error msg:  Not Found 
 data: Sun Jan 07 2018 08:19:13 GMT-0200 (Horário brasileiro de verão) stack: Error: Not Found
    at app.use (D:\gitHub\basicNodeApp\app.js:71:16)
    at Layer.handle [as handle_request] (D:\gitHub\basicNodeApp\node_modules\express\lib\router\layer.js:95:5)
    at trim_prefix (D:\gitHub\basicNodeApp\node_modules\express\lib\router\index.js:317:13)
    at D:\gitHub\basicNodeApp\node_modules\express\lib\router\index.js:284:7
    at Function.process_params (D:\gitHub\basicNodeApp\node_modules\express\lib\router\index.js:335:12)
    at next (D:\gitHub\basicNodeApp\node_modules\express\lib\router\index.js:275:10)
    at D:\gitHub\basicNodeApp\node_modules\express\lib\router\index.js:635:15
    at next (D:\gitHub\basicNodeApp\node_modules\express\lib\router\index.js:260:14)
    at Function.handle (D:\gitHub\basicNodeApp\node_modules\express\lib\router\index.js:174:3)
    at router (D:\gitHub\basicNodeApp\node_modules\express\lib\router\index.js:47:12)
    at Layer.handle [as handle_request] (D:\gitHub\basicNodeApp\node_modules\express\lib\router\layer.js:95:5)
    at trim_prefix (D:\gitHub\basicNodeApp\node_modules\express\lib\router\index.js:317:13)
    at D:\gitHub\basicNodeApp\node_modules\express\lib\router\index.js:284:7
    at Function.process_params (D:\gitHub\basicNodeApp\node_modules\express\lib\router\index.js:335:12)
    at next (D:\gitHub\basicNodeApp\node_modules\express\lib\router\index.js:275:10)
    at app.use (D:\gitHub\basicNodeApp\app.js:55:5)Error msg:  Not Found 
 data: Sun Jan 07 2018 08:19:13 GMT-0200 (Horário brasileiro de verão) stack: Error: Not Found
    at app.use (D:\gitHub\basicNodeApp\app.js:71:16)
    at Layer.handle [as handle_request] (D:\gitHub\basicNodeApp\node_modules\express\lib\router\layer.js:95:5)
    at trim_prefix (D:\gitHub\basicNodeApp\node_modules\express\lib\router\index.js:317:13)
    at D:\gitHub\basicNodeApp\node_modules\express\lib\router\index.js:284:7
    at Function.process_params (D:\gitHub\basicNodeApp\node_modules\express\lib\router\index.js:335:12)
    at next (D:\gitHub\basicNodeApp\node_modules\express\lib\router\index.js:275:10)
    at D:\gitHub\basicNodeApp\node_modules\express\lib\router\index.js:635:15
    at next (D:\gitHub\basicNodeApp\node_modules\express\lib\router\index.js:260:14)
    at Function.handle (D:\gitHub\basicNodeApp\node_modules\express\lib\router\index.js:174:3)
    at router (D:\gitHub\basicNodeApp\node_modules\express\lib\router\index.js:47:12)
    at Layer.handle [as handle_request] (D:\gitHub\basicNodeApp\node_modules\express\lib\router\layer.js:95:5)
    at trim_prefix (D:\gitHub\basicNodeApp\node_modules\express\lib\router\index.js:317:13)
    at D:\gitHub\basicNodeApp\node_modules\express\lib\router\index.js:284:7
    at Function.process_params (D:\gitHub\basicNodeApp\node_modules\express\lib\router\index.js:335:12)
    at next (D:\gitHub\basicNodeApp\node_modules\express\lib\router\index.js:275:10)
    at app.use (D:\gitHub\basicNodeApp\app.js:55:5)Error msg:  Not Found 
 data: Sun Jan 07 2018 08:19:14 GMT-0200 (Horário brasileiro de verão) stack: Error: Not Found
    at app.use (D:\gitHub\basicNodeApp\app.js:71:16)
    at Layer.handle [as handle_request] (D:\gitHub\basicNodeApp\node_modules\express\lib\router\layer.js:95:5)
    at trim_prefix (D:\gitHub\basicNodeApp\node_modules\express\lib\router\index.js:317:13)
    at D:\gitHub\basicNodeApp\node_modules\express\lib\router\index.js:284:7
    at Function.process_params (D:\gitHub\basicNodeApp\node_modules\express\lib\router\index.js:335:12)
    at next (D:\gitHub\basicNodeApp\node_modules\express\lib\router\index.js:275:10)
    at D:\gitHub\basicNodeApp\node_modules\express\lib\router\index.js:635:15
    at next (D:\gitHub\basicNodeApp\node_modules\express\lib\router\index.js:260:14)
    at Function.handle (D:\gitHub\basicNodeApp\node_modules\express\lib\router\index.js:174:3)
    at router (D:\gitHub\basicNodeApp\node_modules\express\lib\router\index.js:47:12)
    at Layer.handle [as handle_request] (D:\gitHub\basicNodeApp\node_modules\express\lib\router\layer.js:95:5)
    at trim_prefix (D:\gitHub\basicNodeApp\node_modules\express\lib\router\index.js:317:13)
    at D:\gitHub\basicNodeApp\node_modules\express\lib\router\index.js:284:7
    at Function.process_params (D:\gitHub\basicNodeApp\node_modules\express\lib\router\index.js:335:12)
    at next (D:\gitHub\basicNodeApp\node_modules\express\lib\router\index.js:275:10)
    at app.use (D:\gitHub\basicNodeApp\app.js:55:5)Error msg:  Not Found 
 data: Sun Jan 07 2018 08:19:14 GMT-0200 (Horário brasileiro de verão) stack: Error: Not Found
    at app.use (D:\gitHub\basicNodeApp\app.js:71:16)
    at Layer.handle [as handle_request] (D:\gitHub\basicNodeApp\node_modules\express\lib\router\layer.js:95:5)
    at trim_prefix (D:\gitHub\basicNodeApp\node_modules\express\lib\router\index.js:317:13)
    at D:\gitHub\basicNodeApp\node_modules\express\lib\router\index.js:284:7
    at Function.process_params (D:\gitHub\basicNodeApp\node_modules\express\lib\router\index.js:335:12)
    at next (D:\gitHub\basicNodeApp\node_modules\express\lib\router\index.js:275:10)
    at D:\gitHub\basicNodeApp\node_modules\express\lib\router\index.js:635:15
    at next (D:\gitHub\basicNodeApp\node_modules\express\lib\router\index.js:260:14)
    at Function.handle (D:\gitHub\basicNodeApp\node_modules\express\lib\router\index.js:174:3)
    at router (D:\gitHub\basicNodeApp\node_modules\express\lib\router\index.js:47:12)
    at Layer.handle [as handle_request] (D:\gitHub\basicNodeApp\node_modules\express\lib\router\layer.js:95:5)
    at trim_prefix (D:\gitHub\basicNodeApp\node_modules\express\lib\router\index.js:317:13)
    at D:\gitHub\basicNodeApp\node_modules\express\lib\router\index.js:284:7
    at Function.process_params (D:\gitHub\basicNodeApp\node_modules\express\lib\router\index.js:335:12)
    at next (D:\gitHub\basicNodeApp\node_modules\express\lib\router\index.js:275:10)
    at app.use (D:\gitHub\basicNodeApp\app.js:55:5)Error msg:  Not Found 
 data: Sun Jan 07 2018 08:19:15 GMT-0200 (Horário brasileiro de verão) stack: Error: Not Found
    at app.use (D:\gitHub\basicNodeApp\app.js:71:16)
    at Layer.handle [as handle_request] (D:\gitHub\basicNodeApp\node_modules\express\lib\router\layer.js:95:5)
    at trim_prefix (D:\gitHub\basicNodeApp\node_modules\express\lib\router\index.js:317:13)
    at D:\gitHub\basicNodeApp\node_modules\express\lib\router\index.js:284:7
    at Function.process_params (D:\gitHub\basicNodeApp\node_modules\express\lib\router\index.js:335:12)
    at next (D:\gitHub\basicNodeApp\node_modules\express\lib\router\index.js:275:10)
    at D:\gitHub\basicNodeApp\node_modules\express\lib\router\index.js:635:15
    at next (D:\gitHub\basicNodeApp\node_modules\express\lib\router\index.js:260:14)
    at Function.handle (D:\gitHub\basicNodeApp\node_modules\express\lib\router\index.js:174:3)
    at router (D:\gitHub\basicNodeApp\node_modules\express\lib\router\index.js:47:12)
    at Layer.handle [as handle_request] (D:\gitHub\basicNodeApp\node_modules\express\lib\router\layer.js:95:5)
    at trim_prefix (D:\gitHub\basicNodeApp\node_modules\express\lib\router\index.js:317:13)
    at D:\gitHub\basicNodeApp\node_modules\express\lib\router\index.js:284:7
    at Function.process_params (D:\gitHub\basicNodeApp\node_modules\express\lib\router\index.js:335:12)
    at next (D:\gitHub\basicNodeApp\node_modules\express\lib\router\index.js:275:10)
    at app.use (D:\gitHub\basicNodeApp\app.js:55:5)Error msg:  Not Found 
 data: Sun Jan 07 2018 08:19:15 GMT-0200 (Horário brasileiro de verão) stack: Error: Not Found
    at app.use (D:\gitHub\basicNodeApp\app.js:71:16)
    at Layer.handle [as handle_request] (D:\gitHub\basicNodeApp\node_modules\express\lib\router\layer.js:95:5)
    at trim_prefix (D:\gitHub\basicNodeApp\node_modules\express\lib\router\index.js:317:13)
    at D:\gitHub\basicNodeApp\node_modules\express\lib\router\index.js:284:7
    at Function.process_params (D:\gitHub\basicNodeApp\node_modules\express\lib\router\index.js:335:12)
    at next (D:\gitHub\basicNodeApp\node_modules\express\lib\router\index.js:275:10)
    at D:\gitHub\basicNodeApp\node_modules\express\lib\router\index.js:635:15
    at next (D:\gitHub\basicNodeApp\node_modules\express\lib\router\index.js:260:14)
    at Function.handle (D:\gitHub\basicNodeApp\node_modules\express\lib\router\index.js:174:3)
    at router (D:\gitHub\basicNodeApp\node_modules\express\lib\router\index.js:47:12)
    at Layer.handle [as handle_request] (D:\gitHub\basicNodeApp\node_modules\express\lib\router\layer.js:95:5)
    at trim_prefix (D:\gitHub\basicNodeApp\node_modules\express\lib\router\index.js:317:13)
    at D:\gitHub\basicNodeApp\node_modules\express\lib\router\index.js:284:7
    at Function.process_params (D:\gitHub\basicNodeApp\node_modules\express\lib\router\index.js:335:12)
    at next (D:\gitHub\basicNodeApp\node_modules\express\lib\router\index.js:275:10)
    at app.use (D:\gitHub\basicNodeApp\app.js:55:5)Error msg:  Not Found 
 data: Sun Jan 07 2018 08:19:15 GMT-0200 (Horário brasileiro de verão) stack: Error: Not Found
    at app.use (D:\gitHub\basicNodeApp\app.js:71:16)
    at Layer.handle [as handle_request] (D:\gitHub\basicNodeApp\node_modules\express\lib\router\layer.js:95:5)
    at trim_prefix (D:\gitHub\basicNodeApp\node_modules\express\lib\router\index.js:317:13)
    at D:\gitHub\basicNodeApp\node_modules\express\lib\router\index.js:284:7
    at Function.process_params (D:\gitHub\basicNodeApp\node_modules\express\lib\router\index.js:335:12)
    at next (D:\gitHub\basicNodeApp\node_modules\express\lib\router\index.js:275:10)
    at D:\gitHub\basicNodeApp\node_modules\express\lib\router\index.js:635:15
    at next (D:\gitHub\basicNodeApp\node_modules\express\lib\router\index.js:260:14)
    at Function.handle (D:\gitHub\basicNodeApp\node_modules\express\lib\router\index.js:174:3)
    at router (D:\gitHub\basicNodeApp\node_modules\express\lib\router\index.js:47:12)
    at Layer.handle [as handle_request] (D:\gitHub\basicNodeApp\node_modules\express\lib\router\layer.js:95:5)
    at trim_prefix (D:\gitHub\basicNodeApp\node_modules\express\lib\router\index.js:317:13)
    at D:\gitHub\basicNodeApp\node_modules\express\lib\router\index.js:284:7
    at Function.process_params (D:\gitHub\basicNodeApp\node_modules\express\lib\router\index.js:335:12)
    at next (D:\gitHub\basicNodeApp\node_modules\express\lib\router\index.js:275:10)
    at app.use (D:\gitHub\basicNodeApp\app.js:55:5)Error msg:  Not Found 
 data: Sun Jan 07 2018 08:19:15 GMT-0200 (Horário brasileiro de verão) stack: Error: Not Found
    at app.use (D:\gitHub\basicNodeApp\app.js:71:16)
    at Layer.handle [as handle_request] (D:\gitHub\basicNodeApp\node_modules\express\lib\router\layer.js:95:5)
    at trim_prefix (D:\gitHub\basicNodeApp\node_modules\express\lib\router\index.js:317:13)
    at D:\gitHub\basicNodeApp\node_modules\express\lib\router\index.js:284:7
    at Function.process_params (D:\gitHub\basicNodeApp\node_modules\express\lib\router\index.js:335:12)
    at next (D:\gitHub\basicNodeApp\node_modules\express\lib\router\index.js:275:10)
    at D:\gitHub\basicNodeApp\node_modules\express\lib\router\index.js:635:15
    at next (D:\gitHub\basicNodeApp\node_modules\express\lib\router\index.js:260:14)
    at Function.handle (D:\gitHub\basicNodeApp\node_modules\express\lib\router\index.js:174:3)
    at router (D:\gitHub\basicNodeApp\node_modules\express\lib\router\index.js:47:12)
    at Layer.handle [as handle_request] (D:\gitHub\basicNodeApp\node_modules\express\lib\router\layer.js:95:5)
    at trim_prefix (D:\gitHub\basicNodeApp\node_modules\express\lib\router\index.js:317:13)
    at D:\gitHub\basicNodeApp\node_modules\express\lib\router\index.js:284:7
    at Function.process_params (D:\gitHub\basicNodeApp\node_modules\express\lib\router\index.js:335:12)
    at next (D:\gitHub\basicNodeApp\node_modules\express\lib\router\index.js:275:10)
    at app.use (D:\gitHub\basicNodeApp\app.js:55:5)Error msg:  Not Found 
 data: Sun Jan 07 2018 08:19:16 GMT-0200 (Horário brasileiro de verão) stack: Error: Not Found
    at app.use (D:\gitHub\basicNodeApp\app.js:71:16)
    at Layer.handle [as handle_request] (D:\gitHub\basicNodeApp\node_modules\express\lib\router\layer.js:95:5)
    at trim_prefix (D:\gitHub\basicNodeApp\node_modules\express\lib\router\index.js:317:13)
    at D:\gitHub\basicNodeApp\node_modules\express\lib\router\index.js:284:7
    at Function.process_params (D:\gitHub\basicNodeApp\node_modules\express\lib\router\index.js:335:12)
    at next (D:\gitHub\basicNodeApp\node_modules\express\lib\router\index.js:275:10)
    at D:\gitHub\basicNodeApp\node_modules\express\lib\router\index.js:635:15
    at next (D:\gitHub\basicNodeApp\node_modules\express\lib\router\index.js:260:14)
    at Function.handle (D:\gitHub\basicNodeApp\node_modules\express\lib\router\index.js:174:3)
    at router (D:\gitHub\basicNodeApp\node_modules\express\lib\router\index.js:47:12)
    at Layer.handle [as handle_request] (D:\gitHub\basicNodeApp\node_modules\express\lib\router\layer.js:95:5)
    at trim_prefix (D:\gitHub\basicNodeApp\node_modules\express\lib\router\index.js:317:13)
    at D:\gitHub\basicNodeApp\node_modules\express\lib\router\index.js:284:7
    at Function.process_params (D:\gitHub\basicNodeApp\node_modules\express\lib\router\index.js:335:12)
    at next (D:\gitHub\basicNodeApp\node_modules\express\lib\router\index.js:275:10)
    at app.use (D:\gitHub\basicNodeApp\app.js:55:5)Error msg:  Not Found 
 data: Sun Jan 07 2018 08:19:16 GMT-0200 (Horário brasileiro de verão) stack: Error: Not Found
    at app.use (D:\gitHub\basicNodeApp\app.js:71:16)
    at Layer.handle [as handle_request] (D:\gitHub\basicNodeApp\node_modules\express\lib\router\layer.js:95:5)
    at trim_prefix (D:\gitHub\basicNodeApp\node_modules\express\lib\router\index.js:317:13)
    at D:\gitHub\basicNodeApp\node_modules\express\lib\router\index.js:284:7
    at Function.process_params (D:\gitHub\basicNodeApp\node_modules\express\lib\router\index.js:335:12)
    at next (D:\gitHub\basicNodeApp\node_modules\express\lib\router\index.js:275:10)
    at D:\gitHub\basicNodeApp\node_modules\express\lib\router\index.js:635:15
    at next (D:\gitHub\basicNodeApp\node_modules\express\lib\router\index.js:260:14)
    at Function.handle (D:\gitHub\basicNodeApp\node_modules\express\lib\router\index.js:174:3)
    at router (D:\gitHub\basicNodeApp\node_modules\express\lib\router\index.js:47:12)
    at Layer.handle [as handle_request] (D:\gitHub\basicNodeApp\node_modules\express\lib\router\layer.js:95:5)
    at trim_prefix (D:\gitHub\basicNodeApp\node_modules\express\lib\router\index.js:317:13)
    at D:\gitHub\basicNodeApp\node_modules\express\lib\router\index.js:284:7
    at Function.process_params (D:\gitHub\basicNodeApp\node_modules\express\lib\router\index.js:335:12)
    at next (D:\gitHub\basicNodeApp\node_modules\express\lib\router\index.js:275:10)
    at app.use (D:\gitHub\basicNodeApp\app.js:55:5)Error msg:  Not Found 
 data: Sun Jan 07 2018 08:19:17 GMT-0200 (Horário brasileiro de verão) stack: Error: Not Found
    at app.use (D:\gitHub\basicNodeApp\app.js:71:16)
    at Layer.handle [as handle_request] (D:\gitHub\basicNodeApp\node_modules\express\lib\router\layer.js:95:5)
    at trim_prefix (D:\gitHub\basicNodeApp\node_modules\express\lib\router\index.js:317:13)
    at D:\gitHub\basicNodeApp\node_modules\express\lib\router\index.js:284:7
    at Function.process_params (D:\gitHub\basicNodeApp\node_modules\express\lib\router\index.js:335:12)
    at next (D:\gitHub\basicNodeApp\node_modules\express\lib\router\index.js:275:10)
    at D:\gitHub\basicNodeApp\node_modules\express\lib\router\index.js:635:15
    at next (D:\gitHub\basicNodeApp\node_modules\express\lib\router\index.js:260:14)
    at Function.handle (D:\gitHub\basicNodeApp\node_modules\express\lib\router\index.js:174:3)
    at router (D:\gitHub\basicNodeApp\node_modules\express\lib\router\index.js:47:12)
    at Layer.handle [as handle_request] (D:\gitHub\basicNodeApp\node_modules\express\lib\router\layer.js:95:5)
    at trim_prefix (D:\gitHub\basicNodeApp\node_modules\express\lib\router\index.js:317:13)
    at D:\gitHub\basicNodeApp\node_modules\express\lib\router\index.js:284:7
    at Function.process_params (D:\gitHub\basicNodeApp\node_modules\express\lib\router\index.js:335:12)
    at next (D:\gitHub\basicNodeApp\node_modules\express\lib\router\index.js:275:10)
    at app.use (D:\gitHub\basicNodeApp\app.js:55:5)Error msg:  Not Found 
 data: Sun Jan 07 2018 08:19:17 GMT-0200 (Horário brasileiro de verão) stack: Error: Not Found
    at app.use (D:\gitHub\basicNodeApp\app.js:71:16)
    at Layer.handle [as handle_request] (D:\gitHub\basicNodeApp\node_modules\express\lib\router\layer.js:95:5)
    at trim_prefix (D:\gitHub\basicNodeApp\node_modules\express\lib\router\index.js:317:13)
    at D:\gitHub\basicNodeApp\node_modules\express\lib\router\index.js:284:7
    at Function.process_params (D:\gitHub\basicNodeApp\node_modules\express\lib\router\index.js:335:12)
    at next (D:\gitHub\basicNodeApp\node_modules\express\lib\router\index.js:275:10)
    at D:\gitHub\basicNodeApp\node_modules\express\lib\router\index.js:635:15
    at next (D:\gitHub\basicNodeApp\node_modules\express\lib\router\index.js:260:14)
    at Function.handle (D:\gitHub\basicNodeApp\node_modules\express\lib\router\index.js:174:3)
    at router (D:\gitHub\basicNodeApp\node_modules\express\lib\router\index.js:47:12)
    at Layer.handle [as handle_request] (D:\gitHub\basicNodeApp\node_modules\express\lib\router\layer.js:95:5)
    at trim_prefix (D:\gitHub\basicNodeApp\node_modules\express\lib\router\index.js:317:13)
    at D:\gitHub\basicNodeApp\node_modules\express\lib\router\index.js:284:7
    at Function.process_params (D:\gitHub\basicNodeApp\node_modules\express\lib\router\index.js:335:12)
    at next (D:\gitHub\basicNodeApp\node_modules\express\lib\router\index.js:275:10)
    at app.use (D:\gitHub\basicNodeApp\app.js:55:5)Error msg:  Not Found 
 data: Sun Jan 07 2018 08:19:18 GMT-0200 (Horário brasileiro de verão) stack: Error: Not Found
    at app.use (D:\gitHub\basicNodeApp\app.js:71:16)
    at Layer.handle [as handle_request] (D:\gitHub\basicNodeApp\node_modules\express\lib\router\layer.js:95:5)
    at trim_prefix (D:\gitHub\basicNodeApp\node_modules\express\lib\router\index.js:317:13)
    at D:\gitHub\basicNodeApp\node_modules\express\lib\router\index.js:284:7
    at Function.process_params (D:\gitHub\basicNodeApp\node_modules\express\lib\router\index.js:335:12)
    at next (D:\gitHub\basicNodeApp\node_modules\express\lib\router\index.js:275:10)
    at D:\gitHub\basicNodeApp\node_modules\express\lib\router\index.js:635:15
    at next (D:\gitHub\basicNodeApp\node_modules\express\lib\router\index.js:260:14)
    at Function.handle (D:\gitHub\basicNodeApp\node_modules\express\lib\router\index.js:174:3)
    at router (D:\gitHub\basicNodeApp\node_modules\express\lib\router\index.js:47:12)
    at Layer.handle [as handle_request] (D:\gitHub\basicNodeApp\node_modules\express\lib\router\layer.js:95:5)
    at trim_prefix (D:\gitHub\basicNodeApp\node_modules\express\lib\router\index.js:317:13)
    at D:\gitHub\basicNodeApp\node_modules\express\lib\router\index.js:284:7
    at Function.process_params (D:\gitHub\basicNodeApp\node_modules\express\lib\router\index.js:335:12)
    at next (D:\gitHub\basicNodeApp\node_modules\express\lib\router\index.js:275:10)
    at app.use (D:\gitHub\basicNodeApp\app.js:55:5)Error msg:  Not Found 
 data: Sun Jan 07 2018 08:19:18 GMT-0200 (Horário brasileiro de verão) stack: Error: Not Found
    at app.use (D:\gitHub\basicNodeApp\app.js:71:16)
    at Layer.handle [as handle_request] (D:\gitHub\basicNodeApp\node_modules\express\lib\router\layer.js:95:5)
    at trim_prefix (D:\gitHub\basicNodeApp\node_modules\express\lib\router\index.js:317:13)
    at D:\gitHub\basicNodeApp\node_modules\express\lib\router\index.js:284:7
    at Function.process_params (D:\gitHub\basicNodeApp\node_modules\express\lib\router\index.js:335:12)
    at next (D:\gitHub\basicNodeApp\node_modules\express\lib\router\index.js:275:10)
    at D:\gitHub\basicNodeApp\node_modules\express\lib\router\index.js:635:15
    at next (D:\gitHub\basicNodeApp\node_modules\express\lib\router\index.js:260:14)
    at Function.handle (D:\gitHub\basicNodeApp\node_modules\express\lib\router\index.js:174:3)
    at router (D:\gitHub\basicNodeApp\node_modules\express\lib\router\index.js:47:12)
    at Layer.handle [as handle_request] (D:\gitHub\basicNodeApp\node_modules\express\lib\router\layer.js:95:5)
    at trim_prefix (D:\gitHub\basicNodeApp\node_modules\express\lib\router\index.js:317:13)
    at D:\gitHub\basicNodeApp\node_modules\express\lib\router\index.js:284:7
    at Function.process_params (D:\gitHub\basicNodeApp\node_modules\express\lib\router\index.js:335:12)
    at next (D:\gitHub\basicNodeApp\node_modules\express\lib\router\index.js:275:10)
    at app.use (D:\gitHub\basicNodeApp\app.js:55:5)Error msg:  Not Found 
 data: Sun Jan 07 2018 08:19:18 GMT-0200 (Horário brasileiro de verão) stack: Error: Not Found
    at app.use (D:\gitHub\basicNodeApp\app.js:71:16)
    at Layer.handle [as handle_request] (D:\gitHub\basicNodeApp\node_modules\express\lib\router\layer.js:95:5)
    at trim_prefix (D:\gitHub\basicNodeApp\node_modules\express\lib\router\index.js:317:13)
    at D:\gitHub\basicNodeApp\node_modules\express\lib\router\index.js:284:7
    at Function.process_params (D:\gitHub\basicNodeApp\node_modules\express\lib\router\index.js:335:12)
    at next (D:\gitHub\basicNodeApp\node_modules\express\lib\router\index.js:275:10)
    at D:\gitHub\basicNodeApp\node_modules\express\lib\router\index.js:635:15
    at next (D:\gitHub\basicNodeApp\node_modules\express\lib\router\index.js:260:14)
    at Function.handle (D:\gitHub\basicNodeApp\node_modules\express\lib\router\index.js:174:3)
    at router (D:\gitHub\basicNodeApp\node_modules\express\lib\router\index.js:47:12)
    at Layer.handle [as handle_request] (D:\gitHub\basicNodeApp\node_modules\express\lib\router\layer.js:95:5)
    at trim_prefix (D:\gitHub\basicNodeApp\node_modules\express\lib\router\index.js:317:13)
    at D:\gitHub\basicNodeApp\node_modules\express\lib\router\index.js:284:7
    at Function.process_params (D:\gitHub\basicNodeApp\node_modules\express\lib\router\index.js:335:12)
    at next (D:\gitHub\basicNodeApp\node_modules\express\lib\router\index.js:275:10)
    at app.use (D:\gitHub\basicNodeApp\app.js:55:5)Error msg:  Not Found 
 data: Sun Jan 07 2018 08:19:19 GMT-0200 (Horário brasileiro de verão) stack: Error: Not Found
    at app.use (D:\gitHub\basicNodeApp\app.js:71:16)
    at Layer.handle [as handle_request] (D:\gitHub\basicNodeApp\node_modules\express\lib\router\layer.js:95:5)
    at trim_prefix (D:\gitHub\basicNodeApp\node_modules\express\lib\router\index.js:317:13)
    at D:\gitHub\basicNodeApp\node_modules\express\lib\router\index.js:284:7
    at Function.process_params (D:\gitHub\basicNodeApp\node_modules\express\lib\router\index.js:335:12)
    at next (D:\gitHub\basicNodeApp\node_modules\express\lib\router\index.js:275:10)
    at D:\gitHub\basicNodeApp\node_modules\express\lib\router\index.js:635:15
    at next (D:\gitHub\basicNodeApp\node_modules\express\lib\router\index.js:260:14)
    at Function.handle (D:\gitHub\basicNodeApp\node_modules\express\lib\router\index.js:174:3)
    at router (D:\gitHub\basicNodeApp\node_modules\express\lib\router\index.js:47:12)
    at Layer.handle [as handle_request] (D:\gitHub\basicNodeApp\node_modules\express\lib\router\layer.js:95:5)
    at trim_prefix (D:\gitHub\basicNodeApp\node_modules\express\lib\router\index.js:317:13)
    at D:\gitHub\basicNodeApp\node_modules\express\lib\router\index.js:284:7
    at Function.process_params (D:\gitHub\basicNodeApp\node_modules\express\lib\router\index.js:335:12)
    at next (D:\gitHub\basicNodeApp\node_modules\express\lib\router\index.js:275:10)
    at app.use (D:\gitHub\basicNodeApp\app.js:55:5)Error msg:  Not Found 
 data: Sun Jan 07 2018 08:19:20 GMT-0200 (Horário brasileiro de verão) stack: Error: Not Found
    at app.use (D:\gitHub\basicNodeApp\app.js:71:16)
    at Layer.handle [as handle_request] (D:\gitHub\basicNodeApp\node_modules\express\lib\router\layer.js:95:5)
    at trim_prefix (D:\gitHub\basicNodeApp\node_modules\express\lib\router\index.js:317:13)
    at D:\gitHub\basicNodeApp\node_modules\express\lib\router\index.js:284:7
    at Function.process_params (D:\gitHub\basicNodeApp\node_modules\express\lib\router\index.js:335:12)
    at next (D:\gitHub\basicNodeApp\node_modules\express\lib\router\index.js:275:10)
    at D:\gitHub\basicNodeApp\node_modules\express\lib\router\index.js:635:15
    at next (D:\gitHub\basicNodeApp\node_modules\express\lib\router\index.js:260:14)
    at Function.handle (D:\gitHub\basicNodeApp\node_modules\express\lib\router\index.js:174:3)
    at router (D:\gitHub\basicNodeApp\node_modules\express\lib\router\index.js:47:12)
    at Layer.handle [as handle_request] (D:\gitHub\basicNodeApp\node_modules\express\lib\router\layer.js:95:5)
    at trim_prefix (D:\gitHub\basicNodeApp\node_modules\express\lib\router\index.js:317:13)
    at D:\gitHub\basicNodeApp\node_modules\express\lib\router\index.js:284:7
    at Function.process_params (D:\gitHub\basicNodeApp\node_modules\express\lib\router\index.js:335:12)
    at next (D:\gitHub\basicNodeApp\node_modules\express\lib\router\index.js:275:10)
    at app.use (D:\gitHub\basicNodeApp\app.js:55:5)Error msg:  Not Found 
 data: Sun Jan 07 2018 08:19:20 GMT-0200 (Horário brasileiro de verão) stack: Error: Not Found
    at app.use (D:\gitHub\basicNodeApp\app.js:71:16)
    at Layer.handle [as handle_request] (D:\gitHub\basicNodeApp\node_modules\express\lib\router\layer.js:95:5)
    at trim_prefix (D:\gitHub\basicNodeApp\node_modules\express\lib\router\index.js:317:13)
    at D:\gitHub\basicNodeApp\node_modules\express\lib\router\index.js:284:7
    at Function.process_params (D:\gitHub\basicNodeApp\node_modules\express\lib\router\index.js:335:12)
    at next (D:\gitHub\basicNodeApp\node_modules\express\lib\router\index.js:275:10)
    at D:\gitHub\basicNodeApp\node_modules\express\lib\router\index.js:635:15
    at next (D:\gitHub\basicNodeApp\node_modules\express\lib\router\index.js:260:14)
    at Function.handle (D:\gitHub\basicNodeApp\node_modules\express\lib\router\index.js:174:3)
    at router (D:\gitHub\basicNodeApp\node_modules\express\lib\router\index.js:47:12)
    at Layer.handle [as handle_request] (D:\gitHub\basicNodeApp\node_modules\express\lib\router\layer.js:95:5)
    at trim_prefix (D:\gitHub\basicNodeApp\node_modules\express\lib\router\index.js:317:13)
    at D:\gitHub\basicNodeApp\node_modules\express\lib\router\index.js:284:7
    at Function.process_params (D:\gitHub\basicNodeApp\node_modules\express\lib\router\index.js:335:12)
    at next (D:\gitHub\basicNodeApp\node_modules\express\lib\router\index.js:275:10)
    at app.use (D:\gitHub\basicNodeApp\app.js:55:5)Error msg:  Not Found 
 data: Sun Jan 07 2018 08:19:21 GMT-0200 (Horário brasileiro de verão) stack: Error: Not Found
    at app.use (D:\gitHub\basicNodeApp\app.js:71:16)
    at Layer.handle [as handle_request] (D:\gitHub\basicNodeApp\node_modules\express\lib\router\layer.js:95:5)
    at trim_prefix (D:\gitHub\basicNodeApp\node_modules\express\lib\router\index.js:317:13)
    at D:\gitHub\basicNodeApp\node_modules\express\lib\router\index.js:284:7
    at Function.process_params (D:\gitHub\basicNodeApp\node_modules\express\lib\router\index.js:335:12)
    at next (D:\gitHub\basicNodeApp\node_modules\express\lib\router\index.js:275:10)
    at D:\gitHub\basicNodeApp\node_modules\express\lib\router\index.js:635:15
    at next (D:\gitHub\basicNodeApp\node_modules\express\lib\router\index.js:260:14)
    at Function.handle (D:\gitHub\basicNodeApp\node_modules\express\lib\router\index.js:174:3)
    at router (D:\gitHub\basicNodeApp\node_modules\express\lib\router\index.js:47:12)
    at Layer.handle [as handle_request] (D:\gitHub\basicNodeApp\node_modules\express\lib\router\layer.js:95:5)
    at trim_prefix (D:\gitHub\basicNodeApp\node_modules\express\lib\router\index.js:317:13)
    at D:\gitHub\basicNodeApp\node_modules\express\lib\router\index.js:284:7
    at Function.process_params (D:\gitHub\basicNodeApp\node_modules\express\lib\router\index.js:335:12)
    at next (D:\gitHub\basicNodeApp\node_modules\express\lib\router\index.js:275:10)
    at app.use (D:\gitHub\basicNodeApp\app.js:55:5)Error msg:  Not Found 
 data: Sun Jan 07 2018 08:19:21 GMT-0200 (Horário brasileiro de verão) stack: Error: Not Found
    at app.use (D:\gitHub\basicNodeApp\app.js:71:16)
    at Layer.handle [as handle_request] (D:\gitHub\basicNodeApp\node_modules\express\lib\router\layer.js:95:5)
    at trim_prefix (D:\gitHub\basicNodeApp\node_modules\express\lib\router\index.js:317:13)
    at D:\gitHub\basicNodeApp\node_modules\express\lib\router\index.js:284:7
    at Function.process_params (D:\gitHub\basicNodeApp\node_modules\express\lib\router\index.js:335:12)
    at next (D:\gitHub\basicNodeApp\node_modules\express\lib\router\index.js:275:10)
    at D:\gitHub\basicNodeApp\node_modules\express\lib\router\index.js:635:15
    at next (D:\gitHub\basicNodeApp\node_modules\express\lib\router\index.js:260:14)
    at Function.handle (D:\gitHub\basicNodeApp\node_modules\express\lib\router\index.js:174:3)
    at router (D:\gitHub\basicNodeApp\node_modules\express\lib\router\index.js:47:12)
    at Layer.handle [as handle_request] (D:\gitHub\basicNodeApp\node_modules\express\lib\router\layer.js:95:5)
    at trim_prefix (D:\gitHub\basicNodeApp\node_modules\express\lib\router\index.js:317:13)
    at D:\gitHub\basicNodeApp\node_modules\express\lib\router\index.js:284:7
    at Function.process_params (D:\gitHub\basicNodeApp\node_modules\express\lib\router\index.js:335:12)
    at next (D:\gitHub\basicNodeApp\node_modules\express\lib\router\index.js:275:10)
    at app.use (D:\gitHub\basicNodeApp\app.js:55:5)Error msg:  Not Found 
 data: Sun Jan 07 2018 08:19:21 GMT-0200 (Horário brasileiro de verão) stack: Error: Not Found
    at app.use (D:\gitHub\basicNodeApp\app.js:71:16)
    at Layer.handle [as handle_request] (D:\gitHub\basicNodeApp\node_modules\express\lib\router\layer.js:95:5)
    at trim_prefix (D:\gitHub\basicNodeApp\node_modules\express\lib\router\index.js:317:13)
    at D:\gitHub\basicNodeApp\node_modules\express\lib\router\index.js:284:7
    at Function.process_params (D:\gitHub\basicNodeApp\node_modules\express\lib\router\index.js:335:12)
    at next (D:\gitHub\basicNodeApp\node_modules\express\lib\router\index.js:275:10)
    at D:\gitHub\basicNodeApp\node_modules\express\lib\router\index.js:635:15
    at next (D:\gitHub\basicNodeApp\node_modules\express\lib\router\index.js:260:14)
    at Function.handle (D:\gitHub\basicNodeApp\node_modules\express\lib\router\index.js:174:3)
    at router (D:\gitHub\basicNodeApp\node_modules\express\lib\router\index.js:47:12)
    at Layer.handle [as handle_request] (D:\gitHub\basicNodeApp\node_modules\express\lib\router\layer.js:95:5)
    at trim_prefix (D:\gitHub\basicNodeApp\node_modules\express\lib\router\index.js:317:13)
    at D:\gitHub\basicNodeApp\node_modules\express\lib\router\index.js:284:7
    at Function.process_params (D:\gitHub\basicNodeApp\node_modules\express\lib\router\index.js:335:12)
    at next (D:\gitHub\basicNodeApp\node_modules\express\lib\router\index.js:275:10)
    at app.use (D:\gitHub\basicNodeApp\app.js:55:5)Error msg:  Not Found 
 data: Sun Jan 07 2018 08:19:21 GMT-0200 (Horário brasileiro de verão) stack: Error: Not Found
    at app.use (D:\gitHub\basicNodeApp\app.js:71:16)
    at Layer.handle [as handle_request] (D:\gitHub\basicNodeApp\node_modules\express\lib\router\layer.js:95:5)
    at trim_prefix (D:\gitHub\basicNodeApp\node_modules\express\lib\router\index.js:317:13)
    at D:\gitHub\basicNodeApp\node_modules\express\lib\router\index.js:284:7
    at Function.process_params (D:\gitHub\basicNodeApp\node_modules\express\lib\router\index.js:335:12)
    at next (D:\gitHub\basicNodeApp\node_modules\express\lib\router\index.js:275:10)
    at D:\gitHub\basicNodeApp\node_modules\express\lib\router\index.js:635:15
    at next (D:\gitHub\basicNodeApp\node_modules\express\lib\router\index.js:260:14)
    at Function.handle (D:\gitHub\basicNodeApp\node_modules\express\lib\router\index.js:174:3)
    at router (D:\gitHub\basicNodeApp\node_modules\express\lib\router\index.js:47:12)
    at Layer.handle [as handle_request] (D:\gitHub\basicNodeApp\node_modules\express\lib\router\layer.js:95:5)
    at trim_prefix (D:\gitHub\basicNodeApp\node_modules\express\lib\router\index.js:317:13)
    at D:\gitHub\basicNodeApp\node_modules\express\lib\router\index.js:284:7
    at Function.process_params (D:\gitHub\basicNodeApp\node_modules\express\lib\router\index.js:335:12)
    at next (D:\gitHub\basicNodeApp\node_modules\express\lib\router\index.js:275:10)
    at app.use (D:\gitHub\basicNodeApp\app.js:55:5)Error msg:  Not Found 
 data: Sun Jan 07 2018 08:19:22 GMT-0200 (Horário brasileiro de verão) stack: Error: Not Found
    at app.use (D:\gitHub\basicNodeApp\app.js:71:16)
    at Layer.handle [as handle_request] (D:\gitHub\basicNodeApp\node_modules\express\lib\router\layer.js:95:5)
    at trim_prefix (D:\gitHub\basicNodeApp\node_modules\express\lib\router\index.js:317:13)
    at D:\gitHub\basicNodeApp\node_modules\express\lib\router\index.js:284:7
    at Function.process_params (D:\gitHub\basicNodeApp\node_modules\express\lib\router\index.js:335:12)
    at next (D:\gitHub\basicNodeApp\node_modules\express\lib\router\index.js:275:10)
    at D:\gitHub\basicNodeApp\node_modules\express\lib\router\index.js:635:15
    at next (D:\gitHub\basicNodeApp\node_modules\express\lib\router\index.js:260:14)
    at Function.handle (D:\gitHub\basicNodeApp\node_modules\express\lib\router\index.js:174:3)
    at router (D:\gitHub\basicNodeApp\node_modules\express\lib\router\index.js:47:12)
    at Layer.handle [as handle_request] (D:\gitHub\basicNodeApp\node_modules\express\lib\router\layer.js:95:5)
    at trim_prefix (D:\gitHub\basicNodeApp\node_modules\express\lib\router\index.js:317:13)
    at D:\gitHub\basicNodeApp\node_modules\express\lib\router\index.js:284:7
    at Function.process_params (D:\gitHub\basicNodeApp\node_modules\express\lib\router\index.js:335:12)
    at next (D:\gitHub\basicNodeApp\node_modules\express\lib\router\index.js:275:10)
    at app.use (D:\gitHub\basicNodeApp\app.js:55:5)Error msg:  Not Found 
 data: Sun Jan 07 2018 08:19:22 GMT-0200 (Horário brasileiro de verão) stack: Error: Not Found
    at app.use (D:\gitHub\basicNodeApp\app.js:71:16)
    at Layer.handle [as handle_request] (D:\gitHub\basicNodeApp\node_modules\express\lib\router\layer.js:95:5)
    at trim_prefix (D:\gitHub\basicNodeApp\node_modules\express\lib\router\index.js:317:13)
    at D:\gitHub\basicNodeApp\node_modules\express\lib\router\index.js:284:7
    at Function.process_params (D:\gitHub\basicNodeApp\node_modules\express\lib\router\index.js:335:12)
    at next (D:\gitHub\basicNodeApp\node_modules\express\lib\router\index.js:275:10)
    at D:\gitHub\basicNodeApp\node_modules\express\lib\router\index.js:635:15
    at next (D:\gitHub\basicNodeApp\node_modules\express\lib\router\index.js:260:14)
    at Function.handle (D:\gitHub\basicNodeApp\node_modules\express\lib\router\index.js:174:3)
    at router (D:\gitHub\basicNodeApp\node_modules\express\lib\router\index.js:47:12)
    at Layer.handle [as handle_request] (D:\gitHub\basicNodeApp\node_modules\express\lib\router\layer.js:95:5)
    at trim_prefix (D:\gitHub\basicNodeApp\node_modules\express\lib\router\index.js:317:13)
    at D:\gitHub\basicNodeApp\node_modules\express\lib\router\index.js:284:7
    at Function.process_params (D:\gitHub\basicNodeApp\node_modules\express\lib\router\index.js:335:12)
    at next (D:\gitHub\basicNodeApp\node_modules\express\lib\router\index.js:275:10)
    at app.use (D:\gitHub\basicNodeApp\app.js:55:5)Error msg:  Not Found 
 data: Sun Jan 07 2018 08:19:23 GMT-0200 (Horário brasileiro de verão) stack: Error: Not Found
    at app.use (D:\gitHub\basicNodeApp\app.js:71:16)
    at Layer.handle [as handle_request] (D:\gitHub\basicNodeApp\node_modules\express\lib\router\layer.js:95:5)
    at trim_prefix (D:\gitHub\basicNodeApp\node_modules\express\lib\router\index.js:317:13)
    at D:\gitHub\basicNodeApp\node_modules\express\lib\router\index.js:284:7
    at Function.process_params (D:\gitHub\basicNodeApp\node_modules\express\lib\router\index.js:335:12)
    at next (D:\gitHub\basicNodeApp\node_modules\express\lib\router\index.js:275:10)
    at D:\gitHub\basicNodeApp\node_modules\express\lib\router\index.js:635:15
    at next (D:\gitHub\basicNodeApp\node_modules\express\lib\router\index.js:260:14)
    at Function.handle (D:\gitHub\basicNodeApp\node_modules\express\lib\router\index.js:174:3)
    at router (D:\gitHub\basicNodeApp\node_modules\express\lib\router\index.js:47:12)
    at Layer.handle [as handle_request] (D:\gitHub\basicNodeApp\node_modules\express\lib\router\layer.js:95:5)
    at trim_prefix (D:\gitHub\basicNodeApp\node_modules\express\lib\router\index.js:317:13)
    at D:\gitHub\basicNodeApp\node_modules\express\lib\router\index.js:284:7
    at Function.process_params (D:\gitHub\basicNodeApp\node_modules\express\lib\router\index.js:335:12)
    at next (D:\gitHub\basicNodeApp\node_modules\express\lib\router\index.js:275:10)
    at app.use (D:\gitHub\basicNodeApp\app.js:55:5)Error msg:  Not Found 
 data: Sun Jan 07 2018 08:19:23 GMT-0200 (Horário brasileiro de verão) stack: Error: Not Found
    at app.use (D:\gitHub\basicNodeApp\app.js:71:16)
    at Layer.handle [as handle_request] (D:\gitHub\basicNodeApp\node_modules\express\lib\router\layer.js:95:5)
    at trim_prefix (D:\gitHub\basicNodeApp\node_modules\express\lib\router\index.js:317:13)
    at D:\gitHub\basicNodeApp\node_modules\express\lib\router\index.js:284:7
    at Function.process_params (D:\gitHub\basicNodeApp\node_modules\express\lib\router\index.js:335:12)
    at next (D:\gitHub\basicNodeApp\node_modules\express\lib\router\index.js:275:10)
    at D:\gitHub\basicNodeApp\node_modules\express\lib\router\index.js:635:15
    at next (D:\gitHub\basicNodeApp\node_modules\express\lib\router\index.js:260:14)
    at Function.handle (D:\gitHub\basicNodeApp\node_modules\express\lib\router\index.js:174:3)
    at router (D:\gitHub\basicNodeApp\node_modules\express\lib\router\index.js:47:12)
    at Layer.handle [as handle_request] (D:\gitHub\basicNodeApp\node_modules\express\lib\router\layer.js:95:5)
    at trim_prefix (D:\gitHub\basicNodeApp\node_modules\express\lib\router\index.js:317:13)
    at D:\gitHub\basicNodeApp\node_modules\express\lib\router\index.js:284:7
    at Function.process_params (D:\gitHub\basicNodeApp\node_modules\express\lib\router\index.js:335:12)
    at next (D:\gitHub\basicNodeApp\node_modules\express\lib\router\index.js:275:10)
    at app.use (D:\gitHub\basicNodeApp\app.js:55:5)Error msg:  Not Found 
 data: Sun Jan 07 2018 08:19:24 GMT-0200 (Horário brasileiro de verão) stack: Error: Not Found
    at app.use (D:\gitHub\basicNodeApp\app.js:71:16)
    at Layer.handle [as handle_request] (D:\gitHub\basicNodeApp\node_modules\express\lib\router\layer.js:95:5)
    at trim_prefix (D:\gitHub\basicNodeApp\node_modules\express\lib\router\index.js:317:13)
    at D:\gitHub\basicNodeApp\node_modules\express\lib\router\index.js:284:7
    at Function.process_params (D:\gitHub\basicNodeApp\node_modules\express\lib\router\index.js:335:12)
    at next (D:\gitHub\basicNodeApp\node_modules\express\lib\router\index.js:275:10)
    at D:\gitHub\basicNodeApp\node_modules\express\lib\router\index.js:635:15
    at next (D:\gitHub\basicNodeApp\node_modules\express\lib\router\index.js:260:14)
    at Function.handle (D:\gitHub\basicNodeApp\node_modules\express\lib\router\index.js:174:3)
    at router (D:\gitHub\basicNodeApp\node_modules\express\lib\router\index.js:47:12)
    at Layer.handle [as handle_request] (D:\gitHub\basicNodeApp\node_modules\express\lib\router\layer.js:95:5)
    at trim_prefix (D:\gitHub\basicNodeApp\node_modules\express\lib\router\index.js:317:13)
    at D:\gitHub\basicNodeApp\node_modules\express\lib\router\index.js:284:7
    at Function.process_params (D:\gitHub\basicNodeApp\node_modules\express\lib\router\index.js:335:12)
    at next (D:\gitHub\basicNodeApp\node_modules\express\lib\router\index.js:275:10)
    at app.use (D:\gitHub\basicNodeApp\app.js:55:5)Error msg:  Not Found 
 data: Sun Jan 07 2018 08:19:24 GMT-0200 (Horário brasileiro de verão) stack: Error: Not Found
    at app.use (D:\gitHub\basicNodeApp\app.js:71:16)
    at Layer.handle [as handle_request] (D:\gitHub\basicNodeApp\node_modules\express\lib\router\layer.js:95:5)
    at trim_prefix (D:\gitHub\basicNodeApp\node_modules\express\lib\router\index.js:317:13)
    at D:\gitHub\basicNodeApp\node_modules\express\lib\router\index.js:284:7
    at Function.process_params (D:\gitHub\basicNodeApp\node_modules\express\lib\router\index.js:335:12)
    at next (D:\gitHub\basicNodeApp\node_modules\express\lib\router\index.js:275:10)
    at D:\gitHub\basicNodeApp\node_modules\express\lib\router\index.js:635:15
    at next (D:\gitHub\basicNodeApp\node_modules\express\lib\router\index.js:260:14)
    at Function.handle (D:\gitHub\basicNodeApp\node_modules\express\lib\router\index.js:174:3)
    at router (D:\gitHub\basicNodeApp\node_modules\express\lib\router\index.js:47:12)
    at Layer.handle [as handle_request] (D:\gitHub\basicNodeApp\node_modules\express\lib\router\layer.js:95:5)
    at trim_prefix (D:\gitHub\basicNodeApp\node_modules\express\lib\router\index.js:317:13)
    at D:\gitHub\basicNodeApp\node_modules\express\lib\router\index.js:284:7
    at Function.process_params (D:\gitHub\basicNodeApp\node_modules\express\lib\router\index.js:335:12)
    at next (D:\gitHub\basicNodeApp\node_modules\express\lib\router\index.js:275:10)
    at app.use (D:\gitHub\basicNodeApp\app.js:55:5)Error msg:  Not Found 
 data: Sun Jan 07 2018 08:19:24 GMT-0200 (Horário brasileiro de verão) stack: Error: Not Found
    at app.use (D:\gitHub\basicNodeApp\app.js:71:16)
    at Layer.handle [as handle_request] (D:\gitHub\basicNodeApp\node_modules\express\lib\router\layer.js:95:5)
    at trim_prefix (D:\gitHub\basicNodeApp\node_modules\express\lib\router\index.js:317:13)
    at D:\gitHub\basicNodeApp\node_modules\express\lib\router\index.js:284:7
    at Function.process_params (D:\gitHub\basicNodeApp\node_modules\express\lib\router\index.js:335:12)
    at next (D:\gitHub\basicNodeApp\node_modules\express\lib\router\index.js:275:10)
    at D:\gitHub\basicNodeApp\node_modules\express\lib\router\index.js:635:15
    at next (D:\gitHub\basicNodeApp\node_modules\express\lib\router\index.js:260:14)
    at Function.handle (D:\gitHub\basicNodeApp\node_modules\express\lib\router\index.js:174:3)
    at router (D:\gitHub\basicNodeApp\node_modules\express\lib\router\index.js:47:12)
    at Layer.handle [as handle_request] (D:\gitHub\basicNodeApp\node_modules\express\lib\router\layer.js:95:5)
    at trim_prefix (D:\gitHub\basicNodeApp\node_modules\express\lib\router\index.js:317:13)
    at D:\gitHub\basicNodeApp\node_modules\express\lib\router\index.js:284:7
    at Function.process_params (D:\gitHub\basicNodeApp\node_modules\express\lib\router\index.js:335:12)
    at next (D:\gitHub\basicNodeApp\node_modules\express\lib\router\index.js:275:10)
    at app.use (D:\gitHub\basicNodeApp\app.js:55:5)Error msg:  Not Found 
 data: Sun Jan 07 2018 08:19:24 GMT-0200 (Horário brasileiro de verão) stack: Error: Not Found
    at app.use (D:\gitHub\basicNodeApp\app.js:71:16)
    at Layer.handle [as handle_request] (D:\gitHub\basicNodeApp\node_modules\express\lib\router\layer.js:95:5)
    at trim_prefix (D:\gitHub\basicNodeApp\node_modules\express\lib\router\index.js:317:13)
    at D:\gitHub\basicNodeApp\node_modules\express\lib\router\index.js:284:7
    at Function.process_params (D:\gitHub\basicNodeApp\node_modules\express\lib\router\index.js:335:12)
    at next (D:\gitHub\basicNodeApp\node_modules\express\lib\router\index.js:275:10)
    at D:\gitHub\basicNodeApp\node_modules\express\lib\router\index.js:635:15
    at next (D:\gitHub\basicNodeApp\node_modules\express\lib\router\index.js:260:14)
    at Function.handle (D:\gitHub\basicNodeApp\node_modules\express\lib\router\index.js:174:3)
    at router (D:\gitHub\basicNodeApp\node_modules\express\lib\router\index.js:47:12)
    at Layer.handle [as handle_request] (D:\gitHub\basicNodeApp\node_modules\express\lib\router\layer.js:95:5)
    at trim_prefix (D:\gitHub\basicNodeApp\node_modules\express\lib\router\index.js:317:13)
    at D:\gitHub\basicNodeApp\node_modules\express\lib\router\index.js:284:7
    at Function.process_params (D:\gitHub\basicNodeApp\node_modules\express\lib\router\index.js:335:12)
    at next (D:\gitHub\basicNodeApp\node_modules\express\lib\router\index.js:275:10)
    at app.use (D:\gitHub\basicNodeApp\app.js:55:5)Error msg:  Not Found 
 data: Sun Jan 07 2018 08:19:25 GMT-0200 (Horário brasileiro de verão) stack: Error: Not Found
    at app.use (D:\gitHub\basicNodeApp\app.js:71:16)
    at Layer.handle [as handle_request] (D:\gitHub\basicNodeApp\node_modules\express\lib\router\layer.js:95:5)
    at trim_prefix (D:\gitHub\basicNodeApp\node_modules\express\lib\router\index.js:317:13)
    at D:\gitHub\basicNodeApp\node_modules\express\lib\router\index.js:284:7
    at Function.process_params (D:\gitHub\basicNodeApp\node_modules\express\lib\router\index.js:335:12)
    at next (D:\gitHub\basicNodeApp\node_modules\express\lib\router\index.js:275:10)
    at D:\gitHub\basicNodeApp\node_modules\express\lib\router\index.js:635:15
    at next (D:\gitHub\basicNodeApp\node_modules\express\lib\router\index.js:260:14)
    at Function.handle (D:\gitHub\basicNodeApp\node_modules\express\lib\router\index.js:174:3)
    at router (D:\gitHub\basicNodeApp\node_modules\express\lib\router\index.js:47:12)
    at Layer.handle [as handle_request] (D:\gitHub\basicNodeApp\node_modules\express\lib\router\layer.js:95:5)
    at trim_prefix (D:\gitHub\basicNodeApp\node_modules\express\lib\router\index.js:317:13)
    at D:\gitHub\basicNodeApp\node_modules\express\lib\router\index.js:284:7
    at Function.process_params (D:\gitHub\basicNodeApp\node_modules\express\lib\router\index.js:335:12)
    at next (D:\gitHub\basicNodeApp\node_modules\express\lib\router\index.js:275:10)
    at app.use (D:\gitHub\basicNodeApp\app.js:55:5)Error msg:  Not Found 
 data: Sun Jan 07 2018 08:19:25 GMT-0200 (Horário brasileiro de verão) stack: Error: Not Found
    at app.use (D:\gitHub\basicNodeApp\app.js:71:16)
    at Layer.handle [as handle_request] (D:\gitHub\basicNodeApp\node_modules\express\lib\router\layer.js:95:5)
    at trim_prefix (D:\gitHub\basicNodeApp\node_modules\express\lib\router\index.js:317:13)
    at D:\gitHub\basicNodeApp\node_modules\express\lib\router\index.js:284:7
    at Function.process_params (D:\gitHub\basicNodeApp\node_modules\express\lib\router\index.js:335:12)
    at next (D:\gitHub\basicNodeApp\node_modules\express\lib\router\index.js:275:10)
    at D:\gitHub\basicNodeApp\node_modules\express\lib\router\index.js:635:15
    at next (D:\gitHub\basicNodeApp\node_modules\express\lib\router\index.js:260:14)
    at Function.handle (D:\gitHub\basicNodeApp\node_modules\express\lib\router\index.js:174:3)
    at router (D:\gitHub\basicNodeApp\node_modules\express\lib\router\index.js:47:12)
    at Layer.handle [as handle_request] (D:\gitHub\basicNodeApp\node_modules\express\lib\router\layer.js:95:5)
    at trim_prefix (D:\gitHub\basicNodeApp\node_modules\express\lib\router\index.js:317:13)
    at D:\gitHub\basicNodeApp\node_modules\express\lib\router\index.js:284:7
    at Function.process_params (D:\gitHub\basicNodeApp\node_modules\express\lib\router\index.js:335:12)
    at next (D:\gitHub\basicNodeApp\node_modules\express\lib\router\index.js:275:10)
    at app.use (D:\gitHub\basicNodeApp\app.js:55:5)Error msg:  Not Found 
 data: Sun Jan 07 2018 08:19:26 GMT-0200 (Horário brasileiro de verão) stack: Error: Not Found
    at app.use (D:\gitHub\basicNodeApp\app.js:71:16)
    at Layer.handle [as handle_request] (D:\gitHub\basicNodeApp\node_modules\express\lib\router\layer.js:95:5)
    at trim_prefix (D:\gitHub\basicNodeApp\node_modules\express\lib\router\index.js:317:13)
    at D:\gitHub\basicNodeApp\node_modules\express\lib\router\index.js:284:7
    at Function.process_params (D:\gitHub\basicNodeApp\node_modules\express\lib\router\index.js:335:12)
    at next (D:\gitHub\basicNodeApp\node_modules\express\lib\router\index.js:275:10)
    at D:\gitHub\basicNodeApp\node_modules\express\lib\router\index.js:635:15
    at next (D:\gitHub\basicNodeApp\node_modules\express\lib\router\index.js:260:14)
    at Function.handle (D:\gitHub\basicNodeApp\node_modules\express\lib\router\index.js:174:3)
    at router (D:\gitHub\basicNodeApp\node_modules\express\lib\router\index.js:47:12)
    at Layer.handle [as handle_request] (D:\gitHub\basicNodeApp\node_modules\express\lib\router\layer.js:95:5)
    at trim_prefix (D:\gitHub\basicNodeApp\node_modules\express\lib\router\index.js:317:13)
    at D:\gitHub\basicNodeApp\node_modules\express\lib\router\index.js:284:7
    at Function.process_params (D:\gitHub\basicNodeApp\node_modules\express\lib\router\index.js:335:12)
    at next (D:\gitHub\basicNodeApp\node_modules\express\lib\router\index.js:275:10)
    at app.use (D:\gitHub\basicNodeApp\app.js:55:5)Error msg:  Not Found 
 data: Sun Jan 07 2018 08:19:26 GMT-0200 (Horário brasileiro de verão) stack: Error: Not Found
    at app.use (D:\gitHub\basicNodeApp\app.js:71:16)
    at Layer.handle [as handle_request] (D:\gitHub\basicNodeApp\node_modules\express\lib\router\layer.js:95:5)
    at trim_prefix (D:\gitHub\basicNodeApp\node_modules\express\lib\router\index.js:317:13)
    at D:\gitHub\basicNodeApp\node_modules\express\lib\router\index.js:284:7
    at Function.process_params (D:\gitHub\basicNodeApp\node_modules\express\lib\router\index.js:335:12)
    at next (D:\gitHub\basicNodeApp\node_modules\express\lib\router\index.js:275:10)
    at D:\gitHub\basicNodeApp\node_modules\express\lib\router\index.js:635:15
    at next (D:\gitHub\basicNodeApp\node_modules\express\lib\router\index.js:260:14)
    at Function.handle (D:\gitHub\basicNodeApp\node_modules\express\lib\router\index.js:174:3)
    at router (D:\gitHub\basicNodeApp\node_modules\express\lib\router\index.js:47:12)
    at Layer.handle [as handle_request] (D:\gitHub\basicNodeApp\node_modules\express\lib\router\layer.js:95:5)
    at trim_prefix (D:\gitHub\basicNodeApp\node_modules\express\lib\router\index.js:317:13)
    at D:\gitHub\basicNodeApp\node_modules\express\lib\router\index.js:284:7
    at Function.process_params (D:\gitHub\basicNodeApp\node_modules\express\lib\router\index.js:335:12)
    at next (D:\gitHub\basicNodeApp\node_modules\express\lib\router\index.js:275:10)
    at app.use (D:\gitHub\basicNodeApp\app.js:55:5)Error msg:  Not Found 
 data: Sun Jan 07 2018 08:19:27 GMT-0200 (Horário brasileiro de verão) stack: Error: Not Found
    at app.use (D:\gitHub\basicNodeApp\app.js:71:16)
    at Layer.handle [as handle_request] (D:\gitHub\basicNodeApp\node_modules\express\lib\router\layer.js:95:5)
    at trim_prefix (D:\gitHub\basicNodeApp\node_modules\express\lib\router\index.js:317:13)
    at D:\gitHub\basicNodeApp\node_modules\express\lib\router\index.js:284:7
    at Function.process_params (D:\gitHub\basicNodeApp\node_modules\express\lib\router\index.js:335:12)
    at next (D:\gitHub\basicNodeApp\node_modules\express\lib\router\index.js:275:10)
    at D:\gitHub\basicNodeApp\node_modules\express\lib\router\index.js:635:15
    at next (D:\gitHub\basicNodeApp\node_modules\express\lib\router\index.js:260:14)
    at Function.handle (D:\gitHub\basicNodeApp\node_modules\express\lib\router\index.js:174:3)
    at router (D:\gitHub\basicNodeApp\node_modules\express\lib\router\index.js:47:12)
    at Layer.handle [as handle_request] (D:\gitHub\basicNodeApp\node_modules\express\lib\router\layer.js:95:5)
    at trim_prefix (D:\gitHub\basicNodeApp\node_modules\express\lib\router\index.js:317:13)
    at D:\gitHub\basicNodeApp\node_modules\express\lib\router\index.js:284:7
    at Function.process_params (D:\gitHub\basicNodeApp\node_modules\express\lib\router\index.js:335:12)
    at next (D:\gitHub\basicNodeApp\node_modules\express\lib\router\index.js:275:10)
    at app.use (D:\gitHub\basicNodeApp\app.js:55:5)Error msg:  Not Found 
 data: Sun Jan 07 2018 08:19:27 GMT-0200 (Horário brasileiro de verão) stack: Error: Not Found
    at app.use (D:\gitHub\basicNodeApp\app.js:71:16)
    at Layer.handle [as handle_request] (D:\gitHub\basicNodeApp\node_modules\express\lib\router\layer.js:95:5)
    at trim_prefix (D:\gitHub\basicNodeApp\node_modules\express\lib\router\index.js:317:13)
    at D:\gitHub\basicNodeApp\node_modules\express\lib\router\index.js:284:7
    at Function.process_params (D:\gitHub\basicNodeApp\node_modules\express\lib\router\index.js:335:12)
    at next (D:\gitHub\basicNodeApp\node_modules\express\lib\router\index.js:275:10)
    at D:\gitHub\basicNodeApp\node_modules\express\lib\router\index.js:635:15
    at next (D:\gitHub\basicNodeApp\node_modules\express\lib\router\index.js:260:14)
    at Function.handle (D:\gitHub\basicNodeApp\node_modules\express\lib\router\index.js:174:3)
    at router (D:\gitHub\basicNodeApp\node_modules\express\lib\router\index.js:47:12)
    at Layer.handle [as handle_request] (D:\gitHub\basicNodeApp\node_modules\express\lib\router\layer.js:95:5)
    at trim_prefix (D:\gitHub\basicNodeApp\node_modules\express\lib\router\index.js:317:13)
    at D:\gitHub\basicNodeApp\node_modules\express\lib\router\index.js:284:7
    at Function.process_params (D:\gitHub\basicNodeApp\node_modules\express\lib\router\index.js:335:12)
    at next (D:\gitHub\basicNodeApp\node_modules\express\lib\router\index.js:275:10)
    at app.use (D:\gitHub\basicNodeApp\app.js:55:5)Error msg:  Not Found 
 data: Sun Jan 07 2018 08:19:30 GMT-0200 (Horário brasileiro de verão) stack: Error: Not Found
    at app.use (D:\gitHub\basicNodeApp\app.js:71:16)
    at Layer.handle [as handle_request] (D:\gitHub\basicNodeApp\node_modules\express\lib\router\layer.js:95:5)
    at trim_prefix (D:\gitHub\basicNodeApp\node_modules\express\lib\router\index.js:317:13)
    at D:\gitHub\basicNodeApp\node_modules\express\lib\router\index.js:284:7
    at Function.process_params (D:\gitHub\basicNodeApp\node_modules\express\lib\router\index.js:335:12)
    at next (D:\gitHub\basicNodeApp\node_modules\express\lib\router\index.js:275:10)
    at D:\gitHub\basicNodeApp\node_modules\express\lib\router\index.js:635:15
    at next (D:\gitHub\basicNodeApp\node_modules\express\lib\router\index.js:260:14)
    at Function.handle (D:\gitHub\basicNodeApp\node_modules\express\lib\router\index.js:174:3)
    at router (D:\gitHub\basicNodeApp\node_modules\express\lib\router\index.js:47:12)
    at Layer.handle [as handle_request] (D:\gitHub\basicNodeApp\node_modules\express\lib\router\layer.js:95:5)
    at trim_prefix (D:\gitHub\basicNodeApp\node_modules\express\lib\router\index.js:317:13)
    at D:\gitHub\basicNodeApp\node_modules\express\lib\router\index.js:284:7
    at Function.process_params (D:\gitHub\basicNodeApp\node_modules\express\lib\router\index.js:335:12)
    at next (D:\gitHub\basicNodeApp\node_modules\express\lib\router\index.js:275:10)
    at app.use (D:\gitHub\basicNodeApp\app.js:55:5)Error msg:  Not Found 
 data: Sun Jan 07 2018 08:19:30 GMT-0200 (Horário brasileiro de verão) stack: Error: Not Found
    at app.use (D:\gitHub\basicNodeApp\app.js:71:16)
    at Layer.handle [as handle_request] (D:\gitHub\basicNodeApp\node_modules\express\lib\router\layer.js:95:5)
    at trim_prefix (D:\gitHub\basicNodeApp\node_modules\express\lib\router\index.js:317:13)
    at D:\gitHub\basicNodeApp\node_modules\express\lib\router\index.js:284:7
    at Function.process_params (D:\gitHub\basicNodeApp\node_modules\express\lib\router\index.js:335:12)
    at next (D:\gitHub\basicNodeApp\node_modules\express\lib\router\index.js:275:10)
    at D:\gitHub\basicNodeApp\node_modules\express\lib\router\index.js:635:15
    at next (D:\gitHub\basicNodeApp\node_modules\express\lib\router\index.js:260:14)
    at Function.handle (D:\gitHub\basicNodeApp\node_modules\express\lib\router\index.js:174:3)
    at router (D:\gitHub\basicNodeApp\node_modules\express\lib\router\index.js:47:12)
    at Layer.handle [as handle_request] (D:\gitHub\basicNodeApp\node_modules\express\lib\router\layer.js:95:5)
    at trim_prefix (D:\gitHub\basicNodeApp\node_modules\express\lib\router\index.js:317:13)
    at D:\gitHub\basicNodeApp\node_modules\express\lib\router\index.js:284:7
    at Function.process_params (D:\gitHub\basicNodeApp\node_modules\express\lib\router\index.js:335:12)
    at next (D:\gitHub\basicNodeApp\node_modules\express\lib\router\index.js:275:10)
    at app.use (D:\gitHub\basicNodeApp\app.js:55:5)Error msg:  Not Found 
 data: Sun Jan 07 2018 08:19:33 GMT-0200 (Horário brasileiro de verão) stack: Error: Not Found
    at app.use (D:\gitHub\basicNodeApp\app.js:71:16)
    at Layer.handle [as handle_request] (D:\gitHub\basicNodeApp\node_modules\express\lib\router\layer.js:95:5)
    at trim_prefix (D:\gitHub\basicNodeApp\node_modules\express\lib\router\index.js:317:13)
    at D:\gitHub\basicNodeApp\node_modules\express\lib\router\index.js:284:7
    at Function.process_params (D:\gitHub\basicNodeApp\node_modules\express\lib\router\index.js:335:12)
    at next (D:\gitHub\basicNodeApp\node_modules\express\lib\router\index.js:275:10)
    at D:\gitHub\basicNodeApp\node_modules\express\lib\router\index.js:635:15
    at next (D:\gitHub\basicNodeApp\node_modules\express\lib\router\index.js:260:14)
    at Function.handle (D:\gitHub\basicNodeApp\node_modules\express\lib\router\index.js:174:3)
    at router (D:\gitHub\basicNodeApp\node_modules\express\lib\router\index.js:47:12)
    at Layer.handle [as handle_request] (D:\gitHub\basicNodeApp\node_modules\express\lib\router\layer.js:95:5)
    at trim_prefix (D:\gitHub\basicNodeApp\node_modules\express\lib\router\index.js:317:13)
    at D:\gitHub\basicNodeApp\node_modules\express\lib\router\index.js:284:7
    at Function.process_params (D:\gitHub\basicNodeApp\node_modules\express\lib\router\index.js:335:12)
    at next (D:\gitHub\basicNodeApp\node_modules\express\lib\router\index.js:275:10)
    at app.use (D:\gitHub\basicNodeApp\app.js:55:5)Error msg:  Not Found 
 data: Sun Jan 07 2018 08:19:33 GMT-0200 (Horário brasileiro de verão) stack: Error: Not Found
    at app.use (D:\gitHub\basicNodeApp\app.js:71:16)
    at Layer.handle [as handle_request] (D:\gitHub\basicNodeApp\node_modules\express\lib\router\layer.js:95:5)
    at trim_prefix (D:\gitHub\basicNodeApp\node_modules\express\lib\router\index.js:317:13)
    at D:\gitHub\basicNodeApp\node_modules\express\lib\router\index.js:284:7
    at Function.process_params (D:\gitHub\basicNodeApp\node_modules\express\lib\router\index.js:335:12)
    at next (D:\gitHub\basicNodeApp\node_modules\express\lib\router\index.js:275:10)
    at D:\gitHub\basicNodeApp\node_modules\express\lib\router\index.js:635:15
    at next (D:\gitHub\basicNodeApp\node_modules\express\lib\router\index.js:260:14)
    at Function.handle (D:\gitHub\basicNodeApp\node_modules\express\lib\router\index.js:174:3)
    at router (D:\gitHub\basicNodeApp\node_modules\express\lib\router\index.js:47:12)
    at Layer.handle [as handle_request] (D:\gitHub\basicNodeApp\node_modules\express\lib\router\layer.js:95:5)
    at trim_prefix (D:\gitHub\basicNodeApp\node_modules\express\lib\router\index.js:317:13)
    at D:\gitHub\basicNodeApp\node_modules\express\lib\router\index.js:284:7
    at Function.process_params (D:\gitHub\basicNodeApp\node_modules\express\lib\router\index.js:335:12)
    at next (D:\gitHub\basicNodeApp\node_modules\express\lib\router\index.js:275:10)
    at app.use (D:\gitHub\basicNodeApp\app.js:55:5)Error msg:  Not Found 
 data: Sun Jan 07 2018 08:19:36 GMT-0200 (Horário brasileiro de verão) stack: Error: Not Found
    at app.use (D:\gitHub\basicNodeApp\app.js:71:16)
    at Layer.handle [as handle_request] (D:\gitHub\basicNodeApp\node_modules\express\lib\router\layer.js:95:5)
    at trim_prefix (D:\gitHub\basicNodeApp\node_modules\express\lib\router\index.js:317:13)
    at D:\gitHub\basicNodeApp\node_modules\express\lib\router\index.js:284:7
    at Function.process_params (D:\gitHub\basicNodeApp\node_modules\express\lib\router\index.js:335:12)
    at next (D:\gitHub\basicNodeApp\node_modules\express\lib\router\index.js:275:10)
    at D:\gitHub\basicNodeApp\node_modules\express\lib\router\index.js:635:15
    at next (D:\gitHub\basicNodeApp\node_modules\express\lib\router\index.js:260:14)
    at Function.handle (D:\gitHub\basicNodeApp\node_modules\express\lib\router\index.js:174:3)
    at router (D:\gitHub\basicNodeApp\node_modules\express\lib\router\index.js:47:12)
    at Layer.handle [as handle_request] (D:\gitHub\basicNodeApp\node_modules\express\lib\router\layer.js:95:5)
    at trim_prefix (D:\gitHub\basicNodeApp\node_modules\express\lib\router\index.js:317:13)
    at D:\gitHub\basicNodeApp\node_modules\express\lib\router\index.js:284:7
    at Function.process_params (D:\gitHub\basicNodeApp\node_modules\express\lib\router\index.js:335:12)
    at next (D:\gitHub\basicNodeApp\node_modules\express\lib\router\index.js:275:10)
    at app.use (D:\gitHub\basicNodeApp\app.js:55:5)Error msg:  Not Found 
 data: Sun Jan 07 2018 08:19:36 GMT-0200 (Horário brasileiro de verão) stack: Error: Not Found
    at app.use (D:\gitHub\basicNodeApp\app.js:71:16)
    at Layer.handle [as handle_request] (D:\gitHub\basicNodeApp\node_modules\express\lib\router\layer.js:95:5)
    at trim_prefix (D:\gitHub\basicNodeApp\node_modules\express\lib\router\index.js:317:13)
    at D:\gitHub\basicNodeApp\node_modules\express\lib\router\index.js:284:7
    at Function.process_params (D:\gitHub\basicNodeApp\node_modules\express\lib\router\index.js:335:12)
    at next (D:\gitHub\basicNodeApp\node_modules\express\lib\router\index.js:275:10)
    at D:\gitHub\basicNodeApp\node_modules\express\lib\router\index.js:635:15
    at next (D:\gitHub\basicNodeApp\node_modules\express\lib\router\index.js:260:14)
    at Function.handle (D:\gitHub\basicNodeApp\node_modules\express\lib\router\index.js:174:3)
    at router (D:\gitHub\basicNodeApp\node_modules\express\lib\router\index.js:47:12)
    at Layer.handle [as handle_request] (D:\gitHub\basicNodeApp\node_modules\express\lib\router\layer.js:95:5)
    at trim_prefix (D:\gitHub\basicNodeApp\node_modules\express\lib\router\index.js:317:13)
    at D:\gitHub\basicNodeApp\node_modules\express\lib\router\index.js:284:7
    at Function.process_params (D:\gitHub\basicNodeApp\node_modules\express\lib\router\index.js:335:12)
    at next (D:\gitHub\basicNodeApp\node_modules\express\lib\router\index.js:275:10)
    at app.use (D:\gitHub\basicNodeApp\app.js:55:5)Error msg:  Not Found 
 data: Sun Jan 07 2018 08:19:39 GMT-0200 (Horário brasileiro de verão) stack: Error: Not Found
    at app.use (D:\gitHub\basicNodeApp\app.js:71:16)
    at Layer.handle [as handle_request] (D:\gitHub\basicNodeApp\node_modules\express\lib\router\layer.js:95:5)
    at trim_prefix (D:\gitHub\basicNodeApp\node_modules\express\lib\router\index.js:317:13)
    at D:\gitHub\basicNodeApp\node_modules\express\lib\router\index.js:284:7
    at Function.process_params (D:\gitHub\basicNodeApp\node_modules\express\lib\router\index.js:335:12)
    at next (D:\gitHub\basicNodeApp\node_modules\express\lib\router\index.js:275:10)
    at D:\gitHub\basicNodeApp\node_modules\express\lib\router\index.js:635:15
    at next (D:\gitHub\basicNodeApp\node_modules\express\lib\router\index.js:260:14)
    at Function.handle (D:\gitHub\basicNodeApp\node_modules\express\lib\router\index.js:174:3)
    at router (D:\gitHub\basicNodeApp\node_modules\express\lib\router\index.js:47:12)
    at Layer.handle [as handle_request] (D:\gitHub\basicNodeApp\node_modules\express\lib\router\layer.js:95:5)
    at trim_prefix (D:\gitHub\basicNodeApp\node_modules\express\lib\router\index.js:317:13)
    at D:\gitHub\basicNodeApp\node_modules\express\lib\router\index.js:284:7
    at Function.process_params (D:\gitHub\basicNodeApp\node_modules\express\lib\router\index.js:335:12)
    at next (D:\gitHub\basicNodeApp\node_modules\express\lib\router\index.js:275:10)
    at app.use (D:\gitHub\basicNodeApp\app.js:55:5)Error msg:  Not Found 
 data: Sun Jan 07 2018 08:19:39 GMT-0200 (Horário brasileiro de verão) stack: Error: Not Found
    at app.use (D:\gitHub\basicNodeApp\app.js:71:16)
    at Layer.handle [as handle_request] (D:\gitHub\basicNodeApp\node_modules\express\lib\router\layer.js:95:5)
    at trim_prefix (D:\gitHub\basicNodeApp\node_modules\express\lib\router\index.js:317:13)
    at D:\gitHub\basicNodeApp\node_modules\express\lib\router\index.js:284:7
    at Function.process_params (D:\gitHub\basicNodeApp\node_modules\express\lib\router\index.js:335:12)
    at next (D:\gitHub\basicNodeApp\node_modules\express\lib\router\index.js:275:10)
    at D:\gitHub\basicNodeApp\node_modules\express\lib\router\index.js:635:15
    at next (D:\gitHub\basicNodeApp\node_modules\express\lib\router\index.js:260:14)
    at Function.handle (D:\gitHub\basicNodeApp\node_modules\express\lib\router\index.js:174:3)
    at router (D:\gitHub\basicNodeApp\node_modules\express\lib\router\index.js:47:12)
    at Layer.handle [as handle_request] (D:\gitHub\basicNodeApp\node_modules\express\lib\router\layer.js:95:5)
    at trim_prefix (D:\gitHub\basicNodeApp\node_modules\express\lib\router\index.js:317:13)
    at D:\gitHub\basicNodeApp\node_modules\express\lib\router\index.js:284:7
    at Function.process_params (D:\gitHub\basicNodeApp\node_modules\express\lib\router\index.js:335:12)
    at next (D:\gitHub\basicNodeApp\node_modules\express\lib\router\index.js:275:10)
    at app.use (D:\gitHub\basicNodeApp\app.js:55:5)Error msg:  Not Found 
 data: Sun Jan 07 2018 08:19:42 GMT-0200 (Horário brasileiro de verão) stack: Error: Not Found
    at app.use (D:\gitHub\basicNodeApp\app.js:71:16)
    at Layer.handle [as handle_request] (D:\gitHub\basicNodeApp\node_modules\express\lib\router\layer.js:95:5)
    at trim_prefix (D:\gitHub\basicNodeApp\node_modules\express\lib\router\index.js:317:13)
    at D:\gitHub\basicNodeApp\node_modules\express\lib\router\index.js:284:7
    at Function.process_params (D:\gitHub\basicNodeApp\node_modules\express\lib\router\index.js:335:12)
    at next (D:\gitHub\basicNodeApp\node_modules\express\lib\router\index.js:275:10)
    at D:\gitHub\basicNodeApp\node_modules\express\lib\router\index.js:635:15
    at next (D:\gitHub\basicNodeApp\node_modules\express\lib\router\index.js:260:14)
    at Function.handle (D:\gitHub\basicNodeApp\node_modules\express\lib\router\index.js:174:3)
    at router (D:\gitHub\basicNodeApp\node_modules\express\lib\router\index.js:47:12)
    at Layer.handle [as handle_request] (D:\gitHub\basicNodeApp\node_modules\express\lib\router\layer.js:95:5)
    at trim_prefix (D:\gitHub\basicNodeApp\node_modules\express\lib\router\index.js:317:13)
    at D:\gitHub\basicNodeApp\node_modules\express\lib\router\index.js:284:7
    at Function.process_params (D:\gitHub\basicNodeApp\node_modules\express\lib\router\index.js:335:12)
    at next (D:\gitHub\basicNodeApp\node_modules\express\lib\router\index.js:275:10)
    at app.use (D:\gitHub\basicNodeApp\app.js:55:5)Error msg:  Not Found 
 data: Sun Jan 07 2018 08:19:42 GMT-0200 (Horário brasileiro de verão) stack: Error: Not Found
    at app.use (D:\gitHub\basicNodeApp\app.js:71:16)
    at Layer.handle [as handle_request] (D:\gitHub\basicNodeApp\node_modules\express\lib\router\layer.js:95:5)
    at trim_prefix (D:\gitHub\basicNodeApp\node_modules\express\lib\router\index.js:317:13)
    at D:\gitHub\basicNodeApp\node_modules\express\lib\router\index.js:284:7
    at Function.process_params (D:\gitHub\basicNodeApp\node_modules\express\lib\router\index.js:335:12)
    at next (D:\gitHub\basicNodeApp\node_modules\express\lib\router\index.js:275:10)
    at D:\gitHub\basicNodeApp\node_modules\express\lib\router\index.js:635:15
    at next (D:\gitHub\basicNodeApp\node_modules\express\lib\router\index.js:260:14)
    at Function.handle (D:\gitHub\basicNodeApp\node_modules\express\lib\router\index.js:174:3)
    at router (D:\gitHub\basicNodeApp\node_modules\express\lib\router\index.js:47:12)
    at Layer.handle [as handle_request] (D:\gitHub\basicNodeApp\node_modules\express\lib\router\layer.js:95:5)
    at trim_prefix (D:\gitHub\basicNodeApp\node_modules\express\lib\router\index.js:317:13)
    at D:\gitHub\basicNodeApp\node_modules\express\lib\router\index.js:284:7
    at Function.process_params (D:\gitHub\basicNodeApp\node_modules\express\lib\router\index.js:335:12)
    at next (D:\gitHub\basicNodeApp\node_modules\express\lib\router\index.js:275:10)
    at app.use (D:\gitHub\basicNodeApp\app.js:55:5)Error msg:  Not Found 
 data: Sun Jan 07 2018 08:19:45 GMT-0200 (Horário brasileiro de verão) stack: Error: Not Found
    at app.use (D:\gitHub\basicNodeApp\app.js:71:16)
    at Layer.handle [as handle_request] (D:\gitHub\basicNodeApp\node_modules\express\lib\router\layer.js:95:5)
    at trim_prefix (D:\gitHub\basicNodeApp\node_modules\express\lib\router\index.js:317:13)
    at D:\gitHub\basicNodeApp\node_modules\express\lib\router\index.js:284:7
    at Function.process_params (D:\gitHub\basicNodeApp\node_modules\express\lib\router\index.js:335:12)
    at next (D:\gitHub\basicNodeApp\node_modules\express\lib\router\index.js:275:10)
    at D:\gitHub\basicNodeApp\node_modules\express\lib\router\index.js:635:15
    at next (D:\gitHub\basicNodeApp\node_modules\express\lib\router\index.js:260:14)
    at Function.handle (D:\gitHub\basicNodeApp\node_modules\express\lib\router\index.js:174:3)
    at router (D:\gitHub\basicNodeApp\node_modules\express\lib\router\index.js:47:12)
    at Layer.handle [as handle_request] (D:\gitHub\basicNodeApp\node_modules\express\lib\router\layer.js:95:5)
    at trim_prefix (D:\gitHub\basicNodeApp\node_modules\express\lib\router\index.js:317:13)
    at D:\gitHub\basicNodeApp\node_modules\express\lib\router\index.js:284:7
    at Function.process_params (D:\gitHub\basicNodeApp\node_modules\express\lib\router\index.js:335:12)
    at next (D:\gitHub\basicNodeApp\node_modules\express\lib\router\index.js:275:10)
    at app.use (D:\gitHub\basicNodeApp\app.js:55:5)Error msg:  Not Found 
 data: Sun Jan 07 2018 08:19:45 GMT-0200 (Horário brasileiro de verão) stack: Error: Not Found
    at app.use (D:\gitHub\basicNodeApp\app.js:71:16)
    at Layer.handle [as handle_request] (D:\gitHub\basicNodeApp\node_modules\express\lib\router\layer.js:95:5)
    at trim_prefix (D:\gitHub\basicNodeApp\node_modules\express\lib\router\index.js:317:13)
    at D:\gitHub\basicNodeApp\node_modules\express\lib\router\index.js:284:7
    at Function.process_params (D:\gitHub\basicNodeApp\node_modules\express\lib\router\index.js:335:12)
    at next (D:\gitHub\basicNodeApp\node_modules\express\lib\router\index.js:275:10)
    at D:\gitHub\basicNodeApp\node_modules\express\lib\router\index.js:635:15
    at next (D:\gitHub\basicNodeApp\node_modules\express\lib\router\index.js:260:14)
    at Function.handle (D:\gitHub\basicNodeApp\node_modules\express\lib\router\index.js:174:3)
    at router (D:\gitHub\basicNodeApp\node_modules\express\lib\router\index.js:47:12)
    at Layer.handle [as handle_request] (D:\gitHub\basicNodeApp\node_modules\express\lib\router\layer.js:95:5)
    at trim_prefix (D:\gitHub\basicNodeApp\node_modules\express\lib\router\index.js:317:13)
    at D:\gitHub\basicNodeApp\node_modules\express\lib\router\index.js:284:7
    at Function.process_params (D:\gitHub\basicNodeApp\node_modules\express\lib\router\index.js:335:12)
    at next (D:\gitHub\basicNodeApp\node_modules\express\lib\router\index.js:275:10)
    at app.use (D:\gitHub\basicNodeApp\app.js:55:5)Error msg:  Not Found 
 data: Sun Jan 07 2018 08:19:48 GMT-0200 (Horário brasileiro de verão) stack: Error: Not Found
    at app.use (D:\gitHub\basicNodeApp\app.js:71:16)
    at Layer.handle [as handle_request] (D:\gitHub\basicNodeApp\node_modules\express\lib\router\layer.js:95:5)
    at trim_prefix (D:\gitHub\basicNodeApp\node_modules\express\lib\router\index.js:317:13)
    at D:\gitHub\basicNodeApp\node_modules\express\lib\router\index.js:284:7
    at Function.process_params (D:\gitHub\basicNodeApp\node_modules\express\lib\router\index.js:335:12)
    at next (D:\gitHub\basicNodeApp\node_modules\express\lib\router\index.js:275:10)
    at D:\gitHub\basicNodeApp\node_modules\express\lib\router\index.js:635:15
    at next (D:\gitHub\basicNodeApp\node_modules\express\lib\router\index.js:260:14)
    at Function.handle (D:\gitHub\basicNodeApp\node_modules\express\lib\router\index.js:174:3)
    at router (D:\gitHub\basicNodeApp\node_modules\express\lib\router\index.js:47:12)
    at Layer.handle [as handle_request] (D:\gitHub\basicNodeApp\node_modules\express\lib\router\layer.js:95:5)
    at trim_prefix (D:\gitHub\basicNodeApp\node_modules\express\lib\router\index.js:317:13)
    at D:\gitHub\basicNodeApp\node_modules\express\lib\router\index.js:284:7
    at Function.process_params (D:\gitHub\basicNodeApp\node_modules\express\lib\router\index.js:335:12)
    at next (D:\gitHub\basicNodeApp\node_modules\express\lib\router\index.js:275:10)
    at app.use (D:\gitHub\basicNodeApp\app.js:55:5)Error msg:  Not Found 
 data: Sun Jan 07 2018 08:19:48 GMT-0200 (Horário brasileiro de verão) stack: Error: Not Found
    at app.use (D:\gitHub\basicNodeApp\app.js:71:16)
    at Layer.handle [as handle_request] (D:\gitHub\basicNodeApp\node_modules\express\lib\router\layer.js:95:5)
    at trim_prefix (D:\gitHub\basicNodeApp\node_modules\express\lib\router\index.js:317:13)
    at D:\gitHub\basicNodeApp\node_modules\express\lib\router\index.js:284:7
    at Function.process_params (D:\gitHub\basicNodeApp\node_modules\express\lib\router\index.js:335:12)
    at next (D:\gitHub\basicNodeApp\node_modules\express\lib\router\index.js:275:10)
    at D:\gitHub\basicNodeApp\node_modules\express\lib\router\index.js:635:15
    at next (D:\gitHub\basicNodeApp\node_modules\express\lib\router\index.js:260:14)
    at Function.handle (D:\gitHub\basicNodeApp\node_modules\express\lib\router\index.js:174:3)
    at router (D:\gitHub\basicNodeApp\node_modules\express\lib\router\index.js:47:12)
    at Layer.handle [as handle_request] (D:\gitHub\basicNodeApp\node_modules\express\lib\router\layer.js:95:5)
    at trim_prefix (D:\gitHub\basicNodeApp\node_modules\express\lib\router\index.js:317:13)
    at D:\gitHub\basicNodeApp\node_modules\express\lib\router\index.js:284:7
    at Function.process_params (D:\gitHub\basicNodeApp\node_modules\express\lib\router\index.js:335:12)
    at next (D:\gitHub\basicNodeApp\node_modules\express\lib\router\index.js:275:10)
    at app.use (D:\gitHub\basicNodeApp\app.js:55:5)Error msg:  Not Found 
 data: Sun Jan 07 2018 08:19:51 GMT-0200 (Horário brasileiro de verão) stack: Error: Not Found
    at app.use (D:\gitHub\basicNodeApp\app.js:71:16)
    at Layer.handle [as handle_request] (D:\gitHub\basicNodeApp\node_modules\express\lib\router\layer.js:95:5)
    at trim_prefix (D:\gitHub\basicNodeApp\node_modules\express\lib\router\index.js:317:13)
    at D:\gitHub\basicNodeApp\node_modules\express\lib\router\index.js:284:7
    at Function.process_params (D:\gitHub\basicNodeApp\node_modules\express\lib\router\index.js:335:12)
    at next (D:\gitHub\basicNodeApp\node_modules\express\lib\router\index.js:275:10)
    at D:\gitHub\basicNodeApp\node_modules\express\lib\router\index.js:635:15
    at next (D:\gitHub\basicNodeApp\node_modules\express\lib\router\index.js:260:14)
    at Function.handle (D:\gitHub\basicNodeApp\node_modules\express\lib\router\index.js:174:3)
    at router (D:\gitHub\basicNodeApp\node_modules\express\lib\router\index.js:47:12)
    at Layer.handle [as handle_request] (D:\gitHub\basicNodeApp\node_modules\express\lib\router\layer.js:95:5)
    at trim_prefix (D:\gitHub\basicNodeApp\node_modules\express\lib\router\index.js:317:13)
    at D:\gitHub\basicNodeApp\node_modules\express\lib\router\index.js:284:7
    at Function.process_params (D:\gitHub\basicNodeApp\node_modules\express\lib\router\index.js:335:12)
    at next (D:\gitHub\basicNodeApp\node_modules\express\lib\router\index.js:275:10)
    at app.use (D:\gitHub\basicNodeApp\app.js:55:5)Error msg:  Not Found 
 data: Sun Jan 07 2018 08:19:51 GMT-0200 (Horário brasileiro de verão) stack: Error: Not Found
    at app.use (D:\gitHub\basicNodeApp\app.js:71:16)
    at Layer.handle [as handle_request] (D:\gitHub\basicNodeApp\node_modules\express\lib\router\layer.js:95:5)
    at trim_prefix (D:\gitHub\basicNodeApp\node_modules\express\lib\router\index.js:317:13)
    at D:\gitHub\basicNodeApp\node_modules\express\lib\router\index.js:284:7
    at Function.process_params (D:\gitHub\basicNodeApp\node_modules\express\lib\router\index.js:335:12)
    at next (D:\gitHub\basicNodeApp\node_modules\express\lib\router\index.js:275:10)
    at D:\gitHub\basicNodeApp\node_modules\express\lib\router\index.js:635:15
    at next (D:\gitHub\basicNodeApp\node_modules\express\lib\router\index.js:260:14)
    at Function.handle (D:\gitHub\basicNodeApp\node_modules\express\lib\router\index.js:174:3)
    at router (D:\gitHub\basicNodeApp\node_modules\express\lib\router\index.js:47:12)
    at Layer.handle [as handle_request] (D:\gitHub\basicNodeApp\node_modules\express\lib\router\layer.js:95:5)
    at trim_prefix (D:\gitHub\basicNodeApp\node_modules\express\lib\router\index.js:317:13)
    at D:\gitHub\basicNodeApp\node_modules\express\lib\router\index.js:284:7
    at Function.process_params (D:\gitHub\basicNodeApp\node_modules\express\lib\router\index.js:335:12)
    at next (D:\gitHub\basicNodeApp\node_modules\express\lib\router\index.js:275:10)
    at app.use (D:\gitHub\basicNodeApp\app.js:55:5)Error msg:  Not Found 
 data: Sun Jan 07 2018 08:19:54 GMT-0200 (Horário brasileiro de verão) stack: Error: Not Found
    at app.use (D:\gitHub\basicNodeApp\app.js:71:16)
    at Layer.handle [as handle_request] (D:\gitHub\basicNodeApp\node_modules\express\lib\router\layer.js:95:5)
    at trim_prefix (D:\gitHub\basicNodeApp\node_modules\express\lib\router\index.js:317:13)
    at D:\gitHub\basicNodeApp\node_modules\express\lib\router\index.js:284:7
    at Function.process_params (D:\gitHub\basicNodeApp\node_modules\express\lib\router\index.js:335:12)
    at next (D:\gitHub\basicNodeApp\node_modules\express\lib\router\index.js:275:10)
    at D:\gitHub\basicNodeApp\node_modules\express\lib\router\index.js:635:15
    at next (D:\gitHub\basicNodeApp\node_modules\express\lib\router\index.js:260:14)
    at Function.handle (D:\gitHub\basicNodeApp\node_modules\express\lib\router\index.js:174:3)
    at router (D:\gitHub\basicNodeApp\node_modules\express\lib\router\index.js:47:12)
    at Layer.handle [as handle_request] (D:\gitHub\basicNodeApp\node_modules\express\lib\router\layer.js:95:5)
    at trim_prefix (D:\gitHub\basicNodeApp\node_modules\express\lib\router\index.js:317:13)
    at D:\gitHub\basicNodeApp\node_modules\express\lib\router\index.js:284:7
    at Function.process_params (D:\gitHub\basicNodeApp\node_modules\express\lib\router\index.js:335:12)
    at next (D:\gitHub\basicNodeApp\node_modules\express\lib\router\index.js:275:10)
    at app.use (D:\gitHub\basicNodeApp\app.js:55:5)Error msg:  Not Found 
 data: Sun Jan 07 2018 08:19:54 GMT-0200 (Horário brasileiro de verão) stack: Error: Not Found
    at app.use (D:\gitHub\basicNodeApp\app.js:71:16)
    at Layer.handle [as handle_request] (D:\gitHub\basicNodeApp\node_modules\express\lib\router\layer.js:95:5)
    at trim_prefix (D:\gitHub\basicNodeApp\node_modules\express\lib\router\index.js:317:13)
    at D:\gitHub\basicNodeApp\node_modules\express\lib\router\index.js:284:7
    at Function.process_params (D:\gitHub\basicNodeApp\node_modules\express\lib\router\index.js:335:12)
    at next (D:\gitHub\basicNodeApp\node_modules\express\lib\router\index.js:275:10)
    at D:\gitHub\basicNodeApp\node_modules\express\lib\router\index.js:635:15
    at next (D:\gitHub\basicNodeApp\node_modules\express\lib\router\index.js:260:14)
    at Function.handle (D:\gitHub\basicNodeApp\node_modules\express\lib\router\index.js:174:3)
    at router (D:\gitHub\basicNodeApp\node_modules\express\lib\router\index.js:47:12)
    at Layer.handle [as handle_request] (D:\gitHub\basicNodeApp\node_modules\express\lib\router\layer.js:95:5)
    at trim_prefix (D:\gitHub\basicNodeApp\node_modules\express\lib\router\index.js:317:13)
    at D:\gitHub\basicNodeApp\node_modules\express\lib\router\index.js:284:7
    at Function.process_params (D:\gitHub\basicNodeApp\node_modules\express\lib\router\index.js:335:12)
    at next (D:\gitHub\basicNodeApp\node_modules\express\lib\router\index.js:275:10)
    at app.use (D:\gitHub\basicNodeApp\app.js:55:5)Error msg:  Not Found 
 data: Sun Jan 07 2018 08:19:57 GMT-0200 (Horário brasileiro de verão) stack: Error: Not Found
    at app.use (D:\gitHub\basicNodeApp\app.js:71:16)
    at Layer.handle [as handle_request] (D:\gitHub\basicNodeApp\node_modules\express\lib\router\layer.js:95:5)
    at trim_prefix (D:\gitHub\basicNodeApp\node_modules\express\lib\router\index.js:317:13)
    at D:\gitHub\basicNodeApp\node_modules\express\lib\router\index.js:284:7
    at Function.process_params (D:\gitHub\basicNodeApp\node_modules\express\lib\router\index.js:335:12)
    at next (D:\gitHub\basicNodeApp\node_modules\express\lib\router\index.js:275:10)
    at D:\gitHub\basicNodeApp\node_modules\express\lib\router\index.js:635:15
    at next (D:\gitHub\basicNodeApp\node_modules\express\lib\router\index.js:260:14)
    at Function.handle (D:\gitHub\basicNodeApp\node_modules\express\lib\router\index.js:174:3)
    at router (D:\gitHub\basicNodeApp\node_modules\express\lib\router\index.js:47:12)
    at Layer.handle [as handle_request] (D:\gitHub\basicNodeApp\node_modules\express\lib\router\layer.js:95:5)
    at trim_prefix (D:\gitHub\basicNodeApp\node_modules\express\lib\router\index.js:317:13)
    at D:\gitHub\basicNodeApp\node_modules\express\lib\router\index.js:284:7
    at Function.process_params (D:\gitHub\basicNodeApp\node_modules\express\lib\router\index.js:335:12)
    at next (D:\gitHub\basicNodeApp\node_modules\express\lib\router\index.js:275:10)
    at app.use (D:\gitHub\basicNodeApp\app.js:55:5)Error msg:  Not Found 
 data: Sun Jan 07 2018 08:19:57 GMT-0200 (Horário brasileiro de verão) stack: Error: Not Found
    at app.use (D:\gitHub\basicNodeApp\app.js:71:16)
    at Layer.handle [as handle_request] (D:\gitHub\basicNodeApp\node_modules\express\lib\router\layer.js:95:5)
    at trim_prefix (D:\gitHub\basicNodeApp\node_modules\express\lib\router\index.js:317:13)
    at D:\gitHub\basicNodeApp\node_modules\express\lib\router\index.js:284:7
    at Function.process_params (D:\gitHub\basicNodeApp\node_modules\express\lib\router\index.js:335:12)
    at next (D:\gitHub\basicNodeApp\node_modules\express\lib\router\index.js:275:10)
    at D:\gitHub\basicNodeApp\node_modules\express\lib\router\index.js:635:15
    at next (D:\gitHub\basicNodeApp\node_modules\express\lib\router\index.js:260:14)
    at Function.handle (D:\gitHub\basicNodeApp\node_modules\express\lib\router\index.js:174:3)
    at router (D:\gitHub\basicNodeApp\node_modules\express\lib\router\index.js:47:12)
    at Layer.handle [as handle_request] (D:\gitHub\basicNodeApp\node_modules\express\lib\router\layer.js:95:5)
    at trim_prefix (D:\gitHub\basicNodeApp\node_modules\express\lib\router\index.js:317:13)
    at D:\gitHub\basicNodeApp\node_modules\express\lib\router\index.js:284:7
    at Function.process_params (D:\gitHub\basicNodeApp\node_modules\express\lib\router\index.js:335:12)
    at next (D:\gitHub\basicNodeApp\node_modules\express\lib\router\index.js:275:10)
    at app.use (D:\gitHub\basicNodeApp\app.js:55:5)Error msg:  Not Found 
 data: Sun Jan 07 2018 08:20:00 GMT-0200 (Horário brasileiro de verão) stack: Error: Not Found
    at app.use (D:\gitHub\basicNodeApp\app.js:71:16)
    at Layer.handle [as handle_request] (D:\gitHub\basicNodeApp\node_modules\express\lib\router\layer.js:95:5)
    at trim_prefix (D:\gitHub\basicNodeApp\node_modules\express\lib\router\index.js:317:13)
    at D:\gitHub\basicNodeApp\node_modules\express\lib\router\index.js:284:7
    at Function.process_params (D:\gitHub\basicNodeApp\node_modules\express\lib\router\index.js:335:12)
    at next (D:\gitHub\basicNodeApp\node_modules\express\lib\router\index.js:275:10)
    at D:\gitHub\basicNodeApp\node_modules\express\lib\router\index.js:635:15
    at next (D:\gitHub\basicNodeApp\node_modules\express\lib\router\index.js:260:14)
    at Function.handle (D:\gitHub\basicNodeApp\node_modules\express\lib\router\index.js:174:3)
    at router (D:\gitHub\basicNodeApp\node_modules\express\lib\router\index.js:47:12)
    at Layer.handle [as handle_request] (D:\gitHub\basicNodeApp\node_modules\express\lib\router\layer.js:95:5)
    at trim_prefix (D:\gitHub\basicNodeApp\node_modules\express\lib\router\index.js:317:13)
    at D:\gitHub\basicNodeApp\node_modules\express\lib\router\index.js:284:7
    at Function.process_params (D:\gitHub\basicNodeApp\node_modules\express\lib\router\index.js:335:12)
    at next (D:\gitHub\basicNodeApp\node_modules\express\lib\router\index.js:275:10)
    at app.use (D:\gitHub\basicNodeApp\app.js:55:5)Error msg:  Not Found 
 data: Sun Jan 07 2018 08:20:00 GMT-0200 (Horário brasileiro de verão) stack: Error: Not Found
    at app.use (D:\gitHub\basicNodeApp\app.js:71:16)
    at Layer.handle [as handle_request] (D:\gitHub\basicNodeApp\node_modules\express\lib\router\layer.js:95:5)
    at trim_prefix (D:\gitHub\basicNodeApp\node_modules\express\lib\router\index.js:317:13)
    at D:\gitHub\basicNodeApp\node_modules\express\lib\router\index.js:284:7
    at Function.process_params (D:\gitHub\basicNodeApp\node_modules\express\lib\router\index.js:335:12)
    at next (D:\gitHub\basicNodeApp\node_modules\express\lib\router\index.js:275:10)
    at D:\gitHub\basicNodeApp\node_modules\express\lib\router\index.js:635:15
    at next (D:\gitHub\basicNodeApp\node_modules\express\lib\router\index.js:260:14)
    at Function.handle (D:\gitHub\basicNodeApp\node_modules\express\lib\router\index.js:174:3)
    at router (D:\gitHub\basicNodeApp\node_modules\express\lib\router\index.js:47:12)
    at Layer.handle [as handle_request] (D:\gitHub\basicNodeApp\node_modules\express\lib\router\layer.js:95:5)
    at trim_prefix (D:\gitHub\basicNodeApp\node_modules\express\lib\router\index.js:317:13)
    at D:\gitHub\basicNodeApp\node_modules\express\lib\router\index.js:284:7
    at Function.process_params (D:\gitHub\basicNodeApp\node_modules\express\lib\router\index.js:335:12)
    at next (D:\gitHub\basicNodeApp\node_modules\express\lib\router\index.js:275:10)
    at app.use (D:\gitHub\basicNodeApp\app.js:55:5)Error msg:  Not Found 
 data: Sun Jan 07 2018 08:20:03 GMT-0200 (Horário brasileiro de verão) stack: Error: Not Found
    at app.use (D:\gitHub\basicNodeApp\app.js:71:16)
    at Layer.handle [as handle_request] (D:\gitHub\basicNodeApp\node_modules\express\lib\router\layer.js:95:5)
    at trim_prefix (D:\gitHub\basicNodeApp\node_modules\express\lib\router\index.js:317:13)
    at D:\gitHub\basicNodeApp\node_modules\express\lib\router\index.js:284:7
    at Function.process_params (D:\gitHub\basicNodeApp\node_modules\express\lib\router\index.js:335:12)
    at next (D:\gitHub\basicNodeApp\node_modules\express\lib\router\index.js:275:10)
    at D:\gitHub\basicNodeApp\node_modules\express\lib\router\index.js:635:15
    at next (D:\gitHub\basicNodeApp\node_modules\express\lib\router\index.js:260:14)
    at Function.handle (D:\gitHub\basicNodeApp\node_modules\express\lib\router\index.js:174:3)
    at router (D:\gitHub\basicNodeApp\node_modules\express\lib\router\index.js:47:12)
    at Layer.handle [as handle_request] (D:\gitHub\basicNodeApp\node_modules\express\lib\router\layer.js:95:5)
    at trim_prefix (D:\gitHub\basicNodeApp\node_modules\express\lib\router\index.js:317:13)
    at D:\gitHub\basicNodeApp\node_modules\express\lib\router\index.js:284:7
    at Function.process_params (D:\gitHub\basicNodeApp\node_modules\express\lib\router\index.js:335:12)
    at next (D:\gitHub\basicNodeApp\node_modules\express\lib\router\index.js:275:10)
    at app.use (D:\gitHub\basicNodeApp\app.js:55:5)Error msg:  Not Found 
 data: Sun Jan 07 2018 08:20:03 GMT-0200 (Horário brasileiro de verão) stack: Error: Not Found
    at app.use (D:\gitHub\basicNodeApp\app.js:71:16)
    at Layer.handle [as handle_request] (D:\gitHub\basicNodeApp\node_modules\express\lib\router\layer.js:95:5)
    at trim_prefix (D:\gitHub\basicNodeApp\node_modules\express\lib\router\index.js:317:13)
    at D:\gitHub\basicNodeApp\node_modules\express\lib\router\index.js:284:7
    at Function.process_params (D:\gitHub\basicNodeApp\node_modules\express\lib\router\index.js:335:12)
    at next (D:\gitHub\basicNodeApp\node_modules\express\lib\router\index.js:275:10)
    at D:\gitHub\basicNodeApp\node_modules\express\lib\router\index.js:635:15
    at next (D:\gitHub\basicNodeApp\node_modules\express\lib\router\index.js:260:14)
    at Function.handle (D:\gitHub\basicNodeApp\node_modules\express\lib\router\index.js:174:3)
    at router (D:\gitHub\basicNodeApp\node_modules\express\lib\router\index.js:47:12)
    at Layer.handle [as handle_request] (D:\gitHub\basicNodeApp\node_modules\express\lib\router\layer.js:95:5)
    at trim_prefix (D:\gitHub\basicNodeApp\node_modules\express\lib\router\index.js:317:13)
    at D:\gitHub\basicNodeApp\node_modules\express\lib\router\index.js:284:7
    at Function.process_params (D:\gitHub\basicNodeApp\node_modules\express\lib\router\index.js:335:12)
    at next (D:\gitHub\basicNodeApp\node_modules\express\lib\router\index.js:275:10)
    at app.use (D:\gitHub\basicNodeApp\app.js:55:5)Error msg:  Not Found 
 data: Sun Jan 07 2018 08:20:06 GMT-0200 (Horário brasileiro de verão) stack: Error: Not Found
    at app.use (D:\gitHub\basicNodeApp\app.js:71:16)
    at Layer.handle [as handle_request] (D:\gitHub\basicNodeApp\node_modules\express\lib\router\layer.js:95:5)
    at trim_prefix (D:\gitHub\basicNodeApp\node_modules\express\lib\router\index.js:317:13)
    at D:\gitHub\basicNodeApp\node_modules\express\lib\router\index.js:284:7
    at Function.process_params (D:\gitHub\basicNodeApp\node_modules\express\lib\router\index.js:335:12)
    at next (D:\gitHub\basicNodeApp\node_modules\express\lib\router\index.js:275:10)
    at D:\gitHub\basicNodeApp\node_modules\express\lib\router\index.js:635:15
    at next (D:\gitHub\basicNodeApp\node_modules\express\lib\router\index.js:260:14)
    at Function.handle (D:\gitHub\basicNodeApp\node_modules\express\lib\router\index.js:174:3)
    at router (D:\gitHub\basicNodeApp\node_modules\express\lib\router\index.js:47:12)
    at Layer.handle [as handle_request] (D:\gitHub\basicNodeApp\node_modules\express\lib\router\layer.js:95:5)
    at trim_prefix (D:\gitHub\basicNodeApp\node_modules\express\lib\router\index.js:317:13)
    at D:\gitHub\basicNodeApp\node_modules\express\lib\router\index.js:284:7
    at Function.process_params (D:\gitHub\basicNodeApp\node_modules\express\lib\router\index.js:335:12)
    at next (D:\gitHub\basicNodeApp\node_modules\express\lib\router\index.js:275:10)
    at app.use (D:\gitHub\basicNodeApp\app.js:55:5)Error msg:  Not Found 
 data: Sun Jan 07 2018 08:20:07 GMT-0200 (Horário brasileiro de verão) stack: Error: Not Found
    at app.use (D:\gitHub\basicNodeApp\app.js:71:16)
    at Layer.handle [as handle_request] (D:\gitHub\basicNodeApp\node_modules\express\lib\router\layer.js:95:5)
    at trim_prefix (D:\gitHub\basicNodeApp\node_modules\express\lib\router\index.js:317:13)
    at D:\gitHub\basicNodeApp\node_modules\express\lib\router\index.js:284:7
    at Function.process_params (D:\gitHub\basicNodeApp\node_modules\express\lib\router\index.js:335:12)
    at next (D:\gitHub\basicNodeApp\node_modules\express\lib\router\index.js:275:10)
    at D:\gitHub\basicNodeApp\node_modules\express\lib\router\index.js:635:15
    at next (D:\gitHub\basicNodeApp\node_modules\express\lib\router\index.js:260:14)
    at Function.handle (D:\gitHub\basicNodeApp\node_modules\express\lib\router\index.js:174:3)
    at router (D:\gitHub\basicNodeApp\node_modules\express\lib\router\index.js:47:12)
    at Layer.handle [as handle_request] (D:\gitHub\basicNodeApp\node_modules\express\lib\router\layer.js:95:5)
    at trim_prefix (D:\gitHub\basicNodeApp\node_modules\express\lib\router\index.js:317:13)
    at D:\gitHub\basicNodeApp\node_modules\express\lib\router\index.js:284:7
    at Function.process_params (D:\gitHub\basicNodeApp\node_modules\express\lib\router\index.js:335:12)
    at next (D:\gitHub\basicNodeApp\node_modules\express\lib\router\index.js:275:10)
    at app.use (D:\gitHub\basicNodeApp\app.js:55:5)Error msg:  Not Found 
 data: Sun Jan 07 2018 08:20:09 GMT-0200 (Horário brasileiro de verão) stack: Error: Not Found
    at app.use (D:\gitHub\basicNodeApp\app.js:71:16)
    at Layer.handle [as handle_request] (D:\gitHub\basicNodeApp\node_modules\express\lib\router\layer.js:95:5)
    at trim_prefix (D:\gitHub\basicNodeApp\node_modules\express\lib\router\index.js:317:13)
    at D:\gitHub\basicNodeApp\node_modules\express\lib\router\index.js:284:7
    at Function.process_params (D:\gitHub\basicNodeApp\node_modules\express\lib\router\index.js:335:12)
    at next (D:\gitHub\basicNodeApp\node_modules\express\lib\router\index.js:275:10)
    at D:\gitHub\basicNodeApp\node_modules\express\lib\router\index.js:635:15
    at next (D:\gitHub\basicNodeApp\node_modules\express\lib\router\index.js:260:14)
    at Function.handle (D:\gitHub\basicNodeApp\node_modules\express\lib\router\index.js:174:3)
    at router (D:\gitHub\basicNodeApp\node_modules\express\lib\router\index.js:47:12)
    at Layer.handle [as handle_request] (D:\gitHub\basicNodeApp\node_modules\express\lib\router\layer.js:95:5)
    at trim_prefix (D:\gitHub\basicNodeApp\node_modules\express\lib\router\index.js:317:13)
    at D:\gitHub\basicNodeApp\node_modules\express\lib\router\index.js:284:7
    at Function.process_params (D:\gitHub\basicNodeApp\node_modules\express\lib\router\index.js:335:12)
    at next (D:\gitHub\basicNodeApp\node_modules\express\lib\router\index.js:275:10)
    at app.use (D:\gitHub\basicNodeApp\app.js:55:5)Error msg:  Not Found 
 data: Sun Jan 07 2018 08:20:10 GMT-0200 (Horário brasileiro de verão) stack: Error: Not Found
    at app.use (D:\gitHub\basicNodeApp\app.js:71:16)
    at Layer.handle [as handle_request] (D:\gitHub\basicNodeApp\node_modules\express\lib\router\layer.js:95:5)
    at trim_prefix (D:\gitHub\basicNodeApp\node_modules\express\lib\router\index.js:317:13)
    at D:\gitHub\basicNodeApp\node_modules\express\lib\router\index.js:284:7
    at Function.process_params (D:\gitHub\basicNodeApp\node_modules\express\lib\router\index.js:335:12)
    at next (D:\gitHub\basicNodeApp\node_modules\express\lib\router\index.js:275:10)
    at D:\gitHub\basicNodeApp\node_modules\express\lib\router\index.js:635:15
    at next (D:\gitHub\basicNodeApp\node_modules\express\lib\router\index.js:260:14)
    at Function.handle (D:\gitHub\basicNodeApp\node_modules\express\lib\router\index.js:174:3)
    at router (D:\gitHub\basicNodeApp\node_modules\express\lib\router\index.js:47:12)
    at Layer.handle [as handle_request] (D:\gitHub\basicNodeApp\node_modules\express\lib\router\layer.js:95:5)
    at trim_prefix (D:\gitHub\basicNodeApp\node_modules\express\lib\router\index.js:317:13)
    at D:\gitHub\basicNodeApp\node_modules\express\lib\router\index.js:284:7
    at Function.process_params (D:\gitHub\basicNodeApp\node_modules\express\lib\router\index.js:335:12)
    at next (D:\gitHub\basicNodeApp\node_modules\express\lib\router\index.js:275:10)
    at app.use (D:\gitHub\basicNodeApp\app.js:55:5)Error msg:  Not Found 
 data: Sun Jan 07 2018 08:20:13 GMT-0200 (Horário brasileiro de verão) stack: Error: Not Found
    at app.use (D:\gitHub\basicNodeApp\app.js:71:16)
    at Layer.handle [as handle_request] (D:\gitHub\basicNodeApp\node_modules\express\lib\router\layer.js:95:5)
    at trim_prefix (D:\gitHub\basicNodeApp\node_modules\express\lib\router\index.js:317:13)
    at D:\gitHub\basicNodeApp\node_modules\express\lib\router\index.js:284:7
    at Function.process_params (D:\gitHub\basicNodeApp\node_modules\express\lib\router\index.js:335:12)
    at next (D:\gitHub\basicNodeApp\node_modules\express\lib\router\index.js:275:10)
    at D:\gitHub\basicNodeApp\node_modules\express\lib\router\index.js:635:15
    at next (D:\gitHub\basicNodeApp\node_modules\express\lib\router\index.js:260:14)
    at Function.handle (D:\gitHub\basicNodeApp\node_modules\express\lib\router\index.js:174:3)
    at router (D:\gitHub\basicNodeApp\node_modules\express\lib\router\index.js:47:12)
    at Layer.handle [as handle_request] (D:\gitHub\basicNodeApp\node_modules\express\lib\router\layer.js:95:5)
    at trim_prefix (D:\gitHub\basicNodeApp\node_modules\express\lib\router\index.js:317:13)
    at D:\gitHub\basicNodeApp\node_modules\express\lib\router\index.js:284:7
    at Function.process_params (D:\gitHub\basicNodeApp\node_modules\express\lib\router\index.js:335:12)
    at next (D:\gitHub\basicNodeApp\node_modules\express\lib\router\index.js:275:10)
    at app.use (D:\gitHub\basicNodeApp\app.js:55:5)Error msg:  Not Found 
 data: Sun Jan 07 2018 08:20:13 GMT-0200 (Horário brasileiro de verão) stack: Error: Not Found
    at app.use (D:\gitHub\basicNodeApp\app.js:71:16)
    at Layer.handle [as handle_request] (D:\gitHub\basicNodeApp\node_modules\express\lib\router\layer.js:95:5)
    at trim_prefix (D:\gitHub\basicNodeApp\node_modules\express\lib\router\index.js:317:13)
    at D:\gitHub\basicNodeApp\node_modules\express\lib\router\index.js:284:7
    at Function.process_params (D:\gitHub\basicNodeApp\node_modules\express\lib\router\index.js:335:12)
    at next (D:\gitHub\basicNodeApp\node_modules\express\lib\router\index.js:275:10)
    at D:\gitHub\basicNodeApp\node_modules\express\lib\router\index.js:635:15
    at next (D:\gitHub\basicNodeApp\node_modules\express\lib\router\index.js:260:14)
    at Function.handle (D:\gitHub\basicNodeApp\node_modules\express\lib\router\index.js:174:3)
    at router (D:\gitHub\basicNodeApp\node_modules\express\lib\router\index.js:47:12)
    at Layer.handle [as handle_request] (D:\gitHub\basicNodeApp\node_modules\express\lib\router\layer.js:95:5)
    at trim_prefix (D:\gitHub\basicNodeApp\node_modules\express\lib\router\index.js:317:13)
    at D:\gitHub\basicNodeApp\node_modules\express\lib\router\index.js:284:7
    at Function.process_params (D:\gitHub\basicNodeApp\node_modules\express\lib\router\index.js:335:12)
    at next (D:\gitHub\basicNodeApp\node_modules\express\lib\router\index.js:275:10)
    at app.use (D:\gitHub\basicNodeApp\app.js:55:5)Error msg:  Not Found 
 data: Sun Jan 07 2018 08:20:15 GMT-0200 (Horário brasileiro de verão) stack: Error: Not Found
    at app.use (D:\gitHub\basicNodeApp\app.js:71:16)
    at Layer.handle [as handle_request] (D:\gitHub\basicNodeApp\node_modules\express\lib\router\layer.js:95:5)
    at trim_prefix (D:\gitHub\basicNodeApp\node_modules\express\lib\router\index.js:317:13)
    at D:\gitHub\basicNodeApp\node_modules\express\lib\router\index.js:284:7
    at Function.process_params (D:\gitHub\basicNodeApp\node_modules\express\lib\router\index.js:335:12)
    at next (D:\gitHub\basicNodeApp\node_modules\express\lib\router\index.js:275:10)
    at D:\gitHub\basicNodeApp\node_modules\express\lib\router\index.js:635:15
    at next (D:\gitHub\basicNodeApp\node_modules\express\lib\router\index.js:260:14)
    at Function.handle (D:\gitHub\basicNodeApp\node_modules\express\lib\router\index.js:174:3)
    at router (D:\gitHub\basicNodeApp\node_modules\express\lib\router\index.js:47:12)
    at Layer.handle [as handle_request] (D:\gitHub\basicNodeApp\node_modules\express\lib\router\layer.js:95:5)
    at trim_prefix (D:\gitHub\basicNodeApp\node_modules\express\lib\router\index.js:317:13)
    at D:\gitHub\basicNodeApp\node_modules\express\lib\router\index.js:284:7
    at Function.process_params (D:\gitHub\basicNodeApp\node_modules\express\lib\router\index.js:335:12)
    at next (D:\gitHub\basicNodeApp\node_modules\express\lib\router\index.js:275:10)
    at app.use (D:\gitHub\basicNodeApp\app.js:55:5)Error msg:  Not Found 
 data: Sun Jan 07 2018 08:20:15 GMT-0200 (Horário brasileiro de verão) stack: Error: Not Found
    at app.use (D:\gitHub\basicNodeApp\app.js:71:16)
    at Layer.handle [as handle_request] (D:\gitHub\basicNodeApp\node_modules\express\lib\router\layer.js:95:5)
    at trim_prefix (D:\gitHub\basicNodeApp\node_modules\express\lib\router\index.js:317:13)
    at D:\gitHub\basicNodeApp\node_modules\express\lib\router\index.js:284:7
    at Function.process_params (D:\gitHub\basicNodeApp\node_modules\express\lib\router\index.js:335:12)
    at next (D:\gitHub\basicNodeApp\node_modules\express\lib\router\index.js:275:10)
    at D:\gitHub\basicNodeApp\node_modules\express\lib\router\index.js:635:15
    at next (D:\gitHub\basicNodeApp\node_modules\express\lib\router\index.js:260:14)
    at Function.handle (D:\gitHub\basicNodeApp\node_modules\express\lib\router\index.js:174:3)
    at router (D:\gitHub\basicNodeApp\node_modules\express\lib\router\index.js:47:12)
    at Layer.handle [as handle_request] (D:\gitHub\basicNodeApp\node_modules\express\lib\router\layer.js:95:5)
    at trim_prefix (D:\gitHub\basicNodeApp\node_modules\express\lib\router\index.js:317:13)
    at D:\gitHub\basicNodeApp\node_modules\express\lib\router\index.js:284:7
    at Function.process_params (D:\gitHub\basicNodeApp\node_modules\express\lib\router\index.js:335:12)
    at next (D:\gitHub\basicNodeApp\node_modules\express\lib\router\index.js:275:10)
    at app.use (D:\gitHub\basicNodeApp\app.js:55:5)Error msg:  Not Found 
 data: Sun Jan 07 2018 08:20:16 GMT-0200 (Horário brasileiro de verão) stack: Error: Not Found
    at app.use (D:\gitHub\basicNodeApp\app.js:71:16)
    at Layer.handle [as handle_request] (D:\gitHub\basicNodeApp\node_modules\express\lib\router\layer.js:95:5)
    at trim_prefix (D:\gitHub\basicNodeApp\node_modules\express\lib\router\index.js:317:13)
    at D:\gitHub\basicNodeApp\node_modules\express\lib\router\index.js:284:7
    at Function.process_params (D:\gitHub\basicNodeApp\node_modules\express\lib\router\index.js:335:12)
    at next (D:\gitHub\basicNodeApp\node_modules\express\lib\router\index.js:275:10)
    at D:\gitHub\basicNodeApp\node_modules\express\lib\router\index.js:635:15
    at next (D:\gitHub\basicNodeApp\node_modules\express\lib\router\index.js:260:14)
    at Function.handle (D:\gitHub\basicNodeApp\node_modules\express\lib\router\index.js:174:3)
    at router (D:\gitHub\basicNodeApp\node_modules\express\lib\router\index.js:47:12)
    at Layer.handle [as handle_request] (D:\gitHub\basicNodeApp\node_modules\express\lib\router\layer.js:95:5)
    at trim_prefix (D:\gitHub\basicNodeApp\node_modules\express\lib\router\index.js:317:13)
    at D:\gitHub\basicNodeApp\node_modules\express\lib\router\index.js:284:7
    at Function.process_params (D:\gitHub\basicNodeApp\node_modules\express\lib\router\index.js:335:12)
    at next (D:\gitHub\basicNodeApp\node_modules\express\lib\router\index.js:275:10)
    at app.use (D:\gitHub\basicNodeApp\app.js:55:5)Error msg:  Not Found 
 data: Sun Jan 07 2018 08:20:16 GMT-0200 (Horário brasileiro de verão) stack: Error: Not Found
    at app.use (D:\gitHub\basicNodeApp\app.js:71:16)
    at Layer.handle [as handle_request] (D:\gitHub\basicNodeApp\node_modules\express\lib\router\layer.js:95:5)
    at trim_prefix (D:\gitHub\basicNodeApp\node_modules\express\lib\router\index.js:317:13)
    at D:\gitHub\basicNodeApp\node_modules\express\lib\router\index.js:284:7
    at Function.process_params (D:\gitHub\basicNodeApp\node_modules\express\lib\router\index.js:335:12)
    at next (D:\gitHub\basicNodeApp\node_modules\express\lib\router\index.js:275:10)
    at D:\gitHub\basicNodeApp\node_modules\express\lib\router\index.js:635:15
    at next (D:\gitHub\basicNodeApp\node_modules\express\lib\router\index.js:260:14)
    at Function.handle (D:\gitHub\basicNodeApp\node_modules\express\lib\router\index.js:174:3)
    at router (D:\gitHub\basicNodeApp\node_modules\express\lib\router\index.js:47:12)
    at Layer.handle [as handle_request] (D:\gitHub\basicNodeApp\node_modules\express\lib\router\layer.js:95:5)
    at trim_prefix (D:\gitHub\basicNodeApp\node_modules\express\lib\router\index.js:317:13)
    at D:\gitHub\basicNodeApp\node_modules\express\lib\router\index.js:284:7
    at Function.process_params (D:\gitHub\basicNodeApp\node_modules\express\lib\router\index.js:335:12)
    at next (D:\gitHub\basicNodeApp\node_modules\express\lib\router\index.js:275:10)
    at app.use (D:\gitHub\basicNodeApp\app.js:55:5)Error msg:  Not Found 
 data: Sun Jan 07 2018 08:20:16 GMT-0200 (Horário brasileiro de verão) stack: Error: Not Found
    at app.use (D:\gitHub\basicNodeApp\app.js:71:16)
    at Layer.handle [as handle_request] (D:\gitHub\basicNodeApp\node_modules\express\lib\router\layer.js:95:5)
    at trim_prefix (D:\gitHub\basicNodeApp\node_modules\express\lib\router\index.js:317:13)
    at D:\gitHub\basicNodeApp\node_modules\express\lib\router\index.js:284:7
    at Function.process_params (D:\gitHub\basicNodeApp\node_modules\express\lib\router\index.js:335:12)
    at next (D:\gitHub\basicNodeApp\node_modules\express\lib\router\index.js:275:10)
    at D:\gitHub\basicNodeApp\node_modules\express\lib\router\index.js:635:15
    at next (D:\gitHub\basicNodeApp\node_modules\express\lib\router\index.js:260:14)
    at Function.handle (D:\gitHub\basicNodeApp\node_modules\express\lib\router\index.js:174:3)
    at router (D:\gitHub\basicNodeApp\node_modules\express\lib\router\index.js:47:12)
    at Layer.handle [as handle_request] (D:\gitHub\basicNodeApp\node_modules\express\lib\router\layer.js:95:5)
    at trim_prefix (D:\gitHub\basicNodeApp\node_modules\express\lib\router\index.js:317:13)
    at D:\gitHub\basicNodeApp\node_modules\express\lib\router\index.js:284:7
    at Function.process_params (D:\gitHub\basicNodeApp\node_modules\express\lib\router\index.js:335:12)
    at next (D:\gitHub\basicNodeApp\node_modules\express\lib\router\index.js:275:10)
    at app.use (D:\gitHub\basicNodeApp\app.js:55:5)Error msg:  Not Found 
 data: Sun Jan 07 2018 08:20:16 GMT-0200 (Horário brasileiro de verão) stack: Error: Not Found
    at app.use (D:\gitHub\basicNodeApp\app.js:71:16)
    at Layer.handle [as handle_request] (D:\gitHub\basicNodeApp\node_modules\express\lib\router\layer.js:95:5)
    at trim_prefix (D:\gitHub\basicNodeApp\node_modules\express\lib\router\index.js:317:13)
    at D:\gitHub\basicNodeApp\node_modules\express\lib\router\index.js:284:7
    at Function.process_params (D:\gitHub\basicNodeApp\node_modules\express\lib\router\index.js:335:12)
    at next (D:\gitHub\basicNodeApp\node_modules\express\lib\router\index.js:275:10)
    at D:\gitHub\basicNodeApp\node_modules\express\lib\router\index.js:635:15
    at next (D:\gitHub\basicNodeApp\node_modules\express\lib\router\index.js:260:14)
    at Function.handle (D:\gitHub\basicNodeApp\node_modules\express\lib\router\index.js:174:3)
    at router (D:\gitHub\basicNodeApp\node_modules\express\lib\router\index.js:47:12)
    at Layer.handle [as handle_request] (D:\gitHub\basicNodeApp\node_modules\express\lib\router\layer.js:95:5)
    at trim_prefix (D:\gitHub\basicNodeApp\node_modules\express\lib\router\index.js:317:13)
    at D:\gitHub\basicNodeApp\node_modules\express\lib\router\index.js:284:7
    at Function.process_params (D:\gitHub\basicNodeApp\node_modules\express\lib\router\index.js:335:12)
    at next (D:\gitHub\basicNodeApp\node_modules\express\lib\router\index.js:275:10)
    at app.use (D:\gitHub\basicNodeApp\app.js:55:5)Error msg:  Not Found 
 data: Sun Jan 07 2018 08:20:18 GMT-0200 (Horário brasileiro de verão) stack: Error: Not Found
    at app.use (D:\gitHub\basicNodeApp\app.js:71:16)
    at Layer.handle [as handle_request] (D:\gitHub\basicNodeApp\node_modules\express\lib\router\layer.js:95:5)
    at trim_prefix (D:\gitHub\basicNodeApp\node_modules\express\lib\router\index.js:317:13)
    at D:\gitHub\basicNodeApp\node_modules\express\lib\router\index.js:284:7
    at Function.process_params (D:\gitHub\basicNodeApp\node_modules\express\lib\router\index.js:335:12)
    at next (D:\gitHub\basicNodeApp\node_modules\express\lib\router\index.js:275:10)
    at D:\gitHub\basicNodeApp\node_modules\express\lib\router\index.js:635:15
    at next (D:\gitHub\basicNodeApp\node_modules\express\lib\router\index.js:260:14)
    at Function.handle (D:\gitHub\basicNodeApp\node_modules\express\lib\router\index.js:174:3)
    at router (D:\gitHub\basicNodeApp\node_modules\express\lib\router\index.js:47:12)
    at Layer.handle [as handle_request] (D:\gitHub\basicNodeApp\node_modules\express\lib\router\layer.js:95:5)
    at trim_prefix (D:\gitHub\basicNodeApp\node_modules\express\lib\router\index.js:317:13)
    at D:\gitHub\basicNodeApp\node_modules\express\lib\router\index.js:284:7
    at Function.process_params (D:\gitHub\basicNodeApp\node_modules\express\lib\router\index.js:335:12)
    at next (D:\gitHub\basicNodeApp\node_modules\express\lib\router\index.js:275:10)
    at app.use (D:\gitHub\basicNodeApp\app.js:55:5)Error msg:  Not Found 
 data: Sun Jan 07 2018 08:20:18 GMT-0200 (Horário brasileiro de verão) stack: Error: Not Found
    at app.use (D:\gitHub\basicNodeApp\app.js:71:16)
    at Layer.handle [as handle_request] (D:\gitHub\basicNodeApp\node_modules\express\lib\router\layer.js:95:5)
    at trim_prefix (D:\gitHub\basicNodeApp\node_modules\express\lib\router\index.js:317:13)
    at D:\gitHub\basicNodeApp\node_modules\express\lib\router\index.js:284:7
    at Function.process_params (D:\gitHub\basicNodeApp\node_modules\express\lib\router\index.js:335:12)
    at next (D:\gitHub\basicNodeApp\node_modules\express\lib\router\index.js:275:10)
    at D:\gitHub\basicNodeApp\node_modules\express\lib\router\index.js:635:15
    at next (D:\gitHub\basicNodeApp\node_modules\express\lib\router\index.js:260:14)
    at Function.handle (D:\gitHub\basicNodeApp\node_modules\express\lib\router\index.js:174:3)
    at router (D:\gitHub\basicNodeApp\node_modules\express\lib\router\index.js:47:12)
    at Layer.handle [as handle_request] (D:\gitHub\basicNodeApp\node_modules\express\lib\router\layer.js:95:5)
    at trim_prefix (D:\gitHub\basicNodeApp\node_modules\express\lib\router\index.js:317:13)
    at D:\gitHub\basicNodeApp\node_modules\express\lib\router\index.js:284:7
    at Function.process_params (D:\gitHub\basicNodeApp\node_modules\express\lib\router\index.js:335:12)
    at next (D:\gitHub\basicNodeApp\node_modules\express\lib\router\index.js:275:10)
    at app.use (D:\gitHub\basicNodeApp\app.js:55:5)Error msg:  Not Found 
 data: Sun Jan 07 2018 08:20:19 GMT-0200 (Horário brasileiro de verão) stack: Error: Not Found
    at app.use (D:\gitHub\basicNodeApp\app.js:71:16)
    at Layer.handle [as handle_request] (D:\gitHub\basicNodeApp\node_modules\express\lib\router\layer.js:95:5)
    at trim_prefix (D:\gitHub\basicNodeApp\node_modules\express\lib\router\index.js:317:13)
    at D:\gitHub\basicNodeApp\node_modules\express\lib\router\index.js:284:7
    at Function.process_params (D:\gitHub\basicNodeApp\node_modules\express\lib\router\index.js:335:12)
    at next (D:\gitHub\basicNodeApp\node_modules\express\lib\router\index.js:275:10)
    at D:\gitHub\basicNodeApp\node_modules\express\lib\router\index.js:635:15
    at next (D:\gitHub\basicNodeApp\node_modules\express\lib\router\index.js:260:14)
    at Function.handle (D:\gitHub\basicNodeApp\node_modules\express\lib\router\index.js:174:3)
    at router (D:\gitHub\basicNodeApp\node_modules\express\lib\router\index.js:47:12)
    at Layer.handle [as handle_request] (D:\gitHub\basicNodeApp\node_modules\express\lib\router\layer.js:95:5)
    at trim_prefix (D:\gitHub\basicNodeApp\node_modules\express\lib\router\index.js:317:13)
    at D:\gitHub\basicNodeApp\node_modules\express\lib\router\index.js:284:7
    at Function.process_params (D:\gitHub\basicNodeApp\node_modules\express\lib\router\index.js:335:12)
    at next (D:\gitHub\basicNodeApp\node_modules\express\lib\router\index.js:275:10)
    at app.use (D:\gitHub\basicNodeApp\app.js:55:5)Error msg:  Not Found 
 data: Sun Jan 07 2018 08:20:19 GMT-0200 (Horário brasileiro de verão) stack: Error: Not Found
    at app.use (D:\gitHub\basicNodeApp\app.js:71:16)
    at Layer.handle [as handle_request] (D:\gitHub\basicNodeApp\node_modules\express\lib\router\layer.js:95:5)
    at trim_prefix (D:\gitHub\basicNodeApp\node_modules\express\lib\router\index.js:317:13)
    at D:\gitHub\basicNodeApp\node_modules\express\lib\router\index.js:284:7
    at Function.process_params (D:\gitHub\basicNodeApp\node_modules\express\lib\router\index.js:335:12)
    at next (D:\gitHub\basicNodeApp\node_modules\express\lib\router\index.js:275:10)
    at D:\gitHub\basicNodeApp\node_modules\express\lib\router\index.js:635:15
    at next (D:\gitHub\basicNodeApp\node_modules\express\lib\router\index.js:260:14)
    at Function.handle (D:\gitHub\basicNodeApp\node_modules\express\lib\router\index.js:174:3)
    at router (D:\gitHub\basicNodeApp\node_modules\express\lib\router\index.js:47:12)
    at Layer.handle [as handle_request] (D:\gitHub\basicNodeApp\node_modules\express\lib\router\layer.js:95:5)
    at trim_prefix (D:\gitHub\basicNodeApp\node_modules\express\lib\router\index.js:317:13)
    at D:\gitHub\basicNodeApp\node_modules\express\lib\router\index.js:284:7
    at Function.process_params (D:\gitHub\basicNodeApp\node_modules\express\lib\router\index.js:335:12)
    at next (D:\gitHub\basicNodeApp\node_modules\express\lib\router\index.js:275:10)
    at app.use (D:\gitHub\basicNodeApp\app.js:55:5)Error msg:  Not Found 
 data: Sun Jan 07 2018 08:20:19 GMT-0200 (Horário brasileiro de verão) stack: Error: Not Found
    at app.use (D:\gitHub\basicNodeApp\app.js:71:16)
    at Layer.handle [as handle_request] (D:\gitHub\basicNodeApp\node_modules\express\lib\router\layer.js:95:5)
    at trim_prefix (D:\gitHub\basicNodeApp\node_modules\express\lib\router\index.js:317:13)
    at D:\gitHub\basicNodeApp\node_modules\express\lib\router\index.js:284:7
    at Function.process_params (D:\gitHub\basicNodeApp\node_modules\express\lib\router\index.js:335:12)
    at next (D:\gitHub\basicNodeApp\node_modules\express\lib\router\index.js:275:10)
    at D:\gitHub\basicNodeApp\node_modules\express\lib\router\index.js:635:15
    at next (D:\gitHub\basicNodeApp\node_modules\express\lib\router\index.js:260:14)
    at Function.handle (D:\gitHub\basicNodeApp\node_modules\express\lib\router\index.js:174:3)
    at router (D:\gitHub\basicNodeApp\node_modules\express\lib\router\index.js:47:12)
    at Layer.handle [as handle_request] (D:\gitHub\basicNodeApp\node_modules\express\lib\router\layer.js:95:5)
    at trim_prefix (D:\gitHub\basicNodeApp\node_modules\express\lib\router\index.js:317:13)
    at D:\gitHub\basicNodeApp\node_modules\express\lib\router\index.js:284:7
    at Function.process_params (D:\gitHub\basicNodeApp\node_modules\express\lib\router\index.js:335:12)
    at next (D:\gitHub\basicNodeApp\node_modules\express\lib\router\index.js:275:10)
    at app.use (D:\gitHub\basicNodeApp\app.js:55:5)Error msg:  Not Found 
 data: Sun Jan 07 2018 08:20:19 GMT-0200 (Horário brasileiro de verão) stack: Error: Not Found
    at app.use (D:\gitHub\basicNodeApp\app.js:71:16)
    at Layer.handle [as handle_request] (D:\gitHub\basicNodeApp\node_modules\express\lib\router\layer.js:95:5)
    at trim_prefix (D:\gitHub\basicNodeApp\node_modules\express\lib\router\index.js:317:13)
    at D:\gitHub\basicNodeApp\node_modules\express\lib\router\index.js:284:7
    at Function.process_params (D:\gitHub\basicNodeApp\node_modules\express\lib\router\index.js:335:12)
    at next (D:\gitHub\basicNodeApp\node_modules\express\lib\router\index.js:275:10)
    at D:\gitHub\basicNodeApp\node_modules\express\lib\router\index.js:635:15
    at next (D:\gitHub\basicNodeApp\node_modules\express\lib\router\index.js:260:14)
    at Function.handle (D:\gitHub\basicNodeApp\node_modules\express\lib\router\index.js:174:3)
    at router (D:\gitHub\basicNodeApp\node_modules\express\lib\router\index.js:47:12)
    at Layer.handle [as handle_request] (D:\gitHub\basicNodeApp\node_modules\express\lib\router\layer.js:95:5)
    at trim_prefix (D:\gitHub\basicNodeApp\node_modules\express\lib\router\index.js:317:13)
    at D:\gitHub\basicNodeApp\node_modules\express\lib\router\index.js:284:7
    at Function.process_params (D:\gitHub\basicNodeApp\node_modules\express\lib\router\index.js:335:12)
    at next (D:\gitHub\basicNodeApp\node_modules\express\lib\router\index.js:275:10)
    at app.use (D:\gitHub\basicNodeApp\app.js:55:5)Error msg:  Not Found 
 data: Sun Jan 07 2018 08:20:20 GMT-0200 (Horário brasileiro de verão) stack: Error: Not Found
    at app.use (D:\gitHub\basicNodeApp\app.js:71:16)
    at Layer.handle [as handle_request] (D:\gitHub\basicNodeApp\node_modules\express\lib\router\layer.js:95:5)
    at trim_prefix (D:\gitHub\basicNodeApp\node_modules\express\lib\router\index.js:317:13)
    at D:\gitHub\basicNodeApp\node_modules\express\lib\router\index.js:284:7
    at Function.process_params (D:\gitHub\basicNodeApp\node_modules\express\lib\router\index.js:335:12)
    at next (D:\gitHub\basicNodeApp\node_modules\express\lib\router\index.js:275:10)
    at D:\gitHub\basicNodeApp\node_modules\express\lib\router\index.js:635:15
    at next (D:\gitHub\basicNodeApp\node_modules\express\lib\router\index.js:260:14)
    at Function.handle (D:\gitHub\basicNodeApp\node_modules\express\lib\router\index.js:174:3)
    at router (D:\gitHub\basicNodeApp\node_modules\express\lib\router\index.js:47:12)
    at Layer.handle [as handle_request] (D:\gitHub\basicNodeApp\node_modules\express\lib\router\layer.js:95:5)
    at trim_prefix (D:\gitHub\basicNodeApp\node_modules\express\lib\router\index.js:317:13)
    at D:\gitHub\basicNodeApp\node_modules\express\lib\router\index.js:284:7
    at Function.process_params (D:\gitHub\basicNodeApp\node_modules\express\lib\router\index.js:335:12)
    at next (D:\gitHub\basicNodeApp\node_modules\express\lib\router\index.js:275:10)
    at app.use (D:\gitHub\basicNodeApp\app.js:55:5)Error msg:  Not Found 
 data: Sun Jan 07 2018 08:20:20 GMT-0200 (Horário brasileiro de verão) stack: Error: Not Found
    at app.use (D:\gitHub\basicNodeApp\app.js:71:16)
    at Layer.handle [as handle_request] (D:\gitHub\basicNodeApp\node_modules\express\lib\router\layer.js:95:5)
    at trim_prefix (D:\gitHub\basicNodeApp\node_modules\express\lib\router\index.js:317:13)
    at D:\gitHub\basicNodeApp\node_modules\express\lib\router\index.js:284:7
    at Function.process_params (D:\gitHub\basicNodeApp\node_modules\express\lib\router\index.js:335:12)
    at next (D:\gitHub\basicNodeApp\node_modules\express\lib\router\index.js:275:10)
    at D:\gitHub\basicNodeApp\node_modules\express\lib\router\index.js:635:15
    at next (D:\gitHub\basicNodeApp\node_modules\express\lib\router\index.js:260:14)
    at Function.handle (D:\gitHub\basicNodeApp\node_modules\express\lib\router\index.js:174:3)
    at router (D:\gitHub\basicNodeApp\node_modules\express\lib\router\index.js:47:12)
    at Layer.handle [as handle_request] (D:\gitHub\basicNodeApp\node_modules\express\lib\router\layer.js:95:5)
    at trim_prefix (D:\gitHub\basicNodeApp\node_modules\express\lib\router\index.js:317:13)
    at D:\gitHub\basicNodeApp\node_modules\express\lib\router\index.js:284:7
    at Function.process_params (D:\gitHub\basicNodeApp\node_modules\express\lib\router\index.js:335:12)
    at next (D:\gitHub\basicNodeApp\node_modules\express\lib\router\index.js:275:10)
    at app.use (D:\gitHub\basicNodeApp\app.js:55:5)Error msg:  Not Found 
 data: Sun Jan 07 2018 08:20:21 GMT-0200 (Horário brasileiro de verão) stack: Error: Not Found
    at app.use (D:\gitHub\basicNodeApp\app.js:71:16)
    at Layer.handle [as handle_request] (D:\gitHub\basicNodeApp\node_modules\express\lib\router\layer.js:95:5)
    at trim_prefix (D:\gitHub\basicNodeApp\node_modules\express\lib\router\index.js:317:13)
    at D:\gitHub\basicNodeApp\node_modules\express\lib\router\index.js:284:7
    at Function.process_params (D:\gitHub\basicNodeApp\node_modules\express\lib\router\index.js:335:12)
    at next (D:\gitHub\basicNodeApp\node_modules\express\lib\router\index.js:275:10)
    at D:\gitHub\basicNodeApp\node_modules\express\lib\router\index.js:635:15
    at next (D:\gitHub\basicNodeApp\node_modules\express\lib\router\index.js:260:14)
    at Function.handle (D:\gitHub\basicNodeApp\node_modules\express\lib\router\index.js:174:3)
    at router (D:\gitHub\basicNodeApp\node_modules\express\lib\router\index.js:47:12)
    at Layer.handle [as handle_request] (D:\gitHub\basicNodeApp\node_modules\express\lib\router\layer.js:95:5)
    at trim_prefix (D:\gitHub\basicNodeApp\node_modules\express\lib\router\index.js:317:13)
    at D:\gitHub\basicNodeApp\node_modules\express\lib\router\index.js:284:7
    at Function.process_params (D:\gitHub\basicNodeApp\node_modules\express\lib\router\index.js:335:12)
    at next (D:\gitHub\basicNodeApp\node_modules\express\lib\router\index.js:275:10)
    at app.use (D:\gitHub\basicNodeApp\app.js:55:5)Error msg:  Not Found 
 data: Sun Jan 07 2018 08:20:21 GMT-0200 (Horário brasileiro de verão) stack: Error: Not Found
    at app.use (D:\gitHub\basicNodeApp\app.js:71:16)
    at Layer.handle [as handle_request] (D:\gitHub\basicNodeApp\node_modules\express\lib\router\layer.js:95:5)
    at trim_prefix (D:\gitHub\basicNodeApp\node_modules\express\lib\router\index.js:317:13)
    at D:\gitHub\basicNodeApp\node_modules\express\lib\router\index.js:284:7
    at Function.process_params (D:\gitHub\basicNodeApp\node_modules\express\lib\router\index.js:335:12)
    at next (D:\gitHub\basicNodeApp\node_modules\express\lib\router\index.js:275:10)
    at D:\gitHub\basicNodeApp\node_modules\express\lib\router\index.js:635:15
    at next (D:\gitHub\basicNodeApp\node_modules\express\lib\router\index.js:260:14)
    at Function.handle (D:\gitHub\basicNodeApp\node_modules\express\lib\router\index.js:174:3)
    at router (D:\gitHub\basicNodeApp\node_modules\express\lib\router\index.js:47:12)
    at Layer.handle [as handle_request] (D:\gitHub\basicNodeApp\node_modules\express\lib\router\layer.js:95:5)
    at trim_prefix (D:\gitHub\basicNodeApp\node_modules\express\lib\router\index.js:317:13)
    at D:\gitHub\basicNodeApp\node_modules\express\lib\router\index.js:284:7
    at Function.process_params (D:\gitHub\basicNodeApp\node_modules\express\lib\router\index.js:335:12)
    at next (D:\gitHub\basicNodeApp\node_modules\express\lib\router\index.js:275:10)
    at app.use (D:\gitHub\basicNodeApp\app.js:55:5)Error msg:  Not Found 
 data: Sun Jan 07 2018 08:20:22 GMT-0200 (Horário brasileiro de verão) stack: Error: Not Found
    at app.use (D:\gitHub\basicNodeApp\app.js:71:16)
    at Layer.handle [as handle_request] (D:\gitHub\basicNodeApp\node_modules\express\lib\router\layer.js:95:5)
    at trim_prefix (D:\gitHub\basicNodeApp\node_modules\express\lib\router\index.js:317:13)
    at D:\gitHub\basicNodeApp\node_modules\express\lib\router\index.js:284:7
    at Function.process_params (D:\gitHub\basicNodeApp\node_modules\express\lib\router\index.js:335:12)
    at next (D:\gitHub\basicNodeApp\node_modules\express\lib\router\index.js:275:10)
    at D:\gitHub\basicNodeApp\node_modules\express\lib\router\index.js:635:15
    at next (D:\gitHub\basicNodeApp\node_modules\express\lib\router\index.js:260:14)
    at Function.handle (D:\gitHub\basicNodeApp\node_modules\express\lib\router\index.js:174:3)
    at router (D:\gitHub\basicNodeApp\node_modules\express\lib\router\index.js:47:12)
    at Layer.handle [as handle_request] (D:\gitHub\basicNodeApp\node_modules\express\lib\router\layer.js:95:5)
    at trim_prefix (D:\gitHub\basicNodeApp\node_modules\express\lib\router\index.js:317:13)
    at D:\gitHub\basicNodeApp\node_modules\express\lib\router\index.js:284:7
    at Function.process_params (D:\gitHub\basicNodeApp\node_modules\express\lib\router\index.js:335:12)
    at next (D:\gitHub\basicNodeApp\node_modules\express\lib\router\index.js:275:10)
    at app.use (D:\gitHub\basicNodeApp\app.js:55:5)Error msg:  Not Found 
 data: Sun Jan 07 2018 08:20:22 GMT-0200 (Horário brasileiro de verão) stack: Error: Not Found
    at app.use (D:\gitHub\basicNodeApp\app.js:71:16)
    at Layer.handle [as handle_request] (D:\gitHub\basicNodeApp\node_modules\express\lib\router\layer.js:95:5)
    at trim_prefix (D:\gitHub\basicNodeApp\node_modules\express\lib\router\index.js:317:13)
    at D:\gitHub\basicNodeApp\node_modules\express\lib\router\index.js:284:7
    at Function.process_params (D:\gitHub\basicNodeApp\node_modules\express\lib\router\index.js:335:12)
    at next (D:\gitHub\basicNodeApp\node_modules\express\lib\router\index.js:275:10)
    at D:\gitHub\basicNodeApp\node_modules\express\lib\router\index.js:635:15
    at next (D:\gitHub\basicNodeApp\node_modules\express\lib\router\index.js:260:14)
    at Function.handle (D:\gitHub\basicNodeApp\node_modules\express\lib\router\index.js:174:3)
    at router (D:\gitHub\basicNodeApp\node_modules\express\lib\router\index.js:47:12)
    at Layer.handle [as handle_request] (D:\gitHub\basicNodeApp\node_modules\express\lib\router\layer.js:95:5)
    at trim_prefix (D:\gitHub\basicNodeApp\node_modules\express\lib\router\index.js:317:13)
    at D:\gitHub\basicNodeApp\node_modules\express\lib\router\index.js:284:7
    at Function.process_params (D:\gitHub\basicNodeApp\node_modules\express\lib\router\index.js:335:12)
    at next (D:\gitHub\basicNodeApp\node_modules\express\lib\router\index.js:275:10)
    at app.use (D:\gitHub\basicNodeApp\app.js:55:5)Error msg:  Not Found 
 data: Sun Jan 07 2018 08:20:22 GMT-0200 (Horário brasileiro de verão) stack: Error: Not Found
    at app.use (D:\gitHub\basicNodeApp\app.js:71:16)
    at Layer.handle [as handle_request] (D:\gitHub\basicNodeApp\node_modules\express\lib\router\layer.js:95:5)
    at trim_prefix (D:\gitHub\basicNodeApp\node_modules\express\lib\router\index.js:317:13)
    at D:\gitHub\basicNodeApp\node_modules\express\lib\router\index.js:284:7
    at Function.process_params (D:\gitHub\basicNodeApp\node_modules\express\lib\router\index.js:335:12)
    at next (D:\gitHub\basicNodeApp\node_modules\express\lib\router\index.js:275:10)
    at D:\gitHub\basicNodeApp\node_modules\express\lib\router\index.js:635:15
    at next (D:\gitHub\basicNodeApp\node_modules\express\lib\router\index.js:260:14)
    at Function.handle (D:\gitHub\basicNodeApp\node_modules\express\lib\router\index.js:174:3)
    at router (D:\gitHub\basicNodeApp\node_modules\express\lib\router\index.js:47:12)
    at Layer.handle [as handle_request] (D:\gitHub\basicNodeApp\node_modules\express\lib\router\layer.js:95:5)
    at trim_prefix (D:\gitHub\basicNodeApp\node_modules\express\lib\router\index.js:317:13)
    at D:\gitHub\basicNodeApp\node_modules\express\lib\router\index.js:284:7
    at Function.process_params (D:\gitHub\basicNodeApp\node_modules\express\lib\router\index.js:335:12)
    at next (D:\gitHub\basicNodeApp\node_modules\express\lib\router\index.js:275:10)
    at app.use (D:\gitHub\basicNodeApp\app.js:55:5)Error msg:  Not Found 
 data: Sun Jan 07 2018 08:20:22 GMT-0200 (Horário brasileiro de verão) stack: Error: Not Found
    at app.use (D:\gitHub\basicNodeApp\app.js:71:16)
    at Layer.handle [as handle_request] (D:\gitHub\basicNodeApp\node_modules\express\lib\router\layer.js:95:5)
    at trim_prefix (D:\gitHub\basicNodeApp\node_modules\express\lib\router\index.js:317:13)
    at D:\gitHub\basicNodeApp\node_modules\express\lib\router\index.js:284:7
    at Function.process_params (D:\gitHub\basicNodeApp\node_modules\express\lib\router\index.js:335:12)
    at next (D:\gitHub\basicNodeApp\node_modules\express\lib\router\index.js:275:10)
    at D:\gitHub\basicNodeApp\node_modules\express\lib\router\index.js:635:15
    at next (D:\gitHub\basicNodeApp\node_modules\express\lib\router\index.js:260:14)
    at Function.handle (D:\gitHub\basicNodeApp\node_modules\express\lib\router\index.js:174:3)
    at router (D:\gitHub\basicNodeApp\node_modules\express\lib\router\index.js:47:12)
    at Layer.handle [as handle_request] (D:\gitHub\basicNodeApp\node_modules\express\lib\router\layer.js:95:5)
    at trim_prefix (D:\gitHub\basicNodeApp\node_modules\express\lib\router\index.js:317:13)
    at D:\gitHub\basicNodeApp\node_modules\express\lib\router\index.js:284:7
    at Function.process_params (D:\gitHub\basicNodeApp\node_modules\express\lib\router\index.js:335:12)
    at next (D:\gitHub\basicNodeApp\node_modules\express\lib\router\index.js:275:10)
    at app.use (D:\gitHub\basicNodeApp\app.js:55:5)Error msg:  Not Found 
 data: Sun Jan 07 2018 08:20:23 GMT-0200 (Horário brasileiro de verão) stack: Error: Not Found
    at app.use (D:\gitHub\basicNodeApp\app.js:71:16)
    at Layer.handle [as handle_request] (D:\gitHub\basicNodeApp\node_modules\express\lib\router\layer.js:95:5)
    at trim_prefix (D:\gitHub\basicNodeApp\node_modules\express\lib\router\index.js:317:13)
    at D:\gitHub\basicNodeApp\node_modules\express\lib\router\index.js:284:7
    at Function.process_params (D:\gitHub\basicNodeApp\node_modules\express\lib\router\index.js:335:12)
    at next (D:\gitHub\basicNodeApp\node_modules\express\lib\router\index.js:275:10)
    at D:\gitHub\basicNodeApp\node_modules\express\lib\router\index.js:635:15
    at next (D:\gitHub\basicNodeApp\node_modules\express\lib\router\index.js:260:14)
    at Function.handle (D:\gitHub\basicNodeApp\node_modules\express\lib\router\index.js:174:3)
    at router (D:\gitHub\basicNodeApp\node_modules\express\lib\router\index.js:47:12)
    at Layer.handle [as handle_request] (D:\gitHub\basicNodeApp\node_modules\express\lib\router\layer.js:95:5)
    at trim_prefix (D:\gitHub\basicNodeApp\node_modules\express\lib\router\index.js:317:13)
    at D:\gitHub\basicNodeApp\node_modules\express\lib\router\index.js:284:7
    at Function.process_params (D:\gitHub\basicNodeApp\node_modules\express\lib\router\index.js:335:12)
    at next (D:\gitHub\basicNodeApp\node_modules\express\lib\router\index.js:275:10)
    at app.use (D:\gitHub\basicNodeApp\app.js:55:5)Error msg:  Not Found 
 data: Sun Jan 07 2018 08:20:23 GMT-0200 (Horário brasileiro de verão) stack: Error: Not Found
    at app.use (D:\gitHub\basicNodeApp\app.js:71:16)
    at Layer.handle [as handle_request] (D:\gitHub\basicNodeApp\node_modules\express\lib\router\layer.js:95:5)
    at trim_prefix (D:\gitHub\basicNodeApp\node_modules\express\lib\router\index.js:317:13)
    at D:\gitHub\basicNodeApp\node_modules\express\lib\router\index.js:284:7
    at Function.process_params (D:\gitHub\basicNodeApp\node_modules\express\lib\router\index.js:335:12)
    at next (D:\gitHub\basicNodeApp\node_modules\express\lib\router\index.js:275:10)
    at D:\gitHub\basicNodeApp\node_modules\express\lib\router\index.js:635:15
    at next (D:\gitHub\basicNodeApp\node_modules\express\lib\router\index.js:260:14)
    at Function.handle (D:\gitHub\basicNodeApp\node_modules\express\lib\router\index.js:174:3)
    at router (D:\gitHub\basicNodeApp\node_modules\express\lib\router\index.js:47:12)
    at Layer.handle [as handle_request] (D:\gitHub\basicNodeApp\node_modules\express\lib\router\layer.js:95:5)
    at trim_prefix (D:\gitHub\basicNodeApp\node_modules\express\lib\router\index.js:317:13)
    at D:\gitHub\basicNodeApp\node_modules\express\lib\router\index.js:284:7
    at Function.process_params (D:\gitHub\basicNodeApp\node_modules\express\lib\router\index.js:335:12)
    at next (D:\gitHub\basicNodeApp\node_modules\express\lib\router\index.js:275:10)
    at app.use (D:\gitHub\basicNodeApp\app.js:55:5)Error msg:  Not Found 
 data: Sun Jan 07 2018 08:20:24 GMT-0200 (Horário brasileiro de verão) stack: Error: Not Found
    at app.use (D:\gitHub\basicNodeApp\app.js:71:16)
    at Layer.handle [as handle_request] (D:\gitHub\basicNodeApp\node_modules\express\lib\router\layer.js:95:5)
    at trim_prefix (D:\gitHub\basicNodeApp\node_modules\express\lib\router\index.js:317:13)
    at D:\gitHub\basicNodeApp\node_modules\express\lib\router\index.js:284:7
    at Function.process_params (D:\gitHub\basicNodeApp\node_modules\express\lib\router\index.js:335:12)
    at next (D:\gitHub\basicNodeApp\node_modules\express\lib\router\index.js:275:10)
    at D:\gitHub\basicNodeApp\node_modules\express\lib\router\index.js:635:15
    at next (D:\gitHub\basicNodeApp\node_modules\express\lib\router\index.js:260:14)
    at Function.handle (D:\gitHub\basicNodeApp\node_modules\express\lib\router\index.js:174:3)
    at router (D:\gitHub\basicNodeApp\node_modules\express\lib\router\index.js:47:12)
    at Layer.handle [as handle_request] (D:\gitHub\basicNodeApp\node_modules\express\lib\router\layer.js:95:5)
    at trim_prefix (D:\gitHub\basicNodeApp\node_modules\express\lib\router\index.js:317:13)
    at D:\gitHub\basicNodeApp\node_modules\express\lib\router\index.js:284:7
    at Function.process_params (D:\gitHub\basicNodeApp\node_modules\express\lib\router\index.js:335:12)
    at next (D:\gitHub\basicNodeApp\node_modules\express\lib\router\index.js:275:10)
    at app.use (D:\gitHub\basicNodeApp\app.js:55:5)Error msg:  Not Found 
 data: Sun Jan 07 2018 08:20:24 GMT-0200 (Horário brasileiro de verão) stack: Error: Not Found
    at app.use (D:\gitHub\basicNodeApp\app.js:71:16)
    at Layer.handle [as handle_request] (D:\gitHub\basicNodeApp\node_modules\express\lib\router\layer.js:95:5)
    at trim_prefix (D:\gitHub\basicNodeApp\node_modules\express\lib\router\index.js:317:13)
    at D:\gitHub\basicNodeApp\node_modules\express\lib\router\index.js:284:7
    at Function.process_params (D:\gitHub\basicNodeApp\node_modules\express\lib\router\index.js:335:12)
    at next (D:\gitHub\basicNodeApp\node_modules\express\lib\router\index.js:275:10)
    at D:\gitHub\basicNodeApp\node_modules\express\lib\router\index.js:635:15
    at next (D:\gitHub\basicNodeApp\node_modules\express\lib\router\index.js:260:14)
    at Function.handle (D:\gitHub\basicNodeApp\node_modules\express\lib\router\index.js:174:3)
    at router (D:\gitHub\basicNodeApp\node_modules\express\lib\router\index.js:47:12)
    at Layer.handle [as handle_request] (D:\gitHub\basicNodeApp\node_modules\express\lib\router\layer.js:95:5)
    at trim_prefix (D:\gitHub\basicNodeApp\node_modules\express\lib\router\index.js:317:13)
    at D:\gitHub\basicNodeApp\node_modules\express\lib\router\index.js:284:7
    at Function.process_params (D:\gitHub\basicNodeApp\node_modules\express\lib\router\index.js:335:12)
    at next (D:\gitHub\basicNodeApp\node_modules\express\lib\router\index.js:275:10)
    at app.use (D:\gitHub\basicNodeApp\app.js:55:5)Error msg:  Not Found 
 data: Sun Jan 07 2018 08:20:25 GMT-0200 (Horário brasileiro de verão) stack: Error: Not Found
    at app.use (D:\gitHub\basicNodeApp\app.js:71:16)
    at Layer.handle [as handle_request] (D:\gitHub\basicNodeApp\node_modules\express\lib\router\layer.js:95:5)
    at trim_prefix (D:\gitHub\basicNodeApp\node_modules\express\lib\router\index.js:317:13)
    at D:\gitHub\basicNodeApp\node_modules\express\lib\router\index.js:284:7
    at Function.process_params (D:\gitHub\basicNodeApp\node_modules\express\lib\router\index.js:335:12)
    at next (D:\gitHub\basicNodeApp\node_modules\express\lib\router\index.js:275:10)
    at D:\gitHub\basicNodeApp\node_modules\express\lib\router\index.js:635:15
    at next (D:\gitHub\basicNodeApp\node_modules\express\lib\router\index.js:260:14)
    at Function.handle (D:\gitHub\basicNodeApp\node_modules\express\lib\router\index.js:174:3)
    at router (D:\gitHub\basicNodeApp\node_modules\express\lib\router\index.js:47:12)
    at Layer.handle [as handle_request] (D:\gitHub\basicNodeApp\node_modules\express\lib\router\layer.js:95:5)
    at trim_prefix (D:\gitHub\basicNodeApp\node_modules\express\lib\router\index.js:317:13)
    at D:\gitHub\basicNodeApp\node_modules\express\lib\router\index.js:284:7
    at Function.process_params (D:\gitHub\basicNodeApp\node_modules\express\lib\router\index.js:335:12)
    at next (D:\gitHub\basicNodeApp\node_modules\express\lib\router\index.js:275:10)
    at app.use (D:\gitHub\basicNodeApp\app.js:55:5)Error msg:  Not Found 
 data: Sun Jan 07 2018 08:20:25 GMT-0200 (Horário brasileiro de verão) stack: Error: Not Found
    at app.use (D:\gitHub\basicNodeApp\app.js:71:16)
    at Layer.handle [as handle_request] (D:\gitHub\basicNodeApp\node_modules\express\lib\router\layer.js:95:5)
    at trim_prefix (D:\gitHub\basicNodeApp\node_modules\express\lib\router\index.js:317:13)
    at D:\gitHub\basicNodeApp\node_modules\express\lib\router\index.js:284:7
    at Function.process_params (D:\gitHub\basicNodeApp\node_modules\express\lib\router\index.js:335:12)
    at next (D:\gitHub\basicNodeApp\node_modules\express\lib\router\index.js:275:10)
    at D:\gitHub\basicNodeApp\node_modules\express\lib\router\index.js:635:15
    at next (D:\gitHub\basicNodeApp\node_modules\express\lib\router\index.js:260:14)
    at Function.handle (D:\gitHub\basicNodeApp\node_modules\express\lib\router\index.js:174:3)
    at router (D:\gitHub\basicNodeApp\node_modules\express\lib\router\index.js:47:12)
    at Layer.handle [as handle_request] (D:\gitHub\basicNodeApp\node_modules\express\lib\router\layer.js:95:5)
    at trim_prefix (D:\gitHub\basicNodeApp\node_modules\express\lib\router\index.js:317:13)
    at D:\gitHub\basicNodeApp\node_modules\express\lib\router\index.js:284:7
    at Function.process_params (D:\gitHub\basicNodeApp\node_modules\express\lib\router\index.js:335:12)
    at next (D:\gitHub\basicNodeApp\node_modules\express\lib\router\index.js:275:10)
    at app.use (D:\gitHub\basicNodeApp\app.js:55:5)Error msg:  Not Found 
 data: Sun Jan 07 2018 08:20:25 GMT-0200 (Horário brasileiro de verão) stack: Error: Not Found
    at app.use (D:\gitHub\basicNodeApp\app.js:71:16)
    at Layer.handle [as handle_request] (D:\gitHub\basicNodeApp\node_modules\express\lib\router\layer.js:95:5)
    at trim_prefix (D:\gitHub\basicNodeApp\node_modules\express\lib\router\index.js:317:13)
    at D:\gitHub\basicNodeApp\node_modules\express\lib\router\index.js:284:7
    at Function.process_params (D:\gitHub\basicNodeApp\node_modules\express\lib\router\index.js:335:12)
    at next (D:\gitHub\basicNodeApp\node_modules\express\lib\router\index.js:275:10)
    at D:\gitHub\basicNodeApp\node_modules\express\lib\router\index.js:635:15
    at next (D:\gitHub\basicNodeApp\node_modules\express\lib\router\index.js:260:14)
    at Function.handle (D:\gitHub\basicNodeApp\node_modules\express\lib\router\index.js:174:3)
    at router (D:\gitHub\basicNodeApp\node_modules\express\lib\router\index.js:47:12)
    at Layer.handle [as handle_request] (D:\gitHub\basicNodeApp\node_modules\express\lib\router\layer.js:95:5)
    at trim_prefix (D:\gitHub\basicNodeApp\node_modules\express\lib\router\index.js:317:13)
    at D:\gitHub\basicNodeApp\node_modules\express\lib\router\index.js:284:7
    at Function.process_params (D:\gitHub\basicNodeApp\node_modules\express\lib\router\index.js:335:12)
    at next (D:\gitHub\basicNodeApp\node_modules\express\lib\router\index.js:275:10)
    at app.use (D:\gitHub\basicNodeApp\app.js:55:5)Error msg:  Not Found 
 data: Sun Jan 07 2018 08:20:25 GMT-0200 (Horário brasileiro de verão) stack: Error: Not Found
    at app.use (D:\gitHub\basicNodeApp\app.js:71:16)
    at Layer.handle [as handle_request] (D:\gitHub\basicNodeApp\node_modules\express\lib\router\layer.js:95:5)
    at trim_prefix (D:\gitHub\basicNodeApp\node_modules\express\lib\router\index.js:317:13)
    at D:\gitHub\basicNodeApp\node_modules\express\lib\router\index.js:284:7
    at Function.process_params (D:\gitHub\basicNodeApp\node_modules\express\lib\router\index.js:335:12)
    at next (D:\gitHub\basicNodeApp\node_modules\express\lib\router\index.js:275:10)
    at D:\gitHub\basicNodeApp\node_modules\express\lib\router\index.js:635:15
    at next (D:\gitHub\basicNodeApp\node_modules\express\lib\router\index.js:260:14)
    at Function.handle (D:\gitHub\basicNodeApp\node_modules\express\lib\router\index.js:174:3)
    at router (D:\gitHub\basicNodeApp\node_modules\express\lib\router\index.js:47:12)
    at Layer.handle [as handle_request] (D:\gitHub\basicNodeApp\node_modules\express\lib\router\layer.js:95:5)
    at trim_prefix (D:\gitHub\basicNodeApp\node_modules\express\lib\router\index.js:317:13)
    at D:\gitHub\basicNodeApp\node_modules\express\lib\router\index.js:284:7
    at Function.process_params (D:\gitHub\basicNodeApp\node_modules\express\lib\router\index.js:335:12)
    at next (D:\gitHub\basicNodeApp\node_modules\express\lib\router\index.js:275:10)
    at app.use (D:\gitHub\basicNodeApp\app.js:55:5)Error msg:  Not Found 
 data: Sun Jan 07 2018 08:20:26 GMT-0200 (Horário brasileiro de verão) stack: Error: Not Found
    at app.use (D:\gitHub\basicNodeApp\app.js:71:16)
    at Layer.handle [as handle_request] (D:\gitHub\basicNodeApp\node_modules\express\lib\router\layer.js:95:5)
    at trim_prefix (D:\gitHub\basicNodeApp\node_modules\express\lib\router\index.js:317:13)
    at D:\gitHub\basicNodeApp\node_modules\express\lib\router\index.js:284:7
    at Function.process_params (D:\gitHub\basicNodeApp\node_modules\express\lib\router\index.js:335:12)
    at next (D:\gitHub\basicNodeApp\node_modules\express\lib\router\index.js:275:10)
    at D:\gitHub\basicNodeApp\node_modules\express\lib\router\index.js:635:15
    at next (D:\gitHub\basicNodeApp\node_modules\express\lib\router\index.js:260:14)
    at Function.handle (D:\gitHub\basicNodeApp\node_modules\express\lib\router\index.js:174:3)
    at router (D:\gitHub\basicNodeApp\node_modules\express\lib\router\index.js:47:12)
    at Layer.handle [as handle_request] (D:\gitHub\basicNodeApp\node_modules\express\lib\router\layer.js:95:5)
    at trim_prefix (D:\gitHub\basicNodeApp\node_modules\express\lib\router\index.js:317:13)
    at D:\gitHub\basicNodeApp\node_modules\express\lib\router\index.js:284:7
    at Function.process_params (D:\gitHub\basicNodeApp\node_modules\express\lib\router\index.js:335:12)
    at next (D:\gitHub\basicNodeApp\node_modules\express\lib\router\index.js:275:10)
    at app.use (D:\gitHub\basicNodeApp\app.js:55:5)Error msg:  Not Found 
 data: Sun Jan 07 2018 08:20:26 GMT-0200 (Horário brasileiro de verão) stack: Error: Not Found
    at app.use (D:\gitHub\basicNodeApp\app.js:71:16)
    at Layer.handle [as handle_request] (D:\gitHub\basicNodeApp\node_modules\express\lib\router\layer.js:95:5)
    at trim_prefix (D:\gitHub\basicNodeApp\node_modules\express\lib\router\index.js:317:13)
    at D:\gitHub\basicNodeApp\node_modules\express\lib\router\index.js:284:7
    at Function.process_params (D:\gitHub\basicNodeApp\node_modules\express\lib\router\index.js:335:12)
    at next (D:\gitHub\basicNodeApp\node_modules\express\lib\router\index.js:275:10)
    at D:\gitHub\basicNodeApp\node_modules\express\lib\router\index.js:635:15
    at next (D:\gitHub\basicNodeApp\node_modules\express\lib\router\index.js:260:14)
    at Function.handle (D:\gitHub\basicNodeApp\node_modules\express\lib\router\index.js:174:3)
    at router (D:\gitHub\basicNodeApp\node_modules\express\lib\router\index.js:47:12)
    at Layer.handle [as handle_request] (D:\gitHub\basicNodeApp\node_modules\express\lib\router\layer.js:95:5)
    at trim_prefix (D:\gitHub\basicNodeApp\node_modules\express\lib\router\index.js:317:13)
    at D:\gitHub\basicNodeApp\node_modules\express\lib\router\index.js:284:7
    at Function.process_params (D:\gitHub\basicNodeApp\node_modules\express\lib\router\index.js:335:12)
    at next (D:\gitHub\basicNodeApp\node_modules\express\lib\router\index.js:275:10)
    at app.use (D:\gitHub\basicNodeApp\app.js:55:5)Error msg:  Not Found 
 data: Sun Jan 07 2018 08:20:27 GMT-0200 (Horário brasileiro de verão) stack: Error: Not Found
    at app.use (D:\gitHub\basicNodeApp\app.js:71:16)
    at Layer.handle [as handle_request] (D:\gitHub\basicNodeApp\node_modules\express\lib\router\layer.js:95:5)
    at trim_prefix (D:\gitHub\basicNodeApp\node_modules\express\lib\router\index.js:317:13)
    at D:\gitHub\basicNodeApp\node_modules\express\lib\router\index.js:284:7
    at Function.process_params (D:\gitHub\basicNodeApp\node_modules\express\lib\router\index.js:335:12)
    at next (D:\gitHub\basicNodeApp\node_modules\express\lib\router\index.js:275:10)
    at D:\gitHub\basicNodeApp\node_modules\express\lib\router\index.js:635:15
    at next (D:\gitHub\basicNodeApp\node_modules\express\lib\router\index.js:260:14)
    at Function.handle (D:\gitHub\basicNodeApp\node_modules\express\lib\router\index.js:174:3)
    at router (D:\gitHub\basicNodeApp\node_modules\express\lib\router\index.js:47:12)
    at Layer.handle [as handle_request] (D:\gitHub\basicNodeApp\node_modules\express\lib\router\layer.js:95:5)
    at trim_prefix (D:\gitHub\basicNodeApp\node_modules\express\lib\router\index.js:317:13)
    at D:\gitHub\basicNodeApp\node_modules\express\lib\router\index.js:284:7
    at Function.process_params (D:\gitHub\basicNodeApp\node_modules\express\lib\router\index.js:335:12)
    at next (D:\gitHub\basicNodeApp\node_modules\express\lib\router\index.js:275:10)
    at app.use (D:\gitHub\basicNodeApp\app.js:55:5)Error msg:  Not Found 
 data: Sun Jan 07 2018 08:20:27 GMT-0200 (Horário brasileiro de verão) stack: Error: Not Found
    at app.use (D:\gitHub\basicNodeApp\app.js:71:16)
    at Layer.handle [as handle_request] (D:\gitHub\basicNodeApp\node_modules\express\lib\router\layer.js:95:5)
    at trim_prefix (D:\gitHub\basicNodeApp\node_modules\express\lib\router\index.js:317:13)
    at D:\gitHub\basicNodeApp\node_modules\express\lib\router\index.js:284:7
    at Function.process_params (D:\gitHub\basicNodeApp\node_modules\express\lib\router\index.js:335:12)
    at next (D:\gitHub\basicNodeApp\node_modules\express\lib\router\index.js:275:10)
    at D:\gitHub\basicNodeApp\node_modules\express\lib\router\index.js:635:15
    at next (D:\gitHub\basicNodeApp\node_modules\express\lib\router\index.js:260:14)
    at Function.handle (D:\gitHub\basicNodeApp\node_modules\express\lib\router\index.js:174:3)
    at router (D:\gitHub\basicNodeApp\node_modules\express\lib\router\index.js:47:12)
    at Layer.handle [as handle_request] (D:\gitHub\basicNodeApp\node_modules\express\lib\router\layer.js:95:5)
    at trim_prefix (D:\gitHub\basicNodeApp\node_modules\express\lib\router\index.js:317:13)
    at D:\gitHub\basicNodeApp\node_modules\express\lib\router\index.js:284:7
    at Function.process_params (D:\gitHub\basicNodeApp\node_modules\express\lib\router\index.js:335:12)
    at next (D:\gitHub\basicNodeApp\node_modules\express\lib\router\index.js:275:10)
    at app.use (D:\gitHub\basicNodeApp\app.js:55:5)Error msg:  Not Found 
 data: Sun Jan 07 2018 08:20:28 GMT-0200 (Horário brasileiro de verão) stack: Error: Not Found
    at app.use (D:\gitHub\basicNodeApp\app.js:71:16)
    at Layer.handle [as handle_request] (D:\gitHub\basicNodeApp\node_modules\express\lib\router\layer.js:95:5)
    at trim_prefix (D:\gitHub\basicNodeApp\node_modules\express\lib\router\index.js:317:13)
    at D:\gitHub\basicNodeApp\node_modules\express\lib\router\index.js:284:7
    at Function.process_params (D:\gitHub\basicNodeApp\node_modules\express\lib\router\index.js:335:12)
    at next (D:\gitHub\basicNodeApp\node_modules\express\lib\router\index.js:275:10)
    at D:\gitHub\basicNodeApp\node_modules\express\lib\router\index.js:635:15
    at next (D:\gitHub\basicNodeApp\node_modules\express\lib\router\index.js:260:14)
    at Function.handle (D:\gitHub\basicNodeApp\node_modules\express\lib\router\index.js:174:3)
    at router (D:\gitHub\basicNodeApp\node_modules\express\lib\router\index.js:47:12)
    at Layer.handle [as handle_request] (D:\gitHub\basicNodeApp\node_modules\express\lib\router\layer.js:95:5)
    at trim_prefix (D:\gitHub\basicNodeApp\node_modules\express\lib\router\index.js:317:13)
    at D:\gitHub\basicNodeApp\node_modules\express\lib\router\index.js:284:7
    at Function.process_params (D:\gitHub\basicNodeApp\node_modules\express\lib\router\index.js:335:12)
    at next (D:\gitHub\basicNodeApp\node_modules\express\lib\router\index.js:275:10)
    at app.use (D:\gitHub\basicNodeApp\app.js:55:5)Error msg:  Not Found 
 data: Sun Jan 07 2018 08:20:28 GMT-0200 (Horário brasileiro de verão) stack: Error: Not Found
    at app.use (D:\gitHub\basicNodeApp\app.js:71:16)
    at Layer.handle [as handle_request] (D:\gitHub\basicNodeApp\node_modules\express\lib\router\layer.js:95:5)
    at trim_prefix (D:\gitHub\basicNodeApp\node_modules\express\lib\router\index.js:317:13)
    at D:\gitHub\basicNodeApp\node_modules\express\lib\router\index.js:284:7
    at Function.process_params (D:\gitHub\basicNodeApp\node_modules\express\lib\router\index.js:335:12)
    at next (D:\gitHub\basicNodeApp\node_modules\express\lib\router\index.js:275:10)
    at D:\gitHub\basicNodeApp\node_modules\express\lib\router\index.js:635:15
    at next (D:\gitHub\basicNodeApp\node_modules\express\lib\router\index.js:260:14)
    at Function.handle (D:\gitHub\basicNodeApp\node_modules\express\lib\router\index.js:174:3)
    at router (D:\gitHub\basicNodeApp\node_modules\express\lib\router\index.js:47:12)
    at Layer.handle [as handle_request] (D:\gitHub\basicNodeApp\node_modules\express\lib\router\layer.js:95:5)
    at trim_prefix (D:\gitHub\basicNodeApp\node_modules\express\lib\router\index.js:317:13)
    at D:\gitHub\basicNodeApp\node_modules\express\lib\router\index.js:284:7
    at Function.process_params (D:\gitHub\basicNodeApp\node_modules\express\lib\router\index.js:335:12)
    at next (D:\gitHub\basicNodeApp\node_modules\express\lib\router\index.js:275:10)
    at app.use (D:\gitHub\basicNodeApp\app.js:55:5)Error msg:  Not Found 
 data: Sun Jan 07 2018 08:20:28 GMT-0200 (Horário brasileiro de verão) stack: Error: Not Found
    at app.use (D:\gitHub\basicNodeApp\app.js:71:16)
    at Layer.handle [as handle_request] (D:\gitHub\basicNodeApp\node_modules\express\lib\router\layer.js:95:5)
    at trim_prefix (D:\gitHub\basicNodeApp\node_modules\express\lib\router\index.js:317:13)
    at D:\gitHub\basicNodeApp\node_modules\express\lib\router\index.js:284:7
    at Function.process_params (D:\gitHub\basicNodeApp\node_modules\express\lib\router\index.js:335:12)
    at next (D:\gitHub\basicNodeApp\node_modules\express\lib\router\index.js:275:10)
    at D:\gitHub\basicNodeApp\node_modules\express\lib\router\index.js:635:15
    at next (D:\gitHub\basicNodeApp\node_modules\express\lib\router\index.js:260:14)
    at Function.handle (D:\gitHub\basicNodeApp\node_modules\express\lib\router\index.js:174:3)
    at router (D:\gitHub\basicNodeApp\node_modules\express\lib\router\index.js:47:12)
    at Layer.handle [as handle_request] (D:\gitHub\basicNodeApp\node_modules\express\lib\router\layer.js:95:5)
    at trim_prefix (D:\gitHub\basicNodeApp\node_modules\express\lib\router\index.js:317:13)
    at D:\gitHub\basicNodeApp\node_modules\express\lib\router\index.js:284:7
    at Function.process_params (D:\gitHub\basicNodeApp\node_modules\express\lib\router\index.js:335:12)
    at next (D:\gitHub\basicNodeApp\node_modules\express\lib\router\index.js:275:10)
    at app.use (D:\gitHub\basicNodeApp\app.js:55:5)Error msg:  Not Found 
 data: Sun Jan 07 2018 08:20:28 GMT-0200 (Horário brasileiro de verão) stack: Error: Not Found
    at app.use (D:\gitHub\basicNodeApp\app.js:71:16)
    at Layer.handle [as handle_request] (D:\gitHub\basicNodeApp\node_modules\express\lib\router\layer.js:95:5)
    at trim_prefix (D:\gitHub\basicNodeApp\node_modules\express\lib\router\index.js:317:13)
    at D:\gitHub\basicNodeApp\node_modules\express\lib\router\index.js:284:7
    at Function.process_params (D:\gitHub\basicNodeApp\node_modules\express\lib\router\index.js:335:12)
    at next (D:\gitHub\basicNodeApp\node_modules\express\lib\router\index.js:275:10)
    at D:\gitHub\basicNodeApp\node_modules\express\lib\router\index.js:635:15
    at next (D:\gitHub\basicNodeApp\node_modules\express\lib\router\index.js:260:14)
    at Function.handle (D:\gitHub\basicNodeApp\node_modules\express\lib\router\index.js:174:3)
    at router (D:\gitHub\basicNodeApp\node_modules\express\lib\router\index.js:47:12)
    at Layer.handle [as handle_request] (D:\gitHub\basicNodeApp\node_modules\express\lib\router\layer.js:95:5)
    at trim_prefix (D:\gitHub\basicNodeApp\node_modules\express\lib\router\index.js:317:13)
    at D:\gitHub\basicNodeApp\node_modules\express\lib\router\index.js:284:7
    at Function.process_params (D:\gitHub\basicNodeApp\node_modules\express\lib\router\index.js:335:12)
    at next (D:\gitHub\basicNodeApp\node_modules\express\lib\router\index.js:275:10)
    at app.use (D:\gitHub\basicNodeApp\app.js:55:5)Error msg:  Not Found 
 data: Sun Jan 07 2018 08:20:29 GMT-0200 (Horário brasileiro de verão) stack: Error: Not Found
    at app.use (D:\gitHub\basicNodeApp\app.js:71:16)
    at Layer.handle [as handle_request] (D:\gitHub\basicNodeApp\node_modules\express\lib\router\layer.js:95:5)
    at trim_prefix (D:\gitHub\basicNodeApp\node_modules\express\lib\router\index.js:317:13)
    at D:\gitHub\basicNodeApp\node_modules\express\lib\router\index.js:284:7
    at Function.process_params (D:\gitHub\basicNodeApp\node_modules\express\lib\router\index.js:335:12)
    at next (D:\gitHub\basicNodeApp\node_modules\express\lib\router\index.js:275:10)
    at D:\gitHub\basicNodeApp\node_modules\express\lib\router\index.js:635:15
    at next (D:\gitHub\basicNodeApp\node_modules\express\lib\router\index.js:260:14)
    at Function.handle (D:\gitHub\basicNodeApp\node_modules\express\lib\router\index.js:174:3)
    at router (D:\gitHub\basicNodeApp\node_modules\express\lib\router\index.js:47:12)
    at Layer.handle [as handle_request] (D:\gitHub\basicNodeApp\node_modules\express\lib\router\layer.js:95:5)
    at trim_prefix (D:\gitHub\basicNodeApp\node_modules\express\lib\router\index.js:317:13)
    at D:\gitHub\basicNodeApp\node_modules\express\lib\router\index.js:284:7
    at Function.process_params (D:\gitHub\basicNodeApp\node_modules\express\lib\router\index.js:335:12)
    at next (D:\gitHub\basicNodeApp\node_modules\express\lib\router\index.js:275:10)
    at app.use (D:\gitHub\basicNodeApp\app.js:55:5)Error msg:  Not Found 
 data: Sun Jan 07 2018 08:20:29 GMT-0200 (Horário brasileiro de verão) stack: Error: Not Found
    at app.use (D:\gitHub\basicNodeApp\app.js:71:16)
    at Layer.handle [as handle_request] (D:\gitHub\basicNodeApp\node_modules\express\lib\router\layer.js:95:5)
    at trim_prefix (D:\gitHub\basicNodeApp\node_modules\express\lib\router\index.js:317:13)
    at D:\gitHub\basicNodeApp\node_modules\express\lib\router\index.js:284:7
    at Function.process_params (D:\gitHub\basicNodeApp\node_modules\express\lib\router\index.js:335:12)
    at next (D:\gitHub\basicNodeApp\node_modules\express\lib\router\index.js:275:10)
    at D:\gitHub\basicNodeApp\node_modules\express\lib\router\index.js:635:15
    at next (D:\gitHub\basicNodeApp\node_modules\express\lib\router\index.js:260:14)
    at Function.handle (D:\gitHub\basicNodeApp\node_modules\express\lib\router\index.js:174:3)
    at router (D:\gitHub\basicNodeApp\node_modules\express\lib\router\index.js:47:12)
    at Layer.handle [as handle_request] (D:\gitHub\basicNodeApp\node_modules\express\lib\router\layer.js:95:5)
    at trim_prefix (D:\gitHub\basicNodeApp\node_modules\express\lib\router\index.js:317:13)
    at D:\gitHub\basicNodeApp\node_modules\express\lib\router\index.js:284:7
    at Function.process_params (D:\gitHub\basicNodeApp\node_modules\express\lib\router\index.js:335:12)
    at next (D:\gitHub\basicNodeApp\node_modules\express\lib\router\index.js:275:10)
    at app.use (D:\gitHub\basicNodeApp\app.js:55:5)Error msg:  Not Found 
 data: Sun Jan 07 2018 08:20:31 GMT-0200 (Horário brasileiro de verão) stack: Error: Not Found
    at app.use (D:\gitHub\basicNodeApp\app.js:71:16)
    at Layer.handle [as handle_request] (D:\gitHub\basicNodeApp\node_modules\express\lib\router\layer.js:95:5)
    at trim_prefix (D:\gitHub\basicNodeApp\node_modules\express\lib\router\index.js:317:13)
    at D:\gitHub\basicNodeApp\node_modules\express\lib\router\index.js:284:7
    at Function.process_params (D:\gitHub\basicNodeApp\node_modules\express\lib\router\index.js:335:12)
    at next (D:\gitHub\basicNodeApp\node_modules\express\lib\router\index.js:275:10)
    at D:\gitHub\basicNodeApp\node_modules\express\lib\router\index.js:635:15
    at next (D:\gitHub\basicNodeApp\node_modules\express\lib\router\index.js:260:14)
    at Function.handle (D:\gitHub\basicNodeApp\node_modules\express\lib\router\index.js:174:3)
    at router (D:\gitHub\basicNodeApp\node_modules\express\lib\router\index.js:47:12)
    at Layer.handle [as handle_request] (D:\gitHub\basicNodeApp\node_modules\express\lib\router\layer.js:95:5)
    at trim_prefix (D:\gitHub\basicNodeApp\node_modules\express\lib\router\index.js:317:13)
    at D:\gitHub\basicNodeApp\node_modules\express\lib\router\index.js:284:7
    at Function.process_params (D:\gitHub\basicNodeApp\node_modules\express\lib\router\index.js:335:12)
    at next (D:\gitHub\basicNodeApp\node_modules\express\lib\router\index.js:275:10)
    at app.use (D:\gitHub\basicNodeApp\app.js:55:5)Error msg:  Not Found 
 data: Sun Jan 07 2018 08:20:31 GMT-0200 (Horário brasileiro de verão) stack: Error: Not Found
    at app.use (D:\gitHub\basicNodeApp\app.js:71:16)
    at Layer.handle [as handle_request] (D:\gitHub\basicNodeApp\node_modules\express\lib\router\layer.js:95:5)
    at trim_prefix (D:\gitHub\basicNodeApp\node_modules\express\lib\router\index.js:317:13)
    at D:\gitHub\basicNodeApp\node_modules\express\lib\router\index.js:284:7
    at Function.process_params (D:\gitHub\basicNodeApp\node_modules\express\lib\router\index.js:335:12)
    at next (D:\gitHub\basicNodeApp\node_modules\express\lib\router\index.js:275:10)
    at D:\gitHub\basicNodeApp\node_modules\express\lib\router\index.js:635:15
    at next (D:\gitHub\basicNodeApp\node_modules\express\lib\router\index.js:260:14)
    at Function.handle (D:\gitHub\basicNodeApp\node_modules\express\lib\router\index.js:174:3)
    at router (D:\gitHub\basicNodeApp\node_modules\express\lib\router\index.js:47:12)
    at Layer.handle [as handle_request] (D:\gitHub\basicNodeApp\node_modules\express\lib\router\layer.js:95:5)
    at trim_prefix (D:\gitHub\basicNodeApp\node_modules\express\lib\router\index.js:317:13)
    at D:\gitHub\basicNodeApp\node_modules\express\lib\router\index.js:284:7
    at Function.process_params (D:\gitHub\basicNodeApp\node_modules\express\lib\router\index.js:335:12)
    at next (D:\gitHub\basicNodeApp\node_modules\express\lib\router\index.js:275:10)
    at app.use (D:\gitHub\basicNodeApp\app.js:55:5)Error msg:  Not Found 
 data: Sun Jan 07 2018 08:20:31 GMT-0200 (Horário brasileiro de verão) stack: Error: Not Found
    at app.use (D:\gitHub\basicNodeApp\app.js:71:16)
    at Layer.handle [as handle_request] (D:\gitHub\basicNodeApp\node_modules\express\lib\router\layer.js:95:5)
    at trim_prefix (D:\gitHub\basicNodeApp\node_modules\express\lib\router\index.js:317:13)
    at D:\gitHub\basicNodeApp\node_modules\express\lib\router\index.js:284:7
    at Function.process_params (D:\gitHub\basicNodeApp\node_modules\express\lib\router\index.js:335:12)
    at next (D:\gitHub\basicNodeApp\node_modules\express\lib\router\index.js:275:10)
    at D:\gitHub\basicNodeApp\node_modules\express\lib\router\index.js:635:15
    at next (D:\gitHub\basicNodeApp\node_modules\express\lib\router\index.js:260:14)
    at Function.handle (D:\gitHub\basicNodeApp\node_modules\express\lib\router\index.js:174:3)
    at router (D:\gitHub\basicNodeApp\node_modules\express\lib\router\index.js:47:12)
    at Layer.handle [as handle_request] (D:\gitHub\basicNodeApp\node_modules\express\lib\router\layer.js:95:5)
    at trim_prefix (D:\gitHub\basicNodeApp\node_modules\express\lib\router\index.js:317:13)
    at D:\gitHub\basicNodeApp\node_modules\express\lib\router\index.js:284:7
    at Function.process_params (D:\gitHub\basicNodeApp\node_modules\express\lib\router\index.js:335:12)
    at next (D:\gitHub\basicNodeApp\node_modules\express\lib\router\index.js:275:10)
    at app.use (D:\gitHub\basicNodeApp\app.js:55:5)Error msg:  Not Found 
 data: Sun Jan 07 2018 08:20:31 GMT-0200 (Horário brasileiro de verão) stack: Error: Not Found
    at app.use (D:\gitHub\basicNodeApp\app.js:71:16)
    at Layer.handle [as handle_request] (D:\gitHub\basicNodeApp\node_modules\express\lib\router\layer.js:95:5)
    at trim_prefix (D:\gitHub\basicNodeApp\node_modules\express\lib\router\index.js:317:13)
    at D:\gitHub\basicNodeApp\node_modules\express\lib\router\index.js:284:7
    at Function.process_params (D:\gitHub\basicNodeApp\node_modules\express\lib\router\index.js:335:12)
    at next (D:\gitHub\basicNodeApp\node_modules\express\lib\router\index.js:275:10)
    at D:\gitHub\basicNodeApp\node_modules\express\lib\router\index.js:635:15
    at next (D:\gitHub\basicNodeApp\node_modules\express\lib\router\index.js:260:14)
    at Function.handle (D:\gitHub\basicNodeApp\node_modules\express\lib\router\index.js:174:3)
    at router (D:\gitHub\basicNodeApp\node_modules\express\lib\router\index.js:47:12)
    at Layer.handle [as handle_request] (D:\gitHub\basicNodeApp\node_modules\express\lib\router\layer.js:95:5)
    at trim_prefix (D:\gitHub\basicNodeApp\node_modules\express\lib\router\index.js:317:13)
    at D:\gitHub\basicNodeApp\node_modules\express\lib\router\index.js:284:7
    at Function.process_params (D:\gitHub\basicNodeApp\node_modules\express\lib\router\index.js:335:12)
    at next (D:\gitHub\basicNodeApp\node_modules\express\lib\router\index.js:275:10)
    at app.use (D:\gitHub\basicNodeApp\app.js:55:5)Error msg:  Not Found 
 data: Sun Jan 07 2018 08:20:32 GMT-0200 (Horário brasileiro de verão) stack: Error: Not Found
    at app.use (D:\gitHub\basicNodeApp\app.js:71:16)
    at Layer.handle [as handle_request] (D:\gitHub\basicNodeApp\node_modules\express\lib\router\layer.js:95:5)
    at trim_prefix (D:\gitHub\basicNodeApp\node_modules\express\lib\router\index.js:317:13)
    at D:\gitHub\basicNodeApp\node_modules\express\lib\router\index.js:284:7
    at Function.process_params (D:\gitHub\basicNodeApp\node_modules\express\lib\router\index.js:335:12)
    at next (D:\gitHub\basicNodeApp\node_modules\express\lib\router\index.js:275:10)
    at D:\gitHub\basicNodeApp\node_modules\express\lib\router\index.js:635:15
    at next (D:\gitHub\basicNodeApp\node_modules\express\lib\router\index.js:260:14)
    at Function.handle (D:\gitHub\basicNodeApp\node_modules\express\lib\router\index.js:174:3)
    at router (D:\gitHub\basicNodeApp\node_modules\express\lib\router\index.js:47:12)
    at Layer.handle [as handle_request] (D:\gitHub\basicNodeApp\node_modules\express\lib\router\layer.js:95:5)
    at trim_prefix (D:\gitHub\basicNodeApp\node_modules\express\lib\router\index.js:317:13)
    at D:\gitHub\basicNodeApp\node_modules\express\lib\router\index.js:284:7
    at Function.process_params (D:\gitHub\basicNodeApp\node_modules\express\lib\router\index.js:335:12)
    at next (D:\gitHub\basicNodeApp\node_modules\express\lib\router\index.js:275:10)
    at app.use (D:\gitHub\basicNodeApp\app.js:55:5)Error msg:  Not Found 
 data: Sun Jan 07 2018 08:20:32 GMT-0200 (Horário brasileiro de verão) stack: Error: Not Found
    at app.use (D:\gitHub\basicNodeApp\app.js:71:16)
    at Layer.handle [as handle_request] (D:\gitHub\basicNodeApp\node_modules\express\lib\router\layer.js:95:5)
    at trim_prefix (D:\gitHub\basicNodeApp\node_modules\express\lib\router\index.js:317:13)
    at D:\gitHub\basicNodeApp\node_modules\express\lib\router\index.js:284:7
    at Function.process_params (D:\gitHub\basicNodeApp\node_modules\express\lib\router\index.js:335:12)
    at next (D:\gitHub\basicNodeApp\node_modules\express\lib\router\index.js:275:10)
    at D:\gitHub\basicNodeApp\node_modules\express\lib\router\index.js:635:15
    at next (D:\gitHub\basicNodeApp\node_modules\express\lib\router\index.js:260:14)
    at Function.handle (D:\gitHub\basicNodeApp\node_modules\express\lib\router\index.js:174:3)
    at router (D:\gitHub\basicNodeApp\node_modules\express\lib\router\index.js:47:12)
    at Layer.handle [as handle_request] (D:\gitHub\basicNodeApp\node_modules\express\lib\router\layer.js:95:5)
    at trim_prefix (D:\gitHub\basicNodeApp\node_modules\express\lib\router\index.js:317:13)
    at D:\gitHub\basicNodeApp\node_modules\express\lib\router\index.js:284:7
    at Function.process_params (D:\gitHub\basicNodeApp\node_modules\express\lib\router\index.js:335:12)
    at next (D:\gitHub\basicNodeApp\node_modules\express\lib\router\index.js:275:10)
    at app.use (D:\gitHub\basicNodeApp\app.js:55:5)Error msg:  Not Found 
 data: Sun Jan 07 2018 08:20:33 GMT-0200 (Horário brasileiro de verão) stack: Error: Not Found
    at app.use (D:\gitHub\basicNodeApp\app.js:71:16)
    at Layer.handle [as handle_request] (D:\gitHub\basicNodeApp\node_modules\express\lib\router\layer.js:95:5)
    at trim_prefix (D:\gitHub\basicNodeApp\node_modules\express\lib\router\index.js:317:13)
    at D:\gitHub\basicNodeApp\node_modules\express\lib\router\index.js:284:7
    at Function.process_params (D:\gitHub\basicNodeApp\node_modules\express\lib\router\index.js:335:12)
    at next (D:\gitHub\basicNodeApp\node_modules\express\lib\router\index.js:275:10)
    at D:\gitHub\basicNodeApp\node_modules\express\lib\router\index.js:635:15
    at next (D:\gitHub\basicNodeApp\node_modules\express\lib\router\index.js:260:14)
    at Function.handle (D:\gitHub\basicNodeApp\node_modules\express\lib\router\index.js:174:3)
    at router (D:\gitHub\basicNodeApp\node_modules\express\lib\router\index.js:47:12)
    at Layer.handle [as handle_request] (D:\gitHub\basicNodeApp\node_modules\express\lib\router\layer.js:95:5)
    at trim_prefix (D:\gitHub\basicNodeApp\node_modules\express\lib\router\index.js:317:13)
    at D:\gitHub\basicNodeApp\node_modules\express\lib\router\index.js:284:7
    at Function.process_params (D:\gitHub\basicNodeApp\node_modules\express\lib\router\index.js:335:12)
    at next (D:\gitHub\basicNodeApp\node_modules\express\lib\router\index.js:275:10)
    at app.use (D:\gitHub\basicNodeApp\app.js:55:5)Error msg:  Not Found 
 data: Sun Jan 07 2018 08:20:33 GMT-0200 (Horário brasileiro de verão) stack: Error: Not Found
    at app.use (D:\gitHub\basicNodeApp\app.js:71:16)
    at Layer.handle [as handle_request] (D:\gitHub\basicNodeApp\node_modules\express\lib\router\layer.js:95:5)
    at trim_prefix (D:\gitHub\basicNodeApp\node_modules\express\lib\router\index.js:317:13)
    at D:\gitHub\basicNodeApp\node_modules\express\lib\router\index.js:284:7
    at Function.process_params (D:\gitHub\basicNodeApp\node_modules\express\lib\router\index.js:335:12)
    at next (D:\gitHub\basicNodeApp\node_modules\express\lib\router\index.js:275:10)
    at D:\gitHub\basicNodeApp\node_modules\express\lib\router\index.js:635:15
    at next (D:\gitHub\basicNodeApp\node_modules\express\lib\router\index.js:260:14)
    at Function.handle (D:\gitHub\basicNodeApp\node_modules\express\lib\router\index.js:174:3)
    at router (D:\gitHub\basicNodeApp\node_modules\express\lib\router\index.js:47:12)
    at Layer.handle [as handle_request] (D:\gitHub\basicNodeApp\node_modules\express\lib\router\layer.js:95:5)
    at trim_prefix (D:\gitHub\basicNodeApp\node_modules\express\lib\router\index.js:317:13)
    at D:\gitHub\basicNodeApp\node_modules\express\lib\router\index.js:284:7
    at Function.process_params (D:\gitHub\basicNodeApp\node_modules\express\lib\router\index.js:335:12)
    at next (D:\gitHub\basicNodeApp\node_modules\express\lib\router\index.js:275:10)
    at app.use (D:\gitHub\basicNodeApp\app.js:55:5)Error msg:  Not Found 
 data: Sun Jan 07 2018 08:20:34 GMT-0200 (Horário brasileiro de verão) stack: Error: Not Found
    at app.use (D:\gitHub\basicNodeApp\app.js:71:16)
    at Layer.handle [as handle_request] (D:\gitHub\basicNodeApp\node_modules\express\lib\router\layer.js:95:5)
    at trim_prefix (D:\gitHub\basicNodeApp\node_modules\express\lib\router\index.js:317:13)
    at D:\gitHub\basicNodeApp\node_modules\express\lib\router\index.js:284:7
    at Function.process_params (D:\gitHub\basicNodeApp\node_modules\express\lib\router\index.js:335:12)
    at next (D:\gitHub\basicNodeApp\node_modules\express\lib\router\index.js:275:10)
    at D:\gitHub\basicNodeApp\node_modules\express\lib\router\index.js:635:15
    at next (D:\gitHub\basicNodeApp\node_modules\express\lib\router\index.js:260:14)
    at Function.handle (D:\gitHub\basicNodeApp\node_modules\express\lib\router\index.js:174:3)
    at router (D:\gitHub\basicNodeApp\node_modules\express\lib\router\index.js:47:12)
    at Layer.handle [as handle_request] (D:\gitHub\basicNodeApp\node_modules\express\lib\router\layer.js:95:5)
    at trim_prefix (D:\gitHub\basicNodeApp\node_modules\express\lib\router\index.js:317:13)
    at D:\gitHub\basicNodeApp\node_modules\express\lib\router\index.js:284:7
    at Function.process_params (D:\gitHub\basicNodeApp\node_modules\express\lib\router\index.js:335:12)
    at next (D:\gitHub\basicNodeApp\node_modules\express\lib\router\index.js:275:10)
    at app.use (D:\gitHub\basicNodeApp\app.js:55:5)Error msg:  Not Found 
 data: Sun Jan 07 2018 08:20:34 GMT-0200 (Horário brasileiro de verão) stack: Error: Not Found
    at app.use (D:\gitHub\basicNodeApp\app.js:71:16)
    at Layer.handle [as handle_request] (D:\gitHub\basicNodeApp\node_modules\express\lib\router\layer.js:95:5)
    at trim_prefix (D:\gitHub\basicNodeApp\node_modules\express\lib\router\index.js:317:13)
    at D:\gitHub\basicNodeApp\node_modules\express\lib\router\index.js:284:7
    at Function.process_params (D:\gitHub\basicNodeApp\node_modules\express\lib\router\index.js:335:12)
    at next (D:\gitHub\basicNodeApp\node_modules\express\lib\router\index.js:275:10)
    at D:\gitHub\basicNodeApp\node_modules\express\lib\router\index.js:635:15
    at next (D:\gitHub\basicNodeApp\node_modules\express\lib\router\index.js:260:14)
    at Function.handle (D:\gitHub\basicNodeApp\node_modules\express\lib\router\index.js:174:3)
    at router (D:\gitHub\basicNodeApp\node_modules\express\lib\router\index.js:47:12)
    at Layer.handle [as handle_request] (D:\gitHub\basicNodeApp\node_modules\express\lib\router\layer.js:95:5)
    at trim_prefix (D:\gitHub\basicNodeApp\node_modules\express\lib\router\index.js:317:13)
    at D:\gitHub\basicNodeApp\node_modules\express\lib\router\index.js:284:7
    at Function.process_params (D:\gitHub\basicNodeApp\node_modules\express\lib\router\index.js:335:12)
    at next (D:\gitHub\basicNodeApp\node_modules\express\lib\router\index.js:275:10)
    at app.use (D:\gitHub\basicNodeApp\app.js:55:5)Error msg:  Not Found 
 data: Sun Jan 07 2018 08:20:34 GMT-0200 (Horário brasileiro de verão) stack: Error: Not Found
    at app.use (D:\gitHub\basicNodeApp\app.js:71:16)
    at Layer.handle [as handle_request] (D:\gitHub\basicNodeApp\node_modules\express\lib\router\layer.js:95:5)
    at trim_prefix (D:\gitHub\basicNodeApp\node_modules\express\lib\router\index.js:317:13)
    at D:\gitHub\basicNodeApp\node_modules\express\lib\router\index.js:284:7
    at Function.process_params (D:\gitHub\basicNodeApp\node_modules\express\lib\router\index.js:335:12)
    at next (D:\gitHub\basicNodeApp\node_modules\express\lib\router\index.js:275:10)
    at D:\gitHub\basicNodeApp\node_modules\express\lib\router\index.js:635:15
    at next (D:\gitHub\basicNodeApp\node_modules\express\lib\router\index.js:260:14)
    at Function.handle (D:\gitHub\basicNodeApp\node_modules\express\lib\router\index.js:174:3)
    at router (D:\gitHub\basicNodeApp\node_modules\express\lib\router\index.js:47:12)
    at Layer.handle [as handle_request] (D:\gitHub\basicNodeApp\node_modules\express\lib\router\layer.js:95:5)
    at trim_prefix (D:\gitHub\basicNodeApp\node_modules\express\lib\router\index.js:317:13)
    at D:\gitHub\basicNodeApp\node_modules\express\lib\router\index.js:284:7
    at Function.process_params (D:\gitHub\basicNodeApp\node_modules\express\lib\router\index.js:335:12)
    at next (D:\gitHub\basicNodeApp\node_modules\express\lib\router\index.js:275:10)
    at app.use (D:\gitHub\basicNodeApp\app.js:55:5)Error msg:  Not Found 
 data: Sun Jan 07 2018 08:20:34 GMT-0200 (Horário brasileiro de verão) stack: Error: Not Found
    at app.use (D:\gitHub\basicNodeApp\app.js:71:16)
    at Layer.handle [as handle_request] (D:\gitHub\basicNodeApp\node_modules\express\lib\router\layer.js:95:5)
    at trim_prefix (D:\gitHub\basicNodeApp\node_modules\express\lib\router\index.js:317:13)
    at D:\gitHub\basicNodeApp\node_modules\express\lib\router\index.js:284:7
    at Function.process_params (D:\gitHub\basicNodeApp\node_modules\express\lib\router\index.js:335:12)
    at next (D:\gitHub\basicNodeApp\node_modules\express\lib\router\index.js:275:10)
    at D:\gitHub\basicNodeApp\node_modules\express\lib\router\index.js:635:15
    at next (D:\gitHub\basicNodeApp\node_modules\express\lib\router\index.js:260:14)
    at Function.handle (D:\gitHub\basicNodeApp\node_modules\express\lib\router\index.js:174:3)
    at router (D:\gitHub\basicNodeApp\node_modules\express\lib\router\index.js:47:12)
    at Layer.handle [as handle_request] (D:\gitHub\basicNodeApp\node_modules\express\lib\router\layer.js:95:5)
    at trim_prefix (D:\gitHub\basicNodeApp\node_modules\express\lib\router\index.js:317:13)
    at D:\gitHub\basicNodeApp\node_modules\express\lib\router\index.js:284:7
    at Function.process_params (D:\gitHub\basicNodeApp\node_modules\express\lib\router\index.js:335:12)
    at next (D:\gitHub\basicNodeApp\node_modules\express\lib\router\index.js:275:10)
    at app.use (D:\gitHub\basicNodeApp\app.js:55:5)Error msg:  Not Found 
 data: Sun Jan 07 2018 08:20:35 GMT-0200 (Horário brasileiro de verão) stack: Error: Not Found
    at app.use (D:\gitHub\basicNodeApp\app.js:71:16)
    at Layer.handle [as handle_request] (D:\gitHub\basicNodeApp\node_modules\express\lib\router\layer.js:95:5)
    at trim_prefix (D:\gitHub\basicNodeApp\node_modules\express\lib\router\index.js:317:13)
    at D:\gitHub\basicNodeApp\node_modules\express\lib\router\index.js:284:7
    at Function.process_params (D:\gitHub\basicNodeApp\node_modules\express\lib\router\index.js:335:12)
    at next (D:\gitHub\basicNodeApp\node_modules\express\lib\router\index.js:275:10)
    at D:\gitHub\basicNodeApp\node_modules\express\lib\router\index.js:635:15
    at next (D:\gitHub\basicNodeApp\node_modules\express\lib\router\index.js:260:14)
    at Function.handle (D:\gitHub\basicNodeApp\node_modules\express\lib\router\index.js:174:3)
    at router (D:\gitHub\basicNodeApp\node_modules\express\lib\router\index.js:47:12)
    at Layer.handle [as handle_request] (D:\gitHub\basicNodeApp\node_modules\express\lib\router\layer.js:95:5)
    at trim_prefix (D:\gitHub\basicNodeApp\node_modules\express\lib\router\index.js:317:13)
    at D:\gitHub\basicNodeApp\node_modules\express\lib\router\index.js:284:7
    at Function.process_params (D:\gitHub\basicNodeApp\node_modules\express\lib\router\index.js:335:12)
    at next (D:\gitHub\basicNodeApp\node_modules\express\lib\router\index.js:275:10)
    at app.use (D:\gitHub\basicNodeApp\app.js:55:5)Error msg:  Not Found 
 data: Sun Jan 07 2018 08:20:35 GMT-0200 (Horário brasileiro de verão) stack: Error: Not Found
    at app.use (D:\gitHub\basicNodeApp\app.js:71:16)
    at Layer.handle [as handle_request] (D:\gitHub\basicNodeApp\node_modules\express\lib\router\layer.js:95:5)
    at trim_prefix (D:\gitHub\basicNodeApp\node_modules\express\lib\router\index.js:317:13)
    at D:\gitHub\basicNodeApp\node_modules\express\lib\router\index.js:284:7
    at Function.process_params (D:\gitHub\basicNodeApp\node_modules\express\lib\router\index.js:335:12)
    at next (D:\gitHub\basicNodeApp\node_modules\express\lib\router\index.js:275:10)
    at D:\gitHub\basicNodeApp\node_modules\express\lib\router\index.js:635:15
    at next (D:\gitHub\basicNodeApp\node_modules\express\lib\router\index.js:260:14)
    at Function.handle (D:\gitHub\basicNodeApp\node_modules\express\lib\router\index.js:174:3)
    at router (D:\gitHub\basicNodeApp\node_modules\express\lib\router\index.js:47:12)
    at Layer.handle [as handle_request] (D:\gitHub\basicNodeApp\node_modules\express\lib\router\layer.js:95:5)
    at trim_prefix (D:\gitHub\basicNodeApp\node_modules\express\lib\router\index.js:317:13)
    at D:\gitHub\basicNodeApp\node_modules\express\lib\router\index.js:284:7
    at Function.process_params (D:\gitHub\basicNodeApp\node_modules\express\lib\router\index.js:335:12)
    at next (D:\gitHub\basicNodeApp\node_modules\express\lib\router\index.js:275:10)
    at app.use (D:\gitHub\basicNodeApp\app.js:55:5)Error msg:  Not Found 
 data: Sun Jan 07 2018 08:20:36 GMT-0200 (Horário brasileiro de verão) stack: Error: Not Found
    at app.use (D:\gitHub\basicNodeApp\app.js:71:16)
    at Layer.handle [as handle_request] (D:\gitHub\basicNodeApp\node_modules\express\lib\router\layer.js:95:5)
    at trim_prefix (D:\gitHub\basicNodeApp\node_modules\express\lib\router\index.js:317:13)
    at D:\gitHub\basicNodeApp\node_modules\express\lib\router\index.js:284:7
    at Function.process_params (D:\gitHub\basicNodeApp\node_modules\express\lib\router\index.js:335:12)
    at next (D:\gitHub\basicNodeApp\node_modules\express\lib\router\index.js:275:10)
    at D:\gitHub\basicNodeApp\node_modules\express\lib\router\index.js:635:15
    at next (D:\gitHub\basicNodeApp\node_modules\express\lib\router\index.js:260:14)
    at Function.handle (D:\gitHub\basicNodeApp\node_modules\express\lib\router\index.js:174:3)
    at router (D:\gitHub\basicNodeApp\node_modules\express\lib\router\index.js:47:12)
    at Layer.handle [as handle_request] (D:\gitHub\basicNodeApp\node_modules\express\lib\router\layer.js:95:5)
    at trim_prefix (D:\gitHub\basicNodeApp\node_modules\express\lib\router\index.js:317:13)
    at D:\gitHub\basicNodeApp\node_modules\express\lib\router\index.js:284:7
    at Function.process_params (D:\gitHub\basicNodeApp\node_modules\express\lib\router\index.js:335:12)
    at next (D:\gitHub\basicNodeApp\node_modules\express\lib\router\index.js:275:10)
    at app.use (D:\gitHub\basicNodeApp\app.js:55:5)Error msg:  Not Found 
 data: Sun Jan 07 2018 08:20:36 GMT-0200 (Horário brasileiro de verão) stack: Error: Not Found
    at app.use (D:\gitHub\basicNodeApp\app.js:71:16)
    at Layer.handle [as handle_request] (D:\gitHub\basicNodeApp\node_modules\express\lib\router\layer.js:95:5)
    at trim_prefix (D:\gitHub\basicNodeApp\node_modules\express\lib\router\index.js:317:13)
    at D:\gitHub\basicNodeApp\node_modules\express\lib\router\index.js:284:7
    at Function.process_params (D:\gitHub\basicNodeApp\node_modules\express\lib\router\index.js:335:12)
    at next (D:\gitHub\basicNodeApp\node_modules\express\lib\router\index.js:275:10)
    at D:\gitHub\basicNodeApp\node_modules\express\lib\router\index.js:635:15
    at next (D:\gitHub\basicNodeApp\node_modules\express\lib\router\index.js:260:14)
    at Function.handle (D:\gitHub\basicNodeApp\node_modules\express\lib\router\index.js:174:3)
    at router (D:\gitHub\basicNodeApp\node_modules\express\lib\router\index.js:47:12)
    at Layer.handle [as handle_request] (D:\gitHub\basicNodeApp\node_modules\express\lib\router\layer.js:95:5)
    at trim_prefix (D:\gitHub\basicNodeApp\node_modules\express\lib\router\index.js:317:13)
    at D:\gitHub\basicNodeApp\node_modules\express\lib\router\index.js:284:7
    at Function.process_params (D:\gitHub\basicNodeApp\node_modules\express\lib\router\index.js:335:12)
    at next (D:\gitHub\basicNodeApp\node_modules\express\lib\router\index.js:275:10)
    at app.use (D:\gitHub\basicNodeApp\app.js:55:5)Error msg:  Not Found 
 data: Sun Jan 07 2018 08:20:37 GMT-0200 (Horário brasileiro de verão) stack: Error: Not Found
    at app.use (D:\gitHub\basicNodeApp\app.js:71:16)
    at Layer.handle [as handle_request] (D:\gitHub\basicNodeApp\node_modules\express\lib\router\layer.js:95:5)
    at trim_prefix (D:\gitHub\basicNodeApp\node_modules\express\lib\router\index.js:317:13)
    at D:\gitHub\basicNodeApp\node_modules\express\lib\router\index.js:284:7
    at Function.process_params (D:\gitHub\basicNodeApp\node_modules\express\lib\router\index.js:335:12)
    at next (D:\gitHub\basicNodeApp\node_modules\express\lib\router\index.js:275:10)
    at D:\gitHub\basicNodeApp\node_modules\express\lib\router\index.js:635:15
    at next (D:\gitHub\basicNodeApp\node_modules\express\lib\router\index.js:260:14)
    at Function.handle (D:\gitHub\basicNodeApp\node_modules\express\lib\router\index.js:174:3)
    at router (D:\gitHub\basicNodeApp\node_modules\express\lib\router\index.js:47:12)
    at Layer.handle [as handle_request] (D:\gitHub\basicNodeApp\node_modules\express\lib\router\layer.js:95:5)
    at trim_prefix (D:\gitHub\basicNodeApp\node_modules\express\lib\router\index.js:317:13)
    at D:\gitHub\basicNodeApp\node_modules\express\lib\router\index.js:284:7
    at Function.process_params (D:\gitHub\basicNodeApp\node_modules\express\lib\router\index.js:335:12)
    at next (D:\gitHub\basicNodeApp\node_modules\express\lib\router\index.js:275:10)
    at app.use (D:\gitHub\basicNodeApp\app.js:55:5)Error msg:  Not Found 
 data: Sun Jan 07 2018 08:20:37 GMT-0200 (Horário brasileiro de verão) stack: Error: Not Found
    at app.use (D:\gitHub\basicNodeApp\app.js:71:16)
    at Layer.handle [as handle_request] (D:\gitHub\basicNodeApp\node_modules\express\lib\router\layer.js:95:5)
    at trim_prefix (D:\gitHub\basicNodeApp\node_modules\express\lib\router\index.js:317:13)
    at D:\gitHub\basicNodeApp\node_modules\express\lib\router\index.js:284:7
    at Function.process_params (D:\gitHub\basicNodeApp\node_modules\express\lib\router\index.js:335:12)
    at next (D:\gitHub\basicNodeApp\node_modules\express\lib\router\index.js:275:10)
    at D:\gitHub\basicNodeApp\node_modules\express\lib\router\index.js:635:15
    at next (D:\gitHub\basicNodeApp\node_modules\express\lib\router\index.js:260:14)
    at Function.handle (D:\gitHub\basicNodeApp\node_modules\express\lib\router\index.js:174:3)
    at router (D:\gitHub\basicNodeApp\node_modules\express\lib\router\index.js:47:12)
    at Layer.handle [as handle_request] (D:\gitHub\basicNodeApp\node_modules\express\lib\router\layer.js:95:5)
    at trim_prefix (D:\gitHub\basicNodeApp\node_modules\express\lib\router\index.js:317:13)
    at D:\gitHub\basicNodeApp\node_modules\express\lib\router\index.js:284:7
    at Function.process_params (D:\gitHub\basicNodeApp\node_modules\express\lib\router\index.js:335:12)
    at next (D:\gitHub\basicNodeApp\node_modules\express\lib\router\index.js:275:10)
    at app.use (D:\gitHub\basicNodeApp\app.js:55:5)Error msg:  Not Found 
 data: Sun Jan 07 2018 08:20:37 GMT-0200 (Horário brasileiro de verão) stack: Error: Not Found
    at app.use (D:\gitHub\basicNodeApp\app.js:71:16)
    at Layer.handle [as handle_request] (D:\gitHub\basicNodeApp\node_modules\express\lib\router\layer.js:95:5)
    at trim_prefix (D:\gitHub\basicNodeApp\node_modules\express\lib\router\index.js:317:13)
    at D:\gitHub\basicNodeApp\node_modules\express\lib\router\index.js:284:7
    at Function.process_params (D:\gitHub\basicNodeApp\node_modules\express\lib\router\index.js:335:12)
    at next (D:\gitHub\basicNodeApp\node_modules\express\lib\router\index.js:275:10)
    at D:\gitHub\basicNodeApp\node_modules\express\lib\router\index.js:635:15
    at next (D:\gitHub\basicNodeApp\node_modules\express\lib\router\index.js:260:14)
    at Function.handle (D:\gitHub\basicNodeApp\node_modules\express\lib\router\index.js:174:3)
    at router (D:\gitHub\basicNodeApp\node_modules\express\lib\router\index.js:47:12)
    at Layer.handle [as handle_request] (D:\gitHub\basicNodeApp\node_modules\express\lib\router\layer.js:95:5)
    at trim_prefix (D:\gitHub\basicNodeApp\node_modules\express\lib\router\index.js:317:13)
    at D:\gitHub\basicNodeApp\node_modules\express\lib\router\index.js:284:7
    at Function.process_params (D:\gitHub\basicNodeApp\node_modules\express\lib\router\index.js:335:12)
    at next (D:\gitHub\basicNodeApp\node_modules\express\lib\router\index.js:275:10)
    at app.use (D:\gitHub\basicNodeApp\app.js:55:5)Error msg:  Not Found 
 data: Sun Jan 07 2018 08:20:37 GMT-0200 (Horário brasileiro de verão) stack: Error: Not Found
    at app.use (D:\gitHub\basicNodeApp\app.js:71:16)
    at Layer.handle [as handle_request] (D:\gitHub\basicNodeApp\node_modules\express\lib\router\layer.js:95:5)
    at trim_prefix (D:\gitHub\basicNodeApp\node_modules\express\lib\router\index.js:317:13)
    at D:\gitHub\basicNodeApp\node_modules\express\lib\router\index.js:284:7
    at Function.process_params (D:\gitHub\basicNodeApp\node_modules\express\lib\router\index.js:335:12)
    at next (D:\gitHub\basicNodeApp\node_modules\express\lib\router\index.js:275:10)
    at D:\gitHub\basicNodeApp\node_modules\express\lib\router\index.js:635:15
    at next (D:\gitHub\basicNodeApp\node_modules\express\lib\router\index.js:260:14)
    at Function.handle (D:\gitHub\basicNodeApp\node_modules\express\lib\router\index.js:174:3)
    at router (D:\gitHub\basicNodeApp\node_modules\express\lib\router\index.js:47:12)
    at Layer.handle [as handle_request] (D:\gitHub\basicNodeApp\node_modules\express\lib\router\layer.js:95:5)
    at trim_prefix (D:\gitHub\basicNodeApp\node_modules\express\lib\router\index.js:317:13)
    at D:\gitHub\basicNodeApp\node_modules\express\lib\router\index.js:284:7
    at Function.process_params (D:\gitHub\basicNodeApp\node_modules\express\lib\router\index.js:335:12)
    at next (D:\gitHub\basicNodeApp\node_modules\express\lib\router\index.js:275:10)
    at app.use (D:\gitHub\basicNodeApp\app.js:55:5)Error msg:  Not Found 
 data: Sun Jan 07 2018 08:20:38 GMT-0200 (Horário brasileiro de verão) stack: Error: Not Found
    at app.use (D:\gitHub\basicNodeApp\app.js:71:16)
    at Layer.handle [as handle_request] (D:\gitHub\basicNodeApp\node_modules\express\lib\router\layer.js:95:5)
    at trim_prefix (D:\gitHub\basicNodeApp\node_modules\express\lib\router\index.js:317:13)
    at D:\gitHub\basicNodeApp\node_modules\express\lib\router\index.js:284:7
    at Function.process_params (D:\gitHub\basicNodeApp\node_modules\express\lib\router\index.js:335:12)
    at next (D:\gitHub\basicNodeApp\node_modules\express\lib\router\index.js:275:10)
    at D:\gitHub\basicNodeApp\node_modules\express\lib\router\index.js:635:15
    at next (D:\gitHub\basicNodeApp\node_modules\express\lib\router\index.js:260:14)
    at Function.handle (D:\gitHub\basicNodeApp\node_modules\express\lib\router\index.js:174:3)
    at router (D:\gitHub\basicNodeApp\node_modules\express\lib\router\index.js:47:12)
    at Layer.handle [as handle_request] (D:\gitHub\basicNodeApp\node_modules\express\lib\router\layer.js:95:5)
    at trim_prefix (D:\gitHub\basicNodeApp\node_modules\express\lib\router\index.js:317:13)
    at D:\gitHub\basicNodeApp\node_modules\express\lib\router\index.js:284:7
    at Function.process_params (D:\gitHub\basicNodeApp\node_modules\express\lib\router\index.js:335:12)
    at next (D:\gitHub\basicNodeApp\node_modules\express\lib\router\index.js:275:10)
    at app.use (D:\gitHub\basicNodeApp\app.js:55:5)Error msg:  Not Found 
 data: Sun Jan 07 2018 08:20:38 GMT-0200 (Horário brasileiro de verão) stack: Error: Not Found
    at app.use (D:\gitHub\basicNodeApp\app.js:71:16)
    at Layer.handle [as handle_request] (D:\gitHub\basicNodeApp\node_modules\express\lib\router\layer.js:95:5)
    at trim_prefix (D:\gitHub\basicNodeApp\node_modules\express\lib\router\index.js:317:13)
    at D:\gitHub\basicNodeApp\node_modules\express\lib\router\index.js:284:7
    at Function.process_params (D:\gitHub\basicNodeApp\node_modules\express\lib\router\index.js:335:12)
    at next (D:\gitHub\basicNodeApp\node_modules\express\lib\router\index.js:275:10)
    at D:\gitHub\basicNodeApp\node_modules\express\lib\router\index.js:635:15
    at next (D:\gitHub\basicNodeApp\node_modules\express\lib\router\index.js:260:14)
    at Function.handle (D:\gitHub\basicNodeApp\node_modules\express\lib\router\index.js:174:3)
    at router (D:\gitHub\basicNodeApp\node_modules\express\lib\router\index.js:47:12)
    at Layer.handle [as handle_request] (D:\gitHub\basicNodeApp\node_modules\express\lib\router\layer.js:95:5)
    at trim_prefix (D:\gitHub\basicNodeApp\node_modules\express\lib\router\index.js:317:13)
    at D:\gitHub\basicNodeApp\node_modules\express\lib\router\index.js:284:7
    at Function.process_params (D:\gitHub\basicNodeApp\node_modules\express\lib\router\index.js:335:12)
    at next (D:\gitHub\basicNodeApp\node_modules\express\lib\router\index.js:275:10)
    at app.use (D:\gitHub\basicNodeApp\app.js:55:5)Error msg:  Not Found 
 data: Sun Jan 07 2018 08:20:39 GMT-0200 (Horário brasileiro de verão) stack: Error: Not Found
    at app.use (D:\gitHub\basicNodeApp\app.js:71:16)
    at Layer.handle [as handle_request] (D:\gitHub\basicNodeApp\node_modules\express\lib\router\layer.js:95:5)
    at trim_prefix (D:\gitHub\basicNodeApp\node_modules\express\lib\router\index.js:317:13)
    at D:\gitHub\basicNodeApp\node_modules\express\lib\router\index.js:284:7
    at Function.process_params (D:\gitHub\basicNodeApp\node_modules\express\lib\router\index.js:335:12)
    at next (D:\gitHub\basicNodeApp\node_modules\express\lib\router\index.js:275:10)
    at D:\gitHub\basicNodeApp\node_modules\express\lib\router\index.js:635:15
    at next (D:\gitHub\basicNodeApp\node_modules\express\lib\router\index.js:260:14)
    at Function.handle (D:\gitHub\basicNodeApp\node_modules\express\lib\router\index.js:174:3)
    at router (D:\gitHub\basicNodeApp\node_modules\express\lib\router\index.js:47:12)
    at Layer.handle [as handle_request] (D:\gitHub\basicNodeApp\node_modules\express\lib\router\layer.js:95:5)
    at trim_prefix (D:\gitHub\basicNodeApp\node_modules\express\lib\router\index.js:317:13)
    at D:\gitHub\basicNodeApp\node_modules\express\lib\router\index.js:284:7
    at Function.process_params (D:\gitHub\basicNodeApp\node_modules\express\lib\router\index.js:335:12)
    at next (D:\gitHub\basicNodeApp\node_modules\express\lib\router\index.js:275:10)
    at app.use (D:\gitHub\basicNodeApp\app.js:55:5)Error msg:  Not Found 
 data: Sun Jan 07 2018 08:20:39 GMT-0200 (Horário brasileiro de verão) stack: Error: Not Found
    at app.use (D:\gitHub\basicNodeApp\app.js:71:16)
    at Layer.handle [as handle_request] (D:\gitHub\basicNodeApp\node_modules\express\lib\router\layer.js:95:5)
    at trim_prefix (D:\gitHub\basicNodeApp\node_modules\express\lib\router\index.js:317:13)
    at D:\gitHub\basicNodeApp\node_modules\express\lib\router\index.js:284:7
    at Function.process_params (D:\gitHub\basicNodeApp\node_modules\express\lib\router\index.js:335:12)
    at next (D:\gitHub\basicNodeApp\node_modules\express\lib\router\index.js:275:10)
    at D:\gitHub\basicNodeApp\node_modules\express\lib\router\index.js:635:15
    at next (D:\gitHub\basicNodeApp\node_modules\express\lib\router\index.js:260:14)
    at Function.handle (D:\gitHub\basicNodeApp\node_modules\express\lib\router\index.js:174:3)
    at router (D:\gitHub\basicNodeApp\node_modules\express\lib\router\index.js:47:12)
    at Layer.handle [as handle_request] (D:\gitHub\basicNodeApp\node_modules\express\lib\router\layer.js:95:5)
    at trim_prefix (D:\gitHub\basicNodeApp\node_modules\express\lib\router\index.js:317:13)
    at D:\gitHub\basicNodeApp\node_modules\express\lib\router\index.js:284:7
    at Function.process_params (D:\gitHub\basicNodeApp\node_modules\express\lib\router\index.js:335:12)
    at next (D:\gitHub\basicNodeApp\node_modules\express\lib\router\index.js:275:10)
    at app.use (D:\gitHub\basicNodeApp\app.js:55:5)Error msg:  Not Found 
 data: Sun Jan 07 2018 08:20:39 GMT-0200 (Horário brasileiro de verão) stack: Error: Not Found
    at app.use (D:\gitHub\basicNodeApp\app.js:71:16)
    at Layer.handle [as handle_request] (D:\gitHub\basicNodeApp\node_modules\express\lib\router\layer.js:95:5)
    at trim_prefix (D:\gitHub\basicNodeApp\node_modules\express\lib\router\index.js:317:13)
    at D:\gitHub\basicNodeApp\node_modules\express\lib\router\index.js:284:7
    at Function.process_params (D:\gitHub\basicNodeApp\node_modules\express\lib\router\index.js:335:12)
    at next (D:\gitHub\basicNodeApp\node_modules\express\lib\router\index.js:275:10)
    at D:\gitHub\basicNodeApp\node_modules\express\lib\router\index.js:635:15
    at next (D:\gitHub\basicNodeApp\node_modules\express\lib\router\index.js:260:14)
    at Function.handle (D:\gitHub\basicNodeApp\node_modules\express\lib\router\index.js:174:3)
    at router (D:\gitHub\basicNodeApp\node_modules\express\lib\router\index.js:47:12)
    at Layer.handle [as handle_request] (D:\gitHub\basicNodeApp\node_modules\express\lib\router\layer.js:95:5)
    at trim_prefix (D:\gitHub\basicNodeApp\node_modules\express\lib\router\index.js:317:13)
    at D:\gitHub\basicNodeApp\node_modules\express\lib\router\index.js:284:7
    at Function.process_params (D:\gitHub\basicNodeApp\node_modules\express\lib\router\index.js:335:12)
    at next (D:\gitHub\basicNodeApp\node_modules\express\lib\router\index.js:275:10)
    at app.use (D:\gitHub\basicNodeApp\app.js:55:5)Error msg:  Not Found 
 data: Sun Jan 07 2018 08:20:40 GMT-0200 (Horário brasileiro de verão) stack: Error: Not Found
    at app.use (D:\gitHub\basicNodeApp\app.js:71:16)
    at Layer.handle [as handle_request] (D:\gitHub\basicNodeApp\node_modules\express\lib\router\layer.js:95:5)
    at trim_prefix (D:\gitHub\basicNodeApp\node_modules\express\lib\router\index.js:317:13)
    at D:\gitHub\basicNodeApp\node_modules\express\lib\router\index.js:284:7
    at Function.process_params (D:\gitHub\basicNodeApp\node_modules\express\lib\router\index.js:335:12)
    at next (D:\gitHub\basicNodeApp\node_modules\express\lib\router\index.js:275:10)
    at D:\gitHub\basicNodeApp\node_modules\express\lib\router\index.js:635:15
    at next (D:\gitHub\basicNodeApp\node_modules\express\lib\router\index.js:260:14)
    at Function.handle (D:\gitHub\basicNodeApp\node_modules\express\lib\router\index.js:174:3)
    at router (D:\gitHub\basicNodeApp\node_modules\express\lib\router\index.js:47:12)
    at Layer.handle [as handle_request] (D:\gitHub\basicNodeApp\node_modules\express\lib\router\layer.js:95:5)
    at trim_prefix (D:\gitHub\basicNodeApp\node_modules\express\lib\router\index.js:317:13)
    at D:\gitHub\basicNodeApp\node_modules\express\lib\router\index.js:284:7
    at Function.process_params (D:\gitHub\basicNodeApp\node_modules\express\lib\router\index.js:335:12)
    at next (D:\gitHub\basicNodeApp\node_modules\express\lib\router\index.js:275:10)
    at app.use (D:\gitHub\basicNodeApp\app.js:55:5)Error msg:  Not Found 
 data: Sun Jan 07 2018 08:20:40 GMT-0200 (Horário brasileiro de verão) stack: Error: Not Found
    at app.use (D:\gitHub\basicNodeApp\app.js:71:16)
    at Layer.handle [as handle_request] (D:\gitHub\basicNodeApp\node_modules\express\lib\router\layer.js:95:5)
    at trim_prefix (D:\gitHub\basicNodeApp\node_modules\express\lib\router\index.js:317:13)
    at D:\gitHub\basicNodeApp\node_modules\express\lib\router\index.js:284:7
    at Function.process_params (D:\gitHub\basicNodeApp\node_modules\express\lib\router\index.js:335:12)
    at next (D:\gitHub\basicNodeApp\node_modules\express\lib\router\index.js:275:10)
    at D:\gitHub\basicNodeApp\node_modules\express\lib\router\index.js:635:15
    at next (D:\gitHub\basicNodeApp\node_modules\express\lib\router\index.js:260:14)
    at Function.handle (D:\gitHub\basicNodeApp\node_modules\express\lib\router\index.js:174:3)
    at router (D:\gitHub\basicNodeApp\node_modules\express\lib\router\index.js:47:12)
    at Layer.handle [as handle_request] (D:\gitHub\basicNodeApp\node_modules\express\lib\router\layer.js:95:5)
    at trim_prefix (D:\gitHub\basicNodeApp\node_modules\express\lib\router\index.js:317:13)
    at D:\gitHub\basicNodeApp\node_modules\express\lib\router\index.js:284:7
    at Function.process_params (D:\gitHub\basicNodeApp\node_modules\express\lib\router\index.js:335:12)
    at next (D:\gitHub\basicNodeApp\node_modules\express\lib\router\index.js:275:10)
    at app.use (D:\gitHub\basicNodeApp\app.js:55:5)Error msg:  Not Found 
 data: Sun Jan 07 2018 08:20:40 GMT-0200 (Horário brasileiro de verão) stack: Error: Not Found
    at app.use (D:\gitHub\basicNodeApp\app.js:71:16)
    at Layer.handle [as handle_request] (D:\gitHub\basicNodeApp\node_modules\express\lib\router\layer.js:95:5)
    at trim_prefix (D:\gitHub\basicNodeApp\node_modules\express\lib\router\index.js:317:13)
    at D:\gitHub\basicNodeApp\node_modules\express\lib\router\index.js:284:7
    at Function.process_params (D:\gitHub\basicNodeApp\node_modules\express\lib\router\index.js:335:12)
    at next (D:\gitHub\basicNodeApp\node_modules\express\lib\router\index.js:275:10)
    at D:\gitHub\basicNodeApp\node_modules\express\lib\router\index.js:635:15
    at next (D:\gitHub\basicNodeApp\node_modules\express\lib\router\index.js:260:14)
    at Function.handle (D:\gitHub\basicNodeApp\node_modules\express\lib\router\index.js:174:3)
    at router (D:\gitHub\basicNodeApp\node_modules\express\lib\router\index.js:47:12)
    at Layer.handle [as handle_request] (D:\gitHub\basicNodeApp\node_modules\express\lib\router\layer.js:95:5)
    at trim_prefix (D:\gitHub\basicNodeApp\node_modules\express\lib\router\index.js:317:13)
    at D:\gitHub\basicNodeApp\node_modules\express\lib\router\index.js:284:7
    at Function.process_params (D:\gitHub\basicNodeApp\node_modules\express\lib\router\index.js:335:12)
    at next (D:\gitHub\basicNodeApp\node_modules\express\lib\router\index.js:275:10)
    at app.use (D:\gitHub\basicNodeApp\app.js:55:5)Error msg:  Not Found 
 data: Sun Jan 07 2018 08:20:40 GMT-0200 (Horário brasileiro de verão) stack: Error: Not Found
    at app.use (D:\gitHub\basicNodeApp\app.js:71:16)
    at Layer.handle [as handle_request] (D:\gitHub\basicNodeApp\node_modules\express\lib\router\layer.js:95:5)
    at trim_prefix (D:\gitHub\basicNodeApp\node_modules\express\lib\router\index.js:317:13)
    at D:\gitHub\basicNodeApp\node_modules\express\lib\router\index.js:284:7
    at Function.process_params (D:\gitHub\basicNodeApp\node_modules\express\lib\router\index.js:335:12)
    at next (D:\gitHub\basicNodeApp\node_modules\express\lib\router\index.js:275:10)
    at D:\gitHub\basicNodeApp\node_modules\express\lib\router\index.js:635:15
    at next (D:\gitHub\basicNodeApp\node_modules\express\lib\router\index.js:260:14)
    at Function.handle (D:\gitHub\basicNodeApp\node_modules\express\lib\router\index.js:174:3)
    at router (D:\gitHub\basicNodeApp\node_modules\express\lib\router\index.js:47:12)
    at Layer.handle [as handle_request] (D:\gitHub\basicNodeApp\node_modules\express\lib\router\layer.js:95:5)
    at trim_prefix (D:\gitHub\basicNodeApp\node_modules\express\lib\router\index.js:317:13)
    at D:\gitHub\basicNodeApp\node_modules\express\lib\router\index.js:284:7
    at Function.process_params (D:\gitHub\basicNodeApp\node_modules\express\lib\router\index.js:335:12)
    at next (D:\gitHub\basicNodeApp\node_modules\express\lib\router\index.js:275:10)
    at app.use (D:\gitHub\basicNodeApp\app.js:55:5)Error msg:  Not Found 
 data: Sun Jan 07 2018 08:20:41 GMT-0200 (Horário brasileiro de verão) stack: Error: Not Found
    at app.use (D:\gitHub\basicNodeApp\app.js:71:16)
    at Layer.handle [as handle_request] (D:\gitHub\basicNodeApp\node_modules\express\lib\router\layer.js:95:5)
    at trim_prefix (D:\gitHub\basicNodeApp\node_modules\express\lib\router\index.js:317:13)
    at D:\gitHub\basicNodeApp\node_modules\express\lib\router\index.js:284:7
    at Function.process_params (D:\gitHub\basicNodeApp\node_modules\express\lib\router\index.js:335:12)
    at next (D:\gitHub\basicNodeApp\node_modules\express\lib\router\index.js:275:10)
    at D:\gitHub\basicNodeApp\node_modules\express\lib\router\index.js:635:15
    at next (D:\gitHub\basicNodeApp\node_modules\express\lib\router\index.js:260:14)
    at Function.handle (D:\gitHub\basicNodeApp\node_modules\express\lib\router\index.js:174:3)
    at router (D:\gitHub\basicNodeApp\node_modules\express\lib\router\index.js:47:12)
    at Layer.handle [as handle_request] (D:\gitHub\basicNodeApp\node_modules\express\lib\router\layer.js:95:5)
    at trim_prefix (D:\gitHub\basicNodeApp\node_modules\express\lib\router\index.js:317:13)
    at D:\gitHub\basicNodeApp\node_modules\express\lib\router\index.js:284:7
    at Function.process_params (D:\gitHub\basicNodeApp\node_modules\express\lib\router\index.js:335:12)
    at next (D:\gitHub\basicNodeApp\node_modules\express\lib\router\index.js:275:10)
    at app.use (D:\gitHub\basicNodeApp\app.js:55:5)Error msg:  Not Found 
 data: Sun Jan 07 2018 08:20:41 GMT-0200 (Horário brasileiro de verão) stack: Error: Not Found
    at app.use (D:\gitHub\basicNodeApp\app.js:71:16)
    at Layer.handle [as handle_request] (D:\gitHub\basicNodeApp\node_modules\express\lib\router\layer.js:95:5)
    at trim_prefix (D:\gitHub\basicNodeApp\node_modules\express\lib\router\index.js:317:13)
    at D:\gitHub\basicNodeApp\node_modules\express\lib\router\index.js:284:7
    at Function.process_params (D:\gitHub\basicNodeApp\node_modules\express\lib\router\index.js:335:12)
    at next (D:\gitHub\basicNodeApp\node_modules\express\lib\router\index.js:275:10)
    at D:\gitHub\basicNodeApp\node_modules\express\lib\router\index.js:635:15
    at next (D:\gitHub\basicNodeApp\node_modules\express\lib\router\index.js:260:14)
    at Function.handle (D:\gitHub\basicNodeApp\node_modules\express\lib\router\index.js:174:3)
    at router (D:\gitHub\basicNodeApp\node_modules\express\lib\router\index.js:47:12)
    at Layer.handle [as handle_request] (D:\gitHub\basicNodeApp\node_modules\express\lib\router\layer.js:95:5)
    at trim_prefix (D:\gitHub\basicNodeApp\node_modules\express\lib\router\index.js:317:13)
    at D:\gitHub\basicNodeApp\node_modules\express\lib\router\index.js:284:7
    at Function.process_params (D:\gitHub\basicNodeApp\node_modules\express\lib\router\index.js:335:12)
    at next (D:\gitHub\basicNodeApp\node_modules\express\lib\router\index.js:275:10)
    at app.use (D:\gitHub\basicNodeApp\app.js:55:5)Error msg:  Not Found 
 data: Sun Jan 07 2018 08:20:42 GMT-0200 (Horário brasileiro de verão) stack: Error: Not Found
    at app.use (D:\gitHub\basicNodeApp\app.js:71:16)
    at Layer.handle [as handle_request] (D:\gitHub\basicNodeApp\node_modules\express\lib\router\layer.js:95:5)
    at trim_prefix (D:\gitHub\basicNodeApp\node_modules\express\lib\router\index.js:317:13)
    at D:\gitHub\basicNodeApp\node_modules\express\lib\router\index.js:284:7
    at Function.process_params (D:\gitHub\basicNodeApp\node_modules\express\lib\router\index.js:335:12)
    at next (D:\gitHub\basicNodeApp\node_modules\express\lib\router\index.js:275:10)
    at D:\gitHub\basicNodeApp\node_modules\express\lib\router\index.js:635:15
    at next (D:\gitHub\basicNodeApp\node_modules\express\lib\router\index.js:260:14)
    at Function.handle (D:\gitHub\basicNodeApp\node_modules\express\lib\router\index.js:174:3)
    at router (D:\gitHub\basicNodeApp\node_modules\express\lib\router\index.js:47:12)
    at Layer.handle [as handle_request] (D:\gitHub\basicNodeApp\node_modules\express\lib\router\layer.js:95:5)
    at trim_prefix (D:\gitHub\basicNodeApp\node_modules\express\lib\router\index.js:317:13)
    at D:\gitHub\basicNodeApp\node_modules\express\lib\router\index.js:284:7
    at Function.process_params (D:\gitHub\basicNodeApp\node_modules\express\lib\router\index.js:335:12)
    at next (D:\gitHub\basicNodeApp\node_modules\express\lib\router\index.js:275:10)
    at app.use (D:\gitHub\basicNodeApp\app.js:55:5)Error msg:  Not Found 
 data: Sun Jan 07 2018 08:20:43 GMT-0200 (Horário brasileiro de verão) stack: Error: Not Found
    at app.use (D:\gitHub\basicNodeApp\app.js:71:16)
    at Layer.handle [as handle_request] (D:\gitHub\basicNodeApp\node_modules\express\lib\router\layer.js:95:5)
    at trim_prefix (D:\gitHub\basicNodeApp\node_modules\express\lib\router\index.js:317:13)
    at D:\gitHub\basicNodeApp\node_modules\express\lib\router\index.js:284:7
    at Function.process_params (D:\gitHub\basicNodeApp\node_modules\express\lib\router\index.js:335:12)
    at next (D:\gitHub\basicNodeApp\node_modules\express\lib\router\index.js:275:10)
    at D:\gitHub\basicNodeApp\node_modules\express\lib\router\index.js:635:15
    at next (D:\gitHub\basicNodeApp\node_modules\express\lib\router\index.js:260:14)
    at Function.handle (D:\gitHub\basicNodeApp\node_modules\express\lib\router\index.js:174:3)
    at router (D:\gitHub\basicNodeApp\node_modules\express\lib\router\index.js:47:12)
    at Layer.handle [as handle_request] (D:\gitHub\basicNodeApp\node_modules\express\lib\router\layer.js:95:5)
    at trim_prefix (D:\gitHub\basicNodeApp\node_modules\express\lib\router\index.js:317:13)
    at D:\gitHub\basicNodeApp\node_modules\express\lib\router\index.js:284:7
    at Function.process_params (D:\gitHub\basicNodeApp\node_modules\express\lib\router\index.js:335:12)
    at next (D:\gitHub\basicNodeApp\node_modules\express\lib\router\index.js:275:10)
    at app.use (D:\gitHub\basicNodeApp\app.js:55:5)Error msg:  Not Found 
 data: Sun Jan 07 2018 08:20:43 GMT-0200 (Horário brasileiro de verão) stack: Error: Not Found
    at app.use (D:\gitHub\basicNodeApp\app.js:71:16)
    at Layer.handle [as handle_request] (D:\gitHub\basicNodeApp\node_modules\express\lib\router\layer.js:95:5)
    at trim_prefix (D:\gitHub\basicNodeApp\node_modules\express\lib\router\index.js:317:13)
    at D:\gitHub\basicNodeApp\node_modules\express\lib\router\index.js:284:7
    at Function.process_params (D:\gitHub\basicNodeApp\node_modules\express\lib\router\index.js:335:12)
    at next (D:\gitHub\basicNodeApp\node_modules\express\lib\router\index.js:275:10)
    at D:\gitHub\basicNodeApp\node_modules\express\lib\router\index.js:635:15
    at next (D:\gitHub\basicNodeApp\node_modules\express\lib\router\index.js:260:14)
    at Function.handle (D:\gitHub\basicNodeApp\node_modules\express\lib\router\index.js:174:3)
    at router (D:\gitHub\basicNodeApp\node_modules\express\lib\router\index.js:47:12)
    at Layer.handle [as handle_request] (D:\gitHub\basicNodeApp\node_modules\express\lib\router\layer.js:95:5)
    at trim_prefix (D:\gitHub\basicNodeApp\node_modules\express\lib\router\index.js:317:13)
    at D:\gitHub\basicNodeApp\node_modules\express\lib\router\index.js:284:7
    at Function.process_params (D:\gitHub\basicNodeApp\node_modules\express\lib\router\index.js:335:12)
    at next (D:\gitHub\basicNodeApp\node_modules\express\lib\router\index.js:275:10)
    at app.use (D:\gitHub\basicNodeApp\app.js:55:5)Error msg:  Not Found 
 data: Sun Jan 07 2018 08:20:43 GMT-0200 (Horário brasileiro de verão) stack: Error: Not Found
    at app.use (D:\gitHub\basicNodeApp\app.js:71:16)
    at Layer.handle [as handle_request] (D:\gitHub\basicNodeApp\node_modules\express\lib\router\layer.js:95:5)
    at trim_prefix (D:\gitHub\basicNodeApp\node_modules\express\lib\router\index.js:317:13)
    at D:\gitHub\basicNodeApp\node_modules\express\lib\router\index.js:284:7
    at Function.process_params (D:\gitHub\basicNodeApp\node_modules\express\lib\router\index.js:335:12)
    at next (D:\gitHub\basicNodeApp\node_modules\express\lib\router\index.js:275:10)
    at D:\gitHub\basicNodeApp\node_modules\express\lib\router\index.js:635:15
    at next (D:\gitHub\basicNodeApp\node_modules\express\lib\router\index.js:260:14)
    at Function.handle (D:\gitHub\basicNodeApp\node_modules\express\lib\router\index.js:174:3)
    at router (D:\gitHub\basicNodeApp\node_modules\express\lib\router\index.js:47:12)
    at Layer.handle [as handle_request] (D:\gitHub\basicNodeApp\node_modules\express\lib\router\layer.js:95:5)
    at trim_prefix (D:\gitHub\basicNodeApp\node_modules\express\lib\router\index.js:317:13)
    at D:\gitHub\basicNodeApp\node_modules\express\lib\router\index.js:284:7
    at Function.process_params (D:\gitHub\basicNodeApp\node_modules\express\lib\router\index.js:335:12)
    at next (D:\gitHub\basicNodeApp\node_modules\express\lib\router\index.js:275:10)
    at app.use (D:\gitHub\basicNodeApp\app.js:55:5)Error msg:  Not Found 
 data: Sun Jan 07 2018 08:20:44 GMT-0200 (Horário brasileiro de verão) stack: Error: Not Found
    at app.use (D:\gitHub\basicNodeApp\app.js:71:16)
    at Layer.handle [as handle_request] (D:\gitHub\basicNodeApp\node_modules\express\lib\router\layer.js:95:5)
    at trim_prefix (D:\gitHub\basicNodeApp\node_modules\express\lib\router\index.js:317:13)
    at D:\gitHub\basicNodeApp\node_modules\express\lib\router\index.js:284:7
    at Function.process_params (D:\gitHub\basicNodeApp\node_modules\express\lib\router\index.js:335:12)
    at next (D:\gitHub\basicNodeApp\node_modules\express\lib\router\index.js:275:10)
    at D:\gitHub\basicNodeApp\node_modules\express\lib\router\index.js:635:15
    at next (D:\gitHub\basicNodeApp\node_modules\express\lib\router\index.js:260:14)
    at Function.handle (D:\gitHub\basicNodeApp\node_modules\express\lib\router\index.js:174:3)
    at router (D:\gitHub\basicNodeApp\node_modules\express\lib\router\index.js:47:12)
    at Layer.handle [as handle_request] (D:\gitHub\basicNodeApp\node_modules\express\lib\router\layer.js:95:5)
    at trim_prefix (D:\gitHub\basicNodeApp\node_modules\express\lib\router\index.js:317:13)
    at D:\gitHub\basicNodeApp\node_modules\express\lib\router\index.js:284:7
    at Function.process_params (D:\gitHub\basicNodeApp\node_modules\express\lib\router\index.js:335:12)
    at next (D:\gitHub\basicNodeApp\node_modules\express\lib\router\index.js:275:10)
    at app.use (D:\gitHub\basicNodeApp\app.js:55:5)Error msg:  Not Found 
 data: Sun Jan 07 2018 08:20:44 GMT-0200 (Horário brasileiro de verão) stack: Error: Not Found
    at app.use (D:\gitHub\basicNodeApp\app.js:71:16)
    at Layer.handle [as handle_request] (D:\gitHub\basicNodeApp\node_modules\express\lib\router\layer.js:95:5)
    at trim_prefix (D:\gitHub\basicNodeApp\node_modules\express\lib\router\index.js:317:13)
    at D:\gitHub\basicNodeApp\node_modules\express\lib\router\index.js:284:7
    at Function.process_params (D:\gitHub\basicNodeApp\node_modules\express\lib\router\index.js:335:12)
    at next (D:\gitHub\basicNodeApp\node_modules\express\lib\router\index.js:275:10)
    at D:\gitHub\basicNodeApp\node_modules\express\lib\router\index.js:635:15
    at next (D:\gitHub\basicNodeApp\node_modules\express\lib\router\index.js:260:14)
    at Function.handle (D:\gitHub\basicNodeApp\node_modules\express\lib\router\index.js:174:3)
    at router (D:\gitHub\basicNodeApp\node_modules\express\lib\router\index.js:47:12)
    at Layer.handle [as handle_request] (D:\gitHub\basicNodeApp\node_modules\express\lib\router\layer.js:95:5)
    at trim_prefix (D:\gitHub\basicNodeApp\node_modules\express\lib\router\index.js:317:13)
    at D:\gitHub\basicNodeApp\node_modules\express\lib\router\index.js:284:7
    at Function.process_params (D:\gitHub\basicNodeApp\node_modules\express\lib\router\index.js:335:12)
    at next (D:\gitHub\basicNodeApp\node_modules\express\lib\router\index.js:275:10)
    at app.use (D:\gitHub\basicNodeApp\app.js:55:5)Error msg:  Not Found 
 data: Sun Jan 07 2018 08:20:45 GMT-0200 (Horário brasileiro de verão) stack: Error: Not Found
    at app.use (D:\gitHub\basicNodeApp\app.js:71:16)
    at Layer.handle [as handle_request] (D:\gitHub\basicNodeApp\node_modules\express\lib\router\layer.js:95:5)
    at trim_prefix (D:\gitHub\basicNodeApp\node_modules\express\lib\router\index.js:317:13)
    at D:\gitHub\basicNodeApp\node_modules\express\lib\router\index.js:284:7
    at Function.process_params (D:\gitHub\basicNodeApp\node_modules\express\lib\router\index.js:335:12)
    at next (D:\gitHub\basicNodeApp\node_modules\express\lib\router\index.js:275:10)
    at D:\gitHub\basicNodeApp\node_modules\express\lib\router\index.js:635:15
    at next (D:\gitHub\basicNodeApp\node_modules\express\lib\router\index.js:260:14)
    at Function.handle (D:\gitHub\basicNodeApp\node_modules\express\lib\router\index.js:174:3)
    at router (D:\gitHub\basicNodeApp\node_modules\express\lib\router\index.js:47:12)
    at Layer.handle [as handle_request] (D:\gitHub\basicNodeApp\node_modules\express\lib\router\layer.js:95:5)
    at trim_prefix (D:\gitHub\basicNodeApp\node_modules\express\lib\router\index.js:317:13)
    at D:\gitHub\basicNodeApp\node_modules\express\lib\router\index.js:284:7
    at Function.process_params (D:\gitHub\basicNodeApp\node_modules\express\lib\router\index.js:335:12)
    at next (D:\gitHub\basicNodeApp\node_modules\express\lib\router\index.js:275:10)
    at app.use (D:\gitHub\basicNodeApp\app.js:55:5)Error msg:  Not Found 
 data: Sun Jan 07 2018 08:20:45 GMT-0200 (Horário brasileiro de verão) stack: Error: Not Found
    at app.use (D:\gitHub\basicNodeApp\app.js:71:16)
    at Layer.handle [as handle_request] (D:\gitHub\basicNodeApp\node_modules\express\lib\router\layer.js:95:5)
    at trim_prefix (D:\gitHub\basicNodeApp\node_modules\express\lib\router\index.js:317:13)
    at D:\gitHub\basicNodeApp\node_modules\express\lib\router\index.js:284:7
    at Function.process_params (D:\gitHub\basicNodeApp\node_modules\express\lib\router\index.js:335:12)
    at next (D:\gitHub\basicNodeApp\node_modules\express\lib\router\index.js:275:10)
    at D:\gitHub\basicNodeApp\node_modules\express\lib\router\index.js:635:15
    at next (D:\gitHub\basicNodeApp\node_modules\express\lib\router\index.js:260:14)
    at Function.handle (D:\gitHub\basicNodeApp\node_modules\express\lib\router\index.js:174:3)
    at router (D:\gitHub\basicNodeApp\node_modules\express\lib\router\index.js:47:12)
    at Layer.handle [as handle_request] (D:\gitHub\basicNodeApp\node_modules\express\lib\router\layer.js:95:5)
    at trim_prefix (D:\gitHub\basicNodeApp\node_modules\express\lib\router\index.js:317:13)
    at D:\gitHub\basicNodeApp\node_modules\express\lib\router\index.js:284:7
    at Function.process_params (D:\gitHub\basicNodeApp\node_modules\express\lib\router\index.js:335:12)
    at next (D:\gitHub\basicNodeApp\node_modules\express\lib\router\index.js:275:10)
    at app.use (D:\gitHub\basicNodeApp\app.js:55:5)Error msg:  Not Found 
 data: Sun Jan 07 2018 08:20:46 GMT-0200 (Horário brasileiro de verão) stack: Error: Not Found
    at app.use (D:\gitHub\basicNodeApp\app.js:71:16)
    at Layer.handle [as handle_request] (D:\gitHub\basicNodeApp\node_modules\express\lib\router\layer.js:95:5)
    at trim_prefix (D:\gitHub\basicNodeApp\node_modules\express\lib\router\index.js:317:13)
    at D:\gitHub\basicNodeApp\node_modules\express\lib\router\index.js:284:7
    at Function.process_params (D:\gitHub\basicNodeApp\node_modules\express\lib\router\index.js:335:12)
    at next (D:\gitHub\basicNodeApp\node_modules\express\lib\router\index.js:275:10)
    at D:\gitHub\basicNodeApp\node_modules\express\lib\router\index.js:635:15
    at next (D:\gitHub\basicNodeApp\node_modules\express\lib\router\index.js:260:14)
    at Function.handle (D:\gitHub\basicNodeApp\node_modules\express\lib\router\index.js:174:3)
    at router (D:\gitHub\basicNodeApp\node_modules\express\lib\router\index.js:47:12)
    at Layer.handle [as handle_request] (D:\gitHub\basicNodeApp\node_modules\express\lib\router\layer.js:95:5)
    at trim_prefix (D:\gitHub\basicNodeApp\node_modules\express\lib\router\index.js:317:13)
    at D:\gitHub\basicNodeApp\node_modules\express\lib\router\index.js:284:7
    at Function.process_params (D:\gitHub\basicNodeApp\node_modules\express\lib\router\index.js:335:12)
    at next (D:\gitHub\basicNodeApp\node_modules\express\lib\router\index.js:275:10)
    at app.use (D:\gitHub\basicNodeApp\app.js:55:5)Error msg:  Not Found 
 data: Sun Jan 07 2018 08:20:46 GMT-0200 (Horário brasileiro de verão) stack: Error: Not Found
    at app.use (D:\gitHub\basicNodeApp\app.js:71:16)
    at Layer.handle [as handle_request] (D:\gitHub\basicNodeApp\node_modules\express\lib\router\layer.js:95:5)
    at trim_prefix (D:\gitHub\basicNodeApp\node_modules\express\lib\router\index.js:317:13)
    at D:\gitHub\basicNodeApp\node_modules\express\lib\router\index.js:284:7
    at Function.process_params (D:\gitHub\basicNodeApp\node_modules\express\lib\router\index.js:335:12)
    at next (D:\gitHub\basicNodeApp\node_modules\express\lib\router\index.js:275:10)
    at D:\gitHub\basicNodeApp\node_modules\express\lib\router\index.js:635:15
    at next (D:\gitHub\basicNodeApp\node_modules\express\lib\router\index.js:260:14)
    at Function.handle (D:\gitHub\basicNodeApp\node_modules\express\lib\router\index.js:174:3)
    at router (D:\gitHub\basicNodeApp\node_modules\express\lib\router\index.js:47:12)
    at Layer.handle [as handle_request] (D:\gitHub\basicNodeApp\node_modules\express\lib\router\layer.js:95:5)
    at trim_prefix (D:\gitHub\basicNodeApp\node_modules\express\lib\router\index.js:317:13)
    at D:\gitHub\basicNodeApp\node_modules\express\lib\router\index.js:284:7
    at Function.process_params (D:\gitHub\basicNodeApp\node_modules\express\lib\router\index.js:335:12)
    at next (D:\gitHub\basicNodeApp\node_modules\express\lib\router\index.js:275:10)
    at app.use (D:\gitHub\basicNodeApp\app.js:55:5)Error msg:  Not Found 
 data: Sun Jan 07 2018 08:20:46 GMT-0200 (Horário brasileiro de verão) stack: Error: Not Found
    at app.use (D:\gitHub\basicNodeApp\app.js:71:16)
    at Layer.handle [as handle_request] (D:\gitHub\basicNodeApp\node_modules\express\lib\router\layer.js:95:5)
    at trim_prefix (D:\gitHub\basicNodeApp\node_modules\express\lib\router\index.js:317:13)
    at D:\gitHub\basicNodeApp\node_modules\express\lib\router\index.js:284:7
    at Function.process_params (D:\gitHub\basicNodeApp\node_modules\express\lib\router\index.js:335:12)
    at next (D:\gitHub\basicNodeApp\node_modules\express\lib\router\index.js:275:10)
    at D:\gitHub\basicNodeApp\node_modules\express\lib\router\index.js:635:15
    at next (D:\gitHub\basicNodeApp\node_modules\express\lib\router\index.js:260:14)
    at Function.handle (D:\gitHub\basicNodeApp\node_modules\express\lib\router\index.js:174:3)
    at router (D:\gitHub\basicNodeApp\node_modules\express\lib\router\index.js:47:12)
    at Layer.handle [as handle_request] (D:\gitHub\basicNodeApp\node_modules\express\lib\router\layer.js:95:5)
    at trim_prefix (D:\gitHub\basicNodeApp\node_modules\express\lib\router\index.js:317:13)
    at D:\gitHub\basicNodeApp\node_modules\express\lib\router\index.js:284:7
    at Function.process_params (D:\gitHub\basicNodeApp\node_modules\express\lib\router\index.js:335:12)
    at next (D:\gitHub\basicNodeApp\node_modules\express\lib\router\index.js:275:10)
    at app.use (D:\gitHub\basicNodeApp\app.js:55:5)Error msg:  Not Found 
 data: Sun Jan 07 2018 08:20:46 GMT-0200 (Horário brasileiro de verão) stack: Error: Not Found
    at app.use (D:\gitHub\basicNodeApp\app.js:71:16)
    at Layer.handle [as handle_request] (D:\gitHub\basicNodeApp\node_modules\express\lib\router\layer.js:95:5)
    at trim_prefix (D:\gitHub\basicNodeApp\node_modules\express\lib\router\index.js:317:13)
    at D:\gitHub\basicNodeApp\node_modules\express\lib\router\index.js:284:7
    at Function.process_params (D:\gitHub\basicNodeApp\node_modules\express\lib\router\index.js:335:12)
    at next (D:\gitHub\basicNodeApp\node_modules\express\lib\router\index.js:275:10)
    at D:\gitHub\basicNodeApp\node_modules\express\lib\router\index.js:635:15
    at next (D:\gitHub\basicNodeApp\node_modules\express\lib\router\index.js:260:14)
    at Function.handle (D:\gitHub\basicNodeApp\node_modules\express\lib\router\index.js:174:3)
    at router (D:\gitHub\basicNodeApp\node_modules\express\lib\router\index.js:47:12)
    at Layer.handle [as handle_request] (D:\gitHub\basicNodeApp\node_modules\express\lib\router\layer.js:95:5)
    at trim_prefix (D:\gitHub\basicNodeApp\node_modules\express\lib\router\index.js:317:13)
    at D:\gitHub\basicNodeApp\node_modules\express\lib\router\index.js:284:7
    at Function.process_params (D:\gitHub\basicNodeApp\node_modules\express\lib\router\index.js:335:12)
    at next (D:\gitHub\basicNodeApp\node_modules\express\lib\router\index.js:275:10)
    at app.use (D:\gitHub\basicNodeApp\app.js:55:5)Error msg:  Not Found 
 data: Sun Jan 07 2018 08:20:47 GMT-0200 (Horário brasileiro de verão) stack: Error: Not Found
    at app.use (D:\gitHub\basicNodeApp\app.js:71:16)
    at Layer.handle [as handle_request] (D:\gitHub\basicNodeApp\node_modules\express\lib\router\layer.js:95:5)
    at trim_prefix (D:\gitHub\basicNodeApp\node_modules\express\lib\router\index.js:317:13)
    at D:\gitHub\basicNodeApp\node_modules\express\lib\router\index.js:284:7
    at Function.process_params (D:\gitHub\basicNodeApp\node_modules\express\lib\router\index.js:335:12)
    at next (D:\gitHub\basicNodeApp\node_modules\express\lib\router\index.js:275:10)
    at D:\gitHub\basicNodeApp\node_modules\express\lib\router\index.js:635:15
    at next (D:\gitHub\basicNodeApp\node_modules\express\lib\router\index.js:260:14)
    at Function.handle (D:\gitHub\basicNodeApp\node_modules\express\lib\router\index.js:174:3)
    at router (D:\gitHub\basicNodeApp\node_modules\express\lib\router\index.js:47:12)
    at Layer.handle [as handle_request] (D:\gitHub\basicNodeApp\node_modules\express\lib\router\layer.js:95:5)
    at trim_prefix (D:\gitHub\basicNodeApp\node_modules\express\lib\router\index.js:317:13)
    at D:\gitHub\basicNodeApp\node_modules\express\lib\router\index.js:284:7
    at Function.process_params (D:\gitHub\basicNodeApp\node_modules\express\lib\router\index.js:335:12)
    at next (D:\gitHub\basicNodeApp\node_modules\express\lib\router\index.js:275:10)
    at app.use (D:\gitHub\basicNodeApp\app.js:55:5)Error msg:  Not Found 
 data: Sun Jan 07 2018 08:20:47 GMT-0200 (Horário brasileiro de verão) stack: Error: Not Found
    at app.use (D:\gitHub\basicNodeApp\app.js:71:16)
    at Layer.handle [as handle_request] (D:\gitHub\basicNodeApp\node_modules\express\lib\router\layer.js:95:5)
    at trim_prefix (D:\gitHub\basicNodeApp\node_modules\express\lib\router\index.js:317:13)
    at D:\gitHub\basicNodeApp\node_modules\express\lib\router\index.js:284:7
    at Function.process_params (D:\gitHub\basicNodeApp\node_modules\express\lib\router\index.js:335:12)
    at next (D:\gitHub\basicNodeApp\node_modules\express\lib\router\index.js:275:10)
    at D:\gitHub\basicNodeApp\node_modules\express\lib\router\index.js:635:15
    at next (D:\gitHub\basicNodeApp\node_modules\express\lib\router\index.js:260:14)
    at Function.handle (D:\gitHub\basicNodeApp\node_modules\express\lib\router\index.js:174:3)
    at router (D:\gitHub\basicNodeApp\node_modules\express\lib\router\index.js:47:12)
    at Layer.handle [as handle_request] (D:\gitHub\basicNodeApp\node_modules\express\lib\router\layer.js:95:5)
    at trim_prefix (D:\gitHub\basicNodeApp\node_modules\express\lib\router\index.js:317:13)
    at D:\gitHub\basicNodeApp\node_modules\express\lib\router\index.js:284:7
    at Function.process_params (D:\gitHub\basicNodeApp\node_modules\express\lib\router\index.js:335:12)
    at next (D:\gitHub\basicNodeApp\node_modules\express\lib\router\index.js:275:10)
    at app.use (D:\gitHub\basicNodeApp\app.js:55:5)Error msg:  Not Found 
 data: Sun Jan 07 2018 08:20:48 GMT-0200 (Horário brasileiro de verão) stack: Error: Not Found
    at app.use (D:\gitHub\basicNodeApp\app.js:71:16)
    at Layer.handle [as handle_request] (D:\gitHub\basicNodeApp\node_modules\express\lib\router\layer.js:95:5)
    at trim_prefix (D:\gitHub\basicNodeApp\node_modules\express\lib\router\index.js:317:13)
    at D:\gitHub\basicNodeApp\node_modules\express\lib\router\index.js:284:7
    at Function.process_params (D:\gitHub\basicNodeApp\node_modules\express\lib\router\index.js:335:12)
    at next (D:\gitHub\basicNodeApp\node_modules\express\lib\router\index.js:275:10)
    at D:\gitHub\basicNodeApp\node_modules\express\lib\router\index.js:635:15
    at next (D:\gitHub\basicNodeApp\node_modules\express\lib\router\index.js:260:14)
    at Function.handle (D:\gitHub\basicNodeApp\node_modules\express\lib\router\index.js:174:3)
    at router (D:\gitHub\basicNodeApp\node_modules\express\lib\router\index.js:47:12)
    at Layer.handle [as handle_request] (D:\gitHub\basicNodeApp\node_modules\express\lib\router\layer.js:95:5)
    at trim_prefix (D:\gitHub\basicNodeApp\node_modules\express\lib\router\index.js:317:13)
    at D:\gitHub\basicNodeApp\node_modules\express\lib\router\index.js:284:7
    at Function.process_params (D:\gitHub\basicNodeApp\node_modules\express\lib\router\index.js:335:12)
    at next (D:\gitHub\basicNodeApp\node_modules\express\lib\router\index.js:275:10)
    at app.use (D:\gitHub\basicNodeApp\app.js:55:5)Error msg:  Not Found 
 data: Sun Jan 07 2018 08:20:48 GMT-0200 (Horário brasileiro de verão) stack: Error: Not Found
    at app.use (D:\gitHub\basicNodeApp\app.js:71:16)
    at Layer.handle [as handle_request] (D:\gitHub\basicNodeApp\node_modules\express\lib\router\layer.js:95:5)
    at trim_prefix (D:\gitHub\basicNodeApp\node_modules\express\lib\router\index.js:317:13)
    at D:\gitHub\basicNodeApp\node_modules\express\lib\router\index.js:284:7
    at Function.process_params (D:\gitHub\basicNodeApp\node_modules\express\lib\router\index.js:335:12)
    at next (D:\gitHub\basicNodeApp\node_modules\express\lib\router\index.js:275:10)
    at D:\gitHub\basicNodeApp\node_modules\express\lib\router\index.js:635:15
    at next (D:\gitHub\basicNodeApp\node_modules\express\lib\router\index.js:260:14)
    at Function.handle (D:\gitHub\basicNodeApp\node_modules\express\lib\router\index.js:174:3)
    at router (D:\gitHub\basicNodeApp\node_modules\express\lib\router\index.js:47:12)
    at Layer.handle [as handle_request] (D:\gitHub\basicNodeApp\node_modules\express\lib\router\layer.js:95:5)
    at trim_prefix (D:\gitHub\basicNodeApp\node_modules\express\lib\router\index.js:317:13)
    at D:\gitHub\basicNodeApp\node_modules\express\lib\router\index.js:284:7
    at Function.process_params (D:\gitHub\basicNodeApp\node_modules\express\lib\router\index.js:335:12)
    at next (D:\gitHub\basicNodeApp\node_modules\express\lib\router\index.js:275:10)
    at app.use (D:\gitHub\basicNodeApp\app.js:55:5)Error msg:  Not Found 
 data: Sun Jan 07 2018 08:20:49 GMT-0200 (Horário brasileiro de verão) stack: Error: Not Found
    at app.use (D:\gitHub\basicNodeApp\app.js:71:16)
    at Layer.handle [as handle_request] (D:\gitHub\basicNodeApp\node_modules\express\lib\router\layer.js:95:5)
    at trim_prefix (D:\gitHub\basicNodeApp\node_modules\express\lib\router\index.js:317:13)
    at D:\gitHub\basicNodeApp\node_modules\express\lib\router\index.js:284:7
    at Function.process_params (D:\gitHub\basicNodeApp\node_modules\express\lib\router\index.js:335:12)
    at next (D:\gitHub\basicNodeApp\node_modules\express\lib\router\index.js:275:10)
    at D:\gitHub\basicNodeApp\node_modules\express\lib\router\index.js:635:15
    at next (D:\gitHub\basicNodeApp\node_modules\express\lib\router\index.js:260:14)
    at Function.handle (D:\gitHub\basicNodeApp\node_modules\express\lib\router\index.js:174:3)
    at router (D:\gitHub\basicNodeApp\node_modules\express\lib\router\index.js:47:12)
    at Layer.handle [as handle_request] (D:\gitHub\basicNodeApp\node_modules\express\lib\router\layer.js:95:5)
    at trim_prefix (D:\gitHub\basicNodeApp\node_modules\express\lib\router\index.js:317:13)
    at D:\gitHub\basicNodeApp\node_modules\express\lib\router\index.js:284:7
    at Function.process_params (D:\gitHub\basicNodeApp\node_modules\express\lib\router\index.js:335:12)
    at next (D:\gitHub\basicNodeApp\node_modules\express\lib\router\index.js:275:10)
    at app.use (D:\gitHub\basicNodeApp\app.js:55:5)Error msg:  Not Found 
 data: Sun Jan 07 2018 08:20:49 GMT-0200 (Horário brasileiro de verão) stack: Error: Not Found
    at app.use (D:\gitHub\basicNodeApp\app.js:71:16)
    at Layer.handle [as handle_request] (D:\gitHub\basicNodeApp\node_modules\express\lib\router\layer.js:95:5)
    at trim_prefix (D:\gitHub\basicNodeApp\node_modules\express\lib\router\index.js:317:13)
    at D:\gitHub\basicNodeApp\node_modules\express\lib\router\index.js:284:7
    at Function.process_params (D:\gitHub\basicNodeApp\node_modules\express\lib\router\index.js:335:12)
    at next (D:\gitHub\basicNodeApp\node_modules\express\lib\router\index.js:275:10)
    at D:\gitHub\basicNodeApp\node_modules\express\lib\router\index.js:635:15
    at next (D:\gitHub\basicNodeApp\node_modules\express\lib\router\index.js:260:14)
    at Function.handle (D:\gitHub\basicNodeApp\node_modules\express\lib\router\index.js:174:3)
    at router (D:\gitHub\basicNodeApp\node_modules\express\lib\router\index.js:47:12)
    at Layer.handle [as handle_request] (D:\gitHub\basicNodeApp\node_modules\express\lib\router\layer.js:95:5)
    at trim_prefix (D:\gitHub\basicNodeApp\node_modules\express\lib\router\index.js:317:13)
    at D:\gitHub\basicNodeApp\node_modules\express\lib\router\index.js:284:7
    at Function.process_params (D:\gitHub\basicNodeApp\node_modules\express\lib\router\index.js:335:12)
    at next (D:\gitHub\basicNodeApp\node_modules\express\lib\router\index.js:275:10)
    at app.use (D:\gitHub\basicNodeApp\app.js:55:5)Error msg:  Not Found 
 data: Sun Jan 07 2018 08:20:49 GMT-0200 (Horário brasileiro de verão) stack: Error: Not Found
    at app.use (D:\gitHub\basicNodeApp\app.js:71:16)
    at Layer.handle [as handle_request] (D:\gitHub\basicNodeApp\node_modules\express\lib\router\layer.js:95:5)
    at trim_prefix (D:\gitHub\basicNodeApp\node_modules\express\lib\router\index.js:317:13)
    at D:\gitHub\basicNodeApp\node_modules\express\lib\router\index.js:284:7
    at Function.process_params (D:\gitHub\basicNodeApp\node_modules\express\lib\router\index.js:335:12)
    at next (D:\gitHub\basicNodeApp\node_modules\express\lib\router\index.js:275:10)
    at D:\gitHub\basicNodeApp\node_modules\express\lib\router\index.js:635:15
    at next (D:\gitHub\basicNodeApp\node_modules\express\lib\router\index.js:260:14)
    at Function.handle (D:\gitHub\basicNodeApp\node_modules\express\lib\router\index.js:174:3)
    at router (D:\gitHub\basicNodeApp\node_modules\express\lib\router\index.js:47:12)
    at Layer.handle [as handle_request] (D:\gitHub\basicNodeApp\node_modules\express\lib\router\layer.js:95:5)
    at trim_prefix (D:\gitHub\basicNodeApp\node_modules\express\lib\router\index.js:317:13)
    at D:\gitHub\basicNodeApp\node_modules\express\lib\router\index.js:284:7
    at Function.process_params (D:\gitHub\basicNodeApp\node_modules\express\lib\router\index.js:335:12)
    at next (D:\gitHub\basicNodeApp\node_modules\express\lib\router\index.js:275:10)
    at app.use (D:\gitHub\basicNodeApp\app.js:55:5)Error msg:  Not Found 
 data: Sun Jan 07 2018 08:20:49 GMT-0200 (Horário brasileiro de verão) stack: Error: Not Found
    at app.use (D:\gitHub\basicNodeApp\app.js:71:16)
    at Layer.handle [as handle_request] (D:\gitHub\basicNodeApp\node_modules\express\lib\router\layer.js:95:5)
    at trim_prefix (D:\gitHub\basicNodeApp\node_modules\express\lib\router\index.js:317:13)
    at D:\gitHub\basicNodeApp\node_modules\express\lib\router\index.js:284:7
    at Function.process_params (D:\gitHub\basicNodeApp\node_modules\express\lib\router\index.js:335:12)
    at next (D:\gitHub\basicNodeApp\node_modules\express\lib\router\index.js:275:10)
    at D:\gitHub\basicNodeApp\node_modules\express\lib\router\index.js:635:15
    at next (D:\gitHub\basicNodeApp\node_modules\express\lib\router\index.js:260:14)
    at Function.handle (D:\gitHub\basicNodeApp\node_modules\express\lib\router\index.js:174:3)
    at router (D:\gitHub\basicNodeApp\node_modules\express\lib\router\index.js:47:12)
    at Layer.handle [as handle_request] (D:\gitHub\basicNodeApp\node_modules\express\lib\router\layer.js:95:5)
    at trim_prefix (D:\gitHub\basicNodeApp\node_modules\express\lib\router\index.js:317:13)
    at D:\gitHub\basicNodeApp\node_modules\express\lib\router\index.js:284:7
    at Function.process_params (D:\gitHub\basicNodeApp\node_modules\express\lib\router\index.js:335:12)
    at next (D:\gitHub\basicNodeApp\node_modules\express\lib\router\index.js:275:10)
    at app.use (D:\gitHub\basicNodeApp\app.js:55:5)Error msg:  Not Found 
 data: Sun Jan 07 2018 08:20:50 GMT-0200 (Horário brasileiro de verão) stack: Error: Not Found
    at app.use (D:\gitHub\basicNodeApp\app.js:71:16)
    at Layer.handle [as handle_request] (D:\gitHub\basicNodeApp\node_modules\express\lib\router\layer.js:95:5)
    at trim_prefix (D:\gitHub\basicNodeApp\node_modules\express\lib\router\index.js:317:13)
    at D:\gitHub\basicNodeApp\node_modules\express\lib\router\index.js:284:7
    at Function.process_params (D:\gitHub\basicNodeApp\node_modules\express\lib\router\index.js:335:12)
    at next (D:\gitHub\basicNodeApp\node_modules\express\lib\router\index.js:275:10)
    at D:\gitHub\basicNodeApp\node_modules\express\lib\router\index.js:635:15
    at next (D:\gitHub\basicNodeApp\node_modules\express\lib\router\index.js:260:14)
    at Function.handle (D:\gitHub\basicNodeApp\node_modules\express\lib\router\index.js:174:3)
    at router (D:\gitHub\basicNodeApp\node_modules\express\lib\router\index.js:47:12)
    at Layer.handle [as handle_request] (D:\gitHub\basicNodeApp\node_modules\express\lib\router\layer.js:95:5)
    at trim_prefix (D:\gitHub\basicNodeApp\node_modules\express\lib\router\index.js:317:13)
    at D:\gitHub\basicNodeApp\node_modules\express\lib\router\index.js:284:7
    at Function.process_params (D:\gitHub\basicNodeApp\node_modules\express\lib\router\index.js:335:12)
    at next (D:\gitHub\basicNodeApp\node_modules\express\lib\router\index.js:275:10)
    at app.use (D:\gitHub\basicNodeApp\app.js:55:5)Error msg:  Not Found 
 data: Sun Jan 07 2018 08:20:50 GMT-0200 (Horário brasileiro de verão) stack: Error: Not Found
    at app.use (D:\gitHub\basicNodeApp\app.js:71:16)
    at Layer.handle [as handle_request] (D:\gitHub\basicNodeApp\node_modules\express\lib\router\layer.js:95:5)
    at trim_prefix (D:\gitHub\basicNodeApp\node_modules\express\lib\router\index.js:317:13)
    at D:\gitHub\basicNodeApp\node_modules\express\lib\router\index.js:284:7
    at Function.process_params (D:\gitHub\basicNodeApp\node_modules\express\lib\router\index.js:335:12)
    at next (D:\gitHub\basicNodeApp\node_modules\express\lib\router\index.js:275:10)
    at D:\gitHub\basicNodeApp\node_modules\express\lib\router\index.js:635:15
    at next (D:\gitHub\basicNodeApp\node_modules\express\lib\router\index.js:260:14)
    at Function.handle (D:\gitHub\basicNodeApp\node_modules\express\lib\router\index.js:174:3)
    at router (D:\gitHub\basicNodeApp\node_modules\express\lib\router\index.js:47:12)
    at Layer.handle [as handle_request] (D:\gitHub\basicNodeApp\node_modules\express\lib\router\layer.js:95:5)
    at trim_prefix (D:\gitHub\basicNodeApp\node_modules\express\lib\router\index.js:317:13)
    at D:\gitHub\basicNodeApp\node_modules\express\lib\router\index.js:284:7
    at Function.process_params (D:\gitHub\basicNodeApp\node_modules\express\lib\router\index.js:335:12)
    at next (D:\gitHub\basicNodeApp\node_modules\express\lib\router\index.js:275:10)
    at app.use (D:\gitHub\basicNodeApp\app.js:55:5)Error msg:  Not Found 
 data: Sun Jan 07 2018 08:20:51 GMT-0200 (Horário brasileiro de verão) stack: Error: Not Found
    at app.use (D:\gitHub\basicNodeApp\app.js:71:16)
    at Layer.handle [as handle_request] (D:\gitHub\basicNodeApp\node_modules\express\lib\router\layer.js:95:5)
    at trim_prefix (D:\gitHub\basicNodeApp\node_modules\express\lib\router\index.js:317:13)
    at D:\gitHub\basicNodeApp\node_modules\express\lib\router\index.js:284:7
    at Function.process_params (D:\gitHub\basicNodeApp\node_modules\express\lib\router\index.js:335:12)
    at next (D:\gitHub\basicNodeApp\node_modules\express\lib\router\index.js:275:10)
    at D:\gitHub\basicNodeApp\node_modules\express\lib\router\index.js:635:15
    at next (D:\gitHub\basicNodeApp\node_modules\express\lib\router\index.js:260:14)
    at Function.handle (D:\gitHub\basicNodeApp\node_modules\express\lib\router\index.js:174:3)
    at router (D:\gitHub\basicNodeApp\node_modules\express\lib\router\index.js:47:12)
    at Layer.handle [as handle_request] (D:\gitHub\basicNodeApp\node_modules\express\lib\router\layer.js:95:5)
    at trim_prefix (D:\gitHub\basicNodeApp\node_modules\express\lib\router\index.js:317:13)
    at D:\gitHub\basicNodeApp\node_modules\express\lib\router\index.js:284:7
    at Function.process_params (D:\gitHub\basicNodeApp\node_modules\express\lib\router\index.js:335:12)
    at next (D:\gitHub\basicNodeApp\node_modules\express\lib\router\index.js:275:10)
    at app.use (D:\gitHub\basicNodeApp\app.js:55:5)Error msg:  Not Found 
 data: Sun Jan 07 2018 08:20:51 GMT-0200 (Horário brasileiro de verão) stack: Error: Not Found
    at app.use (D:\gitHub\basicNodeApp\app.js:71:16)
    at Layer.handle [as handle_request] (D:\gitHub\basicNodeApp\node_modules\express\lib\router\layer.js:95:5)
    at trim_prefix (D:\gitHub\basicNodeApp\node_modules\express\lib\router\index.js:317:13)
    at D:\gitHub\basicNodeApp\node_modules\express\lib\router\index.js:284:7
    at Function.process_params (D:\gitHub\basicNodeApp\node_modules\express\lib\router\index.js:335:12)
    at next (D:\gitHub\basicNodeApp\node_modules\express\lib\router\index.js:275:10)
    at D:\gitHub\basicNodeApp\node_modules\express\lib\router\index.js:635:15
    at next (D:\gitHub\basicNodeApp\node_modules\express\lib\router\index.js:260:14)
    at Function.handle (D:\gitHub\basicNodeApp\node_modules\express\lib\router\index.js:174:3)
    at router (D:\gitHub\basicNodeApp\node_modules\express\lib\router\index.js:47:12)
    at Layer.handle [as handle_request] (D:\gitHub\basicNodeApp\node_modules\express\lib\router\layer.js:95:5)
    at trim_prefix (D:\gitHub\basicNodeApp\node_modules\express\lib\router\index.js:317:13)
    at D:\gitHub\basicNodeApp\node_modules\express\lib\router\index.js:284:7
    at Function.process_params (D:\gitHub\basicNodeApp\node_modules\express\lib\router\index.js:335:12)
    at next (D:\gitHub\basicNodeApp\node_modules\express\lib\router\index.js:275:10)
    at app.use (D:\gitHub\basicNodeApp\app.js:55:5)Error msg:  Not Found 
 data: Sun Jan 07 2018 08:20:52 GMT-0200 (Horário brasileiro de verão) stack: Error: Not Found
    at app.use (D:\gitHub\basicNodeApp\app.js:71:16)
    at Layer.handle [as handle_request] (D:\gitHub\basicNodeApp\node_modules\express\lib\router\layer.js:95:5)
    at trim_prefix (D:\gitHub\basicNodeApp\node_modules\express\lib\router\index.js:317:13)
    at D:\gitHub\basicNodeApp\node_modules\express\lib\router\index.js:284:7
    at Function.process_params (D:\gitHub\basicNodeApp\node_modules\express\lib\router\index.js:335:12)
    at next (D:\gitHub\basicNodeApp\node_modules\express\lib\router\index.js:275:10)
    at D:\gitHub\basicNodeApp\node_modules\express\lib\router\index.js:635:15
    at next (D:\gitHub\basicNodeApp\node_modules\express\lib\router\index.js:260:14)
    at Function.handle (D:\gitHub\basicNodeApp\node_modules\express\lib\router\index.js:174:3)
    at router (D:\gitHub\basicNodeApp\node_modules\express\lib\router\index.js:47:12)
    at Layer.handle [as handle_request] (D:\gitHub\basicNodeApp\node_modules\express\lib\router\layer.js:95:5)
    at trim_prefix (D:\gitHub\basicNodeApp\node_modules\express\lib\router\index.js:317:13)
    at D:\gitHub\basicNodeApp\node_modules\express\lib\router\index.js:284:7
    at Function.process_params (D:\gitHub\basicNodeApp\node_modules\express\lib\router\index.js:335:12)
    at next (D:\gitHub\basicNodeApp\node_modules\express\lib\router\index.js:275:10)
    at app.use (D:\gitHub\basicNodeApp\app.js:55:5)Error msg:  Not Found 
 data: Sun Jan 07 2018 08:20:52 GMT-0200 (Horário brasileiro de verão) stack: Error: Not Found
    at app.use (D:\gitHub\basicNodeApp\app.js:71:16)
    at Layer.handle [as handle_request] (D:\gitHub\basicNodeApp\node_modules\express\lib\router\layer.js:95:5)
    at trim_prefix (D:\gitHub\basicNodeApp\node_modules\express\lib\router\index.js:317:13)
    at D:\gitHub\basicNodeApp\node_modules\express\lib\router\index.js:284:7
    at Function.process_params (D:\gitHub\basicNodeApp\node_modules\express\lib\router\index.js:335:12)
    at next (D:\gitHub\basicNodeApp\node_modules\express\lib\router\index.js:275:10)
    at D:\gitHub\basicNodeApp\node_modules\express\lib\router\index.js:635:15
    at next (D:\gitHub\basicNodeApp\node_modules\express\lib\router\index.js:260:14)
    at Function.handle (D:\gitHub\basicNodeApp\node_modules\express\lib\router\index.js:174:3)
    at router (D:\gitHub\basicNodeApp\node_modules\express\lib\router\index.js:47:12)
    at Layer.handle [as handle_request] (D:\gitHub\basicNodeApp\node_modules\express\lib\router\layer.js:95:5)
    at trim_prefix (D:\gitHub\basicNodeApp\node_modules\express\lib\router\index.js:317:13)
    at D:\gitHub\basicNodeApp\node_modules\express\lib\router\index.js:284:7
    at Function.process_params (D:\gitHub\basicNodeApp\node_modules\express\lib\router\index.js:335:12)
    at next (D:\gitHub\basicNodeApp\node_modules\express\lib\router\index.js:275:10)
    at app.use (D:\gitHub\basicNodeApp\app.js:55:5)Error msg:  Not Found 
 data: Sun Jan 07 2018 08:20:52 GMT-0200 (Horário brasileiro de verão) stack: Error: Not Found
    at app.use (D:\gitHub\basicNodeApp\app.js:71:16)
    at Layer.handle [as handle_request] (D:\gitHub\basicNodeApp\node_modules\express\lib\router\layer.js:95:5)
    at trim_prefix (D:\gitHub\basicNodeApp\node_modules\express\lib\router\index.js:317:13)
    at D:\gitHub\basicNodeApp\node_modules\express\lib\router\index.js:284:7
    at Function.process_params (D:\gitHub\basicNodeApp\node_modules\express\lib\router\index.js:335:12)
    at next (D:\gitHub\basicNodeApp\node_modules\express\lib\router\index.js:275:10)
    at D:\gitHub\basicNodeApp\node_modules\express\lib\router\index.js:635:15
    at next (D:\gitHub\basicNodeApp\node_modules\express\lib\router\index.js:260:14)
    at Function.handle (D:\gitHub\basicNodeApp\node_modules\express\lib\router\index.js:174:3)
    at router (D:\gitHub\basicNodeApp\node_modules\express\lib\router\index.js:47:12)
    at Layer.handle [as handle_request] (D:\gitHub\basicNodeApp\node_modules\express\lib\router\layer.js:95:5)
    at trim_prefix (D:\gitHub\basicNodeApp\node_modules\express\lib\router\index.js:317:13)
    at D:\gitHub\basicNodeApp\node_modules\express\lib\router\index.js:284:7
    at Function.process_params (D:\gitHub\basicNodeApp\node_modules\express\lib\router\index.js:335:12)
    at next (D:\gitHub\basicNodeApp\node_modules\express\lib\router\index.js:275:10)
    at app.use (D:\gitHub\basicNodeApp\app.js:55:5)Error msg:  Not Found 
 data: Sun Jan 07 2018 08:20:52 GMT-0200 (Horário brasileiro de verão) stack: Error: Not Found
    at app.use (D:\gitHub\basicNodeApp\app.js:71:16)
    at Layer.handle [as handle_request] (D:\gitHub\basicNodeApp\node_modules\express\lib\router\layer.js:95:5)
    at trim_prefix (D:\gitHub\basicNodeApp\node_modules\express\lib\router\index.js:317:13)
    at D:\gitHub\basicNodeApp\node_modules\express\lib\router\index.js:284:7
    at Function.process_params (D:\gitHub\basicNodeApp\node_modules\express\lib\router\index.js:335:12)
    at next (D:\gitHub\basicNodeApp\node_modules\express\lib\router\index.js:275:10)
    at D:\gitHub\basicNodeApp\node_modules\express\lib\router\index.js:635:15
    at next (D:\gitHub\basicNodeApp\node_modules\express\lib\router\index.js:260:14)
    at Function.handle (D:\gitHub\basicNodeApp\node_modules\express\lib\router\index.js:174:3)
    at router (D:\gitHub\basicNodeApp\node_modules\express\lib\router\index.js:47:12)
    at Layer.handle [as handle_request] (D:\gitHub\basicNodeApp\node_modules\express\lib\router\layer.js:95:5)
    at trim_prefix (D:\gitHub\basicNodeApp\node_modules\express\lib\router\index.js:317:13)
    at D:\gitHub\basicNodeApp\node_modules\express\lib\router\index.js:284:7
    at Function.process_params (D:\gitHub\basicNodeApp\node_modules\express\lib\router\index.js:335:12)
    at next (D:\gitHub\basicNodeApp\node_modules\express\lib\router\index.js:275:10)
    at app.use (D:\gitHub\basicNodeApp\app.js:55:5)Error msg:  Not Found 
 data: Sun Jan 07 2018 08:20:53 GMT-0200 (Horário brasileiro de verão) stack: Error: Not Found
    at app.use (D:\gitHub\basicNodeApp\app.js:71:16)
    at Layer.handle [as handle_request] (D:\gitHub\basicNodeApp\node_modules\express\lib\router\layer.js:95:5)
    at trim_prefix (D:\gitHub\basicNodeApp\node_modules\express\lib\router\index.js:317:13)
    at D:\gitHub\basicNodeApp\node_modules\express\lib\router\index.js:284:7
    at Function.process_params (D:\gitHub\basicNodeApp\node_modules\express\lib\router\index.js:335:12)
    at next (D:\gitHub\basicNodeApp\node_modules\express\lib\router\index.js:275:10)
    at D:\gitHub\basicNodeApp\node_modules\express\lib\router\index.js:635:15
    at next (D:\gitHub\basicNodeApp\node_modules\express\lib\router\index.js:260:14)
    at Function.handle (D:\gitHub\basicNodeApp\node_modules\express\lib\router\index.js:174:3)
    at router (D:\gitHub\basicNodeApp\node_modules\express\lib\router\index.js:47:12)
    at Layer.handle [as handle_request] (D:\gitHub\basicNodeApp\node_modules\express\lib\router\layer.js:95:5)
    at trim_prefix (D:\gitHub\basicNodeApp\node_modules\express\lib\router\index.js:317:13)
    at D:\gitHub\basicNodeApp\node_modules\express\lib\router\index.js:284:7
    at Function.process_params (D:\gitHub\basicNodeApp\node_modules\express\lib\router\index.js:335:12)
    at next (D:\gitHub\basicNodeApp\node_modules\express\lib\router\index.js:275:10)
    at app.use (D:\gitHub\basicNodeApp\app.js:55:5)Error msg:  Not Found 
 data: Sun Jan 07 2018 08:20:53 GMT-0200 (Horário brasileiro de verão) stack: Error: Not Found
    at app.use (D:\gitHub\basicNodeApp\app.js:71:16)
    at Layer.handle [as handle_request] (D:\gitHub\basicNodeApp\node_modules\express\lib\router\layer.js:95:5)
    at trim_prefix (D:\gitHub\basicNodeApp\node_modules\express\lib\router\index.js:317:13)
    at D:\gitHub\basicNodeApp\node_modules\express\lib\router\index.js:284:7
    at Function.process_params (D:\gitHub\basicNodeApp\node_modules\express\lib\router\index.js:335:12)
    at next (D:\gitHub\basicNodeApp\node_modules\express\lib\router\index.js:275:10)
    at D:\gitHub\basicNodeApp\node_modules\express\lib\router\index.js:635:15
    at next (D:\gitHub\basicNodeApp\node_modules\express\lib\router\index.js:260:14)
    at Function.handle (D:\gitHub\basicNodeApp\node_modules\express\lib\router\index.js:174:3)
    at router (D:\gitHub\basicNodeApp\node_modules\express\lib\router\index.js:47:12)
    at Layer.handle [as handle_request] (D:\gitHub\basicNodeApp\node_modules\express\lib\router\layer.js:95:5)
    at trim_prefix (D:\gitHub\basicNodeApp\node_modules\express\lib\router\index.js:317:13)
    at D:\gitHub\basicNodeApp\node_modules\express\lib\router\index.js:284:7
    at Function.process_params (D:\gitHub\basicNodeApp\node_modules\express\lib\router\index.js:335:12)
    at next (D:\gitHub\basicNodeApp\node_modules\express\lib\router\index.js:275:10)
    at app.use (D:\gitHub\basicNodeApp\app.js:55:5)Error msg:  Not Found 
 data: Sun Jan 07 2018 08:20:54 GMT-0200 (Horário brasileiro de verão) stack: Error: Not Found
    at app.use (D:\gitHub\basicNodeApp\app.js:71:16)
    at Layer.handle [as handle_request] (D:\gitHub\basicNodeApp\node_modules\express\lib\router\layer.js:95:5)
    at trim_prefix (D:\gitHub\basicNodeApp\node_modules\express\lib\router\index.js:317:13)
    at D:\gitHub\basicNodeApp\node_modules\express\lib\router\index.js:284:7
    at Function.process_params (D:\gitHub\basicNodeApp\node_modules\express\lib\router\index.js:335:12)
    at next (D:\gitHub\basicNodeApp\node_modules\express\lib\router\index.js:275:10)
    at D:\gitHub\basicNodeApp\node_modules\express\lib\router\index.js:635:15
    at next (D:\gitHub\basicNodeApp\node_modules\express\lib\router\index.js:260:14)
    at Function.handle (D:\gitHub\basicNodeApp\node_modules\express\lib\router\index.js:174:3)
    at router (D:\gitHub\basicNodeApp\node_modules\express\lib\router\index.js:47:12)
    at Layer.handle [as handle_request] (D:\gitHub\basicNodeApp\node_modules\express\lib\router\layer.js:95:5)
    at trim_prefix (D:\gitHub\basicNodeApp\node_modules\express\lib\router\index.js:317:13)
    at D:\gitHub\basicNodeApp\node_modules\express\lib\router\index.js:284:7
    at Function.process_params (D:\gitHub\basicNodeApp\node_modules\express\lib\router\index.js:335:12)
    at next (D:\gitHub\basicNodeApp\node_modules\express\lib\router\index.js:275:10)
    at app.use (D:\gitHub\basicNodeApp\app.js:55:5)Error msg:  Not Found 
 data: Sun Jan 07 2018 08:20:55 GMT-0200 (Horário brasileiro de verão) stack: Error: Not Found
    at app.use (D:\gitHub\basicNodeApp\app.js:71:16)
    at Layer.handle [as handle_request] (D:\gitHub\basicNodeApp\node_modules\express\lib\router\layer.js:95:5)
    at trim_prefix (D:\gitHub\basicNodeApp\node_modules\express\lib\router\index.js:317:13)
    at D:\gitHub\basicNodeApp\node_modules\express\lib\router\index.js:284:7
    at Function.process_params (D:\gitHub\basicNodeApp\node_modules\express\lib\router\index.js:335:12)
    at next (D:\gitHub\basicNodeApp\node_modules\express\lib\router\index.js:275:10)
    at D:\gitHub\basicNodeApp\node_modules\express\lib\router\index.js:635:15
    at next (D:\gitHub\basicNodeApp\node_modules\express\lib\router\index.js:260:14)
    at Function.handle (D:\gitHub\basicNodeApp\node_modules\express\lib\router\index.js:174:3)
    at router (D:\gitHub\basicNodeApp\node_modules\express\lib\router\index.js:47:12)
    at Layer.handle [as handle_request] (D:\gitHub\basicNodeApp\node_modules\express\lib\router\layer.js:95:5)
    at trim_prefix (D:\gitHub\basicNodeApp\node_modules\express\lib\router\index.js:317:13)
    at D:\gitHub\basicNodeApp\node_modules\express\lib\router\index.js:284:7
    at Function.process_params (D:\gitHub\basicNodeApp\node_modules\express\lib\router\index.js:335:12)
    at next (D:\gitHub\basicNodeApp\node_modules\express\lib\router\index.js:275:10)
    at app.use (D:\gitHub\basicNodeApp\app.js:55:5)Error msg:  Not Found 
 data: Sun Jan 07 2018 08:20:55 GMT-0200 (Horário brasileiro de verão) stack: Error: Not Found
    at app.use (D:\gitHub\basicNodeApp\app.js:71:16)
    at Layer.handle [as handle_request] (D:\gitHub\basicNodeApp\node_modules\express\lib\router\layer.js:95:5)
    at trim_prefix (D:\gitHub\basicNodeApp\node_modules\express\lib\router\index.js:317:13)
    at D:\gitHub\basicNodeApp\node_modules\express\lib\router\index.js:284:7
    at Function.process_params (D:\gitHub\basicNodeApp\node_modules\express\lib\router\index.js:335:12)
    at next (D:\gitHub\basicNodeApp\node_modules\express\lib\router\index.js:275:10)
    at D:\gitHub\basicNodeApp\node_modules\express\lib\router\index.js:635:15
    at next (D:\gitHub\basicNodeApp\node_modules\express\lib\router\index.js:260:14)
    at Function.handle (D:\gitHub\basicNodeApp\node_modules\express\lib\router\index.js:174:3)
    at router (D:\gitHub\basicNodeApp\node_modules\express\lib\router\index.js:47:12)
    at Layer.handle [as handle_request] (D:\gitHub\basicNodeApp\node_modules\express\lib\router\layer.js:95:5)
    at trim_prefix (D:\gitHub\basicNodeApp\node_modules\express\lib\router\index.js:317:13)
    at D:\gitHub\basicNodeApp\node_modules\express\lib\router\index.js:284:7
    at Function.process_params (D:\gitHub\basicNodeApp\node_modules\express\lib\router\index.js:335:12)
    at next (D:\gitHub\basicNodeApp\node_modules\express\lib\router\index.js:275:10)
    at app.use (D:\gitHub\basicNodeApp\app.js:55:5)Error msg:  Not Found 
 data: Sun Jan 07 2018 08:20:55 GMT-0200 (Horário brasileiro de verão) stack: Error: Not Found
    at app.use (D:\gitHub\basicNodeApp\app.js:71:16)
    at Layer.handle [as handle_request] (D:\gitHub\basicNodeApp\node_modules\express\lib\router\layer.js:95:5)
    at trim_prefix (D:\gitHub\basicNodeApp\node_modules\express\lib\router\index.js:317:13)
    at D:\gitHub\basicNodeApp\node_modules\express\lib\router\index.js:284:7
    at Function.process_params (D:\gitHub\basicNodeApp\node_modules\express\lib\router\index.js:335:12)
    at next (D:\gitHub\basicNodeApp\node_modules\express\lib\router\index.js:275:10)
    at D:\gitHub\basicNodeApp\node_modules\express\lib\router\index.js:635:15
    at next (D:\gitHub\basicNodeApp\node_modules\express\lib\router\index.js:260:14)
    at Function.handle (D:\gitHub\basicNodeApp\node_modules\express\lib\router\index.js:174:3)
    at router (D:\gitHub\basicNodeApp\node_modules\express\lib\router\index.js:47:12)
    at Layer.handle [as handle_request] (D:\gitHub\basicNodeApp\node_modules\express\lib\router\layer.js:95:5)
    at trim_prefix (D:\gitHub\basicNodeApp\node_modules\express\lib\router\index.js:317:13)
    at D:\gitHub\basicNodeApp\node_modules\express\lib\router\index.js:284:7
    at Function.process_params (D:\gitHub\basicNodeApp\node_modules\express\lib\router\index.js:335:12)
    at next (D:\gitHub\basicNodeApp\node_modules\express\lib\router\index.js:275:10)
    at app.use (D:\gitHub\basicNodeApp\app.js:55:5)Error msg:  Not Found 
 data: Sun Jan 07 2018 08:20:56 GMT-0200 (Horário brasileiro de verão) stack: Error: Not Found
    at app.use (D:\gitHub\basicNodeApp\app.js:71:16)
    at Layer.handle [as handle_request] (D:\gitHub\basicNodeApp\node_modules\express\lib\router\layer.js:95:5)
    at trim_prefix (D:\gitHub\basicNodeApp\node_modules\express\lib\router\index.js:317:13)
    at D:\gitHub\basicNodeApp\node_modules\express\lib\router\index.js:284:7
    at Function.process_params (D:\gitHub\basicNodeApp\node_modules\express\lib\router\index.js:335:12)
    at next (D:\gitHub\basicNodeApp\node_modules\express\lib\router\index.js:275:10)
    at D:\gitHub\basicNodeApp\node_modules\express\lib\router\index.js:635:15
    at next (D:\gitHub\basicNodeApp\node_modules\express\lib\router\index.js:260:14)
    at Function.handle (D:\gitHub\basicNodeApp\node_modules\express\lib\router\index.js:174:3)
    at router (D:\gitHub\basicNodeApp\node_modules\express\lib\router\index.js:47:12)
    at Layer.handle [as handle_request] (D:\gitHub\basicNodeApp\node_modules\express\lib\router\layer.js:95:5)
    at trim_prefix (D:\gitHub\basicNodeApp\node_modules\express\lib\router\index.js:317:13)
    at D:\gitHub\basicNodeApp\node_modules\express\lib\router\index.js:284:7
    at Function.process_params (D:\gitHub\basicNodeApp\node_modules\express\lib\router\index.js:335:12)
    at next (D:\gitHub\basicNodeApp\node_modules\express\lib\router\index.js:275:10)
    at app.use (D:\gitHub\basicNodeApp\app.js:55:5)Error msg:  Not Found 
 data: Sun Jan 07 2018 08:20:56 GMT-0200 (Horário brasileiro de verão) stack: Error: Not Found
    at app.use (D:\gitHub\basicNodeApp\app.js:71:16)
    at Layer.handle [as handle_request] (D:\gitHub\basicNodeApp\node_modules\express\lib\router\layer.js:95:5)
    at trim_prefix (D:\gitHub\basicNodeApp\node_modules\express\lib\router\index.js:317:13)
    at D:\gitHub\basicNodeApp\node_modules\express\lib\router\index.js:284:7
    at Function.process_params (D:\gitHub\basicNodeApp\node_modules\express\lib\router\index.js:335:12)
    at next (D:\gitHub\basicNodeApp\node_modules\express\lib\router\index.js:275:10)
    at D:\gitHub\basicNodeApp\node_modules\express\lib\router\index.js:635:15
    at next (D:\gitHub\basicNodeApp\node_modules\express\lib\router\index.js:260:14)
    at Function.handle (D:\gitHub\basicNodeApp\node_modules\express\lib\router\index.js:174:3)
    at router (D:\gitHub\basicNodeApp\node_modules\express\lib\router\index.js:47:12)
    at Layer.handle [as handle_request] (D:\gitHub\basicNodeApp\node_modules\express\lib\router\layer.js:95:5)
    at trim_prefix (D:\gitHub\basicNodeApp\node_modules\express\lib\router\index.js:317:13)
    at D:\gitHub\basicNodeApp\node_modules\express\lib\router\index.js:284:7
    at Function.process_params (D:\gitHub\basicNodeApp\node_modules\express\lib\router\index.js:335:12)
    at next (D:\gitHub\basicNodeApp\node_modules\express\lib\router\index.js:275:10)
    at app.use (D:\gitHub\basicNodeApp\app.js:55:5)Error msg:  Not Found 
 data: Sun Jan 07 2018 08:20:57 GMT-0200 (Horário brasileiro de verão) stack: Error: Not Found
    at app.use (D:\gitHub\basicNodeApp\app.js:71:16)
    at Layer.handle [as handle_request] (D:\gitHub\basicNodeApp\node_modules\express\lib\router\layer.js:95:5)
    at trim_prefix (D:\gitHub\basicNodeApp\node_modules\express\lib\router\index.js:317:13)
    at D:\gitHub\basicNodeApp\node_modules\express\lib\router\index.js:284:7
    at Function.process_params (D:\gitHub\basicNodeApp\node_modules\express\lib\router\index.js:335:12)
    at next (D:\gitHub\basicNodeApp\node_modules\express\lib\router\index.js:275:10)
    at D:\gitHub\basicNodeApp\node_modules\express\lib\router\index.js:635:15
    at next (D:\gitHub\basicNodeApp\node_modules\express\lib\router\index.js:260:14)
    at Function.handle (D:\gitHub\basicNodeApp\node_modules\express\lib\router\index.js:174:3)
    at router (D:\gitHub\basicNodeApp\node_modules\express\lib\router\index.js:47:12)
    at Layer.handle [as handle_request] (D:\gitHub\basicNodeApp\node_modules\express\lib\router\layer.js:95:5)
    at trim_prefix (D:\gitHub\basicNodeApp\node_modules\express\lib\router\index.js:317:13)
    at D:\gitHub\basicNodeApp\node_modules\express\lib\router\index.js:284:7
    at Function.process_params (D:\gitHub\basicNodeApp\node_modules\express\lib\router\index.js:335:12)
    at next (D:\gitHub\basicNodeApp\node_modules\express\lib\router\index.js:275:10)
    at app.use (D:\gitHub\basicNodeApp\app.js:55:5)Error msg:  Not Found 
 data: Sun Jan 07 2018 08:20:57 GMT-0200 (Horário brasileiro de verão) stack: Error: Not Found
    at app.use (D:\gitHub\basicNodeApp\app.js:71:16)
    at Layer.handle [as handle_request] (D:\gitHub\basicNodeApp\node_modules\express\lib\router\layer.js:95:5)
    at trim_prefix (D:\gitHub\basicNodeApp\node_modules\express\lib\router\index.js:317:13)
    at D:\gitHub\basicNodeApp\node_modules\express\lib\router\index.js:284:7
    at Function.process_params (D:\gitHub\basicNodeApp\node_modules\express\lib\router\index.js:335:12)
    at next (D:\gitHub\basicNodeApp\node_modules\express\lib\router\index.js:275:10)
    at D:\gitHub\basicNodeApp\node_modules\express\lib\router\index.js:635:15
    at next (D:\gitHub\basicNodeApp\node_modules\express\lib\router\index.js:260:14)
    at Function.handle (D:\gitHub\basicNodeApp\node_modules\express\lib\router\index.js:174:3)
    at router (D:\gitHub\basicNodeApp\node_modules\express\lib\router\index.js:47:12)
    at Layer.handle [as handle_request] (D:\gitHub\basicNodeApp\node_modules\express\lib\router\layer.js:95:5)
    at trim_prefix (D:\gitHub\basicNodeApp\node_modules\express\lib\router\index.js:317:13)
    at D:\gitHub\basicNodeApp\node_modules\express\lib\router\index.js:284:7
    at Function.process_params (D:\gitHub\basicNodeApp\node_modules\express\lib\router\index.js:335:12)
    at next (D:\gitHub\basicNodeApp\node_modules\express\lib\router\index.js:275:10)
    at app.use (D:\gitHub\basicNodeApp\app.js:55:5)Error msg:  Not Found 
 data: Sun Jan 07 2018 08:20:58 GMT-0200 (Horário brasileiro de verão) stack: Error: Not Found
    at app.use (D:\gitHub\basicNodeApp\app.js:71:16)
    at Layer.handle [as handle_request] (D:\gitHub\basicNodeApp\node_modules\express\lib\router\layer.js:95:5)
    at trim_prefix (D:\gitHub\basicNodeApp\node_modules\express\lib\router\index.js:317:13)
    at D:\gitHub\basicNodeApp\node_modules\express\lib\router\index.js:284:7
    at Function.process_params (D:\gitHub\basicNodeApp\node_modules\express\lib\router\index.js:335:12)
    at next (D:\gitHub\basicNodeApp\node_modules\express\lib\router\index.js:275:10)
    at D:\gitHub\basicNodeApp\node_modules\express\lib\router\index.js:635:15
    at next (D:\gitHub\basicNodeApp\node_modules\express\lib\router\index.js:260:14)
    at Function.handle (D:\gitHub\basicNodeApp\node_modules\express\lib\router\index.js:174:3)
    at router (D:\gitHub\basicNodeApp\node_modules\express\lib\router\index.js:47:12)
    at Layer.handle [as handle_request] (D:\gitHub\basicNodeApp\node_modules\express\lib\router\layer.js:95:5)
    at trim_prefix (D:\gitHub\basicNodeApp\node_modules\express\lib\router\index.js:317:13)
    at D:\gitHub\basicNodeApp\node_modules\express\lib\router\index.js:284:7
    at Function.process_params (D:\gitHub\basicNodeApp\node_modules\express\lib\router\index.js:335:12)
    at next (D:\gitHub\basicNodeApp\node_modules\express\lib\router\index.js:275:10)
    at app.use (D:\gitHub\basicNodeApp\app.js:55:5)Error msg:  Not Found 
 data: Sun Jan 07 2018 08:20:58 GMT-0200 (Horário brasileiro de verão) stack: Error: Not Found
    at app.use (D:\gitHub\basicNodeApp\app.js:71:16)
    at Layer.handle [as handle_request] (D:\gitHub\basicNodeApp\node_modules\express\lib\router\layer.js:95:5)
    at trim_prefix (D:\gitHub\basicNodeApp\node_modules\express\lib\router\index.js:317:13)
    at D:\gitHub\basicNodeApp\node_modules\express\lib\router\index.js:284:7
    at Function.process_params (D:\gitHub\basicNodeApp\node_modules\express\lib\router\index.js:335:12)
    at next (D:\gitHub\basicNodeApp\node_modules\express\lib\router\index.js:275:10)
    at D:\gitHub\basicNodeApp\node_modules\express\lib\router\index.js:635:15
    at next (D:\gitHub\basicNodeApp\node_modules\express\lib\router\index.js:260:14)
    at Function.handle (D:\gitHub\basicNodeApp\node_modules\express\lib\router\index.js:174:3)
    at router (D:\gitHub\basicNodeApp\node_modules\express\lib\router\index.js:47:12)
    at Layer.handle [as handle_request] (D:\gitHub\basicNodeApp\node_modules\express\lib\router\layer.js:95:5)
    at trim_prefix (D:\gitHub\basicNodeApp\node_modules\express\lib\router\index.js:317:13)
    at D:\gitHub\basicNodeApp\node_modules\express\lib\router\index.js:284:7
    at Function.process_params (D:\gitHub\basicNodeApp\node_modules\express\lib\router\index.js:335:12)
    at next (D:\gitHub\basicNodeApp\node_modules\express\lib\router\index.js:275:10)
    at app.use (D:\gitHub\basicNodeApp\app.js:55:5)Error msg:  Not Found 
 data: Sun Jan 07 2018 08:20:58 GMT-0200 (Horário brasileiro de verão) stack: Error: Not Found
    at app.use (D:\gitHub\basicNodeApp\app.js:71:16)
    at Layer.handle [as handle_request] (D:\gitHub\basicNodeApp\node_modules\express\lib\router\layer.js:95:5)
    at trim_prefix (D:\gitHub\basicNodeApp\node_modules\express\lib\router\index.js:317:13)
    at D:\gitHub\basicNodeApp\node_modules\express\lib\router\index.js:284:7
    at Function.process_params (D:\gitHub\basicNodeApp\node_modules\express\lib\router\index.js:335:12)
    at next (D:\gitHub\basicNodeApp\node_modules\express\lib\router\index.js:275:10)
    at D:\gitHub\basicNodeApp\node_modules\express\lib\router\index.js:635:15
    at next (D:\gitHub\basicNodeApp\node_modules\express\lib\router\index.js:260:14)
    at Function.handle (D:\gitHub\basicNodeApp\node_modules\express\lib\router\index.js:174:3)
    at router (D:\gitHub\basicNodeApp\node_modules\express\lib\router\index.js:47:12)
    at Layer.handle [as handle_request] (D:\gitHub\basicNodeApp\node_modules\express\lib\router\layer.js:95:5)
    at trim_prefix (D:\gitHub\basicNodeApp\node_modules\express\lib\router\index.js:317:13)
    at D:\gitHub\basicNodeApp\node_modules\express\lib\router\index.js:284:7
    at Function.process_params (D:\gitHub\basicNodeApp\node_modules\express\lib\router\index.js:335:12)
    at next (D:\gitHub\basicNodeApp\node_modules\express\lib\router\index.js:275:10)
    at app.use (D:\gitHub\basicNodeApp\app.js:55:5)Error msg:  Not Found 
 data: Sun Jan 07 2018 08:20:58 GMT-0200 (Horário brasileiro de verão) stack: Error: Not Found
    at app.use (D:\gitHub\basicNodeApp\app.js:71:16)
    at Layer.handle [as handle_request] (D:\gitHub\basicNodeApp\node_modules\express\lib\router\layer.js:95:5)
    at trim_prefix (D:\gitHub\basicNodeApp\node_modules\express\lib\router\index.js:317:13)
    at D:\gitHub\basicNodeApp\node_modules\express\lib\router\index.js:284:7
    at Function.process_params (D:\gitHub\basicNodeApp\node_modules\express\lib\router\index.js:335:12)
    at next (D:\gitHub\basicNodeApp\node_modules\express\lib\router\index.js:275:10)
    at D:\gitHub\basicNodeApp\node_modules\express\lib\router\index.js:635:15
    at next (D:\gitHub\basicNodeApp\node_modules\express\lib\router\index.js:260:14)
    at Function.handle (D:\gitHub\basicNodeApp\node_modules\express\lib\router\index.js:174:3)
    at router (D:\gitHub\basicNodeApp\node_modules\express\lib\router\index.js:47:12)
    at Layer.handle [as handle_request] (D:\gitHub\basicNodeApp\node_modules\express\lib\router\layer.js:95:5)
    at trim_prefix (D:\gitHub\basicNodeApp\node_modules\express\lib\router\index.js:317:13)
    at D:\gitHub\basicNodeApp\node_modules\express\lib\router\index.js:284:7
    at Function.process_params (D:\gitHub\basicNodeApp\node_modules\express\lib\router\index.js:335:12)
    at next (D:\gitHub\basicNodeApp\node_modules\express\lib\router\index.js:275:10)
    at app.use (D:\gitHub\basicNodeApp\app.js:55:5)Error msg:  Not Found 
 data: Sun Jan 07 2018 08:20:59 GMT-0200 (Horário brasileiro de verão) stack: Error: Not Found
    at app.use (D:\gitHub\basicNodeApp\app.js:71:16)
    at Layer.handle [as handle_request] (D:\gitHub\basicNodeApp\node_modules\express\lib\router\layer.js:95:5)
    at trim_prefix (D:\gitHub\basicNodeApp\node_modules\express\lib\router\index.js:317:13)
    at D:\gitHub\basicNodeApp\node_modules\express\lib\router\index.js:284:7
    at Function.process_params (D:\gitHub\basicNodeApp\node_modules\express\lib\router\index.js:335:12)
    at next (D:\gitHub\basicNodeApp\node_modules\express\lib\router\index.js:275:10)
    at D:\gitHub\basicNodeApp\node_modules\express\lib\router\index.js:635:15
    at next (D:\gitHub\basicNodeApp\node_modules\express\lib\router\index.js:260:14)
    at Function.handle (D:\gitHub\basicNodeApp\node_modules\express\lib\router\index.js:174:3)
    at router (D:\gitHub\basicNodeApp\node_modules\express\lib\router\index.js:47:12)
    at Layer.handle [as handle_request] (D:\gitHub\basicNodeApp\node_modules\express\lib\router\layer.js:95:5)
    at trim_prefix (D:\gitHub\basicNodeApp\node_modules\express\lib\router\index.js:317:13)
    at D:\gitHub\basicNodeApp\node_modules\express\lib\router\index.js:284:7
    at Function.process_params (D:\gitHub\basicNodeApp\node_modules\express\lib\router\index.js:335:12)
    at next (D:\gitHub\basicNodeApp\node_modules\express\lib\router\index.js:275:10)
    at app.use (D:\gitHub\basicNodeApp\app.js:55:5)Error msg:  Not Found 
 data: Sun Jan 07 2018 08:20:59 GMT-0200 (Horário brasileiro de verão) stack: Error: Not Found
    at app.use (D:\gitHub\basicNodeApp\app.js:71:16)
    at Layer.handle [as handle_request] (D:\gitHub\basicNodeApp\node_modules\express\lib\router\layer.js:95:5)
    at trim_prefix (D:\gitHub\basicNodeApp\node_modules\express\lib\router\index.js:317:13)
    at D:\gitHub\basicNodeApp\node_modules\express\lib\router\index.js:284:7
    at Function.process_params (D:\gitHub\basicNodeApp\node_modules\express\lib\router\index.js:335:12)
    at next (D:\gitHub\basicNodeApp\node_modules\express\lib\router\index.js:275:10)
    at D:\gitHub\basicNodeApp\node_modules\express\lib\router\index.js:635:15
    at next (D:\gitHub\basicNodeApp\node_modules\express\lib\router\index.js:260:14)
    at Function.handle (D:\gitHub\basicNodeApp\node_modules\express\lib\router\index.js:174:3)
    at router (D:\gitHub\basicNodeApp\node_modules\express\lib\router\index.js:47:12)
    at Layer.handle [as handle_request] (D:\gitHub\basicNodeApp\node_modules\express\lib\router\layer.js:95:5)
    at trim_prefix (D:\gitHub\basicNodeApp\node_modules\express\lib\router\index.js:317:13)
    at D:\gitHub\basicNodeApp\node_modules\express\lib\router\index.js:284:7
    at Function.process_params (D:\gitHub\basicNodeApp\node_modules\express\lib\router\index.js:335:12)
    at next (D:\gitHub\basicNodeApp\node_modules\express\lib\router\index.js:275:10)
    at app.use (D:\gitHub\basicNodeApp\app.js:55:5)Error msg:  Not Found 
 data: Sun Jan 07 2018 08:21:00 GMT-0200 (Horário brasileiro de verão) stack: Error: Not Found
    at app.use (D:\gitHub\basicNodeApp\app.js:71:16)
    at Layer.handle [as handle_request] (D:\gitHub\basicNodeApp\node_modules\express\lib\router\layer.js:95:5)
    at trim_prefix (D:\gitHub\basicNodeApp\node_modules\express\lib\router\index.js:317:13)
    at D:\gitHub\basicNodeApp\node_modules\express\lib\router\index.js:284:7
    at Function.process_params (D:\gitHub\basicNodeApp\node_modules\express\lib\router\index.js:335:12)
    at next (D:\gitHub\basicNodeApp\node_modules\express\lib\router\index.js:275:10)
    at D:\gitHub\basicNodeApp\node_modules\express\lib\router\index.js:635:15
    at next (D:\gitHub\basicNodeApp\node_modules\express\lib\router\index.js:260:14)
    at Function.handle (D:\gitHub\basicNodeApp\node_modules\express\lib\router\index.js:174:3)
    at router (D:\gitHub\basicNodeApp\node_modules\express\lib\router\index.js:47:12)
    at Layer.handle [as handle_request] (D:\gitHub\basicNodeApp\node_modules\express\lib\router\layer.js:95:5)
    at trim_prefix (D:\gitHub\basicNodeApp\node_modules\express\lib\router\index.js:317:13)
    at D:\gitHub\basicNodeApp\node_modules\express\lib\router\index.js:284:7
    at Function.process_params (D:\gitHub\basicNodeApp\node_modules\express\lib\router\index.js:335:12)
    at next (D:\gitHub\basicNodeApp\node_modules\express\lib\router\index.js:275:10)
    at app.use (D:\gitHub\basicNodeApp\app.js:55:5)Error msg:  Not Found 
 data: Sun Jan 07 2018 08:21:00 GMT-0200 (Horário brasileiro de verão) stack: Error: Not Found
    at app.use (D:\gitHub\basicNodeApp\app.js:71:16)
    at Layer.handle [as handle_request] (D:\gitHub\basicNodeApp\node_modules\express\lib\router\layer.js:95:5)
    at trim_prefix (D:\gitHub\basicNodeApp\node_modules\express\lib\router\index.js:317:13)
    at D:\gitHub\basicNodeApp\node_modules\express\lib\router\index.js:284:7
    at Function.process_params (D:\gitHub\basicNodeApp\node_modules\express\lib\router\index.js:335:12)
    at next (D:\gitHub\basicNodeApp\node_modules\express\lib\router\index.js:275:10)
    at D:\gitHub\basicNodeApp\node_modules\express\lib\router\index.js:635:15
    at next (D:\gitHub\basicNodeApp\node_modules\express\lib\router\index.js:260:14)
    at Function.handle (D:\gitHub\basicNodeApp\node_modules\express\lib\router\index.js:174:3)
    at router (D:\gitHub\basicNodeApp\node_modules\express\lib\router\index.js:47:12)
    at Layer.handle [as handle_request] (D:\gitHub\basicNodeApp\node_modules\express\lib\router\layer.js:95:5)
    at trim_prefix (D:\gitHub\basicNodeApp\node_modules\express\lib\router\index.js:317:13)
    at D:\gitHub\basicNodeApp\node_modules\express\lib\router\index.js:284:7
    at Function.process_params (D:\gitHub\basicNodeApp\node_modules\express\lib\router\index.js:335:12)
    at next (D:\gitHub\basicNodeApp\node_modules\express\lib\router\index.js:275:10)
    at app.use (D:\gitHub\basicNodeApp\app.js:55:5)Error msg:  Not Found 
 data: Sun Jan 07 2018 08:21:01 GMT-0200 (Horário brasileiro de verão) stack: Error: Not Found
    at app.use (D:\gitHub\basicNodeApp\app.js:71:16)
    at Layer.handle [as handle_request] (D:\gitHub\basicNodeApp\node_modules\express\lib\router\layer.js:95:5)
    at trim_prefix (D:\gitHub\basicNodeApp\node_modules\express\lib\router\index.js:317:13)
    at D:\gitHub\basicNodeApp\node_modules\express\lib\router\index.js:284:7
    at Function.process_params (D:\gitHub\basicNodeApp\node_modules\express\lib\router\index.js:335:12)
    at next (D:\gitHub\basicNodeApp\node_modules\express\lib\router\index.js:275:10)
    at D:\gitHub\basicNodeApp\node_modules\express\lib\router\index.js:635:15
    at next (D:\gitHub\basicNodeApp\node_modules\express\lib\router\index.js:260:14)
    at Function.handle (D:\gitHub\basicNodeApp\node_modules\express\lib\router\index.js:174:3)
    at router (D:\gitHub\basicNodeApp\node_modules\express\lib\router\index.js:47:12)
    at Layer.handle [as handle_request] (D:\gitHub\basicNodeApp\node_modules\express\lib\router\layer.js:95:5)
    at trim_prefix (D:\gitHub\basicNodeApp\node_modules\express\lib\router\index.js:317:13)
    at D:\gitHub\basicNodeApp\node_modules\express\lib\router\index.js:284:7
    at Function.process_params (D:\gitHub\basicNodeApp\node_modules\express\lib\router\index.js:335:12)
    at next (D:\gitHub\basicNodeApp\node_modules\express\lib\router\index.js:275:10)
    at app.use (D:\gitHub\basicNodeApp\app.js:55:5)Error msg:  Not Found 
 data: Sun Jan 07 2018 08:21:01 GMT-0200 (Horário brasileiro de verão) stack: Error: Not Found
    at app.use (D:\gitHub\basicNodeApp\app.js:71:16)
    at Layer.handle [as handle_request] (D:\gitHub\basicNodeApp\node_modules\express\lib\router\layer.js:95:5)
    at trim_prefix (D:\gitHub\basicNodeApp\node_modules\express\lib\router\index.js:317:13)
    at D:\gitHub\basicNodeApp\node_modules\express\lib\router\index.js:284:7
    at Function.process_params (D:\gitHub\basicNodeApp\node_modules\express\lib\router\index.js:335:12)
    at next (D:\gitHub\basicNodeApp\node_modules\express\lib\router\index.js:275:10)
    at D:\gitHub\basicNodeApp\node_modules\express\lib\router\index.js:635:15
    at next (D:\gitHub\basicNodeApp\node_modules\express\lib\router\index.js:260:14)
    at Function.handle (D:\gitHub\basicNodeApp\node_modules\express\lib\router\index.js:174:3)
    at router (D:\gitHub\basicNodeApp\node_modules\express\lib\router\index.js:47:12)
    at Layer.handle [as handle_request] (D:\gitHub\basicNodeApp\node_modules\express\lib\router\layer.js:95:5)
    at trim_prefix (D:\gitHub\basicNodeApp\node_modules\express\lib\router\index.js:317:13)
    at D:\gitHub\basicNodeApp\node_modules\express\lib\router\index.js:284:7
    at Function.process_params (D:\gitHub\basicNodeApp\node_modules\express\lib\router\index.js:335:12)
    at next (D:\gitHub\basicNodeApp\node_modules\express\lib\router\index.js:275:10)
    at app.use (D:\gitHub\basicNodeApp\app.js:55:5)Error msg:  Not Found 
 data: Sun Jan 07 2018 08:21:01 GMT-0200 (Horário brasileiro de verão) stack: Error: Not Found
    at app.use (D:\gitHub\basicNodeApp\app.js:71:16)
    at Layer.handle [as handle_request] (D:\gitHub\basicNodeApp\node_modules\express\lib\router\layer.js:95:5)
    at trim_prefix (D:\gitHub\basicNodeApp\node_modules\express\lib\router\index.js:317:13)
    at D:\gitHub\basicNodeApp\node_modules\express\lib\router\index.js:284:7
    at Function.process_params (D:\gitHub\basicNodeApp\node_modules\express\lib\router\index.js:335:12)
    at next (D:\gitHub\basicNodeApp\node_modules\express\lib\router\index.js:275:10)
    at D:\gitHub\basicNodeApp\node_modules\express\lib\router\index.js:635:15
    at next (D:\gitHub\basicNodeApp\node_modules\express\lib\router\index.js:260:14)
    at Function.handle (D:\gitHub\basicNodeApp\node_modules\express\lib\router\index.js:174:3)
    at router (D:\gitHub\basicNodeApp\node_modules\express\lib\router\index.js:47:12)
    at Layer.handle [as handle_request] (D:\gitHub\basicNodeApp\node_modules\express\lib\router\layer.js:95:5)
    at trim_prefix (D:\gitHub\basicNodeApp\node_modules\express\lib\router\index.js:317:13)
    at D:\gitHub\basicNodeApp\node_modules\express\lib\router\index.js:284:7
    at Function.process_params (D:\gitHub\basicNodeApp\node_modules\express\lib\router\index.js:335:12)
    at next (D:\gitHub\basicNodeApp\node_modules\express\lib\router\index.js:275:10)
    at app.use (D:\gitHub\basicNodeApp\app.js:55:5)Error msg:  Not Found 
 data: Sun Jan 07 2018 08:21:01 GMT-0200 (Horário brasileiro de verão) stack: Error: Not Found
    at app.use (D:\gitHub\basicNodeApp\app.js:71:16)
    at Layer.handle [as handle_request] (D:\gitHub\basicNodeApp\node_modules\express\lib\router\layer.js:95:5)
    at trim_prefix (D:\gitHub\basicNodeApp\node_modules\express\lib\router\index.js:317:13)
    at D:\gitHub\basicNodeApp\node_modules\express\lib\router\index.js:284:7
    at Function.process_params (D:\gitHub\basicNodeApp\node_modules\express\lib\router\index.js:335:12)
    at next (D:\gitHub\basicNodeApp\node_modules\express\lib\router\index.js:275:10)
    at D:\gitHub\basicNodeApp\node_modules\express\lib\router\index.js:635:15
    at next (D:\gitHub\basicNodeApp\node_modules\express\lib\router\index.js:260:14)
    at Function.handle (D:\gitHub\basicNodeApp\node_modules\express\lib\router\index.js:174:3)
    at router (D:\gitHub\basicNodeApp\node_modules\express\lib\router\index.js:47:12)
    at Layer.handle [as handle_request] (D:\gitHub\basicNodeApp\node_modules\express\lib\router\layer.js:95:5)
    at trim_prefix (D:\gitHub\basicNodeApp\node_modules\express\lib\router\index.js:317:13)
    at D:\gitHub\basicNodeApp\node_modules\express\lib\router\index.js:284:7
    at Function.process_params (D:\gitHub\basicNodeApp\node_modules\express\lib\router\index.js:335:12)
    at next (D:\gitHub\basicNodeApp\node_modules\express\lib\router\index.js:275:10)
    at app.use (D:\gitHub\basicNodeApp\app.js:55:5)Error msg:  Not Found 
 data: Sun Jan 07 2018 08:21:02 GMT-0200 (Horário brasileiro de verão) stack: Error: Not Found
    at app.use (D:\gitHub\basicNodeApp\app.js:71:16)
    at Layer.handle [as handle_request] (D:\gitHub\basicNodeApp\node_modules\express\lib\router\layer.js:95:5)
    at trim_prefix (D:\gitHub\basicNodeApp\node_modules\express\lib\router\index.js:317:13)
    at D:\gitHub\basicNodeApp\node_modules\express\lib\router\index.js:284:7
    at Function.process_params (D:\gitHub\basicNodeApp\node_modules\express\lib\router\index.js:335:12)
    at next (D:\gitHub\basicNodeApp\node_modules\express\lib\router\index.js:275:10)
    at D:\gitHub\basicNodeApp\node_modules\express\lib\router\index.js:635:15
    at next (D:\gitHub\basicNodeApp\node_modules\express\lib\router\index.js:260:14)
    at Function.handle (D:\gitHub\basicNodeApp\node_modules\express\lib\router\index.js:174:3)
    at router (D:\gitHub\basicNodeApp\node_modules\express\lib\router\index.js:47:12)
    at Layer.handle [as handle_request] (D:\gitHub\basicNodeApp\node_modules\express\lib\router\layer.js:95:5)
    at trim_prefix (D:\gitHub\basicNodeApp\node_modules\express\lib\router\index.js:317:13)
    at D:\gitHub\basicNodeApp\node_modules\express\lib\router\index.js:284:7
    at Function.process_params (D:\gitHub\basicNodeApp\node_modules\express\lib\router\index.js:335:12)
    at next (D:\gitHub\basicNodeApp\node_modules\express\lib\router\index.js:275:10)
    at app.use (D:\gitHub\basicNodeApp\app.js:55:5)Error msg:  Not Found 
 data: Sun Jan 07 2018 08:21:02 GMT-0200 (Horário brasileiro de verão) stack: Error: Not Found
    at app.use (D:\gitHub\basicNodeApp\app.js:71:16)
    at Layer.handle [as handle_request] (D:\gitHub\basicNodeApp\node_modules\express\lib\router\layer.js:95:5)
    at trim_prefix (D:\gitHub\basicNodeApp\node_modules\express\lib\router\index.js:317:13)
    at D:\gitHub\basicNodeApp\node_modules\express\lib\router\index.js:284:7
    at Function.process_params (D:\gitHub\basicNodeApp\node_modules\express\lib\router\index.js:335:12)
    at next (D:\gitHub\basicNodeApp\node_modules\express\lib\router\index.js:275:10)
    at D:\gitHub\basicNodeApp\node_modules\express\lib\router\index.js:635:15
    at next (D:\gitHub\basicNodeApp\node_modules\express\lib\router\index.js:260:14)
    at Function.handle (D:\gitHub\basicNodeApp\node_modules\express\lib\router\index.js:174:3)
    at router (D:\gitHub\basicNodeApp\node_modules\express\lib\router\index.js:47:12)
    at Layer.handle [as handle_request] (D:\gitHub\basicNodeApp\node_modules\express\lib\router\layer.js:95:5)
    at trim_prefix (D:\gitHub\basicNodeApp\node_modules\express\lib\router\index.js:317:13)
    at D:\gitHub\basicNodeApp\node_modules\express\lib\router\index.js:284:7
    at Function.process_params (D:\gitHub\basicNodeApp\node_modules\express\lib\router\index.js:335:12)
    at next (D:\gitHub\basicNodeApp\node_modules\express\lib\router\index.js:275:10)
    at app.use (D:\gitHub\basicNodeApp\app.js:55:5)Error msg:  Not Found 
 data: Sun Jan 07 2018 08:21:03 GMT-0200 (Horário brasileiro de verão) stack: Error: Not Found
    at app.use (D:\gitHub\basicNodeApp\app.js:71:16)
    at Layer.handle [as handle_request] (D:\gitHub\basicNodeApp\node_modules\express\lib\router\layer.js:95:5)
    at trim_prefix (D:\gitHub\basicNodeApp\node_modules\express\lib\router\index.js:317:13)
    at D:\gitHub\basicNodeApp\node_modules\express\lib\router\index.js:284:7
    at Function.process_params (D:\gitHub\basicNodeApp\node_modules\express\lib\router\index.js:335:12)
    at next (D:\gitHub\basicNodeApp\node_modules\express\lib\router\index.js:275:10)
    at D:\gitHub\basicNodeApp\node_modules\express\lib\router\index.js:635:15
    at next (D:\gitHub\basicNodeApp\node_modules\express\lib\router\index.js:260:14)
    at Function.handle (D:\gitHub\basicNodeApp\node_modules\express\lib\router\index.js:174:3)
    at router (D:\gitHub\basicNodeApp\node_modules\express\lib\router\index.js:47:12)
    at Layer.handle [as handle_request] (D:\gitHub\basicNodeApp\node_modules\express\lib\router\layer.js:95:5)
    at trim_prefix (D:\gitHub\basicNodeApp\node_modules\express\lib\router\index.js:317:13)
    at D:\gitHub\basicNodeApp\node_modules\express\lib\router\index.js:284:7
    at Function.process_params (D:\gitHub\basicNodeApp\node_modules\express\lib\router\index.js:335:12)
    at next (D:\gitHub\basicNodeApp\node_modules\express\lib\router\index.js:275:10)
    at app.use (D:\gitHub\basicNodeApp\app.js:55:5)Error msg:  Not Found 
 data: Sun Jan 07 2018 08:21:03 GMT-0200 (Horário brasileiro de verão) stack: Error: Not Found
    at app.use (D:\gitHub\basicNodeApp\app.js:71:16)
    at Layer.handle [as handle_request] (D:\gitHub\basicNodeApp\node_modules\express\lib\router\layer.js:95:5)
    at trim_prefix (D:\gitHub\basicNodeApp\node_modules\express\lib\router\index.js:317:13)
    at D:\gitHub\basicNodeApp\node_modules\express\lib\router\index.js:284:7
    at Function.process_params (D:\gitHub\basicNodeApp\node_modules\express\lib\router\index.js:335:12)
    at next (D:\gitHub\basicNodeApp\node_modules\express\lib\router\index.js:275:10)
    at D:\gitHub\basicNodeApp\node_modules\express\lib\router\index.js:635:15
    at next (D:\gitHub\basicNodeApp\node_modules\express\lib\router\index.js:260:14)
    at Function.handle (D:\gitHub\basicNodeApp\node_modules\express\lib\router\index.js:174:3)
    at router (D:\gitHub\basicNodeApp\node_modules\express\lib\router\index.js:47:12)
    at Layer.handle [as handle_request] (D:\gitHub\basicNodeApp\node_modules\express\lib\router\layer.js:95:5)
    at trim_prefix (D:\gitHub\basicNodeApp\node_modules\express\lib\router\index.js:317:13)
    at D:\gitHub\basicNodeApp\node_modules\express\lib\router\index.js:284:7
    at Function.process_params (D:\gitHub\basicNodeApp\node_modules\express\lib\router\index.js:335:12)
    at next (D:\gitHub\basicNodeApp\node_modules\express\lib\router\index.js:275:10)
    at app.use (D:\gitHub\basicNodeApp\app.js:55:5)Error msg:  Not Found 
 data: Sun Jan 07 2018 08:21:04 GMT-0200 (Horário brasileiro de verão) stack: Error: Not Found
    at app.use (D:\gitHub\basicNodeApp\app.js:71:16)
    at Layer.handle [as handle_request] (D:\gitHub\basicNodeApp\node_modules\express\lib\router\layer.js:95:5)
    at trim_prefix (D:\gitHub\basicNodeApp\node_modules\express\lib\router\index.js:317:13)
    at D:\gitHub\basicNodeApp\node_modules\express\lib\router\index.js:284:7
    at Function.process_params (D:\gitHub\basicNodeApp\node_modules\express\lib\router\index.js:335:12)
    at next (D:\gitHub\basicNodeApp\node_modules\express\lib\router\index.js:275:10)
    at D:\gitHub\basicNodeApp\node_modules\express\lib\router\index.js:635:15
    at next (D:\gitHub\basicNodeApp\node_modules\express\lib\router\index.js:260:14)
    at Function.handle (D:\gitHub\basicNodeApp\node_modules\express\lib\router\index.js:174:3)
    at router (D:\gitHub\basicNodeApp\node_modules\express\lib\router\index.js:47:12)
    at Layer.handle [as handle_request] (D:\gitHub\basicNodeApp\node_modules\express\lib\router\layer.js:95:5)
    at trim_prefix (D:\gitHub\basicNodeApp\node_modules\express\lib\router\index.js:317:13)
    at D:\gitHub\basicNodeApp\node_modules\express\lib\router\index.js:284:7
    at Function.process_params (D:\gitHub\basicNodeApp\node_modules\express\lib\router\index.js:335:12)
    at next (D:\gitHub\basicNodeApp\node_modules\express\lib\router\index.js:275:10)
    at app.use (D:\gitHub\basicNodeApp\app.js:55:5)Error msg:  Not Found 
 data: Sun Jan 07 2018 08:21:04 GMT-0200 (Horário brasileiro de verão) stack: Error: Not Found
    at app.use (D:\gitHub\basicNodeApp\app.js:71:16)
    at Layer.handle [as handle_request] (D:\gitHub\basicNodeApp\node_modules\express\lib\router\layer.js:95:5)
    at trim_prefix (D:\gitHub\basicNodeApp\node_modules\express\lib\router\index.js:317:13)
    at D:\gitHub\basicNodeApp\node_modules\express\lib\router\index.js:284:7
    at Function.process_params (D:\gitHub\basicNodeApp\node_modules\express\lib\router\index.js:335:12)
    at next (D:\gitHub\basicNodeApp\node_modules\express\lib\router\index.js:275:10)
    at D:\gitHub\basicNodeApp\node_modules\express\lib\router\index.js:635:15
    at next (D:\gitHub\basicNodeApp\node_modules\express\lib\router\index.js:260:14)
    at Function.handle (D:\gitHub\basicNodeApp\node_modules\express\lib\router\index.js:174:3)
    at router (D:\gitHub\basicNodeApp\node_modules\express\lib\router\index.js:47:12)
    at Layer.handle [as handle_request] (D:\gitHub\basicNodeApp\node_modules\express\lib\router\layer.js:95:5)
    at trim_prefix (D:\gitHub\basicNodeApp\node_modules\express\lib\router\index.js:317:13)
    at D:\gitHub\basicNodeApp\node_modules\express\lib\router\index.js:284:7
    at Function.process_params (D:\gitHub\basicNodeApp\node_modules\express\lib\router\index.js:335:12)
    at next (D:\gitHub\basicNodeApp\node_modules\express\lib\router\index.js:275:10)
    at app.use (D:\gitHub\basicNodeApp\app.js:55:5)Error msg:  Not Found 
 data: Sun Jan 07 2018 08:21:04 GMT-0200 (Horário brasileiro de verão) stack: Error: Not Found
    at app.use (D:\gitHub\basicNodeApp\app.js:71:16)
    at Layer.handle [as handle_request] (D:\gitHub\basicNodeApp\node_modules\express\lib\router\layer.js:95:5)
    at trim_prefix (D:\gitHub\basicNodeApp\node_modules\express\lib\router\index.js:317:13)
    at D:\gitHub\basicNodeApp\node_modules\express\lib\router\index.js:284:7
    at Function.process_params (D:\gitHub\basicNodeApp\node_modules\express\lib\router\index.js:335:12)
    at next (D:\gitHub\basicNodeApp\node_modules\express\lib\router\index.js:275:10)
    at D:\gitHub\basicNodeApp\node_modules\express\lib\router\index.js:635:15
    at next (D:\gitHub\basicNodeApp\node_modules\express\lib\router\index.js:260:14)
    at Function.handle (D:\gitHub\basicNodeApp\node_modules\express\lib\router\index.js:174:3)
    at router (D:\gitHub\basicNodeApp\node_modules\express\lib\router\index.js:47:12)
    at Layer.handle [as handle_request] (D:\gitHub\basicNodeApp\node_modules\express\lib\router\layer.js:95:5)
    at trim_prefix (D:\gitHub\basicNodeApp\node_modules\express\lib\router\index.js:317:13)
    at D:\gitHub\basicNodeApp\node_modules\express\lib\router\index.js:284:7
    at Function.process_params (D:\gitHub\basicNodeApp\node_modules\express\lib\router\index.js:335:12)
    at next (D:\gitHub\basicNodeApp\node_modules\express\lib\router\index.js:275:10)
    at app.use (D:\gitHub\basicNodeApp\app.js:55:5)Error msg:  Not Found 
 data: Sun Jan 07 2018 08:21:04 GMT-0200 (Horário brasileiro de verão) stack: Error: Not Found
    at app.use (D:\gitHub\basicNodeApp\app.js:71:16)
    at Layer.handle [as handle_request] (D:\gitHub\basicNodeApp\node_modules\express\lib\router\layer.js:95:5)
    at trim_prefix (D:\gitHub\basicNodeApp\node_modules\express\lib\router\index.js:317:13)
    at D:\gitHub\basicNodeApp\node_modules\express\lib\router\index.js:284:7
    at Function.process_params (D:\gitHub\basicNodeApp\node_modules\express\lib\router\index.js:335:12)
    at next (D:\gitHub\basicNodeApp\node_modules\express\lib\router\index.js:275:10)
    at D:\gitHub\basicNodeApp\node_modules\express\lib\router\index.js:635:15
    at next (D:\gitHub\basicNodeApp\node_modules\express\lib\router\index.js:260:14)
    at Function.handle (D:\gitHub\basicNodeApp\node_modules\express\lib\router\index.js:174:3)
    at router (D:\gitHub\basicNodeApp\node_modules\express\lib\router\index.js:47:12)
    at Layer.handle [as handle_request] (D:\gitHub\basicNodeApp\node_modules\express\lib\router\layer.js:95:5)
    at trim_prefix (D:\gitHub\basicNodeApp\node_modules\express\lib\router\index.js:317:13)
    at D:\gitHub\basicNodeApp\node_modules\express\lib\router\index.js:284:7
    at Function.process_params (D:\gitHub\basicNodeApp\node_modules\express\lib\router\index.js:335:12)
    at next (D:\gitHub\basicNodeApp\node_modules\express\lib\router\index.js:275:10)
    at app.use (D:\gitHub\basicNodeApp\app.js:55:5)Error msg:  Not Found 
 data: Sun Jan 07 2018 08:21:05 GMT-0200 (Horário brasileiro de verão) stack: Error: Not Found
    at app.use (D:\gitHub\basicNodeApp\app.js:71:16)
    at Layer.handle [as handle_request] (D:\gitHub\basicNodeApp\node_modules\express\lib\router\layer.js:95:5)
    at trim_prefix (D:\gitHub\basicNodeApp\node_modules\express\lib\router\index.js:317:13)
    at D:\gitHub\basicNodeApp\node_modules\express\lib\router\index.js:284:7
    at Function.process_params (D:\gitHub\basicNodeApp\node_modules\express\lib\router\index.js:335:12)
    at next (D:\gitHub\basicNodeApp\node_modules\express\lib\router\index.js:275:10)
    at D:\gitHub\basicNodeApp\node_modules\express\lib\router\index.js:635:15
    at next (D:\gitHub\basicNodeApp\node_modules\express\lib\router\index.js:260:14)
    at Function.handle (D:\gitHub\basicNodeApp\node_modules\express\lib\router\index.js:174:3)
    at router (D:\gitHub\basicNodeApp\node_modules\express\lib\router\index.js:47:12)
    at Layer.handle [as handle_request] (D:\gitHub\basicNodeApp\node_modules\express\lib\router\layer.js:95:5)
    at trim_prefix (D:\gitHub\basicNodeApp\node_modules\express\lib\router\index.js:317:13)
    at D:\gitHub\basicNodeApp\node_modules\express\lib\router\index.js:284:7
    at Function.process_params (D:\gitHub\basicNodeApp\node_modules\express\lib\router\index.js:335:12)
    at next (D:\gitHub\basicNodeApp\node_modules\express\lib\router\index.js:275:10)
    at app.use (D:\gitHub\basicNodeApp\app.js:55:5)Error msg:  Not Found 
 data: Sun Jan 07 2018 08:21:05 GMT-0200 (Horário brasileiro de verão) stack: Error: Not Found
    at app.use (D:\gitHub\basicNodeApp\app.js:71:16)
    at Layer.handle [as handle_request] (D:\gitHub\basicNodeApp\node_modules\express\lib\router\layer.js:95:5)
    at trim_prefix (D:\gitHub\basicNodeApp\node_modules\express\lib\router\index.js:317:13)
    at D:\gitHub\basicNodeApp\node_modules\express\lib\router\index.js:284:7
    at Function.process_params (D:\gitHub\basicNodeApp\node_modules\express\lib\router\index.js:335:12)
    at next (D:\gitHub\basicNodeApp\node_modules\express\lib\router\index.js:275:10)
    at D:\gitHub\basicNodeApp\node_modules\express\lib\router\index.js:635:15
    at next (D:\gitHub\basicNodeApp\node_modules\express\lib\router\index.js:260:14)
    at Function.handle (D:\gitHub\basicNodeApp\node_modules\express\lib\router\index.js:174:3)
    at router (D:\gitHub\basicNodeApp\node_modules\express\lib\router\index.js:47:12)
    at Layer.handle [as handle_request] (D:\gitHub\basicNodeApp\node_modules\express\lib\router\layer.js:95:5)
    at trim_prefix (D:\gitHub\basicNodeApp\node_modules\express\lib\router\index.js:317:13)
    at D:\gitHub\basicNodeApp\node_modules\express\lib\router\index.js:284:7
    at Function.process_params (D:\gitHub\basicNodeApp\node_modules\express\lib\router\index.js:335:12)
    at next (D:\gitHub\basicNodeApp\node_modules\express\lib\router\index.js:275:10)
    at app.use (D:\gitHub\basicNodeApp\app.js:55:5)Error msg:  Not Found 
 data: Sun Jan 07 2018 08:21:06 GMT-0200 (Horário brasileiro de verão) stack: Error: Not Found
    at app.use (D:\gitHub\basicNodeApp\app.js:71:16)
    at Layer.handle [as handle_request] (D:\gitHub\basicNodeApp\node_modules\express\lib\router\layer.js:95:5)
    at trim_prefix (D:\gitHub\basicNodeApp\node_modules\express\lib\router\index.js:317:13)
    at D:\gitHub\basicNodeApp\node_modules\express\lib\router\index.js:284:7
    at Function.process_params (D:\gitHub\basicNodeApp\node_modules\express\lib\router\index.js:335:12)
    at next (D:\gitHub\basicNodeApp\node_modules\express\lib\router\index.js:275:10)
    at D:\gitHub\basicNodeApp\node_modules\express\lib\router\index.js:635:15
    at next (D:\gitHub\basicNodeApp\node_modules\express\lib\router\index.js:260:14)
    at Function.handle (D:\gitHub\basicNodeApp\node_modules\express\lib\router\index.js:174:3)
    at router (D:\gitHub\basicNodeApp\node_modules\express\lib\router\index.js:47:12)
    at Layer.handle [as handle_request] (D:\gitHub\basicNodeApp\node_modules\express\lib\router\layer.js:95:5)
    at trim_prefix (D:\gitHub\basicNodeApp\node_modules\express\lib\router\index.js:317:13)
    at D:\gitHub\basicNodeApp\node_modules\express\lib\router\index.js:284:7
    at Function.process_params (D:\gitHub\basicNodeApp\node_modules\express\lib\router\index.js:335:12)
    at next (D:\gitHub\basicNodeApp\node_modules\express\lib\router\index.js:275:10)
    at app.use (D:\gitHub\basicNodeApp\app.js:55:5)Error msg:  Not Found 
 data: Sun Jan 07 2018 08:21:06 GMT-0200 (Horário brasileiro de verão) stack: Error: Not Found
    at app.use (D:\gitHub\basicNodeApp\app.js:71:16)
    at Layer.handle [as handle_request] (D:\gitHub\basicNodeApp\node_modules\express\lib\router\layer.js:95:5)
    at trim_prefix (D:\gitHub\basicNodeApp\node_modules\express\lib\router\index.js:317:13)
    at D:\gitHub\basicNodeApp\node_modules\express\lib\router\index.js:284:7
    at Function.process_params (D:\gitHub\basicNodeApp\node_modules\express\lib\router\index.js:335:12)
    at next (D:\gitHub\basicNodeApp\node_modules\express\lib\router\index.js:275:10)
    at D:\gitHub\basicNodeApp\node_modules\express\lib\router\index.js:635:15
    at next (D:\gitHub\basicNodeApp\node_modules\express\lib\router\index.js:260:14)
    at Function.handle (D:\gitHub\basicNodeApp\node_modules\express\lib\router\index.js:174:3)
    at router (D:\gitHub\basicNodeApp\node_modules\express\lib\router\index.js:47:12)
    at Layer.handle [as handle_request] (D:\gitHub\basicNodeApp\node_modules\express\lib\router\layer.js:95:5)
    at trim_prefix (D:\gitHub\basicNodeApp\node_modules\express\lib\router\index.js:317:13)
    at D:\gitHub\basicNodeApp\node_modules\express\lib\router\index.js:284:7
    at Function.process_params (D:\gitHub\basicNodeApp\node_modules\express\lib\router\index.js:335:12)
    at next (D:\gitHub\basicNodeApp\node_modules\express\lib\router\index.js:275:10)
    at app.use (D:\gitHub\basicNodeApp\app.js:55:5)Error msg:  Not Found 
 data: Sun Jan 07 2018 08:21:07 GMT-0200 (Horário brasileiro de verão) stack: Error: Not Found
    at app.use (D:\gitHub\basicNodeApp\app.js:71:16)
    at Layer.handle [as handle_request] (D:\gitHub\basicNodeApp\node_modules\express\lib\router\layer.js:95:5)
    at trim_prefix (D:\gitHub\basicNodeApp\node_modules\express\lib\router\index.js:317:13)
    at D:\gitHub\basicNodeApp\node_modules\express\lib\router\index.js:284:7
    at Function.process_params (D:\gitHub\basicNodeApp\node_modules\express\lib\router\index.js:335:12)
    at next (D:\gitHub\basicNodeApp\node_modules\express\lib\router\index.js:275:10)
    at D:\gitHub\basicNodeApp\node_modules\express\lib\router\index.js:635:15
    at next (D:\gitHub\basicNodeApp\node_modules\express\lib\router\index.js:260:14)
    at Function.handle (D:\gitHub\basicNodeApp\node_modules\express\lib\router\index.js:174:3)
    at router (D:\gitHub\basicNodeApp\node_modules\express\lib\router\index.js:47:12)
    at Layer.handle [as handle_request] (D:\gitHub\basicNodeApp\node_modules\express\lib\router\layer.js:95:5)
    at trim_prefix (D:\gitHub\basicNodeApp\node_modules\express\lib\router\index.js:317:13)
    at D:\gitHub\basicNodeApp\node_modules\express\lib\router\index.js:284:7
    at Function.process_params (D:\gitHub\basicNodeApp\node_modules\express\lib\router\index.js:335:12)
    at next (D:\gitHub\basicNodeApp\node_modules\express\lib\router\index.js:275:10)
    at app.use (D:\gitHub\basicNodeApp\app.js:55:5)Error msg:  Not Found 
 data: Sun Jan 07 2018 08:21:07 GMT-0200 (Horário brasileiro de verão) stack: Error: Not Found
    at app.use (D:\gitHub\basicNodeApp\app.js:71:16)
    at Layer.handle [as handle_request] (D:\gitHub\basicNodeApp\node_modules\express\lib\router\layer.js:95:5)
    at trim_prefix (D:\gitHub\basicNodeApp\node_modules\express\lib\router\index.js:317:13)
    at D:\gitHub\basicNodeApp\node_modules\express\lib\router\index.js:284:7
    at Function.process_params (D:\gitHub\basicNodeApp\node_modules\express\lib\router\index.js:335:12)
    at next (D:\gitHub\basicNodeApp\node_modules\express\lib\router\index.js:275:10)
    at D:\gitHub\basicNodeApp\node_modules\express\lib\router\index.js:635:15
    at next (D:\gitHub\basicNodeApp\node_modules\express\lib\router\index.js:260:14)
    at Function.handle (D:\gitHub\basicNodeApp\node_modules\express\lib\router\index.js:174:3)
    at router (D:\gitHub\basicNodeApp\node_modules\express\lib\router\index.js:47:12)
    at Layer.handle [as handle_request] (D:\gitHub\basicNodeApp\node_modules\express\lib\router\layer.js:95:5)
    at trim_prefix (D:\gitHub\basicNodeApp\node_modules\express\lib\router\index.js:317:13)
    at D:\gitHub\basicNodeApp\node_modules\express\lib\router\index.js:284:7
    at Function.process_params (D:\gitHub\basicNodeApp\node_modules\express\lib\router\index.js:335:12)
    at next (D:\gitHub\basicNodeApp\node_modules\express\lib\router\index.js:275:10)
    at app.use (D:\gitHub\basicNodeApp\app.js:55:5)Error msg:  Not Found 
 data: Sun Jan 07 2018 08:21:10 GMT-0200 (Horário brasileiro de verão) stack: Error: Not Found
    at app.use (D:\gitHub\basicNodeApp\app.js:71:16)
    at Layer.handle [as handle_request] (D:\gitHub\basicNodeApp\node_modules\express\lib\router\layer.js:95:5)
    at trim_prefix (D:\gitHub\basicNodeApp\node_modules\express\lib\router\index.js:317:13)
    at D:\gitHub\basicNodeApp\node_modules\express\lib\router\index.js:284:7
    at Function.process_params (D:\gitHub\basicNodeApp\node_modules\express\lib\router\index.js:335:12)
    at next (D:\gitHub\basicNodeApp\node_modules\express\lib\router\index.js:275:10)
    at D:\gitHub\basicNodeApp\node_modules\express\lib\router\index.js:635:15
    at next (D:\gitHub\basicNodeApp\node_modules\express\lib\router\index.js:260:14)
    at Function.handle (D:\gitHub\basicNodeApp\node_modules\express\lib\router\index.js:174:3)
    at router (D:\gitHub\basicNodeApp\node_modules\express\lib\router\index.js:47:12)
    at Layer.handle [as handle_request] (D:\gitHub\basicNodeApp\node_modules\express\lib\router\layer.js:95:5)
    at trim_prefix (D:\gitHub\basicNodeApp\node_modules\express\lib\router\index.js:317:13)
    at D:\gitHub\basicNodeApp\node_modules\express\lib\router\index.js:284:7
    at Function.process_params (D:\gitHub\basicNodeApp\node_modules\express\lib\router\index.js:335:12)
    at next (D:\gitHub\basicNodeApp\node_modules\express\lib\router\index.js:275:10)
    at app.use (D:\gitHub\basicNodeApp\app.js:55:5)Error msg:  Not Found 
 data: Sun Jan 07 2018 08:21:10 GMT-0200 (Horário brasileiro de verão) stack: Error: Not Found
    at app.use (D:\gitHub\basicNodeApp\app.js:71:16)
    at Layer.handle [as handle_request] (D:\gitHub\basicNodeApp\node_modules\express\lib\router\layer.js:95:5)
    at trim_prefix (D:\gitHub\basicNodeApp\node_modules\express\lib\router\index.js:317:13)
    at D:\gitHub\basicNodeApp\node_modules\express\lib\router\index.js:284:7
    at Function.process_params (D:\gitHub\basicNodeApp\node_modules\express\lib\router\index.js:335:12)
    at next (D:\gitHub\basicNodeApp\node_modules\express\lib\router\index.js:275:10)
    at D:\gitHub\basicNodeApp\node_modules\express\lib\router\index.js:635:15
    at next (D:\gitHub\basicNodeApp\node_modules\express\lib\router\index.js:260:14)
    at Function.handle (D:\gitHub\basicNodeApp\node_modules\express\lib\router\index.js:174:3)
    at router (D:\gitHub\basicNodeApp\node_modules\express\lib\router\index.js:47:12)
    at Layer.handle [as handle_request] (D:\gitHub\basicNodeApp\node_modules\express\lib\router\layer.js:95:5)
    at trim_prefix (D:\gitHub\basicNodeApp\node_modules\express\lib\router\index.js:317:13)
    at D:\gitHub\basicNodeApp\node_modules\express\lib\router\index.js:284:7
    at Function.process_params (D:\gitHub\basicNodeApp\node_modules\express\lib\router\index.js:335:12)
    at next (D:\gitHub\basicNodeApp\node_modules\express\lib\router\index.js:275:10)
    at app.use (D:\gitHub\basicNodeApp\app.js:55:5)Error msg:  Not Found 
 data: Sun Jan 07 2018 08:21:13 GMT-0200 (Horário brasileiro de verão) stack: Error: Not Found
    at app.use (D:\gitHub\basicNodeApp\app.js:71:16)
    at Layer.handle [as handle_request] (D:\gitHub\basicNodeApp\node_modules\express\lib\router\layer.js:95:5)
    at trim_prefix (D:\gitHub\basicNodeApp\node_modules\express\lib\router\index.js:317:13)
    at D:\gitHub\basicNodeApp\node_modules\express\lib\router\index.js:284:7
    at Function.process_params (D:\gitHub\basicNodeApp\node_modules\express\lib\router\index.js:335:12)
    at next (D:\gitHub\basicNodeApp\node_modules\express\lib\router\index.js:275:10)
    at D:\gitHub\basicNodeApp\node_modules\express\lib\router\index.js:635:15
    at next (D:\gitHub\basicNodeApp\node_modules\express\lib\router\index.js:260:14)
    at Function.handle (D:\gitHub\basicNodeApp\node_modules\express\lib\router\index.js:174:3)
    at router (D:\gitHub\basicNodeApp\node_modules\express\lib\router\index.js:47:12)
    at Layer.handle [as handle_request] (D:\gitHub\basicNodeApp\node_modules\express\lib\router\layer.js:95:5)
    at trim_prefix (D:\gitHub\basicNodeApp\node_modules\express\lib\router\index.js:317:13)
    at D:\gitHub\basicNodeApp\node_modules\express\lib\router\index.js:284:7
    at Function.process_params (D:\gitHub\basicNodeApp\node_modules\express\lib\router\index.js:335:12)
    at next (D:\gitHub\basicNodeApp\node_modules\express\lib\router\index.js:275:10)
    at app.use (D:\gitHub\basicNodeApp\app.js:55:5)Error msg:  Not Found 
 data: Sun Jan 07 2018 08:21:13 GMT-0200 (Horário brasileiro de verão) stack: Error: Not Found
    at app.use (D:\gitHub\basicNodeApp\app.js:71:16)
    at Layer.handle [as handle_request] (D:\gitHub\basicNodeApp\node_modules\express\lib\router\layer.js:95:5)
    at trim_prefix (D:\gitHub\basicNodeApp\node_modules\express\lib\router\index.js:317:13)
    at D:\gitHub\basicNodeApp\node_modules\express\lib\router\index.js:284:7
    at Function.process_params (D:\gitHub\basicNodeApp\node_modules\express\lib\router\index.js:335:12)
    at next (D:\gitHub\basicNodeApp\node_modules\express\lib\router\index.js:275:10)
    at D:\gitHub\basicNodeApp\node_modules\express\lib\router\index.js:635:15
    at next (D:\gitHub\basicNodeApp\node_modules\express\lib\router\index.js:260:14)
    at Function.handle (D:\gitHub\basicNodeApp\node_modules\express\lib\router\index.js:174:3)
    at router (D:\gitHub\basicNodeApp\node_modules\express\lib\router\index.js:47:12)
    at Layer.handle [as handle_request] (D:\gitHub\basicNodeApp\node_modules\express\lib\router\layer.js:95:5)
    at trim_prefix (D:\gitHub\basicNodeApp\node_modules\express\lib\router\index.js:317:13)
    at D:\gitHub\basicNodeApp\node_modules\express\lib\router\index.js:284:7
    at Function.process_params (D:\gitHub\basicNodeApp\node_modules\express\lib\router\index.js:335:12)
    at next (D:\gitHub\basicNodeApp\node_modules\express\lib\router\index.js:275:10)
    at app.use (D:\gitHub\basicNodeApp\app.js:55:5)Error msg:  Not Found 
 data: Sun Jan 07 2018 08:21:16 GMT-0200 (Horário brasileiro de verão) stack: Error: Not Found
    at app.use (D:\gitHub\basicNodeApp\app.js:71:16)
    at Layer.handle [as handle_request] (D:\gitHub\basicNodeApp\node_modules\express\lib\router\layer.js:95:5)
    at trim_prefix (D:\gitHub\basicNodeApp\node_modules\express\lib\router\index.js:317:13)
    at D:\gitHub\basicNodeApp\node_modules\express\lib\router\index.js:284:7
    at Function.process_params (D:\gitHub\basicNodeApp\node_modules\express\lib\router\index.js:335:12)
    at next (D:\gitHub\basicNodeApp\node_modules\express\lib\router\index.js:275:10)
    at D:\gitHub\basicNodeApp\node_modules\express\lib\router\index.js:635:15
    at next (D:\gitHub\basicNodeApp\node_modules\express\lib\router\index.js:260:14)
    at Function.handle (D:\gitHub\basicNodeApp\node_modules\express\lib\router\index.js:174:3)
    at router (D:\gitHub\basicNodeApp\node_modules\express\lib\router\index.js:47:12)
    at Layer.handle [as handle_request] (D:\gitHub\basicNodeApp\node_modules\express\lib\router\layer.js:95:5)
    at trim_prefix (D:\gitHub\basicNodeApp\node_modules\express\lib\router\index.js:317:13)
    at D:\gitHub\basicNodeApp\node_modules\express\lib\router\index.js:284:7
    at Function.process_params (D:\gitHub\basicNodeApp\node_modules\express\lib\router\index.js:335:12)
    at next (D:\gitHub\basicNodeApp\node_modules\express\lib\router\index.js:275:10)
    at app.use (D:\gitHub\basicNodeApp\app.js:55:5)Error msg:  Not Found 
 data: Sun Jan 07 2018 08:21:16 GMT-0200 (Horário brasileiro de verão) stack: Error: Not Found
    at app.use (D:\gitHub\basicNodeApp\app.js:71:16)
    at Layer.handle [as handle_request] (D:\gitHub\basicNodeApp\node_modules\express\lib\router\layer.js:95:5)
    at trim_prefix (D:\gitHub\basicNodeApp\node_modules\express\lib\router\index.js:317:13)
    at D:\gitHub\basicNodeApp\node_modules\express\lib\router\index.js:284:7
    at Function.process_params (D:\gitHub\basicNodeApp\node_modules\express\lib\router\index.js:335:12)
    at next (D:\gitHub\basicNodeApp\node_modules\express\lib\router\index.js:275:10)
    at D:\gitHub\basicNodeApp\node_modules\express\lib\router\index.js:635:15
    at next (D:\gitHub\basicNodeApp\node_modules\express\lib\router\index.js:260:14)
    at Function.handle (D:\gitHub\basicNodeApp\node_modules\express\lib\router\index.js:174:3)
    at router (D:\gitHub\basicNodeApp\node_modules\express\lib\router\index.js:47:12)
    at Layer.handle [as handle_request] (D:\gitHub\basicNodeApp\node_modules\express\lib\router\layer.js:95:5)
    at trim_prefix (D:\gitHub\basicNodeApp\node_modules\express\lib\router\index.js:317:13)
    at D:\gitHub\basicNodeApp\node_modules\express\lib\router\index.js:284:7
    at Function.process_params (D:\gitHub\basicNodeApp\node_modules\express\lib\router\index.js:335:12)
    at next (D:\gitHub\basicNodeApp\node_modules\express\lib\router\index.js:275:10)
    at app.use (D:\gitHub\basicNodeApp\app.js:55:5)Error msg:  Not Found 
 data: Sun Jan 07 2018 08:21:19 GMT-0200 (Horário brasileiro de verão) stack: Error: Not Found
    at app.use (D:\gitHub\basicNodeApp\app.js:71:16)
    at Layer.handle [as handle_request] (D:\gitHub\basicNodeApp\node_modules\express\lib\router\layer.js:95:5)
    at trim_prefix (D:\gitHub\basicNodeApp\node_modules\express\lib\router\index.js:317:13)
    at D:\gitHub\basicNodeApp\node_modules\express\lib\router\index.js:284:7
    at Function.process_params (D:\gitHub\basicNodeApp\node_modules\express\lib\router\index.js:335:12)
    at next (D:\gitHub\basicNodeApp\node_modules\express\lib\router\index.js:275:10)
    at D:\gitHub\basicNodeApp\node_modules\express\lib\router\index.js:635:15
    at next (D:\gitHub\basicNodeApp\node_modules\express\lib\router\index.js:260:14)
    at Function.handle (D:\gitHub\basicNodeApp\node_modules\express\lib\router\index.js:174:3)
    at router (D:\gitHub\basicNodeApp\node_modules\express\lib\router\index.js:47:12)
    at Layer.handle [as handle_request] (D:\gitHub\basicNodeApp\node_modules\express\lib\router\layer.js:95:5)
    at trim_prefix (D:\gitHub\basicNodeApp\node_modules\express\lib\router\index.js:317:13)
    at D:\gitHub\basicNodeApp\node_modules\express\lib\router\index.js:284:7
    at Function.process_params (D:\gitHub\basicNodeApp\node_modules\express\lib\router\index.js:335:12)
    at next (D:\gitHub\basicNodeApp\node_modules\express\lib\router\index.js:275:10)
    at app.use (D:\gitHub\basicNodeApp\app.js:55:5)Error msg:  Not Found 
 data: Sun Jan 07 2018 08:21:19 GMT-0200 (Horário brasileiro de verão) stack: Error: Not Found
    at app.use (D:\gitHub\basicNodeApp\app.js:71:16)
    at Layer.handle [as handle_request] (D:\gitHub\basicNodeApp\node_modules\express\lib\router\layer.js:95:5)
    at trim_prefix (D:\gitHub\basicNodeApp\node_modules\express\lib\router\index.js:317:13)
    at D:\gitHub\basicNodeApp\node_modules\express\lib\router\index.js:284:7
    at Function.process_params (D:\gitHub\basicNodeApp\node_modules\express\lib\router\index.js:335:12)
    at next (D:\gitHub\basicNodeApp\node_modules\express\lib\router\index.js:275:10)
    at D:\gitHub\basicNodeApp\node_modules\express\lib\router\index.js:635:15
    at next (D:\gitHub\basicNodeApp\node_modules\express\lib\router\index.js:260:14)
    at Function.handle (D:\gitHub\basicNodeApp\node_modules\express\lib\router\index.js:174:3)
    at router (D:\gitHub\basicNodeApp\node_modules\express\lib\router\index.js:47:12)
    at Layer.handle [as handle_request] (D:\gitHub\basicNodeApp\node_modules\express\lib\router\layer.js:95:5)
    at trim_prefix (D:\gitHub\basicNodeApp\node_modules\express\lib\router\index.js:317:13)
    at D:\gitHub\basicNodeApp\node_modules\express\lib\router\index.js:284:7
    at Function.process_params (D:\gitHub\basicNodeApp\node_modules\express\lib\router\index.js:335:12)
    at next (D:\gitHub\basicNodeApp\node_modules\express\lib\router\index.js:275:10)
    at app.use (D:\gitHub\basicNodeApp\app.js:55:5)Error msg:  Not Found 
 data: Sun Jan 07 2018 08:31:04 GMT-0200 (Horário brasileiro de verão) stack: Error: Not Found
    at app.use (D:\gitHub\basicNodeApp\app.js:71:16)
    at Layer.handle [as handle_request] (D:\gitHub\basicNodeApp\node_modules\express\lib\router\layer.js:95:5)
    at trim_prefix (D:\gitHub\basicNodeApp\node_modules\express\lib\router\index.js:317:13)
    at D:\gitHub\basicNodeApp\node_modules\express\lib\router\index.js:284:7
    at Function.process_params (D:\gitHub\basicNodeApp\node_modules\express\lib\router\index.js:335:12)
    at next (D:\gitHub\basicNodeApp\node_modules\express\lib\router\index.js:275:10)
    at D:\gitHub\basicNodeApp\node_modules\express\lib\router\index.js:635:15
    at next (D:\gitHub\basicNodeApp\node_modules\express\lib\router\index.js:260:14)
    at Function.handle (D:\gitHub\basicNodeApp\node_modules\express\lib\router\index.js:174:3)
    at router (D:\gitHub\basicNodeApp\node_modules\express\lib\router\index.js:47:12)
    at Layer.handle [as handle_request] (D:\gitHub\basicNodeApp\node_modules\express\lib\router\layer.js:95:5)
    at trim_prefix (D:\gitHub\basicNodeApp\node_modules\express\lib\router\index.js:317:13)
    at D:\gitHub\basicNodeApp\node_modules\express\lib\router\index.js:284:7
    at Function.process_params (D:\gitHub\basicNodeApp\node_modules\express\lib\router\index.js:335:12)
    at next (D:\gitHub\basicNodeApp\node_modules\express\lib\router\index.js:275:10)
    at app.use (D:\gitHub\basicNodeApp\app.js:55:5)Error msg:  Not Found 
 data: Sun Jan 07 2018 08:31:04 GMT-0200 (Horário brasileiro de verão) stack: Error: Not Found
    at app.use (D:\gitHub\basicNodeApp\app.js:71:16)
    at Layer.handle [as handle_request] (D:\gitHub\basicNodeApp\node_modules\express\lib\router\layer.js:95:5)
    at trim_prefix (D:\gitHub\basicNodeApp\node_modules\express\lib\router\index.js:317:13)
    at D:\gitHub\basicNodeApp\node_modules\express\lib\router\index.js:284:7
    at Function.process_params (D:\gitHub\basicNodeApp\node_modules\express\lib\router\index.js:335:12)
    at next (D:\gitHub\basicNodeApp\node_modules\express\lib\router\index.js:275:10)
    at D:\gitHub\basicNodeApp\node_modules\express\lib\router\index.js:635:15
    at next (D:\gitHub\basicNodeApp\node_modules\express\lib\router\index.js:260:14)
    at Function.handle (D:\gitHub\basicNodeApp\node_modules\express\lib\router\index.js:174:3)
    at router (D:\gitHub\basicNodeApp\node_modules\express\lib\router\index.js:47:12)
    at Layer.handle [as handle_request] (D:\gitHub\basicNodeApp\node_modules\express\lib\router\layer.js:95:5)
    at trim_prefix (D:\gitHub\basicNodeApp\node_modules\express\lib\router\index.js:317:13)
    at D:\gitHub\basicNodeApp\node_modules\express\lib\router\index.js:284:7
    at Function.process_params (D:\gitHub\basicNodeApp\node_modules\express\lib\router\index.js:335:12)
    at next (D:\gitHub\basicNodeApp\node_modules\express\lib\router\index.js:275:10)
    at app.use (D:\gitHub\basicNodeApp\app.js:55:5)Error msg:  Not Found 
 data: Sun Jan 07 2018 08:31:07 GMT-0200 (Horário brasileiro de verão) stack: Error: Not Found
    at app.use (D:\gitHub\basicNodeApp\app.js:71:16)
    at Layer.handle [as handle_request] (D:\gitHub\basicNodeApp\node_modules\express\lib\router\layer.js:95:5)
    at trim_prefix (D:\gitHub\basicNodeApp\node_modules\express\lib\router\index.js:317:13)
    at D:\gitHub\basicNodeApp\node_modules\express\lib\router\index.js:284:7
    at Function.process_params (D:\gitHub\basicNodeApp\node_modules\express\lib\router\index.js:335:12)
    at next (D:\gitHub\basicNodeApp\node_modules\express\lib\router\index.js:275:10)
    at D:\gitHub\basicNodeApp\node_modules\express\lib\router\index.js:635:15
    at next (D:\gitHub\basicNodeApp\node_modules\express\lib\router\index.js:260:14)
    at Function.handle (D:\gitHub\basicNodeApp\node_modules\express\lib\router\index.js:174:3)
    at router (D:\gitHub\basicNodeApp\node_modules\express\lib\router\index.js:47:12)
    at Layer.handle [as handle_request] (D:\gitHub\basicNodeApp\node_modules\express\lib\router\layer.js:95:5)
    at trim_prefix (D:\gitHub\basicNodeApp\node_modules\express\lib\router\index.js:317:13)
    at D:\gitHub\basicNodeApp\node_modules\express\lib\router\index.js:284:7
    at Function.process_params (D:\gitHub\basicNodeApp\node_modules\express\lib\router\index.js:335:12)
    at next (D:\gitHub\basicNodeApp\node_modules\express\lib\router\index.js:275:10)
    at app.use (D:\gitHub\basicNodeApp\app.js:55:5)Error msg:  Not Found 
 data: Sun Jan 07 2018 08:31:07 GMT-0200 (Horário brasileiro de verão) stack: Error: Not Found
    at app.use (D:\gitHub\basicNodeApp\app.js:71:16)
    at Layer.handle [as handle_request] (D:\gitHub\basicNodeApp\node_modules\express\lib\router\layer.js:95:5)
    at trim_prefix (D:\gitHub\basicNodeApp\node_modules\express\lib\router\index.js:317:13)
    at D:\gitHub\basicNodeApp\node_modules\express\lib\router\index.js:284:7
    at Function.process_params (D:\gitHub\basicNodeApp\node_modules\express\lib\router\index.js:335:12)
    at next (D:\gitHub\basicNodeApp\node_modules\express\lib\router\index.js:275:10)
    at D:\gitHub\basicNodeApp\node_modules\express\lib\router\index.js:635:15
    at next (D:\gitHub\basicNodeApp\node_modules\express\lib\router\index.js:260:14)
    at Function.handle (D:\gitHub\basicNodeApp\node_modules\express\lib\router\index.js:174:3)
    at router (D:\gitHub\basicNodeApp\node_modules\express\lib\router\index.js:47:12)
    at Layer.handle [as handle_request] (D:\gitHub\basicNodeApp\node_modules\express\lib\router\layer.js:95:5)
    at trim_prefix (D:\gitHub\basicNodeApp\node_modules\express\lib\router\index.js:317:13)
    at D:\gitHub\basicNodeApp\node_modules\express\lib\router\index.js:284:7
    at Function.process_params (D:\gitHub\basicNodeApp\node_modules\express\lib\router\index.js:335:12)
    at next (D:\gitHub\basicNodeApp\node_modules\express\lib\router\index.js:275:10)
    at app.use (D:\gitHub\basicNodeApp\app.js:55:5)Error msg:  Not Found 
 data: Sun Jan 07 2018 08:31:10 GMT-0200 (Horário brasileiro de verão) stack: Error: Not Found
    at app.use (D:\gitHub\basicNodeApp\app.js:71:16)
    at Layer.handle [as handle_request] (D:\gitHub\basicNodeApp\node_modules\express\lib\router\layer.js:95:5)
    at trim_prefix (D:\gitHub\basicNodeApp\node_modules\express\lib\router\index.js:317:13)
    at D:\gitHub\basicNodeApp\node_modules\express\lib\router\index.js:284:7
    at Function.process_params (D:\gitHub\basicNodeApp\node_modules\express\lib\router\index.js:335:12)
    at next (D:\gitHub\basicNodeApp\node_modules\express\lib\router\index.js:275:10)
    at D:\gitHub\basicNodeApp\node_modules\express\lib\router\index.js:635:15
    at next (D:\gitHub\basicNodeApp\node_modules\express\lib\router\index.js:260:14)
    at Function.handle (D:\gitHub\basicNodeApp\node_modules\express\lib\router\index.js:174:3)
    at router (D:\gitHub\basicNodeApp\node_modules\express\lib\router\index.js:47:12)
    at Layer.handle [as handle_request] (D:\gitHub\basicNodeApp\node_modules\express\lib\router\layer.js:95:5)
    at trim_prefix (D:\gitHub\basicNodeApp\node_modules\express\lib\router\index.js:317:13)
    at D:\gitHub\basicNodeApp\node_modules\express\lib\router\index.js:284:7
    at Function.process_params (D:\gitHub\basicNodeApp\node_modules\express\lib\router\index.js:335:12)
    at next (D:\gitHub\basicNodeApp\node_modules\express\lib\router\index.js:275:10)
    at app.use (D:\gitHub\basicNodeApp\app.js:55:5)Error msg:  Not Found 
 data: Sun Jan 07 2018 08:31:10 GMT-0200 (Horário brasileiro de verão) stack: Error: Not Found
    at app.use (D:\gitHub\basicNodeApp\app.js:71:16)
    at Layer.handle [as handle_request] (D:\gitHub\basicNodeApp\node_modules\express\lib\router\layer.js:95:5)
    at trim_prefix (D:\gitHub\basicNodeApp\node_modules\express\lib\router\index.js:317:13)
    at D:\gitHub\basicNodeApp\node_modules\express\lib\router\index.js:284:7
    at Function.process_params (D:\gitHub\basicNodeApp\node_modules\express\lib\router\index.js:335:12)
    at next (D:\gitHub\basicNodeApp\node_modules\express\lib\router\index.js:275:10)
    at D:\gitHub\basicNodeApp\node_modules\express\lib\router\index.js:635:15
    at next (D:\gitHub\basicNodeApp\node_modules\express\lib\router\index.js:260:14)
    at Function.handle (D:\gitHub\basicNodeApp\node_modules\express\lib\router\index.js:174:3)
    at router (D:\gitHub\basicNodeApp\node_modules\express\lib\router\index.js:47:12)
    at Layer.handle [as handle_request] (D:\gitHub\basicNodeApp\node_modules\express\lib\router\layer.js:95:5)
    at trim_prefix (D:\gitHub\basicNodeApp\node_modules\express\lib\router\index.js:317:13)
    at D:\gitHub\basicNodeApp\node_modules\express\lib\router\index.js:284:7
    at Function.process_params (D:\gitHub\basicNodeApp\node_modules\express\lib\router\index.js:335:12)
    at next (D:\gitHub\basicNodeApp\node_modules\express\lib\router\index.js:275:10)
    at app.use (D:\gitHub\basicNodeApp\app.js:55:5)Error msg:  Not Found 
 data: Sun Jan 07 2018 08:31:13 GMT-0200 (Horário brasileiro de verão) stack: Error: Not Found
    at app.use (D:\gitHub\basicNodeApp\app.js:71:16)
    at Layer.handle [as handle_request] (D:\gitHub\basicNodeApp\node_modules\express\lib\router\layer.js:95:5)
    at trim_prefix (D:\gitHub\basicNodeApp\node_modules\express\lib\router\index.js:317:13)
    at D:\gitHub\basicNodeApp\node_modules\express\lib\router\index.js:284:7
    at Function.process_params (D:\gitHub\basicNodeApp\node_modules\express\lib\router\index.js:335:12)
    at next (D:\gitHub\basicNodeApp\node_modules\express\lib\router\index.js:275:10)
    at D:\gitHub\basicNodeApp\node_modules\express\lib\router\index.js:635:15
    at next (D:\gitHub\basicNodeApp\node_modules\express\lib\router\index.js:260:14)
    at Function.handle (D:\gitHub\basicNodeApp\node_modules\express\lib\router\index.js:174:3)
    at router (D:\gitHub\basicNodeApp\node_modules\express\lib\router\index.js:47:12)
    at Layer.handle [as handle_request] (D:\gitHub\basicNodeApp\node_modules\express\lib\router\layer.js:95:5)
    at trim_prefix (D:\gitHub\basicNodeApp\node_modules\express\lib\router\index.js:317:13)
    at D:\gitHub\basicNodeApp\node_modules\express\lib\router\index.js:284:7
    at Function.process_params (D:\gitHub\basicNodeApp\node_modules\express\lib\router\index.js:335:12)
    at next (D:\gitHub\basicNodeApp\node_modules\express\lib\router\index.js:275:10)
    at app.use (D:\gitHub\basicNodeApp\app.js:55:5)Error msg:  Not Found 
 data: Sun Jan 07 2018 08:31:13 GMT-0200 (Horário brasileiro de verão) stack: Error: Not Found
    at app.use (D:\gitHub\basicNodeApp\app.js:71:16)
    at Layer.handle [as handle_request] (D:\gitHub\basicNodeApp\node_modules\express\lib\router\layer.js:95:5)
    at trim_prefix (D:\gitHub\basicNodeApp\node_modules\express\lib\router\index.js:317:13)
    at D:\gitHub\basicNodeApp\node_modules\express\lib\router\index.js:284:7
    at Function.process_params (D:\gitHub\basicNodeApp\node_modules\express\lib\router\index.js:335:12)
    at next (D:\gitHub\basicNodeApp\node_modules\express\lib\router\index.js:275:10)
    at D:\gitHub\basicNodeApp\node_modules\express\lib\router\index.js:635:15
    at next (D:\gitHub\basicNodeApp\node_modules\express\lib\router\index.js:260:14)
    at Function.handle (D:\gitHub\basicNodeApp\node_modules\express\lib\router\index.js:174:3)
    at router (D:\gitHub\basicNodeApp\node_modules\express\lib\router\index.js:47:12)
    at Layer.handle [as handle_request] (D:\gitHub\basicNodeApp\node_modules\express\lib\router\layer.js:95:5)
    at trim_prefix (D:\gitHub\basicNodeApp\node_modules\express\lib\router\index.js:317:13)
    at D:\gitHub\basicNodeApp\node_modules\express\lib\router\index.js:284:7
    at Function.process_params (D:\gitHub\basicNodeApp\node_modules\express\lib\router\index.js:335:12)
    at next (D:\gitHub\basicNodeApp\node_modules\express\lib\router\index.js:275:10)
    at app.use (D:\gitHub\basicNodeApp\app.js:55:5)Error msg:  Not Found 
 data: Sun Jan 07 2018 08:31:14 GMT-0200 (Horário brasileiro de verão) stack: Error: Not Found
    at app.use (D:\gitHub\basicNodeApp\app.js:71:16)
    at Layer.handle [as handle_request] (D:\gitHub\basicNodeApp\node_modules\express\lib\router\layer.js:95:5)
    at trim_prefix (D:\gitHub\basicNodeApp\node_modules\express\lib\router\index.js:317:13)
    at D:\gitHub\basicNodeApp\node_modules\express\lib\router\index.js:284:7
    at Function.process_params (D:\gitHub\basicNodeApp\node_modules\express\lib\router\index.js:335:12)
    at next (D:\gitHub\basicNodeApp\node_modules\express\lib\router\index.js:275:10)
    at D:\gitHub\basicNodeApp\node_modules\express\lib\router\index.js:635:15
    at next (D:\gitHub\basicNodeApp\node_modules\express\lib\router\index.js:260:14)
    at Function.handle (D:\gitHub\basicNodeApp\node_modules\express\lib\router\index.js:174:3)
    at router (D:\gitHub\basicNodeApp\node_modules\express\lib\router\index.js:47:12)
    at Layer.handle [as handle_request] (D:\gitHub\basicNodeApp\node_modules\express\lib\router\layer.js:95:5)
    at trim_prefix (D:\gitHub\basicNodeApp\node_modules\express\lib\router\index.js:317:13)
    at D:\gitHub\basicNodeApp\node_modules\express\lib\router\index.js:284:7
    at Function.process_params (D:\gitHub\basicNodeApp\node_modules\express\lib\router\index.js:335:12)
    at next (D:\gitHub\basicNodeApp\node_modules\express\lib\router\index.js:275:10)
    at app.use (D:\gitHub\basicNodeApp\app.js:55:5)Error msg:  Not Found 
 data: Sun Jan 07 2018 08:31:15 GMT-0200 (Horário brasileiro de verão) stack: Error: Not Found
    at app.use (D:\gitHub\basicNodeApp\app.js:71:16)
    at Layer.handle [as handle_request] (D:\gitHub\basicNodeApp\node_modules\express\lib\router\layer.js:95:5)
    at trim_prefix (D:\gitHub\basicNodeApp\node_modules\express\lib\router\index.js:317:13)
    at D:\gitHub\basicNodeApp\node_modules\express\lib\router\index.js:284:7
    at Function.process_params (D:\gitHub\basicNodeApp\node_modules\express\lib\router\index.js:335:12)
    at next (D:\gitHub\basicNodeApp\node_modules\express\lib\router\index.js:275:10)
    at D:\gitHub\basicNodeApp\node_modules\express\lib\router\index.js:635:15
    at next (D:\gitHub\basicNodeApp\node_modules\express\lib\router\index.js:260:14)
    at Function.handle (D:\gitHub\basicNodeApp\node_modules\express\lib\router\index.js:174:3)
    at router (D:\gitHub\basicNodeApp\node_modules\express\lib\router\index.js:47:12)
    at Layer.handle [as handle_request] (D:\gitHub\basicNodeApp\node_modules\express\lib\router\layer.js:95:5)
    at trim_prefix (D:\gitHub\basicNodeApp\node_modules\express\lib\router\index.js:317:13)
    at D:\gitHub\basicNodeApp\node_modules\express\lib\router\index.js:284:7
    at Function.process_params (D:\gitHub\basicNodeApp\node_modules\express\lib\router\index.js:335:12)
    at next (D:\gitHub\basicNodeApp\node_modules\express\lib\router\index.js:275:10)
    at app.use (D:\gitHub\basicNodeApp\app.js:55:5)Error msg:  Not Found 
 data: Sun Jan 07 2018 08:31:16 GMT-0200 (Horário brasileiro de verão) stack: Error: Not Found
    at app.use (D:\gitHub\basicNodeApp\app.js:71:16)
    at Layer.handle [as handle_request] (D:\gitHub\basicNodeApp\node_modules\express\lib\router\layer.js:95:5)
    at trim_prefix (D:\gitHub\basicNodeApp\node_modules\express\lib\router\index.js:317:13)
    at D:\gitHub\basicNodeApp\node_modules\express\lib\router\index.js:284:7
    at Function.process_params (D:\gitHub\basicNodeApp\node_modules\express\lib\router\index.js:335:12)
    at next (D:\gitHub\basicNodeApp\node_modules\express\lib\router\index.js:275:10)
    at D:\gitHub\basicNodeApp\node_modules\express\lib\router\index.js:635:15
    at next (D:\gitHub\basicNodeApp\node_modules\express\lib\router\index.js:260:14)
    at Function.handle (D:\gitHub\basicNodeApp\node_modules\express\lib\router\index.js:174:3)
    at router (D:\gitHub\basicNodeApp\node_modules\express\lib\router\index.js:47:12)
    at Layer.handle [as handle_request] (D:\gitHub\basicNodeApp\node_modules\express\lib\router\layer.js:95:5)
    at trim_prefix (D:\gitHub\basicNodeApp\node_modules\express\lib\router\index.js:317:13)
    at D:\gitHub\basicNodeApp\node_modules\express\lib\router\index.js:284:7
    at Function.process_params (D:\gitHub\basicNodeApp\node_modules\express\lib\router\index.js:335:12)
    at next (D:\gitHub\basicNodeApp\node_modules\express\lib\router\index.js:275:10)
    at app.use (D:\gitHub\basicNodeApp\app.js:55:5)Error msg:  Not Found 
 data: Sun Jan 07 2018 08:31:16 GMT-0200 (Horário brasileiro de verão) stack: Error: Not Found
    at app.use (D:\gitHub\basicNodeApp\app.js:71:16)
    at Layer.handle [as handle_request] (D:\gitHub\basicNodeApp\node_modules\express\lib\router\layer.js:95:5)
    at trim_prefix (D:\gitHub\basicNodeApp\node_modules\express\lib\router\index.js:317:13)
    at D:\gitHub\basicNodeApp\node_modules\express\lib\router\index.js:284:7
    at Function.process_params (D:\gitHub\basicNodeApp\node_modules\express\lib\router\index.js:335:12)
    at next (D:\gitHub\basicNodeApp\node_modules\express\lib\router\index.js:275:10)
    at D:\gitHub\basicNodeApp\node_modules\express\lib\router\index.js:635:15
    at next (D:\gitHub\basicNodeApp\node_modules\express\lib\router\index.js:260:14)
    at Function.handle (D:\gitHub\basicNodeApp\node_modules\express\lib\router\index.js:174:3)
    at router (D:\gitHub\basicNodeApp\node_modules\express\lib\router\index.js:47:12)
    at Layer.handle [as handle_request] (D:\gitHub\basicNodeApp\node_modules\express\lib\router\layer.js:95:5)
    at trim_prefix (D:\gitHub\basicNodeApp\node_modules\express\lib\router\index.js:317:13)
    at D:\gitHub\basicNodeApp\node_modules\express\lib\router\index.js:284:7
    at Function.process_params (D:\gitHub\basicNodeApp\node_modules\express\lib\router\index.js:335:12)
    at next (D:\gitHub\basicNodeApp\node_modules\express\lib\router\index.js:275:10)
    at app.use (D:\gitHub\basicNodeApp\app.js:55:5)Error msg:  Not Found 
 data: Sun Jan 07 2018 08:31:16 GMT-0200 (Horário brasileiro de verão) stack: Error: Not Found
    at app.use (D:\gitHub\basicNodeApp\app.js:71:16)
    at Layer.handle [as handle_request] (D:\gitHub\basicNodeApp\node_modules\express\lib\router\layer.js:95:5)
    at trim_prefix (D:\gitHub\basicNodeApp\node_modules\express\lib\router\index.js:317:13)
    at D:\gitHub\basicNodeApp\node_modules\express\lib\router\index.js:284:7
    at Function.process_params (D:\gitHub\basicNodeApp\node_modules\express\lib\router\index.js:335:12)
    at next (D:\gitHub\basicNodeApp\node_modules\express\lib\router\index.js:275:10)
    at D:\gitHub\basicNodeApp\node_modules\express\lib\router\index.js:635:15
    at next (D:\gitHub\basicNodeApp\node_modules\express\lib\router\index.js:260:14)
    at Function.handle (D:\gitHub\basicNodeApp\node_modules\express\lib\router\index.js:174:3)
    at router (D:\gitHub\basicNodeApp\node_modules\express\lib\router\index.js:47:12)
    at Layer.handle [as handle_request] (D:\gitHub\basicNodeApp\node_modules\express\lib\router\layer.js:95:5)
    at trim_prefix (D:\gitHub\basicNodeApp\node_modules\express\lib\router\index.js:317:13)
    at D:\gitHub\basicNodeApp\node_modules\express\lib\router\index.js:284:7
    at Function.process_params (D:\gitHub\basicNodeApp\node_modules\express\lib\router\index.js:335:12)
    at next (D:\gitHub\basicNodeApp\node_modules\express\lib\router\index.js:275:10)
    at app.use (D:\gitHub\basicNodeApp\app.js:55:5)Error msg:  Not Found 
 data: Sun Jan 07 2018 08:31:16 GMT-0200 (Horário brasileiro de verão) stack: Error: Not Found
    at app.use (D:\gitHub\basicNodeApp\app.js:71:16)
    at Layer.handle [as handle_request] (D:\gitHub\basicNodeApp\node_modules\express\lib\router\layer.js:95:5)
    at trim_prefix (D:\gitHub\basicNodeApp\node_modules\express\lib\router\index.js:317:13)
    at D:\gitHub\basicNodeApp\node_modules\express\lib\router\index.js:284:7
    at Function.process_params (D:\gitHub\basicNodeApp\node_modules\express\lib\router\index.js:335:12)
    at next (D:\gitHub\basicNodeApp\node_modules\express\lib\router\index.js:275:10)
    at D:\gitHub\basicNodeApp\node_modules\express\lib\router\index.js:635:15
    at next (D:\gitHub\basicNodeApp\node_modules\express\lib\router\index.js:260:14)
    at Function.handle (D:\gitHub\basicNodeApp\node_modules\express\lib\router\index.js:174:3)
    at router (D:\gitHub\basicNodeApp\node_modules\express\lib\router\index.js:47:12)
    at Layer.handle [as handle_request] (D:\gitHub\basicNodeApp\node_modules\express\lib\router\layer.js:95:5)
    at trim_prefix (D:\gitHub\basicNodeApp\node_modules\express\lib\router\index.js:317:13)
    at D:\gitHub\basicNodeApp\node_modules\express\lib\router\index.js:284:7
    at Function.process_params (D:\gitHub\basicNodeApp\node_modules\express\lib\router\index.js:335:12)
    at next (D:\gitHub\basicNodeApp\node_modules\express\lib\router\index.js:275:10)
    at app.use (D:\gitHub\basicNodeApp\app.js:55:5)Error msg:  Not Found 
 data: Sun Jan 07 2018 08:31:17 GMT-0200 (Horário brasileiro de verão) stack: Error: Not Found
    at app.use (D:\gitHub\basicNodeApp\app.js:71:16)
    at Layer.handle [as handle_request] (D:\gitHub\basicNodeApp\node_modules\express\lib\router\layer.js:95:5)
    at trim_prefix (D:\gitHub\basicNodeApp\node_modules\express\lib\router\index.js:317:13)
    at D:\gitHub\basicNodeApp\node_modules\express\lib\router\index.js:284:7
    at Function.process_params (D:\gitHub\basicNodeApp\node_modules\express\lib\router\index.js:335:12)
    at next (D:\gitHub\basicNodeApp\node_modules\express\lib\router\index.js:275:10)
    at D:\gitHub\basicNodeApp\node_modules\express\lib\router\index.js:635:15
    at next (D:\gitHub\basicNodeApp\node_modules\express\lib\router\index.js:260:14)
    at Function.handle (D:\gitHub\basicNodeApp\node_modules\express\lib\router\index.js:174:3)
    at router (D:\gitHub\basicNodeApp\node_modules\express\lib\router\index.js:47:12)
    at Layer.handle [as handle_request] (D:\gitHub\basicNodeApp\node_modules\express\lib\router\layer.js:95:5)
    at trim_prefix (D:\gitHub\basicNodeApp\node_modules\express\lib\router\index.js:317:13)
    at D:\gitHub\basicNodeApp\node_modules\express\lib\router\index.js:284:7
    at Function.process_params (D:\gitHub\basicNodeApp\node_modules\express\lib\router\index.js:335:12)
    at next (D:\gitHub\basicNodeApp\node_modules\express\lib\router\index.js:275:10)
    at app.use (D:\gitHub\basicNodeApp\app.js:55:5)Error msg:  Not Found 
 data: Sun Jan 07 2018 08:31:17 GMT-0200 (Horário brasileiro de verão) stack: Error: Not Found
    at app.use (D:\gitHub\basicNodeApp\app.js:71:16)
    at Layer.handle [as handle_request] (D:\gitHub\basicNodeApp\node_modules\express\lib\router\layer.js:95:5)
    at trim_prefix (D:\gitHub\basicNodeApp\node_modules\express\lib\router\index.js:317:13)
    at D:\gitHub\basicNodeApp\node_modules\express\lib\router\index.js:284:7
    at Function.process_params (D:\gitHub\basicNodeApp\node_modules\express\lib\router\index.js:335:12)
    at next (D:\gitHub\basicNodeApp\node_modules\express\lib\router\index.js:275:10)
    at D:\gitHub\basicNodeApp\node_modules\express\lib\router\index.js:635:15
    at next (D:\gitHub\basicNodeApp\node_modules\express\lib\router\index.js:260:14)
    at Function.handle (D:\gitHub\basicNodeApp\node_modules\express\lib\router\index.js:174:3)
    at router (D:\gitHub\basicNodeApp\node_modules\express\lib\router\index.js:47:12)
    at Layer.handle [as handle_request] (D:\gitHub\basicNodeApp\node_modules\express\lib\router\layer.js:95:5)
    at trim_prefix (D:\gitHub\basicNodeApp\node_modules\express\lib\router\index.js:317:13)
    at D:\gitHub\basicNodeApp\node_modules\express\lib\router\index.js:284:7
    at Function.process_params (D:\gitHub\basicNodeApp\node_modules\express\lib\router\index.js:335:12)
    at next (D:\gitHub\basicNodeApp\node_modules\express\lib\router\index.js:275:10)
    at app.use (D:\gitHub\basicNodeApp\app.js:55:5)Error msg:  Not Found 
 data: Sun Jan 07 2018 08:31:18 GMT-0200 (Horário brasileiro de verão) stack: Error: Not Found
    at app.use (D:\gitHub\basicNodeApp\app.js:71:16)
    at Layer.handle [as handle_request] (D:\gitHub\basicNodeApp\node_modules\express\lib\router\layer.js:95:5)
    at trim_prefix (D:\gitHub\basicNodeApp\node_modules\express\lib\router\index.js:317:13)
    at D:\gitHub\basicNodeApp\node_modules\express\lib\router\index.js:284:7
    at Function.process_params (D:\gitHub\basicNodeApp\node_modules\express\lib\router\index.js:335:12)
    at next (D:\gitHub\basicNodeApp\node_modules\express\lib\router\index.js:275:10)
    at D:\gitHub\basicNodeApp\node_modules\express\lib\router\index.js:635:15
    at next (D:\gitHub\basicNodeApp\node_modules\express\lib\router\index.js:260:14)
    at Function.handle (D:\gitHub\basicNodeApp\node_modules\express\lib\router\index.js:174:3)
    at router (D:\gitHub\basicNodeApp\node_modules\express\lib\router\index.js:47:12)
    at Layer.handle [as handle_request] (D:\gitHub\basicNodeApp\node_modules\express\lib\router\layer.js:95:5)
    at trim_prefix (D:\gitHub\basicNodeApp\node_modules\express\lib\router\index.js:317:13)
    at D:\gitHub\basicNodeApp\node_modules\express\lib\router\index.js:284:7
    at Function.process_params (D:\gitHub\basicNodeApp\node_modules\express\lib\router\index.js:335:12)
    at next (D:\gitHub\basicNodeApp\node_modules\express\lib\router\index.js:275:10)
    at app.use (D:\gitHub\basicNodeApp\app.js:55:5)Error msg:  Not Found 
 data: Sun Jan 07 2018 08:31:18 GMT-0200 (Horário brasileiro de verão) stack: Error: Not Found
    at app.use (D:\gitHub\basicNodeApp\app.js:71:16)
    at Layer.handle [as handle_request] (D:\gitHub\basicNodeApp\node_modules\express\lib\router\layer.js:95:5)
    at trim_prefix (D:\gitHub\basicNodeApp\node_modules\express\lib\router\index.js:317:13)
    at D:\gitHub\basicNodeApp\node_modules\express\lib\router\index.js:284:7
    at Function.process_params (D:\gitHub\basicNodeApp\node_modules\express\lib\router\index.js:335:12)
    at next (D:\gitHub\basicNodeApp\node_modules\express\lib\router\index.js:275:10)
    at D:\gitHub\basicNodeApp\node_modules\express\lib\router\index.js:635:15
    at next (D:\gitHub\basicNodeApp\node_modules\express\lib\router\index.js:260:14)
    at Function.handle (D:\gitHub\basicNodeApp\node_modules\express\lib\router\index.js:174:3)
    at router (D:\gitHub\basicNodeApp\node_modules\express\lib\router\index.js:47:12)
    at Layer.handle [as handle_request] (D:\gitHub\basicNodeApp\node_modules\express\lib\router\layer.js:95:5)
    at trim_prefix (D:\gitHub\basicNodeApp\node_modules\express\lib\router\index.js:317:13)
    at D:\gitHub\basicNodeApp\node_modules\express\lib\router\index.js:284:7
    at Function.process_params (D:\gitHub\basicNodeApp\node_modules\express\lib\router\index.js:335:12)
    at next (D:\gitHub\basicNodeApp\node_modules\express\lib\router\index.js:275:10)
    at app.use (D:\gitHub\basicNodeApp\app.js:55:5)Error msg:  Not Found 
 data: Sun Jan 07 2018 08:31:19 GMT-0200 (Horário brasileiro de verão) stack: Error: Not Found
    at app.use (D:\gitHub\basicNodeApp\app.js:71:16)
    at Layer.handle [as handle_request] (D:\gitHub\basicNodeApp\node_modules\express\lib\router\layer.js:95:5)
    at trim_prefix (D:\gitHub\basicNodeApp\node_modules\express\lib\router\index.js:317:13)
    at D:\gitHub\basicNodeApp\node_modules\express\lib\router\index.js:284:7
    at Function.process_params (D:\gitHub\basicNodeApp\node_modules\express\lib\router\index.js:335:12)
    at next (D:\gitHub\basicNodeApp\node_modules\express\lib\router\index.js:275:10)
    at D:\gitHub\basicNodeApp\node_modules\express\lib\router\index.js:635:15
    at next (D:\gitHub\basicNodeApp\node_modules\express\lib\router\index.js:260:14)
    at Function.handle (D:\gitHub\basicNodeApp\node_modules\express\lib\router\index.js:174:3)
    at router (D:\gitHub\basicNodeApp\node_modules\express\lib\router\index.js:47:12)
    at Layer.handle [as handle_request] (D:\gitHub\basicNodeApp\node_modules\express\lib\router\layer.js:95:5)
    at trim_prefix (D:\gitHub\basicNodeApp\node_modules\express\lib\router\index.js:317:13)
    at D:\gitHub\basicNodeApp\node_modules\express\lib\router\index.js:284:7
    at Function.process_params (D:\gitHub\basicNodeApp\node_modules\express\lib\router\index.js:335:12)
    at next (D:\gitHub\basicNodeApp\node_modules\express\lib\router\index.js:275:10)
    at app.use (D:\gitHub\basicNodeApp\app.js:55:5)Error msg:  Not Found 
 data: Sun Jan 07 2018 08:31:19 GMT-0200 (Horário brasileiro de verão) stack: Error: Not Found
    at app.use (D:\gitHub\basicNodeApp\app.js:71:16)
    at Layer.handle [as handle_request] (D:\gitHub\basicNodeApp\node_modules\express\lib\router\layer.js:95:5)
    at trim_prefix (D:\gitHub\basicNodeApp\node_modules\express\lib\router\index.js:317:13)
    at D:\gitHub\basicNodeApp\node_modules\express\lib\router\index.js:284:7
    at Function.process_params (D:\gitHub\basicNodeApp\node_modules\express\lib\router\index.js:335:12)
    at next (D:\gitHub\basicNodeApp\node_modules\express\lib\router\index.js:275:10)
    at D:\gitHub\basicNodeApp\node_modules\express\lib\router\index.js:635:15
    at next (D:\gitHub\basicNodeApp\node_modules\express\lib\router\index.js:260:14)
    at Function.handle (D:\gitHub\basicNodeApp\node_modules\express\lib\router\index.js:174:3)
    at router (D:\gitHub\basicNodeApp\node_modules\express\lib\router\index.js:47:12)
    at Layer.handle [as handle_request] (D:\gitHub\basicNodeApp\node_modules\express\lib\router\layer.js:95:5)
    at trim_prefix (D:\gitHub\basicNodeApp\node_modules\express\lib\router\index.js:317:13)
    at D:\gitHub\basicNodeApp\node_modules\express\lib\router\index.js:284:7
    at Function.process_params (D:\gitHub\basicNodeApp\node_modules\express\lib\router\index.js:335:12)
    at next (D:\gitHub\basicNodeApp\node_modules\express\lib\router\index.js:275:10)
    at app.use (D:\gitHub\basicNodeApp\app.js:55:5)Error msg:  Not Found 
 data: Sun Jan 07 2018 08:31:19 GMT-0200 (Horário brasileiro de verão) stack: Error: Not Found
    at app.use (D:\gitHub\basicNodeApp\app.js:71:16)
    at Layer.handle [as handle_request] (D:\gitHub\basicNodeApp\node_modules\express\lib\router\layer.js:95:5)
    at trim_prefix (D:\gitHub\basicNodeApp\node_modules\express\lib\router\index.js:317:13)
    at D:\gitHub\basicNodeApp\node_modules\express\lib\router\index.js:284:7
    at Function.process_params (D:\gitHub\basicNodeApp\node_modules\express\lib\router\index.js:335:12)
    at next (D:\gitHub\basicNodeApp\node_modules\express\lib\router\index.js:275:10)
    at D:\gitHub\basicNodeApp\node_modules\express\lib\router\index.js:635:15
    at next (D:\gitHub\basicNodeApp\node_modules\express\lib\router\index.js:260:14)
    at Function.handle (D:\gitHub\basicNodeApp\node_modules\express\lib\router\index.js:174:3)
    at router (D:\gitHub\basicNodeApp\node_modules\express\lib\router\index.js:47:12)
    at Layer.handle [as handle_request] (D:\gitHub\basicNodeApp\node_modules\express\lib\router\layer.js:95:5)
    at trim_prefix (D:\gitHub\basicNodeApp\node_modules\express\lib\router\index.js:317:13)
    at D:\gitHub\basicNodeApp\node_modules\express\lib\router\index.js:284:7
    at Function.process_params (D:\gitHub\basicNodeApp\node_modules\express\lib\router\index.js:335:12)
    at next (D:\gitHub\basicNodeApp\node_modules\express\lib\router\index.js:275:10)
    at app.use (D:\gitHub\basicNodeApp\app.js:55:5)Error msg:  Not Found 
 data: Sun Jan 07 2018 08:31:19 GMT-0200 (Horário brasileiro de verão) stack: Error: Not Found
    at app.use (D:\gitHub\basicNodeApp\app.js:71:16)
    at Layer.handle [as handle_request] (D:\gitHub\basicNodeApp\node_modules\express\lib\router\layer.js:95:5)
    at trim_prefix (D:\gitHub\basicNodeApp\node_modules\express\lib\router\index.js:317:13)
    at D:\gitHub\basicNodeApp\node_modules\express\lib\router\index.js:284:7
    at Function.process_params (D:\gitHub\basicNodeApp\node_modules\express\lib\router\index.js:335:12)
    at next (D:\gitHub\basicNodeApp\node_modules\express\lib\router\index.js:275:10)
    at D:\gitHub\basicNodeApp\node_modules\express\lib\router\index.js:635:15
    at next (D:\gitHub\basicNodeApp\node_modules\express\lib\router\index.js:260:14)
    at Function.handle (D:\gitHub\basicNodeApp\node_modules\express\lib\router\index.js:174:3)
    at router (D:\gitHub\basicNodeApp\node_modules\express\lib\router\index.js:47:12)
    at Layer.handle [as handle_request] (D:\gitHub\basicNodeApp\node_modules\express\lib\router\layer.js:95:5)
    at trim_prefix (D:\gitHub\basicNodeApp\node_modules\express\lib\router\index.js:317:13)
    at D:\gitHub\basicNodeApp\node_modules\express\lib\router\index.js:284:7
    at Function.process_params (D:\gitHub\basicNodeApp\node_modules\express\lib\router\index.js:335:12)
    at next (D:\gitHub\basicNodeApp\node_modules\express\lib\router\index.js:275:10)
    at app.use (D:\gitHub\basicNodeApp\app.js:55:5)Error msg:  Not Found 
 data: Sun Jan 07 2018 08:31:20 GMT-0200 (Horário brasileiro de verão) stack: Error: Not Found
    at app.use (D:\gitHub\basicNodeApp\app.js:71:16)
    at Layer.handle [as handle_request] (D:\gitHub\basicNodeApp\node_modules\express\lib\router\layer.js:95:5)
    at trim_prefix (D:\gitHub\basicNodeApp\node_modules\express\lib\router\index.js:317:13)
    at D:\gitHub\basicNodeApp\node_modules\express\lib\router\index.js:284:7
    at Function.process_params (D:\gitHub\basicNodeApp\node_modules\express\lib\router\index.js:335:12)
    at next (D:\gitHub\basicNodeApp\node_modules\express\lib\router\index.js:275:10)
    at D:\gitHub\basicNodeApp\node_modules\express\lib\router\index.js:635:15
    at next (D:\gitHub\basicNodeApp\node_modules\express\lib\router\index.js:260:14)
    at Function.handle (D:\gitHub\basicNodeApp\node_modules\express\lib\router\index.js:174:3)
    at router (D:\gitHub\basicNodeApp\node_modules\express\lib\router\index.js:47:12)
    at Layer.handle [as handle_request] (D:\gitHub\basicNodeApp\node_modules\express\lib\router\layer.js:95:5)
    at trim_prefix (D:\gitHub\basicNodeApp\node_modules\express\lib\router\index.js:317:13)
    at D:\gitHub\basicNodeApp\node_modules\express\lib\router\index.js:284:7
    at Function.process_params (D:\gitHub\basicNodeApp\node_modules\express\lib\router\index.js:335:12)
    at next (D:\gitHub\basicNodeApp\node_modules\express\lib\router\index.js:275:10)
    at app.use (D:\gitHub\basicNodeApp\app.js:55:5)Error msg:  Not Found 
 data: Sun Jan 07 2018 08:31:20 GMT-0200 (Horário brasileiro de verão) stack: Error: Not Found
    at app.use (D:\gitHub\basicNodeApp\app.js:71:16)
    at Layer.handle [as handle_request] (D:\gitHub\basicNodeApp\node_modules\express\lib\router\layer.js:95:5)
    at trim_prefix (D:\gitHub\basicNodeApp\node_modules\express\lib\router\index.js:317:13)
    at D:\gitHub\basicNodeApp\node_modules\express\lib\router\index.js:284:7
    at Function.process_params (D:\gitHub\basicNodeApp\node_modules\express\lib\router\index.js:335:12)
    at next (D:\gitHub\basicNodeApp\node_modules\express\lib\router\index.js:275:10)
    at D:\gitHub\basicNodeApp\node_modules\express\lib\router\index.js:635:15
    at next (D:\gitHub\basicNodeApp\node_modules\express\lib\router\index.js:260:14)
    at Function.handle (D:\gitHub\basicNodeApp\node_modules\express\lib\router\index.js:174:3)
    at router (D:\gitHub\basicNodeApp\node_modules\express\lib\router\index.js:47:12)
    at Layer.handle [as handle_request] (D:\gitHub\basicNodeApp\node_modules\express\lib\router\layer.js:95:5)
    at trim_prefix (D:\gitHub\basicNodeApp\node_modules\express\lib\router\index.js:317:13)
    at D:\gitHub\basicNodeApp\node_modules\express\lib\router\index.js:284:7
    at Function.process_params (D:\gitHub\basicNodeApp\node_modules\express\lib\router\index.js:335:12)
    at next (D:\gitHub\basicNodeApp\node_modules\express\lib\router\index.js:275:10)
    at app.use (D:\gitHub\basicNodeApp\app.js:55:5)Error msg:  Not Found 
 data: Sun Jan 07 2018 08:31:21 GMT-0200 (Horário brasileiro de verão) stack: Error: Not Found
    at app.use (D:\gitHub\basicNodeApp\app.js:71:16)
    at Layer.handle [as handle_request] (D:\gitHub\basicNodeApp\node_modules\express\lib\router\layer.js:95:5)
    at trim_prefix (D:\gitHub\basicNodeApp\node_modules\express\lib\router\index.js:317:13)
    at D:\gitHub\basicNodeApp\node_modules\express\lib\router\index.js:284:7
    at Function.process_params (D:\gitHub\basicNodeApp\node_modules\express\lib\router\index.js:335:12)
    at next (D:\gitHub\basicNodeApp\node_modules\express\lib\router\index.js:275:10)
    at D:\gitHub\basicNodeApp\node_modules\express\lib\router\index.js:635:15
    at next (D:\gitHub\basicNodeApp\node_modules\express\lib\router\index.js:260:14)
    at Function.handle (D:\gitHub\basicNodeApp\node_modules\express\lib\router\index.js:174:3)
    at router (D:\gitHub\basicNodeApp\node_modules\express\lib\router\index.js:47:12)
    at Layer.handle [as handle_request] (D:\gitHub\basicNodeApp\node_modules\express\lib\router\layer.js:95:5)
    at trim_prefix (D:\gitHub\basicNodeApp\node_modules\express\lib\router\index.js:317:13)
    at D:\gitHub\basicNodeApp\node_modules\express\lib\router\index.js:284:7
    at Function.process_params (D:\gitHub\basicNodeApp\node_modules\express\lib\router\index.js:335:12)
    at next (D:\gitHub\basicNodeApp\node_modules\express\lib\router\index.js:275:10)
    at app.use (D:\gitHub\basicNodeApp\app.js:55:5)Error msg:  Not Found 
 data: Sun Jan 07 2018 08:31:21 GMT-0200 (Horário brasileiro de verão) stack: Error: Not Found
    at app.use (D:\gitHub\basicNodeApp\app.js:71:16)
    at Layer.handle [as handle_request] (D:\gitHub\basicNodeApp\node_modules\express\lib\router\layer.js:95:5)
    at trim_prefix (D:\gitHub\basicNodeApp\node_modules\express\lib\router\index.js:317:13)
    at D:\gitHub\basicNodeApp\node_modules\express\lib\router\index.js:284:7
    at Function.process_params (D:\gitHub\basicNodeApp\node_modules\express\lib\router\index.js:335:12)
    at next (D:\gitHub\basicNodeApp\node_modules\express\lib\router\index.js:275:10)
    at D:\gitHub\basicNodeApp\node_modules\express\lib\router\index.js:635:15
    at next (D:\gitHub\basicNodeApp\node_modules\express\lib\router\index.js:260:14)
    at Function.handle (D:\gitHub\basicNodeApp\node_modules\express\lib\router\index.js:174:3)
    at router (D:\gitHub\basicNodeApp\node_modules\express\lib\router\index.js:47:12)
    at Layer.handle [as handle_request] (D:\gitHub\basicNodeApp\node_modules\express\lib\router\layer.js:95:5)
    at trim_prefix (D:\gitHub\basicNodeApp\node_modules\express\lib\router\index.js:317:13)
    at D:\gitHub\basicNodeApp\node_modules\express\lib\router\index.js:284:7
    at Function.process_params (D:\gitHub\basicNodeApp\node_modules\express\lib\router\index.js:335:12)
    at next (D:\gitHub\basicNodeApp\node_modules\express\lib\router\index.js:275:10)
    at app.use (D:\gitHub\basicNodeApp\app.js:55:5)Error msg:  Not Found 
 data: Sun Jan 07 2018 08:31:22 GMT-0200 (Horário brasileiro de verão) stack: Error: Not Found
    at app.use (D:\gitHub\basicNodeApp\app.js:71:16)
    at Layer.handle [as handle_request] (D:\gitHub\basicNodeApp\node_modules\express\lib\router\layer.js:95:5)
    at trim_prefix (D:\gitHub\basicNodeApp\node_modules\express\lib\router\index.js:317:13)
    at D:\gitHub\basicNodeApp\node_modules\express\lib\router\index.js:284:7
    at Function.process_params (D:\gitHub\basicNodeApp\node_modules\express\lib\router\index.js:335:12)
    at next (D:\gitHub\basicNodeApp\node_modules\express\lib\router\index.js:275:10)
    at D:\gitHub\basicNodeApp\node_modules\express\lib\router\index.js:635:15
    at next (D:\gitHub\basicNodeApp\node_modules\express\lib\router\index.js:260:14)
    at Function.handle (D:\gitHub\basicNodeApp\node_modules\express\lib\router\index.js:174:3)
    at router (D:\gitHub\basicNodeApp\node_modules\express\lib\router\index.js:47:12)
    at Layer.handle [as handle_request] (D:\gitHub\basicNodeApp\node_modules\express\lib\router\layer.js:95:5)
    at trim_prefix (D:\gitHub\basicNodeApp\node_modules\express\lib\router\index.js:317:13)
    at D:\gitHub\basicNodeApp\node_modules\express\lib\router\index.js:284:7
    at Function.process_params (D:\gitHub\basicNodeApp\node_modules\express\lib\router\index.js:335:12)
    at next (D:\gitHub\basicNodeApp\node_modules\express\lib\router\index.js:275:10)
    at app.use (D:\gitHub\basicNodeApp\app.js:55:5)Error msg:  Not Found 
 data: Sun Jan 07 2018 08:31:22 GMT-0200 (Horário brasileiro de verão) stack: Error: Not Found
    at app.use (D:\gitHub\basicNodeApp\app.js:71:16)
    at Layer.handle [as handle_request] (D:\gitHub\basicNodeApp\node_modules\express\lib\router\layer.js:95:5)
    at trim_prefix (D:\gitHub\basicNodeApp\node_modules\express\lib\router\index.js:317:13)
    at D:\gitHub\basicNodeApp\node_modules\express\lib\router\index.js:284:7
    at Function.process_params (D:\gitHub\basicNodeApp\node_modules\express\lib\router\index.js:335:12)
    at next (D:\gitHub\basicNodeApp\node_modules\express\lib\router\index.js:275:10)
    at D:\gitHub\basicNodeApp\node_modules\express\lib\router\index.js:635:15
    at next (D:\gitHub\basicNodeApp\node_modules\express\lib\router\index.js:260:14)
    at Function.handle (D:\gitHub\basicNodeApp\node_modules\express\lib\router\index.js:174:3)
    at router (D:\gitHub\basicNodeApp\node_modules\express\lib\router\index.js:47:12)
    at Layer.handle [as handle_request] (D:\gitHub\basicNodeApp\node_modules\express\lib\router\layer.js:95:5)
    at trim_prefix (D:\gitHub\basicNodeApp\node_modules\express\lib\router\index.js:317:13)
    at D:\gitHub\basicNodeApp\node_modules\express\lib\router\index.js:284:7
    at Function.process_params (D:\gitHub\basicNodeApp\node_modules\express\lib\router\index.js:335:12)
    at next (D:\gitHub\basicNodeApp\node_modules\express\lib\router\index.js:275:10)
    at app.use (D:\gitHub\basicNodeApp\app.js:55:5)Error msg:  Not Found 
 data: Sun Jan 07 2018 08:31:22 GMT-0200 (Horário brasileiro de verão) stack: Error: Not Found
    at app.use (D:\gitHub\basicNodeApp\app.js:71:16)
    at Layer.handle [as handle_request] (D:\gitHub\basicNodeApp\node_modules\express\lib\router\layer.js:95:5)
    at trim_prefix (D:\gitHub\basicNodeApp\node_modules\express\lib\router\index.js:317:13)
    at D:\gitHub\basicNodeApp\node_modules\express\lib\router\index.js:284:7
    at Function.process_params (D:\gitHub\basicNodeApp\node_modules\express\lib\router\index.js:335:12)
    at next (D:\gitHub\basicNodeApp\node_modules\express\lib\router\index.js:275:10)
    at D:\gitHub\basicNodeApp\node_modules\express\lib\router\index.js:635:15
    at next (D:\gitHub\basicNodeApp\node_modules\express\lib\router\index.js:260:14)
    at Function.handle (D:\gitHub\basicNodeApp\node_modules\express\lib\router\index.js:174:3)
    at router (D:\gitHub\basicNodeApp\node_modules\express\lib\router\index.js:47:12)
    at Layer.handle [as handle_request] (D:\gitHub\basicNodeApp\node_modules\express\lib\router\layer.js:95:5)
    at trim_prefix (D:\gitHub\basicNodeApp\node_modules\express\lib\router\index.js:317:13)
    at D:\gitHub\basicNodeApp\node_modules\express\lib\router\index.js:284:7
    at Function.process_params (D:\gitHub\basicNodeApp\node_modules\express\lib\router\index.js:335:12)
    at next (D:\gitHub\basicNodeApp\node_modules\express\lib\router\index.js:275:10)
    at app.use (D:\gitHub\basicNodeApp\app.js:55:5)Error msg:  Not Found 
 data: Sun Jan 07 2018 08:31:22 GMT-0200 (Horário brasileiro de verão) stack: Error: Not Found
    at app.use (D:\gitHub\basicNodeApp\app.js:71:16)
    at Layer.handle [as handle_request] (D:\gitHub\basicNodeApp\node_modules\express\lib\router\layer.js:95:5)
    at trim_prefix (D:\gitHub\basicNodeApp\node_modules\express\lib\router\index.js:317:13)
    at D:\gitHub\basicNodeApp\node_modules\express\lib\router\index.js:284:7
    at Function.process_params (D:\gitHub\basicNodeApp\node_modules\express\lib\router\index.js:335:12)
    at next (D:\gitHub\basicNodeApp\node_modules\express\lib\router\index.js:275:10)
    at D:\gitHub\basicNodeApp\node_modules\express\lib\router\index.js:635:15
    at next (D:\gitHub\basicNodeApp\node_modules\express\lib\router\index.js:260:14)
    at Function.handle (D:\gitHub\basicNodeApp\node_modules\express\lib\router\index.js:174:3)
    at router (D:\gitHub\basicNodeApp\node_modules\express\lib\router\index.js:47:12)
    at Layer.handle [as handle_request] (D:\gitHub\basicNodeApp\node_modules\express\lib\router\layer.js:95:5)
    at trim_prefix (D:\gitHub\basicNodeApp\node_modules\express\lib\router\index.js:317:13)
    at D:\gitHub\basicNodeApp\node_modules\express\lib\router\index.js:284:7
    at Function.process_params (D:\gitHub\basicNodeApp\node_modules\express\lib\router\index.js:335:12)
    at next (D:\gitHub\basicNodeApp\node_modules\express\lib\router\index.js:275:10)
    at app.use (D:\gitHub\basicNodeApp\app.js:55:5)Error msg:  Not Found 
 data: Sun Jan 07 2018 08:31:24 GMT-0200 (Horário brasileiro de verão) stack: Error: Not Found
    at app.use (D:\gitHub\basicNodeApp\app.js:71:16)
    at Layer.handle [as handle_request] (D:\gitHub\basicNodeApp\node_modules\express\lib\router\layer.js:95:5)
    at trim_prefix (D:\gitHub\basicNodeApp\node_modules\express\lib\router\index.js:317:13)
    at D:\gitHub\basicNodeApp\node_modules\express\lib\router\index.js:284:7
    at Function.process_params (D:\gitHub\basicNodeApp\node_modules\express\lib\router\index.js:335:12)
    at next (D:\gitHub\basicNodeApp\node_modules\express\lib\router\index.js:275:10)
    at D:\gitHub\basicNodeApp\node_modules\express\lib\router\index.js:635:15
    at next (D:\gitHub\basicNodeApp\node_modules\express\lib\router\index.js:260:14)
    at Function.handle (D:\gitHub\basicNodeApp\node_modules\express\lib\router\index.js:174:3)
    at router (D:\gitHub\basicNodeApp\node_modules\express\lib\router\index.js:47:12)
    at Layer.handle [as handle_request] (D:\gitHub\basicNodeApp\node_modules\express\lib\router\layer.js:95:5)
    at trim_prefix (D:\gitHub\basicNodeApp\node_modules\express\lib\router\index.js:317:13)
    at D:\gitHub\basicNodeApp\node_modules\express\lib\router\index.js:284:7
    at Function.process_params (D:\gitHub\basicNodeApp\node_modules\express\lib\router\index.js:335:12)
    at next (D:\gitHub\basicNodeApp\node_modules\express\lib\router\index.js:275:10)
    at app.use (D:\gitHub\basicNodeApp\app.js:55:5)Error msg:  Not Found 
 data: Sun Jan 07 2018 08:31:24 GMT-0200 (Horário brasileiro de verão) stack: Error: Not Found
    at app.use (D:\gitHub\basicNodeApp\app.js:71:16)
    at Layer.handle [as handle_request] (D:\gitHub\basicNodeApp\node_modules\express\lib\router\layer.js:95:5)
    at trim_prefix (D:\gitHub\basicNodeApp\node_modules\express\lib\router\index.js:317:13)
    at D:\gitHub\basicNodeApp\node_modules\express\lib\router\index.js:284:7
    at Function.process_params (D:\gitHub\basicNodeApp\node_modules\express\lib\router\index.js:335:12)
    at next (D:\gitHub\basicNodeApp\node_modules\express\lib\router\index.js:275:10)
    at D:\gitHub\basicNodeApp\node_modules\express\lib\router\index.js:635:15
    at next (D:\gitHub\basicNodeApp\node_modules\express\lib\router\index.js:260:14)
    at Function.handle (D:\gitHub\basicNodeApp\node_modules\express\lib\router\index.js:174:3)
    at router (D:\gitHub\basicNodeApp\node_modules\express\lib\router\index.js:47:12)
    at Layer.handle [as handle_request] (D:\gitHub\basicNodeApp\node_modules\express\lib\router\layer.js:95:5)
    at trim_prefix (D:\gitHub\basicNodeApp\node_modules\express\lib\router\index.js:317:13)
    at D:\gitHub\basicNodeApp\node_modules\express\lib\router\index.js:284:7
    at Function.process_params (D:\gitHub\basicNodeApp\node_modules\express\lib\router\index.js:335:12)
    at next (D:\gitHub\basicNodeApp\node_modules\express\lib\router\index.js:275:10)
    at app.use (D:\gitHub\basicNodeApp\app.js:55:5)Error msg:  Not Found 
 data: Sun Jan 07 2018 08:31:25 GMT-0200 (Horário brasileiro de verão) stack: Error: Not Found
    at app.use (D:\gitHub\basicNodeApp\app.js:71:16)
    at Layer.handle [as handle_request] (D:\gitHub\basicNodeApp\node_modules\express\lib\router\layer.js:95:5)
    at trim_prefix (D:\gitHub\basicNodeApp\node_modules\express\lib\router\index.js:317:13)
    at D:\gitHub\basicNodeApp\node_modules\express\lib\router\index.js:284:7
    at Function.process_params (D:\gitHub\basicNodeApp\node_modules\express\lib\router\index.js:335:12)
    at next (D:\gitHub\basicNodeApp\node_modules\express\lib\router\index.js:275:10)
    at D:\gitHub\basicNodeApp\node_modules\express\lib\router\index.js:635:15
    at next (D:\gitHub\basicNodeApp\node_modules\express\lib\router\index.js:260:14)
    at Function.handle (D:\gitHub\basicNodeApp\node_modules\express\lib\router\index.js:174:3)
    at router (D:\gitHub\basicNodeApp\node_modules\express\lib\router\index.js:47:12)
    at Layer.handle [as handle_request] (D:\gitHub\basicNodeApp\node_modules\express\lib\router\layer.js:95:5)
    at trim_prefix (D:\gitHub\basicNodeApp\node_modules\express\lib\router\index.js:317:13)
    at D:\gitHub\basicNodeApp\node_modules\express\lib\router\index.js:284:7
    at Function.process_params (D:\gitHub\basicNodeApp\node_modules\express\lib\router\index.js:335:12)
    at next (D:\gitHub\basicNodeApp\node_modules\express\lib\router\index.js:275:10)
    at app.use (D:\gitHub\basicNodeApp\app.js:55:5)Error msg:  Not Found 
 data: Sun Jan 07 2018 08:31:25 GMT-0200 (Horário brasileiro de verão) stack: Error: Not Found
    at app.use (D:\gitHub\basicNodeApp\app.js:71:16)
    at Layer.handle [as handle_request] (D:\gitHub\basicNodeApp\node_modules\express\lib\router\layer.js:95:5)
    at trim_prefix (D:\gitHub\basicNodeApp\node_modules\express\lib\router\index.js:317:13)
    at D:\gitHub\basicNodeApp\node_modules\express\lib\router\index.js:284:7
    at Function.process_params (D:\gitHub\basicNodeApp\node_modules\express\lib\router\index.js:335:12)
    at next (D:\gitHub\basicNodeApp\node_modules\express\lib\router\index.js:275:10)
    at D:\gitHub\basicNodeApp\node_modules\express\lib\router\index.js:635:15
    at next (D:\gitHub\basicNodeApp\node_modules\express\lib\router\index.js:260:14)
    at Function.handle (D:\gitHub\basicNodeApp\node_modules\express\lib\router\index.js:174:3)
    at router (D:\gitHub\basicNodeApp\node_modules\express\lib\router\index.js:47:12)
    at Layer.handle [as handle_request] (D:\gitHub\basicNodeApp\node_modules\express\lib\router\layer.js:95:5)
    at trim_prefix (D:\gitHub\basicNodeApp\node_modules\express\lib\router\index.js:317:13)
    at D:\gitHub\basicNodeApp\node_modules\express\lib\router\index.js:284:7
    at Function.process_params (D:\gitHub\basicNodeApp\node_modules\express\lib\router\index.js:335:12)
    at next (D:\gitHub\basicNodeApp\node_modules\express\lib\router\index.js:275:10)
    at app.use (D:\gitHub\basicNodeApp\app.js:55:5)Error msg:  Not Found 
 data: Sun Jan 07 2018 08:31:25 GMT-0200 (Horário brasileiro de verão) stack: Error: Not Found
    at app.use (D:\gitHub\basicNodeApp\app.js:71:16)
    at Layer.handle [as handle_request] (D:\gitHub\basicNodeApp\node_modules\express\lib\router\layer.js:95:5)
    at trim_prefix (D:\gitHub\basicNodeApp\node_modules\express\lib\router\index.js:317:13)
    at D:\gitHub\basicNodeApp\node_modules\express\lib\router\index.js:284:7
    at Function.process_params (D:\gitHub\basicNodeApp\node_modules\express\lib\router\index.js:335:12)
    at next (D:\gitHub\basicNodeApp\node_modules\express\lib\router\index.js:275:10)
    at D:\gitHub\basicNodeApp\node_modules\express\lib\router\index.js:635:15
    at next (D:\gitHub\basicNodeApp\node_modules\express\lib\router\index.js:260:14)
    at Function.handle (D:\gitHub\basicNodeApp\node_modules\express\lib\router\index.js:174:3)
    at router (D:\gitHub\basicNodeApp\node_modules\express\lib\router\index.js:47:12)
    at Layer.handle [as handle_request] (D:\gitHub\basicNodeApp\node_modules\express\lib\router\layer.js:95:5)
    at trim_prefix (D:\gitHub\basicNodeApp\node_modules\express\lib\router\index.js:317:13)
    at D:\gitHub\basicNodeApp\node_modules\express\lib\router\index.js:284:7
    at Function.process_params (D:\gitHub\basicNodeApp\node_modules\express\lib\router\index.js:335:12)
    at next (D:\gitHub\basicNodeApp\node_modules\express\lib\router\index.js:275:10)
    at app.use (D:\gitHub\basicNodeApp\app.js:55:5)Error msg:  Not Found 
 data: Sun Jan 07 2018 08:31:25 GMT-0200 (Horário brasileiro de verão) stack: Error: Not Found
    at app.use (D:\gitHub\basicNodeApp\app.js:71:16)
    at Layer.handle [as handle_request] (D:\gitHub\basicNodeApp\node_modules\express\lib\router\layer.js:95:5)
    at trim_prefix (D:\gitHub\basicNodeApp\node_modules\express\lib\router\index.js:317:13)
    at D:\gitHub\basicNodeApp\node_modules\express\lib\router\index.js:284:7
    at Function.process_params (D:\gitHub\basicNodeApp\node_modules\express\lib\router\index.js:335:12)
    at next (D:\gitHub\basicNodeApp\node_modules\express\lib\router\index.js:275:10)
    at D:\gitHub\basicNodeApp\node_modules\express\lib\router\index.js:635:15
    at next (D:\gitHub\basicNodeApp\node_modules\express\lib\router\index.js:260:14)
    at Function.handle (D:\gitHub\basicNodeApp\node_modules\express\lib\router\index.js:174:3)
    at router (D:\gitHub\basicNodeApp\node_modules\express\lib\router\index.js:47:12)
    at Layer.handle [as handle_request] (D:\gitHub\basicNodeApp\node_modules\express\lib\router\layer.js:95:5)
    at trim_prefix (D:\gitHub\basicNodeApp\node_modules\express\lib\router\index.js:317:13)
    at D:\gitHub\basicNodeApp\node_modules\express\lib\router\index.js:284:7
    at Function.process_params (D:\gitHub\basicNodeApp\node_modules\express\lib\router\index.js:335:12)
    at next (D:\gitHub\basicNodeApp\node_modules\express\lib\router\index.js:275:10)
    at app.use (D:\gitHub\basicNodeApp\app.js:55:5)Error msg:  Not Found 
 data: Sun Jan 07 2018 08:31:26 GMT-0200 (Horário brasileiro de verão) stack: Error: Not Found
    at app.use (D:\gitHub\basicNodeApp\app.js:71:16)
    at Layer.handle [as handle_request] (D:\gitHub\basicNodeApp\node_modules\express\lib\router\layer.js:95:5)
    at trim_prefix (D:\gitHub\basicNodeApp\node_modules\express\lib\router\index.js:317:13)
    at D:\gitHub\basicNodeApp\node_modules\express\lib\router\index.js:284:7
    at Function.process_params (D:\gitHub\basicNodeApp\node_modules\express\lib\router\index.js:335:12)
    at next (D:\gitHub\basicNodeApp\node_modules\express\lib\router\index.js:275:10)
    at D:\gitHub\basicNodeApp\node_modules\express\lib\router\index.js:635:15
    at next (D:\gitHub\basicNodeApp\node_modules\express\lib\router\index.js:260:14)
    at Function.handle (D:\gitHub\basicNodeApp\node_modules\express\lib\router\index.js:174:3)
    at router (D:\gitHub\basicNodeApp\node_modules\express\lib\router\index.js:47:12)
    at Layer.handle [as handle_request] (D:\gitHub\basicNodeApp\node_modules\express\lib\router\layer.js:95:5)
    at trim_prefix (D:\gitHub\basicNodeApp\node_modules\express\lib\router\index.js:317:13)
    at D:\gitHub\basicNodeApp\node_modules\express\lib\router\index.js:284:7
    at Function.process_params (D:\gitHub\basicNodeApp\node_modules\express\lib\router\index.js:335:12)
    at next (D:\gitHub\basicNodeApp\node_modules\express\lib\router\index.js:275:10)
    at app.use (D:\gitHub\basicNodeApp\app.js:55:5)Error msg:  Not Found 
 data: Sun Jan 07 2018 08:31:26 GMT-0200 (Horário brasileiro de verão) stack: Error: Not Found
    at app.use (D:\gitHub\basicNodeApp\app.js:71:16)
    at Layer.handle [as handle_request] (D:\gitHub\basicNodeApp\node_modules\express\lib\router\layer.js:95:5)
    at trim_prefix (D:\gitHub\basicNodeApp\node_modules\express\lib\router\index.js:317:13)
    at D:\gitHub\basicNodeApp\node_modules\express\lib\router\index.js:284:7
    at Function.process_params (D:\gitHub\basicNodeApp\node_modules\express\lib\router\index.js:335:12)
    at next (D:\gitHub\basicNodeApp\node_modules\express\lib\router\index.js:275:10)
    at D:\gitHub\basicNodeApp\node_modules\express\lib\router\index.js:635:15
    at next (D:\gitHub\basicNodeApp\node_modules\express\lib\router\index.js:260:14)
    at Function.handle (D:\gitHub\basicNodeApp\node_modules\express\lib\router\index.js:174:3)
    at router (D:\gitHub\basicNodeApp\node_modules\express\lib\router\index.js:47:12)
    at Layer.handle [as handle_request] (D:\gitHub\basicNodeApp\node_modules\express\lib\router\layer.js:95:5)
    at trim_prefix (D:\gitHub\basicNodeApp\node_modules\express\lib\router\index.js:317:13)
    at D:\gitHub\basicNodeApp\node_modules\express\lib\router\index.js:284:7
    at Function.process_params (D:\gitHub\basicNodeApp\node_modules\express\lib\router\index.js:335:12)
    at next (D:\gitHub\basicNodeApp\node_modules\express\lib\router\index.js:275:10)
    at app.use (D:\gitHub\basicNodeApp\app.js:55:5)Error msg:  Not Found 
 data: Sun Jan 07 2018 08:31:27 GMT-0200 (Horário brasileiro de verão) stack: Error: Not Found
    at app.use (D:\gitHub\basicNodeApp\app.js:71:16)
    at Layer.handle [as handle_request] (D:\gitHub\basicNodeApp\node_modules\express\lib\router\layer.js:95:5)
    at trim_prefix (D:\gitHub\basicNodeApp\node_modules\express\lib\router\index.js:317:13)
    at D:\gitHub\basicNodeApp\node_modules\express\lib\router\index.js:284:7
    at Function.process_params (D:\gitHub\basicNodeApp\node_modules\express\lib\router\index.js:335:12)
    at next (D:\gitHub\basicNodeApp\node_modules\express\lib\router\index.js:275:10)
    at D:\gitHub\basicNodeApp\node_modules\express\lib\router\index.js:635:15
    at next (D:\gitHub\basicNodeApp\node_modules\express\lib\router\index.js:260:14)
    at Function.handle (D:\gitHub\basicNodeApp\node_modules\express\lib\router\index.js:174:3)
    at router (D:\gitHub\basicNodeApp\node_modules\express\lib\router\index.js:47:12)
    at Layer.handle [as handle_request] (D:\gitHub\basicNodeApp\node_modules\express\lib\router\layer.js:95:5)
    at trim_prefix (D:\gitHub\basicNodeApp\node_modules\express\lib\router\index.js:317:13)
    at D:\gitHub\basicNodeApp\node_modules\express\lib\router\index.js:284:7
    at Function.process_params (D:\gitHub\basicNodeApp\node_modules\express\lib\router\index.js:335:12)
    at next (D:\gitHub\basicNodeApp\node_modules\express\lib\router\index.js:275:10)
    at app.use (D:\gitHub\basicNodeApp\app.js:55:5)Error msg:  Not Found 
 data: Sun Jan 07 2018 08:31:27 GMT-0200 (Horário brasileiro de verão) stack: Error: Not Found
    at app.use (D:\gitHub\basicNodeApp\app.js:71:16)
    at Layer.handle [as handle_request] (D:\gitHub\basicNodeApp\node_modules\express\lib\router\layer.js:95:5)
    at trim_prefix (D:\gitHub\basicNodeApp\node_modules\express\lib\router\index.js:317:13)
    at D:\gitHub\basicNodeApp\node_modules\express\lib\router\index.js:284:7
    at Function.process_params (D:\gitHub\basicNodeApp\node_modules\express\lib\router\index.js:335:12)
    at next (D:\gitHub\basicNodeApp\node_modules\express\lib\router\index.js:275:10)
    at D:\gitHub\basicNodeApp\node_modules\express\lib\router\index.js:635:15
    at next (D:\gitHub\basicNodeApp\node_modules\express\lib\router\index.js:260:14)
    at Function.handle (D:\gitHub\basicNodeApp\node_modules\express\lib\router\index.js:174:3)
    at router (D:\gitHub\basicNodeApp\node_modules\express\lib\router\index.js:47:12)
    at Layer.handle [as handle_request] (D:\gitHub\basicNodeApp\node_modules\express\lib\router\layer.js:95:5)
    at trim_prefix (D:\gitHub\basicNodeApp\node_modules\express\lib\router\index.js:317:13)
    at D:\gitHub\basicNodeApp\node_modules\express\lib\router\index.js:284:7
    at Function.process_params (D:\gitHub\basicNodeApp\node_modules\express\lib\router\index.js:335:12)
    at next (D:\gitHub\basicNodeApp\node_modules\express\lib\router\index.js:275:10)
    at app.use (D:\gitHub\basicNodeApp\app.js:55:5)Error msg:  Not Found 
 data: Sun Jan 07 2018 08:31:28 GMT-0200 (Horário brasileiro de verão) stack: Error: Not Found
    at app.use (D:\gitHub\basicNodeApp\app.js:71:16)
    at Layer.handle [as handle_request] (D:\gitHub\basicNodeApp\node_modules\express\lib\router\layer.js:95:5)
    at trim_prefix (D:\gitHub\basicNodeApp\node_modules\express\lib\router\index.js:317:13)
    at D:\gitHub\basicNodeApp\node_modules\express\lib\router\index.js:284:7
    at Function.process_params (D:\gitHub\basicNodeApp\node_modules\express\lib\router\index.js:335:12)
    at next (D:\gitHub\basicNodeApp\node_modules\express\lib\router\index.js:275:10)
    at D:\gitHub\basicNodeApp\node_modules\express\lib\router\index.js:635:15
    at next (D:\gitHub\basicNodeApp\node_modules\express\lib\router\index.js:260:14)
    at Function.handle (D:\gitHub\basicNodeApp\node_modules\express\lib\router\index.js:174:3)
    at router (D:\gitHub\basicNodeApp\node_modules\express\lib\router\index.js:47:12)
    at Layer.handle [as handle_request] (D:\gitHub\basicNodeApp\node_modules\express\lib\router\layer.js:95:5)
    at trim_prefix (D:\gitHub\basicNodeApp\node_modules\express\lib\router\index.js:317:13)
    at D:\gitHub\basicNodeApp\node_modules\express\lib\router\index.js:284:7
    at Function.process_params (D:\gitHub\basicNodeApp\node_modules\express\lib\router\index.js:335:12)
    at next (D:\gitHub\basicNodeApp\node_modules\express\lib\router\index.js:275:10)
    at app.use (D:\gitHub\basicNodeApp\app.js:55:5)Error msg:  Not Found 
 data: Sun Jan 07 2018 08:31:28 GMT-0200 (Horário brasileiro de verão) stack: Error: Not Found
    at app.use (D:\gitHub\basicNodeApp\app.js:71:16)
    at Layer.handle [as handle_request] (D:\gitHub\basicNodeApp\node_modules\express\lib\router\layer.js:95:5)
    at trim_prefix (D:\gitHub\basicNodeApp\node_modules\express\lib\router\index.js:317:13)
    at D:\gitHub\basicNodeApp\node_modules\express\lib\router\index.js:284:7
    at Function.process_params (D:\gitHub\basicNodeApp\node_modules\express\lib\router\index.js:335:12)
    at next (D:\gitHub\basicNodeApp\node_modules\express\lib\router\index.js:275:10)
    at D:\gitHub\basicNodeApp\node_modules\express\lib\router\index.js:635:15
    at next (D:\gitHub\basicNodeApp\node_modules\express\lib\router\index.js:260:14)
    at Function.handle (D:\gitHub\basicNodeApp\node_modules\express\lib\router\index.js:174:3)
    at router (D:\gitHub\basicNodeApp\node_modules\express\lib\router\index.js:47:12)
    at Layer.handle [as handle_request] (D:\gitHub\basicNodeApp\node_modules\express\lib\router\layer.js:95:5)
    at trim_prefix (D:\gitHub\basicNodeApp\node_modules\express\lib\router\index.js:317:13)
    at D:\gitHub\basicNodeApp\node_modules\express\lib\router\index.js:284:7
    at Function.process_params (D:\gitHub\basicNodeApp\node_modules\express\lib\router\index.js:335:12)
    at next (D:\gitHub\basicNodeApp\node_modules\express\lib\router\index.js:275:10)
    at app.use (D:\gitHub\basicNodeApp\app.js:55:5)Error msg:  Not Found 
 data: Sun Jan 07 2018 08:31:28 GMT-0200 (Horário brasileiro de verão) stack: Error: Not Found
    at app.use (D:\gitHub\basicNodeApp\app.js:71:16)
    at Layer.handle [as handle_request] (D:\gitHub\basicNodeApp\node_modules\express\lib\router\layer.js:95:5)
    at trim_prefix (D:\gitHub\basicNodeApp\node_modules\express\lib\router\index.js:317:13)
    at D:\gitHub\basicNodeApp\node_modules\express\lib\router\index.js:284:7
    at Function.process_params (D:\gitHub\basicNodeApp\node_modules\express\lib\router\index.js:335:12)
    at next (D:\gitHub\basicNodeApp\node_modules\express\lib\router\index.js:275:10)
    at D:\gitHub\basicNodeApp\node_modules\express\lib\router\index.js:635:15
    at next (D:\gitHub\basicNodeApp\node_modules\express\lib\router\index.js:260:14)
    at Function.handle (D:\gitHub\basicNodeApp\node_modules\express\lib\router\index.js:174:3)
    at router (D:\gitHub\basicNodeApp\node_modules\express\lib\router\index.js:47:12)
    at Layer.handle [as handle_request] (D:\gitHub\basicNodeApp\node_modules\express\lib\router\layer.js:95:5)
    at trim_prefix (D:\gitHub\basicNodeApp\node_modules\express\lib\router\index.js:317:13)
    at D:\gitHub\basicNodeApp\node_modules\express\lib\router\index.js:284:7
    at Function.process_params (D:\gitHub\basicNodeApp\node_modules\express\lib\router\index.js:335:12)
    at next (D:\gitHub\basicNodeApp\node_modules\express\lib\router\index.js:275:10)
    at app.use (D:\gitHub\basicNodeApp\app.js:55:5)Error msg:  Not Found 
 data: Sun Jan 07 2018 08:31:28 GMT-0200 (Horário brasileiro de verão) stack: Error: Not Found
    at app.use (D:\gitHub\basicNodeApp\app.js:71:16)
    at Layer.handle [as handle_request] (D:\gitHub\basicNodeApp\node_modules\express\lib\router\layer.js:95:5)
    at trim_prefix (D:\gitHub\basicNodeApp\node_modules\express\lib\router\index.js:317:13)
    at D:\gitHub\basicNodeApp\node_modules\express\lib\router\index.js:284:7
    at Function.process_params (D:\gitHub\basicNodeApp\node_modules\express\lib\router\index.js:335:12)
    at next (D:\gitHub\basicNodeApp\node_modules\express\lib\router\index.js:275:10)
    at D:\gitHub\basicNodeApp\node_modules\express\lib\router\index.js:635:15
    at next (D:\gitHub\basicNodeApp\node_modules\express\lib\router\index.js:260:14)
    at Function.handle (D:\gitHub\basicNodeApp\node_modules\express\lib\router\index.js:174:3)
    at router (D:\gitHub\basicNodeApp\node_modules\express\lib\router\index.js:47:12)
    at Layer.handle [as handle_request] (D:\gitHub\basicNodeApp\node_modules\express\lib\router\layer.js:95:5)
    at trim_prefix (D:\gitHub\basicNodeApp\node_modules\express\lib\router\index.js:317:13)
    at D:\gitHub\basicNodeApp\node_modules\express\lib\router\index.js:284:7
    at Function.process_params (D:\gitHub\basicNodeApp\node_modules\express\lib\router\index.js:335:12)
    at next (D:\gitHub\basicNodeApp\node_modules\express\lib\router\index.js:275:10)
    at app.use (D:\gitHub\basicNodeApp\app.js:55:5)Error msg:  Not Found 
 data: Sun Jan 07 2018 08:31:29 GMT-0200 (Horário brasileiro de verão) stack: Error: Not Found
    at app.use (D:\gitHub\basicNodeApp\app.js:71:16)
    at Layer.handle [as handle_request] (D:\gitHub\basicNodeApp\node_modules\express\lib\router\layer.js:95:5)
    at trim_prefix (D:\gitHub\basicNodeApp\node_modules\express\lib\router\index.js:317:13)
    at D:\gitHub\basicNodeApp\node_modules\express\lib\router\index.js:284:7
    at Function.process_params (D:\gitHub\basicNodeApp\node_modules\express\lib\router\index.js:335:12)
    at next (D:\gitHub\basicNodeApp\node_modules\express\lib\router\index.js:275:10)
    at D:\gitHub\basicNodeApp\node_modules\express\lib\router\index.js:635:15
    at next (D:\gitHub\basicNodeApp\node_modules\express\lib\router\index.js:260:14)
    at Function.handle (D:\gitHub\basicNodeApp\node_modules\express\lib\router\index.js:174:3)
    at router (D:\gitHub\basicNodeApp\node_modules\express\lib\router\index.js:47:12)
    at Layer.handle [as handle_request] (D:\gitHub\basicNodeApp\node_modules\express\lib\router\layer.js:95:5)
    at trim_prefix (D:\gitHub\basicNodeApp\node_modules\express\lib\router\index.js:317:13)
    at D:\gitHub\basicNodeApp\node_modules\express\lib\router\index.js:284:7
    at Function.process_params (D:\gitHub\basicNodeApp\node_modules\express\lib\router\index.js:335:12)
    at next (D:\gitHub\basicNodeApp\node_modules\express\lib\router\index.js:275:10)
    at app.use (D:\gitHub\basicNodeApp\app.js:55:5)Error msg:  Not Found 
 data: Sun Jan 07 2018 08:31:29 GMT-0200 (Horário brasileiro de verão) stack: Error: Not Found
    at app.use (D:\gitHub\basicNodeApp\app.js:71:16)
    at Layer.handle [as handle_request] (D:\gitHub\basicNodeApp\node_modules\express\lib\router\layer.js:95:5)
    at trim_prefix (D:\gitHub\basicNodeApp\node_modules\express\lib\router\index.js:317:13)
    at D:\gitHub\basicNodeApp\node_modules\express\lib\router\index.js:284:7
    at Function.process_params (D:\gitHub\basicNodeApp\node_modules\express\lib\router\index.js:335:12)
    at next (D:\gitHub\basicNodeApp\node_modules\express\lib\router\index.js:275:10)
    at D:\gitHub\basicNodeApp\node_modules\express\lib\router\index.js:635:15
    at next (D:\gitHub\basicNodeApp\node_modules\express\lib\router\index.js:260:14)
    at Function.handle (D:\gitHub\basicNodeApp\node_modules\express\lib\router\index.js:174:3)
    at router (D:\gitHub\basicNodeApp\node_modules\express\lib\router\index.js:47:12)
    at Layer.handle [as handle_request] (D:\gitHub\basicNodeApp\node_modules\express\lib\router\layer.js:95:5)
    at trim_prefix (D:\gitHub\basicNodeApp\node_modules\express\lib\router\index.js:317:13)
    at D:\gitHub\basicNodeApp\node_modules\express\lib\router\index.js:284:7
    at Function.process_params (D:\gitHub\basicNodeApp\node_modules\express\lib\router\index.js:335:12)
    at next (D:\gitHub\basicNodeApp\node_modules\express\lib\router\index.js:275:10)
    at app.use (D:\gitHub\basicNodeApp\app.js:55:5)Error msg:  Not Found 
 data: Sun Jan 07 2018 08:31:30 GMT-0200 (Horário brasileiro de verão) stack: Error: Not Found
    at app.use (D:\gitHub\basicNodeApp\app.js:71:16)
    at Layer.handle [as handle_request] (D:\gitHub\basicNodeApp\node_modules\express\lib\router\layer.js:95:5)
    at trim_prefix (D:\gitHub\basicNodeApp\node_modules\express\lib\router\index.js:317:13)
    at D:\gitHub\basicNodeApp\node_modules\express\lib\router\index.js:284:7
    at Function.process_params (D:\gitHub\basicNodeApp\node_modules\express\lib\router\index.js:335:12)
    at next (D:\gitHub\basicNodeApp\node_modules\express\lib\router\index.js:275:10)
    at D:\gitHub\basicNodeApp\node_modules\express\lib\router\index.js:635:15
    at next (D:\gitHub\basicNodeApp\node_modules\express\lib\router\index.js:260:14)
    at Function.handle (D:\gitHub\basicNodeApp\node_modules\express\lib\router\index.js:174:3)
    at router (D:\gitHub\basicNodeApp\node_modules\express\lib\router\index.js:47:12)
    at Layer.handle [as handle_request] (D:\gitHub\basicNodeApp\node_modules\express\lib\router\layer.js:95:5)
    at trim_prefix (D:\gitHub\basicNodeApp\node_modules\express\lib\router\index.js:317:13)
    at D:\gitHub\basicNodeApp\node_modules\express\lib\router\index.js:284:7
    at Function.process_params (D:\gitHub\basicNodeApp\node_modules\express\lib\router\index.js:335:12)
    at next (D:\gitHub\basicNodeApp\node_modules\express\lib\router\index.js:275:10)
    at app.use (D:\gitHub\basicNodeApp\app.js:55:5)Error msg:  Not Found 
 data: Sun Jan 07 2018 08:31:30 GMT-0200 (Horário brasileiro de verão) stack: Error: Not Found
    at app.use (D:\gitHub\basicNodeApp\app.js:71:16)
    at Layer.handle [as handle_request] (D:\gitHub\basicNodeApp\node_modules\express\lib\router\layer.js:95:5)
    at trim_prefix (D:\gitHub\basicNodeApp\node_modules\express\lib\router\index.js:317:13)
    at D:\gitHub\basicNodeApp\node_modules\express\lib\router\index.js:284:7
    at Function.process_params (D:\gitHub\basicNodeApp\node_modules\express\lib\router\index.js:335:12)
    at next (D:\gitHub\basicNodeApp\node_modules\express\lib\router\index.js:275:10)
    at D:\gitHub\basicNodeApp\node_modules\express\lib\router\index.js:635:15
    at next (D:\gitHub\basicNodeApp\node_modules\express\lib\router\index.js:260:14)
    at Function.handle (D:\gitHub\basicNodeApp\node_modules\express\lib\router\index.js:174:3)
    at router (D:\gitHub\basicNodeApp\node_modules\express\lib\router\index.js:47:12)
    at Layer.handle [as handle_request] (D:\gitHub\basicNodeApp\node_modules\express\lib\router\layer.js:95:5)
    at trim_prefix (D:\gitHub\basicNodeApp\node_modules\express\lib\router\index.js:317:13)
    at D:\gitHub\basicNodeApp\node_modules\express\lib\router\index.js:284:7
    at Function.process_params (D:\gitHub\basicNodeApp\node_modules\express\lib\router\index.js:335:12)
    at next (D:\gitHub\basicNodeApp\node_modules\express\lib\router\index.js:275:10)
    at app.use (D:\gitHub\basicNodeApp\app.js:55:5)Error msg:  Not Found 
 data: Sun Jan 07 2018 08:31:31 GMT-0200 (Horário brasileiro de verão) stack: Error: Not Found
    at app.use (D:\gitHub\basicNodeApp\app.js:71:16)
    at Layer.handle [as handle_request] (D:\gitHub\basicNodeApp\node_modules\express\lib\router\layer.js:95:5)
    at trim_prefix (D:\gitHub\basicNodeApp\node_modules\express\lib\router\index.js:317:13)
    at D:\gitHub\basicNodeApp\node_modules\express\lib\router\index.js:284:7
    at Function.process_params (D:\gitHub\basicNodeApp\node_modules\express\lib\router\index.js:335:12)
    at next (D:\gitHub\basicNodeApp\node_modules\express\lib\router\index.js:275:10)
    at D:\gitHub\basicNodeApp\node_modules\express\lib\router\index.js:635:15
    at next (D:\gitHub\basicNodeApp\node_modules\express\lib\router\index.js:260:14)
    at Function.handle (D:\gitHub\basicNodeApp\node_modules\express\lib\router\index.js:174:3)
    at router (D:\gitHub\basicNodeApp\node_modules\express\lib\router\index.js:47:12)
    at Layer.handle [as handle_request] (D:\gitHub\basicNodeApp\node_modules\express\lib\router\layer.js:95:5)
    at trim_prefix (D:\gitHub\basicNodeApp\node_modules\express\lib\router\index.js:317:13)
    at D:\gitHub\basicNodeApp\node_modules\express\lib\router\index.js:284:7
    at Function.process_params (D:\gitHub\basicNodeApp\node_modules\express\lib\router\index.js:335:12)
    at next (D:\gitHub\basicNodeApp\node_modules\express\lib\router\index.js:275:10)
    at app.use (D:\gitHub\basicNodeApp\app.js:55:5)Error msg:  Not Found 
 data: Sun Jan 07 2018 08:31:31 GMT-0200 (Horário brasileiro de verão) stack: Error: Not Found
    at app.use (D:\gitHub\basicNodeApp\app.js:71:16)
    at Layer.handle [as handle_request] (D:\gitHub\basicNodeApp\node_modules\express\lib\router\layer.js:95:5)
    at trim_prefix (D:\gitHub\basicNodeApp\node_modules\express\lib\router\index.js:317:13)
    at D:\gitHub\basicNodeApp\node_modules\express\lib\router\index.js:284:7
    at Function.process_params (D:\gitHub\basicNodeApp\node_modules\express\lib\router\index.js:335:12)
    at next (D:\gitHub\basicNodeApp\node_modules\express\lib\router\index.js:275:10)
    at D:\gitHub\basicNodeApp\node_modules\express\lib\router\index.js:635:15
    at next (D:\gitHub\basicNodeApp\node_modules\express\lib\router\index.js:260:14)
    at Function.handle (D:\gitHub\basicNodeApp\node_modules\express\lib\router\index.js:174:3)
    at router (D:\gitHub\basicNodeApp\node_modules\express\lib\router\index.js:47:12)
    at Layer.handle [as handle_request] (D:\gitHub\basicNodeApp\node_modules\express\lib\router\layer.js:95:5)
    at trim_prefix (D:\gitHub\basicNodeApp\node_modules\express\lib\router\index.js:317:13)
    at D:\gitHub\basicNodeApp\node_modules\express\lib\router\index.js:284:7
    at Function.process_params (D:\gitHub\basicNodeApp\node_modules\express\lib\router\index.js:335:12)
    at next (D:\gitHub\basicNodeApp\node_modules\express\lib\router\index.js:275:10)
    at app.use (D:\gitHub\basicNodeApp\app.js:55:5)Error msg:  Not Found 
 data: Sun Jan 07 2018 08:31:31 GMT-0200 (Horário brasileiro de verão) stack: Error: Not Found
    at app.use (D:\gitHub\basicNodeApp\app.js:71:16)
    at Layer.handle [as handle_request] (D:\gitHub\basicNodeApp\node_modules\express\lib\router\layer.js:95:5)
    at trim_prefix (D:\gitHub\basicNodeApp\node_modules\express\lib\router\index.js:317:13)
    at D:\gitHub\basicNodeApp\node_modules\express\lib\router\index.js:284:7
    at Function.process_params (D:\gitHub\basicNodeApp\node_modules\express\lib\router\index.js:335:12)
    at next (D:\gitHub\basicNodeApp\node_modules\express\lib\router\index.js:275:10)
    at D:\gitHub\basicNodeApp\node_modules\express\lib\router\index.js:635:15
    at next (D:\gitHub\basicNodeApp\node_modules\express\lib\router\index.js:260:14)
    at Function.handle (D:\gitHub\basicNodeApp\node_modules\express\lib\router\index.js:174:3)
    at router (D:\gitHub\basicNodeApp\node_modules\express\lib\router\index.js:47:12)
    at Layer.handle [as handle_request] (D:\gitHub\basicNodeApp\node_modules\express\lib\router\layer.js:95:5)
    at trim_prefix (D:\gitHub\basicNodeApp\node_modules\express\lib\router\index.js:317:13)
    at D:\gitHub\basicNodeApp\node_modules\express\lib\router\index.js:284:7
    at Function.process_params (D:\gitHub\basicNodeApp\node_modules\express\lib\router\index.js:335:12)
    at next (D:\gitHub\basicNodeApp\node_modules\express\lib\router\index.js:275:10)
    at app.use (D:\gitHub\basicNodeApp\app.js:55:5)Error msg:  Not Found 
 data: Sun Jan 07 2018 08:31:31 GMT-0200 (Horário brasileiro de verão) stack: Error: Not Found
    at app.use (D:\gitHub\basicNodeApp\app.js:71:16)
    at Layer.handle [as handle_request] (D:\gitHub\basicNodeApp\node_modules\express\lib\router\layer.js:95:5)
    at trim_prefix (D:\gitHub\basicNodeApp\node_modules\express\lib\router\index.js:317:13)
    at D:\gitHub\basicNodeApp\node_modules\express\lib\router\index.js:284:7
    at Function.process_params (D:\gitHub\basicNodeApp\node_modules\express\lib\router\index.js:335:12)
    at next (D:\gitHub\basicNodeApp\node_modules\express\lib\router\index.js:275:10)
    at D:\gitHub\basicNodeApp\node_modules\express\lib\router\index.js:635:15
    at next (D:\gitHub\basicNodeApp\node_modules\express\lib\router\index.js:260:14)
    at Function.handle (D:\gitHub\basicNodeApp\node_modules\express\lib\router\index.js:174:3)
    at router (D:\gitHub\basicNodeApp\node_modules\express\lib\router\index.js:47:12)
    at Layer.handle [as handle_request] (D:\gitHub\basicNodeApp\node_modules\express\lib\router\layer.js:95:5)
    at trim_prefix (D:\gitHub\basicNodeApp\node_modules\express\lib\router\index.js:317:13)
    at D:\gitHub\basicNodeApp\node_modules\express\lib\router\index.js:284:7
    at Function.process_params (D:\gitHub\basicNodeApp\node_modules\express\lib\router\index.js:335:12)
    at next (D:\gitHub\basicNodeApp\node_modules\express\lib\router\index.js:275:10)
    at app.use (D:\gitHub\basicNodeApp\app.js:55:5)Error msg:  Not Found 
 data: Sun Jan 07 2018 08:31:32 GMT-0200 (Horário brasileiro de verão) stack: Error: Not Found
    at app.use (D:\gitHub\basicNodeApp\app.js:71:16)
    at Layer.handle [as handle_request] (D:\gitHub\basicNodeApp\node_modules\express\lib\router\layer.js:95:5)
    at trim_prefix (D:\gitHub\basicNodeApp\node_modules\express\lib\router\index.js:317:13)
    at D:\gitHub\basicNodeApp\node_modules\express\lib\router\index.js:284:7
    at Function.process_params (D:\gitHub\basicNodeApp\node_modules\express\lib\router\index.js:335:12)
    at next (D:\gitHub\basicNodeApp\node_modules\express\lib\router\index.js:275:10)
    at D:\gitHub\basicNodeApp\node_modules\express\lib\router\index.js:635:15
    at next (D:\gitHub\basicNodeApp\node_modules\express\lib\router\index.js:260:14)
    at Function.handle (D:\gitHub\basicNodeApp\node_modules\express\lib\router\index.js:174:3)
    at router (D:\gitHub\basicNodeApp\node_modules\express\lib\router\index.js:47:12)
    at Layer.handle [as handle_request] (D:\gitHub\basicNodeApp\node_modules\express\lib\router\layer.js:95:5)
    at trim_prefix (D:\gitHub\basicNodeApp\node_modules\express\lib\router\index.js:317:13)
    at D:\gitHub\basicNodeApp\node_modules\express\lib\router\index.js:284:7
    at Function.process_params (D:\gitHub\basicNodeApp\node_modules\express\lib\router\index.js:335:12)
    at next (D:\gitHub\basicNodeApp\node_modules\express\lib\router\index.js:275:10)
    at app.use (D:\gitHub\basicNodeApp\app.js:55:5)Error msg:  Not Found 
 data: Sun Jan 07 2018 08:31:32 GMT-0200 (Horário brasileiro de verão) stack: Error: Not Found
    at app.use (D:\gitHub\basicNodeApp\app.js:71:16)
    at Layer.handle [as handle_request] (D:\gitHub\basicNodeApp\node_modules\express\lib\router\layer.js:95:5)
    at trim_prefix (D:\gitHub\basicNodeApp\node_modules\express\lib\router\index.js:317:13)
    at D:\gitHub\basicNodeApp\node_modules\express\lib\router\index.js:284:7
    at Function.process_params (D:\gitHub\basicNodeApp\node_modules\express\lib\router\index.js:335:12)
    at next (D:\gitHub\basicNodeApp\node_modules\express\lib\router\index.js:275:10)
    at D:\gitHub\basicNodeApp\node_modules\express\lib\router\index.js:635:15
    at next (D:\gitHub\basicNodeApp\node_modules\express\lib\router\index.js:260:14)
    at Function.handle (D:\gitHub\basicNodeApp\node_modules\express\lib\router\index.js:174:3)
    at router (D:\gitHub\basicNodeApp\node_modules\express\lib\router\index.js:47:12)
    at Layer.handle [as handle_request] (D:\gitHub\basicNodeApp\node_modules\express\lib\router\layer.js:95:5)
    at trim_prefix (D:\gitHub\basicNodeApp\node_modules\express\lib\router\index.js:317:13)
    at D:\gitHub\basicNodeApp\node_modules\express\lib\router\index.js:284:7
    at Function.process_params (D:\gitHub\basicNodeApp\node_modules\express\lib\router\index.js:335:12)
    at next (D:\gitHub\basicNodeApp\node_modules\express\lib\router\index.js:275:10)
    at app.use (D:\gitHub\basicNodeApp\app.js:55:5)Error msg:  Not Found 
 data: Sun Jan 07 2018 08:31:33 GMT-0200 (Horário brasileiro de verão) stack: Error: Not Found
    at app.use (D:\gitHub\basicNodeApp\app.js:71:16)
    at Layer.handle [as handle_request] (D:\gitHub\basicNodeApp\node_modules\express\lib\router\layer.js:95:5)
    at trim_prefix (D:\gitHub\basicNodeApp\node_modules\express\lib\router\index.js:317:13)
    at D:\gitHub\basicNodeApp\node_modules\express\lib\router\index.js:284:7
    at Function.process_params (D:\gitHub\basicNodeApp\node_modules\express\lib\router\index.js:335:12)
    at next (D:\gitHub\basicNodeApp\node_modules\express\lib\router\index.js:275:10)
    at D:\gitHub\basicNodeApp\node_modules\express\lib\router\index.js:635:15
    at next (D:\gitHub\basicNodeApp\node_modules\express\lib\router\index.js:260:14)
    at Function.handle (D:\gitHub\basicNodeApp\node_modules\express\lib\router\index.js:174:3)
    at router (D:\gitHub\basicNodeApp\node_modules\express\lib\router\index.js:47:12)
    at Layer.handle [as handle_request] (D:\gitHub\basicNodeApp\node_modules\express\lib\router\layer.js:95:5)
    at trim_prefix (D:\gitHub\basicNodeApp\node_modules\express\lib\router\index.js:317:13)
    at D:\gitHub\basicNodeApp\node_modules\express\lib\router\index.js:284:7
    at Function.process_params (D:\gitHub\basicNodeApp\node_modules\express\lib\router\index.js:335:12)
    at next (D:\gitHub\basicNodeApp\node_modules\express\lib\router\index.js:275:10)
    at app.use (D:\gitHub\basicNodeApp\app.js:55:5)Error msg:  Not Found 
 data: Sun Jan 07 2018 08:31:33 GMT-0200 (Horário brasileiro de verão) stack: Error: Not Found
    at app.use (D:\gitHub\basicNodeApp\app.js:71:16)
    at Layer.handle [as handle_request] (D:\gitHub\basicNodeApp\node_modules\express\lib\router\layer.js:95:5)
    at trim_prefix (D:\gitHub\basicNodeApp\node_modules\express\lib\router\index.js:317:13)
    at D:\gitHub\basicNodeApp\node_modules\express\lib\router\index.js:284:7
    at Function.process_params (D:\gitHub\basicNodeApp\node_modules\express\lib\router\index.js:335:12)
    at next (D:\gitHub\basicNodeApp\node_modules\express\lib\router\index.js:275:10)
    at D:\gitHub\basicNodeApp\node_modules\express\lib\router\index.js:635:15
    at next (D:\gitHub\basicNodeApp\node_modules\express\lib\router\index.js:260:14)
    at Function.handle (D:\gitHub\basicNodeApp\node_modules\express\lib\router\index.js:174:3)
    at router (D:\gitHub\basicNodeApp\node_modules\express\lib\router\index.js:47:12)
    at Layer.handle [as handle_request] (D:\gitHub\basicNodeApp\node_modules\express\lib\router\layer.js:95:5)
    at trim_prefix (D:\gitHub\basicNodeApp\node_modules\express\lib\router\index.js:317:13)
    at D:\gitHub\basicNodeApp\node_modules\express\lib\router\index.js:284:7
    at Function.process_params (D:\gitHub\basicNodeApp\node_modules\express\lib\router\index.js:335:12)
    at next (D:\gitHub\basicNodeApp\node_modules\express\lib\router\index.js:275:10)
    at app.use (D:\gitHub\basicNodeApp\app.js:55:5)Error msg:  Not Found 
 data: Sun Jan 07 2018 08:31:34 GMT-0200 (Horário brasileiro de verão) stack: Error: Not Found
    at app.use (D:\gitHub\basicNodeApp\app.js:71:16)
    at Layer.handle [as handle_request] (D:\gitHub\basicNodeApp\node_modules\express\lib\router\layer.js:95:5)
    at trim_prefix (D:\gitHub\basicNodeApp\node_modules\express\lib\router\index.js:317:13)
    at D:\gitHub\basicNodeApp\node_modules\express\lib\router\index.js:284:7
    at Function.process_params (D:\gitHub\basicNodeApp\node_modules\express\lib\router\index.js:335:12)
    at next (D:\gitHub\basicNodeApp\node_modules\express\lib\router\index.js:275:10)
    at D:\gitHub\basicNodeApp\node_modules\express\lib\router\index.js:635:15
    at next (D:\gitHub\basicNodeApp\node_modules\express\lib\router\index.js:260:14)
    at Function.handle (D:\gitHub\basicNodeApp\node_modules\express\lib\router\index.js:174:3)
    at router (D:\gitHub\basicNodeApp\node_modules\express\lib\router\index.js:47:12)
    at Layer.handle [as handle_request] (D:\gitHub\basicNodeApp\node_modules\express\lib\router\layer.js:95:5)
    at trim_prefix (D:\gitHub\basicNodeApp\node_modules\express\lib\router\index.js:317:13)
    at D:\gitHub\basicNodeApp\node_modules\express\lib\router\index.js:284:7
    at Function.process_params (D:\gitHub\basicNodeApp\node_modules\express\lib\router\index.js:335:12)
    at next (D:\gitHub\basicNodeApp\node_modules\express\lib\router\index.js:275:10)
    at app.use (D:\gitHub\basicNodeApp\app.js:55:5)Error msg:  Not Found 
 data: Sun Jan 07 2018 08:31:34 GMT-0200 (Horário brasileiro de verão) stack: Error: Not Found
    at app.use (D:\gitHub\basicNodeApp\app.js:71:16)
    at Layer.handle [as handle_request] (D:\gitHub\basicNodeApp\node_modules\express\lib\router\layer.js:95:5)
    at trim_prefix (D:\gitHub\basicNodeApp\node_modules\express\lib\router\index.js:317:13)
    at D:\gitHub\basicNodeApp\node_modules\express\lib\router\index.js:284:7
    at Function.process_params (D:\gitHub\basicNodeApp\node_modules\express\lib\router\index.js:335:12)
    at next (D:\gitHub\basicNodeApp\node_modules\express\lib\router\index.js:275:10)
    at D:\gitHub\basicNodeApp\node_modules\express\lib\router\index.js:635:15
    at next (D:\gitHub\basicNodeApp\node_modules\express\lib\router\index.js:260:14)
    at Function.handle (D:\gitHub\basicNodeApp\node_modules\express\lib\router\index.js:174:3)
    at router (D:\gitHub\basicNodeApp\node_modules\express\lib\router\index.js:47:12)
    at Layer.handle [as handle_request] (D:\gitHub\basicNodeApp\node_modules\express\lib\router\layer.js:95:5)
    at trim_prefix (D:\gitHub\basicNodeApp\node_modules\express\lib\router\index.js:317:13)
    at D:\gitHub\basicNodeApp\node_modules\express\lib\router\index.js:284:7
    at Function.process_params (D:\gitHub\basicNodeApp\node_modules\express\lib\router\index.js:335:12)
    at next (D:\gitHub\basicNodeApp\node_modules\express\lib\router\index.js:275:10)
    at app.use (D:\gitHub\basicNodeApp\app.js:55:5)Error msg:  Not Found 
 data: Sun Jan 07 2018 08:31:34 GMT-0200 (Horário brasileiro de verão) stack: Error: Not Found
    at app.use (D:\gitHub\basicNodeApp\app.js:71:16)
    at Layer.handle [as handle_request] (D:\gitHub\basicNodeApp\node_modules\express\lib\router\layer.js:95:5)
    at trim_prefix (D:\gitHub\basicNodeApp\node_modules\express\lib\router\index.js:317:13)
    at D:\gitHub\basicNodeApp\node_modules\express\lib\router\index.js:284:7
    at Function.process_params (D:\gitHub\basicNodeApp\node_modules\express\lib\router\index.js:335:12)
    at next (D:\gitHub\basicNodeApp\node_modules\express\lib\router\index.js:275:10)
    at D:\gitHub\basicNodeApp\node_modules\express\lib\router\index.js:635:15
    at next (D:\gitHub\basicNodeApp\node_modules\express\lib\router\index.js:260:14)
    at Function.handle (D:\gitHub\basicNodeApp\node_modules\express\lib\router\index.js:174:3)
    at router (D:\gitHub\basicNodeApp\node_modules\express\lib\router\index.js:47:12)
    at Layer.handle [as handle_request] (D:\gitHub\basicNodeApp\node_modules\express\lib\router\layer.js:95:5)
    at trim_prefix (D:\gitHub\basicNodeApp\node_modules\express\lib\router\index.js:317:13)
    at D:\gitHub\basicNodeApp\node_modules\express\lib\router\index.js:284:7
    at Function.process_params (D:\gitHub\basicNodeApp\node_modules\express\lib\router\index.js:335:12)
    at next (D:\gitHub\basicNodeApp\node_modules\express\lib\router\index.js:275:10)
    at app.use (D:\gitHub\basicNodeApp\app.js:55:5)Error msg:  Not Found 
 data: Sun Jan 07 2018 08:31:35 GMT-0200 (Horário brasileiro de verão) stack: Error: Not Found
    at app.use (D:\gitHub\basicNodeApp\app.js:71:16)
    at Layer.handle [as handle_request] (D:\gitHub\basicNodeApp\node_modules\express\lib\router\layer.js:95:5)
    at trim_prefix (D:\gitHub\basicNodeApp\node_modules\express\lib\router\index.js:317:13)
    at D:\gitHub\basicNodeApp\node_modules\express\lib\router\index.js:284:7
    at Function.process_params (D:\gitHub\basicNodeApp\node_modules\express\lib\router\index.js:335:12)
    at next (D:\gitHub\basicNodeApp\node_modules\express\lib\router\index.js:275:10)
    at D:\gitHub\basicNodeApp\node_modules\express\lib\router\index.js:635:15
    at next (D:\gitHub\basicNodeApp\node_modules\express\lib\router\index.js:260:14)
    at Function.handle (D:\gitHub\basicNodeApp\node_modules\express\lib\router\index.js:174:3)
    at router (D:\gitHub\basicNodeApp\node_modules\express\lib\router\index.js:47:12)
    at Layer.handle [as handle_request] (D:\gitHub\basicNodeApp\node_modules\express\lib\router\layer.js:95:5)
    at trim_prefix (D:\gitHub\basicNodeApp\node_modules\express\lib\router\index.js:317:13)
    at D:\gitHub\basicNodeApp\node_modules\express\lib\router\index.js:284:7
    at Function.process_params (D:\gitHub\basicNodeApp\node_modules\express\lib\router\index.js:335:12)
    at next (D:\gitHub\basicNodeApp\node_modules\express\lib\router\index.js:275:10)
    at app.use (D:\gitHub\basicNodeApp\app.js:55:5)Error msg:  Not Found 
 data: Sun Jan 07 2018 08:31:36 GMT-0200 (Horário brasileiro de verão) stack: Error: Not Found
    at app.use (D:\gitHub\basicNodeApp\app.js:71:16)
    at Layer.handle [as handle_request] (D:\gitHub\basicNodeApp\node_modules\express\lib\router\layer.js:95:5)
    at trim_prefix (D:\gitHub\basicNodeApp\node_modules\express\lib\router\index.js:317:13)
    at D:\gitHub\basicNodeApp\node_modules\express\lib\router\index.js:284:7
    at Function.process_params (D:\gitHub\basicNodeApp\node_modules\express\lib\router\index.js:335:12)
    at next (D:\gitHub\basicNodeApp\node_modules\express\lib\router\index.js:275:10)
    at D:\gitHub\basicNodeApp\node_modules\express\lib\router\index.js:635:15
    at next (D:\gitHub\basicNodeApp\node_modules\express\lib\router\index.js:260:14)
    at Function.handle (D:\gitHub\basicNodeApp\node_modules\express\lib\router\index.js:174:3)
    at router (D:\gitHub\basicNodeApp\node_modules\express\lib\router\index.js:47:12)
    at Layer.handle [as handle_request] (D:\gitHub\basicNodeApp\node_modules\express\lib\router\layer.js:95:5)
    at trim_prefix (D:\gitHub\basicNodeApp\node_modules\express\lib\router\index.js:317:13)
    at D:\gitHub\basicNodeApp\node_modules\express\lib\router\index.js:284:7
    at Function.process_params (D:\gitHub\basicNodeApp\node_modules\express\lib\router\index.js:335:12)
    at next (D:\gitHub\basicNodeApp\node_modules\express\lib\router\index.js:275:10)
    at app.use (D:\gitHub\basicNodeApp\app.js:55:5)Error msg:  Not Found 
 data: Sun Jan 07 2018 08:31:36 GMT-0200 (Horário brasileiro de verão) stack: Error: Not Found
    at app.use (D:\gitHub\basicNodeApp\app.js:71:16)
    at Layer.handle [as handle_request] (D:\gitHub\basicNodeApp\node_modules\express\lib\router\layer.js:95:5)
    at trim_prefix (D:\gitHub\basicNodeApp\node_modules\express\lib\router\index.js:317:13)
    at D:\gitHub\basicNodeApp\node_modules\express\lib\router\index.js:284:7
    at Function.process_params (D:\gitHub\basicNodeApp\node_modules\express\lib\router\index.js:335:12)
    at next (D:\gitHub\basicNodeApp\node_modules\express\lib\router\index.js:275:10)
    at D:\gitHub\basicNodeApp\node_modules\express\lib\router\index.js:635:15
    at next (D:\gitHub\basicNodeApp\node_modules\express\lib\router\index.js:260:14)
    at Function.handle (D:\gitHub\basicNodeApp\node_modules\express\lib\router\index.js:174:3)
    at router (D:\gitHub\basicNodeApp\node_modules\express\lib\router\index.js:47:12)
    at Layer.handle [as handle_request] (D:\gitHub\basicNodeApp\node_modules\express\lib\router\layer.js:95:5)
    at trim_prefix (D:\gitHub\basicNodeApp\node_modules\express\lib\router\index.js:317:13)
    at D:\gitHub\basicNodeApp\node_modules\express\lib\router\index.js:284:7
    at Function.process_params (D:\gitHub\basicNodeApp\node_modules\express\lib\router\index.js:335:12)
    at next (D:\gitHub\basicNodeApp\node_modules\express\lib\router\index.js:275:10)
    at app.use (D:\gitHub\basicNodeApp\app.js:55:5)Error msg:  Not Found 
 data: Sun Jan 07 2018 08:31:37 GMT-0200 (Horário brasileiro de verão) stack: Error: Not Found
    at app.use (D:\gitHub\basicNodeApp\app.js:71:16)
    at Layer.handle [as handle_request] (D:\gitHub\basicNodeApp\node_modules\express\lib\router\layer.js:95:5)
    at trim_prefix (D:\gitHub\basicNodeApp\node_modules\express\lib\router\index.js:317:13)
    at D:\gitHub\basicNodeApp\node_modules\express\lib\router\index.js:284:7
    at Function.process_params (D:\gitHub\basicNodeApp\node_modules\express\lib\router\index.js:335:12)
    at next (D:\gitHub\basicNodeApp\node_modules\express\lib\router\index.js:275:10)
    at D:\gitHub\basicNodeApp\node_modules\express\lib\router\index.js:635:15
    at next (D:\gitHub\basicNodeApp\node_modules\express\lib\router\index.js:260:14)
    at Function.handle (D:\gitHub\basicNodeApp\node_modules\express\lib\router\index.js:174:3)
    at router (D:\gitHub\basicNodeApp\node_modules\express\lib\router\index.js:47:12)
    at Layer.handle [as handle_request] (D:\gitHub\basicNodeApp\node_modules\express\lib\router\layer.js:95:5)
    at trim_prefix (D:\gitHub\basicNodeApp\node_modules\express\lib\router\index.js:317:13)
    at D:\gitHub\basicNodeApp\node_modules\express\lib\router\index.js:284:7
    at Function.process_params (D:\gitHub\basicNodeApp\node_modules\express\lib\router\index.js:335:12)
    at next (D:\gitHub\basicNodeApp\node_modules\express\lib\router\index.js:275:10)
    at app.use (D:\gitHub\basicNodeApp\app.js:55:5)Error msg:  Not Found 
 data: Sun Jan 07 2018 08:31:37 GMT-0200 (Horário brasileiro de verão) stack: Error: Not Found
    at app.use (D:\gitHub\basicNodeApp\app.js:71:16)
    at Layer.handle [as handle_request] (D:\gitHub\basicNodeApp\node_modules\express\lib\router\layer.js:95:5)
    at trim_prefix (D:\gitHub\basicNodeApp\node_modules\express\lib\router\index.js:317:13)
    at D:\gitHub\basicNodeApp\node_modules\express\lib\router\index.js:284:7
    at Function.process_params (D:\gitHub\basicNodeApp\node_modules\express\lib\router\index.js:335:12)
    at next (D:\gitHub\basicNodeApp\node_modules\express\lib\router\index.js:275:10)
    at D:\gitHub\basicNodeApp\node_modules\express\lib\router\index.js:635:15
    at next (D:\gitHub\basicNodeApp\node_modules\express\lib\router\index.js:260:14)
    at Function.handle (D:\gitHub\basicNodeApp\node_modules\express\lib\router\index.js:174:3)
    at router (D:\gitHub\basicNodeApp\node_modules\express\lib\router\index.js:47:12)
    at Layer.handle [as handle_request] (D:\gitHub\basicNodeApp\node_modules\express\lib\router\layer.js:95:5)
    at trim_prefix (D:\gitHub\basicNodeApp\node_modules\express\lib\router\index.js:317:13)
    at D:\gitHub\basicNodeApp\node_modules\express\lib\router\index.js:284:7
    at Function.process_params (D:\gitHub\basicNodeApp\node_modules\express\lib\router\index.js:335:12)
    at next (D:\gitHub\basicNodeApp\node_modules\express\lib\router\index.js:275:10)
    at app.use (D:\gitHub\basicNodeApp\app.js:55:5)Error msg:  Not Found 
 data: Sun Jan 07 2018 08:31:37 GMT-0200 (Horário brasileiro de verão) stack: Error: Not Found
    at app.use (D:\gitHub\basicNodeApp\app.js:71:16)
    at Layer.handle [as handle_request] (D:\gitHub\basicNodeApp\node_modules\express\lib\router\layer.js:95:5)
    at trim_prefix (D:\gitHub\basicNodeApp\node_modules\express\lib\router\index.js:317:13)
    at D:\gitHub\basicNodeApp\node_modules\express\lib\router\index.js:284:7
    at Function.process_params (D:\gitHub\basicNodeApp\node_modules\express\lib\router\index.js:335:12)
    at next (D:\gitHub\basicNodeApp\node_modules\express\lib\router\index.js:275:10)
    at D:\gitHub\basicNodeApp\node_modules\express\lib\router\index.js:635:15
    at next (D:\gitHub\basicNodeApp\node_modules\express\lib\router\index.js:260:14)
    at Function.handle (D:\gitHub\basicNodeApp\node_modules\express\lib\router\index.js:174:3)
    at router (D:\gitHub\basicNodeApp\node_modules\express\lib\router\index.js:47:12)
    at Layer.handle [as handle_request] (D:\gitHub\basicNodeApp\node_modules\express\lib\router\layer.js:95:5)
    at trim_prefix (D:\gitHub\basicNodeApp\node_modules\express\lib\router\index.js:317:13)
    at D:\gitHub\basicNodeApp\node_modules\express\lib\router\index.js:284:7
    at Function.process_params (D:\gitHub\basicNodeApp\node_modules\express\lib\router\index.js:335:12)
    at next (D:\gitHub\basicNodeApp\node_modules\express\lib\router\index.js:275:10)
    at app.use (D:\gitHub\basicNodeApp\app.js:55:5)Error msg:  Not Found 
 data: Sun Jan 07 2018 08:31:37 GMT-0200 (Horário brasileiro de verão) stack: Error: Not Found
    at app.use (D:\gitHub\basicNodeApp\app.js:71:16)
    at Layer.handle [as handle_request] (D:\gitHub\basicNodeApp\node_modules\express\lib\router\layer.js:95:5)
    at trim_prefix (D:\gitHub\basicNodeApp\node_modules\express\lib\router\index.js:317:13)
    at D:\gitHub\basicNodeApp\node_modules\express\lib\router\index.js:284:7
    at Function.process_params (D:\gitHub\basicNodeApp\node_modules\express\lib\router\index.js:335:12)
    at next (D:\gitHub\basicNodeApp\node_modules\express\lib\router\index.js:275:10)
    at D:\gitHub\basicNodeApp\node_modules\express\lib\router\index.js:635:15
    at next (D:\gitHub\basicNodeApp\node_modules\express\lib\router\index.js:260:14)
    at Function.handle (D:\gitHub\basicNodeApp\node_modules\express\lib\router\index.js:174:3)
    at router (D:\gitHub\basicNodeApp\node_modules\express\lib\router\index.js:47:12)
    at Layer.handle [as handle_request] (D:\gitHub\basicNodeApp\node_modules\express\lib\router\layer.js:95:5)
    at trim_prefix (D:\gitHub\basicNodeApp\node_modules\express\lib\router\index.js:317:13)
    at D:\gitHub\basicNodeApp\node_modules\express\lib\router\index.js:284:7
    at Function.process_params (D:\gitHub\basicNodeApp\node_modules\express\lib\router\index.js:335:12)
    at next (D:\gitHub\basicNodeApp\node_modules\express\lib\router\index.js:275:10)
    at app.use (D:\gitHub\basicNodeApp\app.js:55:5)Error msg:  Not Found 
 data: Sun Jan 07 2018 08:31:40 GMT-0200 (Horário brasileiro de verão) stack: Error: Not Found
    at app.use (D:\gitHub\basicNodeApp\app.js:71:16)
    at Layer.handle [as handle_request] (D:\gitHub\basicNodeApp\node_modules\express\lib\router\layer.js:95:5)
    at trim_prefix (D:\gitHub\basicNodeApp\node_modules\express\lib\router\index.js:317:13)
    at D:\gitHub\basicNodeApp\node_modules\express\lib\router\index.js:284:7
    at Function.process_params (D:\gitHub\basicNodeApp\node_modules\express\lib\router\index.js:335:12)
    at next (D:\gitHub\basicNodeApp\node_modules\express\lib\router\index.js:275:10)
    at D:\gitHub\basicNodeApp\node_modules\express\lib\router\index.js:635:15
    at next (D:\gitHub\basicNodeApp\node_modules\express\lib\router\index.js:260:14)
    at Function.handle (D:\gitHub\basicNodeApp\node_modules\express\lib\router\index.js:174:3)
    at router (D:\gitHub\basicNodeApp\node_modules\express\lib\router\index.js:47:12)
    at Layer.handle [as handle_request] (D:\gitHub\basicNodeApp\node_modules\express\lib\router\layer.js:95:5)
    at trim_prefix (D:\gitHub\basicNodeApp\node_modules\express\lib\router\index.js:317:13)
    at D:\gitHub\basicNodeApp\node_modules\express\lib\router\index.js:284:7
    at Function.process_params (D:\gitHub\basicNodeApp\node_modules\express\lib\router\index.js:335:12)
    at next (D:\gitHub\basicNodeApp\node_modules\express\lib\router\index.js:275:10)
    at app.use (D:\gitHub\basicNodeApp\app.js:55:5)Error msg:  Not Found 
 data: Sun Jan 07 2018 08:31:40 GMT-0200 (Horário brasileiro de verão) stack: Error: Not Found
    at app.use (D:\gitHub\basicNodeApp\app.js:71:16)
    at Layer.handle [as handle_request] (D:\gitHub\basicNodeApp\node_modules\express\lib\router\layer.js:95:5)
    at trim_prefix (D:\gitHub\basicNodeApp\node_modules\express\lib\router\index.js:317:13)
    at D:\gitHub\basicNodeApp\node_modules\express\lib\router\index.js:284:7
    at Function.process_params (D:\gitHub\basicNodeApp\node_modules\express\lib\router\index.js:335:12)
    at next (D:\gitHub\basicNodeApp\node_modules\express\lib\router\index.js:275:10)
    at D:\gitHub\basicNodeApp\node_modules\express\lib\router\index.js:635:15
    at next (D:\gitHub\basicNodeApp\node_modules\express\lib\router\index.js:260:14)
    at Function.handle (D:\gitHub\basicNodeApp\node_modules\express\lib\router\index.js:174:3)
    at router (D:\gitHub\basicNodeApp\node_modules\express\lib\router\index.js:47:12)
    at Layer.handle [as handle_request] (D:\gitHub\basicNodeApp\node_modules\express\lib\router\layer.js:95:5)
    at trim_prefix (D:\gitHub\basicNodeApp\node_modules\express\lib\router\index.js:317:13)
    at D:\gitHub\basicNodeApp\node_modules\express\lib\router\index.js:284:7
    at Function.process_params (D:\gitHub\basicNodeApp\node_modules\express\lib\router\index.js:335:12)
    at next (D:\gitHub\basicNodeApp\node_modules\express\lib\router\index.js:275:10)
    at app.use (D:\gitHub\basicNodeApp\app.js:55:5)Error msg:  Not Found 
 data: Sun Jan 07 2018 08:31:42 GMT-0200 (Horário brasileiro de verão) stack: Error: Not Found
    at app.use (D:\gitHub\basicNodeApp\app.js:71:16)
    at Layer.handle [as handle_request] (D:\gitHub\basicNodeApp\node_modules\express\lib\router\layer.js:95:5)
    at trim_prefix (D:\gitHub\basicNodeApp\node_modules\express\lib\router\index.js:317:13)
    at D:\gitHub\basicNodeApp\node_modules\express\lib\router\index.js:284:7
    at Function.process_params (D:\gitHub\basicNodeApp\node_modules\express\lib\router\index.js:335:12)
    at next (D:\gitHub\basicNodeApp\node_modules\express\lib\router\index.js:275:10)
    at D:\gitHub\basicNodeApp\node_modules\express\lib\router\index.js:635:15
    at next (D:\gitHub\basicNodeApp\node_modules\express\lib\router\index.js:260:14)
    at Function.handle (D:\gitHub\basicNodeApp\node_modules\express\lib\router\index.js:174:3)
    at router (D:\gitHub\basicNodeApp\node_modules\express\lib\router\index.js:47:12)
    at Layer.handle [as handle_request] (D:\gitHub\basicNodeApp\node_modules\express\lib\router\layer.js:95:5)
    at trim_prefix (D:\gitHub\basicNodeApp\node_modules\express\lib\router\index.js:317:13)
    at D:\gitHub\basicNodeApp\node_modules\express\lib\router\index.js:284:7
    at Function.process_params (D:\gitHub\basicNodeApp\node_modules\express\lib\router\index.js:335:12)
    at next (D:\gitHub\basicNodeApp\node_modules\express\lib\router\index.js:275:10)
    at app.use (D:\gitHub\basicNodeApp\app.js:55:5)Error msg:  Not Found 
 data: Sun Jan 07 2018 08:31:42 GMT-0200 (Horário brasileiro de verão) stack: Error: Not Found
    at app.use (D:\gitHub\basicNodeApp\app.js:71:16)
    at Layer.handle [as handle_request] (D:\gitHub\basicNodeApp\node_modules\express\lib\router\layer.js:95:5)
    at trim_prefix (D:\gitHub\basicNodeApp\node_modules\express\lib\router\index.js:317:13)
    at D:\gitHub\basicNodeApp\node_modules\express\lib\router\index.js:284:7
    at Function.process_params (D:\gitHub\basicNodeApp\node_modules\express\lib\router\index.js:335:12)
    at next (D:\gitHub\basicNodeApp\node_modules\express\lib\router\index.js:275:10)
    at D:\gitHub\basicNodeApp\node_modules\express\lib\router\index.js:635:15
    at next (D:\gitHub\basicNodeApp\node_modules\express\lib\router\index.js:260:14)
    at Function.handle (D:\gitHub\basicNodeApp\node_modules\express\lib\router\index.js:174:3)
    at router (D:\gitHub\basicNodeApp\node_modules\express\lib\router\index.js:47:12)
    at Layer.handle [as handle_request] (D:\gitHub\basicNodeApp\node_modules\express\lib\router\layer.js:95:5)
    at trim_prefix (D:\gitHub\basicNodeApp\node_modules\express\lib\router\index.js:317:13)
    at D:\gitHub\basicNodeApp\node_modules\express\lib\router\index.js:284:7
    at Function.process_params (D:\gitHub\basicNodeApp\node_modules\express\lib\router\index.js:335:12)
    at next (D:\gitHub\basicNodeApp\node_modules\express\lib\router\index.js:275:10)
    at app.use (D:\gitHub\basicNodeApp\app.js:55:5)Error msg:  Not Found 
 data: Sun Jan 07 2018 08:31:45 GMT-0200 (Horário brasileiro de verão) stack: Error: Not Found
    at app.use (D:\gitHub\basicNodeApp\app.js:71:16)
    at Layer.handle [as handle_request] (D:\gitHub\basicNodeApp\node_modules\express\lib\router\layer.js:95:5)
    at trim_prefix (D:\gitHub\basicNodeApp\node_modules\express\lib\router\index.js:317:13)
    at D:\gitHub\basicNodeApp\node_modules\express\lib\router\index.js:284:7
    at Function.process_params (D:\gitHub\basicNodeApp\node_modules\express\lib\router\index.js:335:12)
    at next (D:\gitHub\basicNodeApp\node_modules\express\lib\router\index.js:275:10)
    at D:\gitHub\basicNodeApp\node_modules\express\lib\router\index.js:635:15
    at next (D:\gitHub\basicNodeApp\node_modules\express\lib\router\index.js:260:14)
    at Function.handle (D:\gitHub\basicNodeApp\node_modules\express\lib\router\index.js:174:3)
    at router (D:\gitHub\basicNodeApp\node_modules\express\lib\router\index.js:47:12)
    at Layer.handle [as handle_request] (D:\gitHub\basicNodeApp\node_modules\express\lib\router\layer.js:95:5)
    at trim_prefix (D:\gitHub\basicNodeApp\node_modules\express\lib\router\index.js:317:13)
    at D:\gitHub\basicNodeApp\node_modules\express\lib\router\index.js:284:7
    at Function.process_params (D:\gitHub\basicNodeApp\node_modules\express\lib\router\index.js:335:12)
    at next (D:\gitHub\basicNodeApp\node_modules\express\lib\router\index.js:275:10)
    at app.use (D:\gitHub\basicNodeApp\app.js:55:5)Error msg:  Not Found 
 data: Sun Jan 07 2018 08:31:45 GMT-0200 (Horário brasileiro de verão) stack: Error: Not Found
    at app.use (D:\gitHub\basicNodeApp\app.js:71:16)
    at Layer.handle [as handle_request] (D:\gitHub\basicNodeApp\node_modules\express\lib\router\layer.js:95:5)
    at trim_prefix (D:\gitHub\basicNodeApp\node_modules\express\lib\router\index.js:317:13)
    at D:\gitHub\basicNodeApp\node_modules\express\lib\router\index.js:284:7
    at Function.process_params (D:\gitHub\basicNodeApp\node_modules\express\lib\router\index.js:335:12)
    at next (D:\gitHub\basicNodeApp\node_modules\express\lib\router\index.js:275:10)
    at D:\gitHub\basicNodeApp\node_modules\express\lib\router\index.js:635:15
    at next (D:\gitHub\basicNodeApp\node_modules\express\lib\router\index.js:260:14)
    at Function.handle (D:\gitHub\basicNodeApp\node_modules\express\lib\router\index.js:174:3)
    at router (D:\gitHub\basicNodeApp\node_modules\express\lib\router\index.js:47:12)
    at Layer.handle [as handle_request] (D:\gitHub\basicNodeApp\node_modules\express\lib\router\layer.js:95:5)
    at trim_prefix (D:\gitHub\basicNodeApp\node_modules\express\lib\router\index.js:317:13)
    at D:\gitHub\basicNodeApp\node_modules\express\lib\router\index.js:284:7
    at Function.process_params (D:\gitHub\basicNodeApp\node_modules\express\lib\router\index.js:335:12)
    at next (D:\gitHub\basicNodeApp\node_modules\express\lib\router\index.js:275:10)
    at app.use (D:\gitHub\basicNodeApp\app.js:55:5)Error msg:  Not Found 
 data: Sun Jan 07 2018 08:31:48 GMT-0200 (Horário brasileiro de verão) stack: Error: Not Found
    at app.use (D:\gitHub\basicNodeApp\app.js:71:16)
    at Layer.handle [as handle_request] (D:\gitHub\basicNodeApp\node_modules\express\lib\router\layer.js:95:5)
    at trim_prefix (D:\gitHub\basicNodeApp\node_modules\express\lib\router\index.js:317:13)
    at D:\gitHub\basicNodeApp\node_modules\express\lib\router\index.js:284:7
    at Function.process_params (D:\gitHub\basicNodeApp\node_modules\express\lib\router\index.js:335:12)
    at next (D:\gitHub\basicNodeApp\node_modules\express\lib\router\index.js:275:10)
    at D:\gitHub\basicNodeApp\node_modules\express\lib\router\index.js:635:15
    at next (D:\gitHub\basicNodeApp\node_modules\express\lib\router\index.js:260:14)
    at Function.handle (D:\gitHub\basicNodeApp\node_modules\express\lib\router\index.js:174:3)
    at router (D:\gitHub\basicNodeApp\node_modules\express\lib\router\index.js:47:12)
    at Layer.handle [as handle_request] (D:\gitHub\basicNodeApp\node_modules\express\lib\router\layer.js:95:5)
    at trim_prefix (D:\gitHub\basicNodeApp\node_modules\express\lib\router\index.js:317:13)
    at D:\gitHub\basicNodeApp\node_modules\express\lib\router\index.js:284:7
    at Function.process_params (D:\gitHub\basicNodeApp\node_modules\express\lib\router\index.js:335:12)
    at next (D:\gitHub\basicNodeApp\node_modules\express\lib\router\index.js:275:10)
    at app.use (D:\gitHub\basicNodeApp\app.js:55:5)Error msg:  Not Found 
 data: Sun Jan 07 2018 08:31:48 GMT-0200 (Horário brasileiro de verão) stack: Error: Not Found
    at app.use (D:\gitHub\basicNodeApp\app.js:71:16)
    at Layer.handle [as handle_request] (D:\gitHub\basicNodeApp\node_modules\express\lib\router\layer.js:95:5)
    at trim_prefix (D:\gitHub\basicNodeApp\node_modules\express\lib\router\index.js:317:13)
    at D:\gitHub\basicNodeApp\node_modules\express\lib\router\index.js:284:7
    at Function.process_params (D:\gitHub\basicNodeApp\node_modules\express\lib\router\index.js:335:12)
    at next (D:\gitHub\basicNodeApp\node_modules\express\lib\router\index.js:275:10)
    at D:\gitHub\basicNodeApp\node_modules\express\lib\router\index.js:635:15
    at next (D:\gitHub\basicNodeApp\node_modules\express\lib\router\index.js:260:14)
    at Function.handle (D:\gitHub\basicNodeApp\node_modules\express\lib\router\index.js:174:3)
    at router (D:\gitHub\basicNodeApp\node_modules\express\lib\router\index.js:47:12)
    at Layer.handle [as handle_request] (D:\gitHub\basicNodeApp\node_modules\express\lib\router\layer.js:95:5)
    at trim_prefix (D:\gitHub\basicNodeApp\node_modules\express\lib\router\index.js:317:13)
    at D:\gitHub\basicNodeApp\node_modules\express\lib\router\index.js:284:7
    at Function.process_params (D:\gitHub\basicNodeApp\node_modules\express\lib\router\index.js:335:12)
    at next (D:\gitHub\basicNodeApp\node_modules\express\lib\router\index.js:275:10)
    at app.use (D:\gitHub\basicNodeApp\app.js:55:5)Error msg:  Not Found 
 data: Sun Jan 07 2018 08:31:51 GMT-0200 (Horário brasileiro de verão) stack: Error: Not Found
    at app.use (D:\gitHub\basicNodeApp\app.js:71:16)
    at Layer.handle [as handle_request] (D:\gitHub\basicNodeApp\node_modules\express\lib\router\layer.js:95:5)
    at trim_prefix (D:\gitHub\basicNodeApp\node_modules\express\lib\router\index.js:317:13)
    at D:\gitHub\basicNodeApp\node_modules\express\lib\router\index.js:284:7
    at Function.process_params (D:\gitHub\basicNodeApp\node_modules\express\lib\router\index.js:335:12)
    at next (D:\gitHub\basicNodeApp\node_modules\express\lib\router\index.js:275:10)
    at D:\gitHub\basicNodeApp\node_modules\express\lib\router\index.js:635:15
    at next (D:\gitHub\basicNodeApp\node_modules\express\lib\router\index.js:260:14)
    at Function.handle (D:\gitHub\basicNodeApp\node_modules\express\lib\router\index.js:174:3)
    at router (D:\gitHub\basicNodeApp\node_modules\express\lib\router\index.js:47:12)
    at Layer.handle [as handle_request] (D:\gitHub\basicNodeApp\node_modules\express\lib\router\layer.js:95:5)
    at trim_prefix (D:\gitHub\basicNodeApp\node_modules\express\lib\router\index.js:317:13)
    at D:\gitHub\basicNodeApp\node_modules\express\lib\router\index.js:284:7
    at Function.process_params (D:\gitHub\basicNodeApp\node_modules\express\lib\router\index.js:335:12)
    at next (D:\gitHub\basicNodeApp\node_modules\express\lib\router\index.js:275:10)
    at app.use (D:\gitHub\basicNodeApp\app.js:55:5)Error msg:  Not Found 
 data: Sun Jan 07 2018 08:31:51 GMT-0200 (Horário brasileiro de verão) stack: Error: Not Found
    at app.use (D:\gitHub\basicNodeApp\app.js:71:16)
    at Layer.handle [as handle_request] (D:\gitHub\basicNodeApp\node_modules\express\lib\router\layer.js:95:5)
    at trim_prefix (D:\gitHub\basicNodeApp\node_modules\express\lib\router\index.js:317:13)
    at D:\gitHub\basicNodeApp\node_modules\express\lib\router\index.js:284:7
    at Function.process_params (D:\gitHub\basicNodeApp\node_modules\express\lib\router\index.js:335:12)
    at next (D:\gitHub\basicNodeApp\node_modules\express\lib\router\index.js:275:10)
    at D:\gitHub\basicNodeApp\node_modules\express\lib\router\index.js:635:15
    at next (D:\gitHub\basicNodeApp\node_modules\express\lib\router\index.js:260:14)
    at Function.handle (D:\gitHub\basicNodeApp\node_modules\express\lib\router\index.js:174:3)
    at router (D:\gitHub\basicNodeApp\node_modules\express\lib\router\index.js:47:12)
    at Layer.handle [as handle_request] (D:\gitHub\basicNodeApp\node_modules\express\lib\router\layer.js:95:5)
    at trim_prefix (D:\gitHub\basicNodeApp\node_modules\express\lib\router\index.js:317:13)
    at D:\gitHub\basicNodeApp\node_modules\express\lib\router\index.js:284:7
    at Function.process_params (D:\gitHub\basicNodeApp\node_modules\express\lib\router\index.js:335:12)
    at next (D:\gitHub\basicNodeApp\node_modules\express\lib\router\index.js:275:10)
    at app.use (D:\gitHub\basicNodeApp\app.js:55:5)Error msg:  Not Found 
 data: Sun Jan 07 2018 08:31:54 GMT-0200 (Horário brasileiro de verão) stack: Error: Not Found
    at app.use (D:\gitHub\basicNodeApp\app.js:71:16)
    at Layer.handle [as handle_request] (D:\gitHub\basicNodeApp\node_modules\express\lib\router\layer.js:95:5)
    at trim_prefix (D:\gitHub\basicNodeApp\node_modules\express\lib\router\index.js:317:13)
    at D:\gitHub\basicNodeApp\node_modules\express\lib\router\index.js:284:7
    at Function.process_params (D:\gitHub\basicNodeApp\node_modules\express\lib\router\index.js:335:12)
    at next (D:\gitHub\basicNodeApp\node_modules\express\lib\router\index.js:275:10)
    at D:\gitHub\basicNodeApp\node_modules\express\lib\router\index.js:635:15
    at next (D:\gitHub\basicNodeApp\node_modules\express\lib\router\index.js:260:14)
    at Function.handle (D:\gitHub\basicNodeApp\node_modules\express\lib\router\index.js:174:3)
    at router (D:\gitHub\basicNodeApp\node_modules\express\lib\router\index.js:47:12)
    at Layer.handle [as handle_request] (D:\gitHub\basicNodeApp\node_modules\express\lib\router\layer.js:95:5)
    at trim_prefix (D:\gitHub\basicNodeApp\node_modules\express\lib\router\index.js:317:13)
    at D:\gitHub\basicNodeApp\node_modules\express\lib\router\index.js:284:7
    at Function.process_params (D:\gitHub\basicNodeApp\node_modules\express\lib\router\index.js:335:12)
    at next (D:\gitHub\basicNodeApp\node_modules\express\lib\router\index.js:275:10)
    at app.use (D:\gitHub\basicNodeApp\app.js:55:5)Error msg:  Not Found 
 data: Sun Jan 07 2018 08:31:54 GMT-0200 (Horário brasileiro de verão) stack: Error: Not Found
    at app.use (D:\gitHub\basicNodeApp\app.js:71:16)
    at Layer.handle [as handle_request] (D:\gitHub\basicNodeApp\node_modules\express\lib\router\layer.js:95:5)
    at trim_prefix (D:\gitHub\basicNodeApp\node_modules\express\lib\router\index.js:317:13)
    at D:\gitHub\basicNodeApp\node_modules\express\lib\router\index.js:284:7
    at Function.process_params (D:\gitHub\basicNodeApp\node_modules\express\lib\router\index.js:335:12)
    at next (D:\gitHub\basicNodeApp\node_modules\express\lib\router\index.js:275:10)
    at D:\gitHub\basicNodeApp\node_modules\express\lib\router\index.js:635:15
    at next (D:\gitHub\basicNodeApp\node_modules\express\lib\router\index.js:260:14)
    at Function.handle (D:\gitHub\basicNodeApp\node_modules\express\lib\router\index.js:174:3)
    at router (D:\gitHub\basicNodeApp\node_modules\express\lib\router\index.js:47:12)
    at Layer.handle [as handle_request] (D:\gitHub\basicNodeApp\node_modules\express\lib\router\layer.js:95:5)
    at trim_prefix (D:\gitHub\basicNodeApp\node_modules\express\lib\router\index.js:317:13)
    at D:\gitHub\basicNodeApp\node_modules\express\lib\router\index.js:284:7
    at Function.process_params (D:\gitHub\basicNodeApp\node_modules\express\lib\router\index.js:335:12)
    at next (D:\gitHub\basicNodeApp\node_modules\express\lib\router\index.js:275:10)
    at app.use (D:\gitHub\basicNodeApp\app.js:55:5)Error msg:  Not Found 
 data: Sun Jan 07 2018 08:31:57 GMT-0200 (Horário brasileiro de verão) stack: Error: Not Found
    at app.use (D:\gitHub\basicNodeApp\app.js:71:16)
    at Layer.handle [as handle_request] (D:\gitHub\basicNodeApp\node_modules\express\lib\router\layer.js:95:5)
    at trim_prefix (D:\gitHub\basicNodeApp\node_modules\express\lib\router\index.js:317:13)
    at D:\gitHub\basicNodeApp\node_modules\express\lib\router\index.js:284:7
    at Function.process_params (D:\gitHub\basicNodeApp\node_modules\express\lib\router\index.js:335:12)
    at next (D:\gitHub\basicNodeApp\node_modules\express\lib\router\index.js:275:10)
    at D:\gitHub\basicNodeApp\node_modules\express\lib\router\index.js:635:15
    at next (D:\gitHub\basicNodeApp\node_modules\express\lib\router\index.js:260:14)
    at Function.handle (D:\gitHub\basicNodeApp\node_modules\express\lib\router\index.js:174:3)
    at router (D:\gitHub\basicNodeApp\node_modules\express\lib\router\index.js:47:12)
    at Layer.handle [as handle_request] (D:\gitHub\basicNodeApp\node_modules\express\lib\router\layer.js:95:5)
    at trim_prefix (D:\gitHub\basicNodeApp\node_modules\express\lib\router\index.js:317:13)
    at D:\gitHub\basicNodeApp\node_modules\express\lib\router\index.js:284:7
    at Function.process_params (D:\gitHub\basicNodeApp\node_modules\express\lib\router\index.js:335:12)
    at next (D:\gitHub\basicNodeApp\node_modules\express\lib\router\index.js:275:10)
    at app.use (D:\gitHub\basicNodeApp\app.js:55:5)Error msg:  Not Found 
 data: Sun Jan 07 2018 08:31:58 GMT-0200 (Horário brasileiro de verão) stack: Error: Not Found
    at app.use (D:\gitHub\basicNodeApp\app.js:71:16)
    at Layer.handle [as handle_request] (D:\gitHub\basicNodeApp\node_modules\express\lib\router\layer.js:95:5)
    at trim_prefix (D:\gitHub\basicNodeApp\node_modules\express\lib\router\index.js:317:13)
    at D:\gitHub\basicNodeApp\node_modules\express\lib\router\index.js:284:7
    at Function.process_params (D:\gitHub\basicNodeApp\node_modules\express\lib\router\index.js:335:12)
    at next (D:\gitHub\basicNodeApp\node_modules\express\lib\router\index.js:275:10)
    at D:\gitHub\basicNodeApp\node_modules\express\lib\router\index.js:635:15
    at next (D:\gitHub\basicNodeApp\node_modules\express\lib\router\index.js:260:14)
    at Function.handle (D:\gitHub\basicNodeApp\node_modules\express\lib\router\index.js:174:3)
    at router (D:\gitHub\basicNodeApp\node_modules\express\lib\router\index.js:47:12)
    at Layer.handle [as handle_request] (D:\gitHub\basicNodeApp\node_modules\express\lib\router\layer.js:95:5)
    at trim_prefix (D:\gitHub\basicNodeApp\node_modules\express\lib\router\index.js:317:13)
    at D:\gitHub\basicNodeApp\node_modules\express\lib\router\index.js:284:7
    at Function.process_params (D:\gitHub\basicNodeApp\node_modules\express\lib\router\index.js:335:12)
    at next (D:\gitHub\basicNodeApp\node_modules\express\lib\router\index.js:275:10)
    at app.use (D:\gitHub\basicNodeApp\app.js:55:5)Error msg:  Not Found 
 data: Sun Jan 07 2018 08:32:00 GMT-0200 (Horário brasileiro de verão) stack: Error: Not Found
    at app.use (D:\gitHub\basicNodeApp\app.js:71:16)
    at Layer.handle [as handle_request] (D:\gitHub\basicNodeApp\node_modules\express\lib\router\layer.js:95:5)
    at trim_prefix (D:\gitHub\basicNodeApp\node_modules\express\lib\router\index.js:317:13)
    at D:\gitHub\basicNodeApp\node_modules\express\lib\router\index.js:284:7
    at Function.process_params (D:\gitHub\basicNodeApp\node_modules\express\lib\router\index.js:335:12)
    at next (D:\gitHub\basicNodeApp\node_modules\express\lib\router\index.js:275:10)
    at D:\gitHub\basicNodeApp\node_modules\express\lib\router\index.js:635:15
    at next (D:\gitHub\basicNodeApp\node_modules\express\lib\router\index.js:260:14)
    at Function.handle (D:\gitHub\basicNodeApp\node_modules\express\lib\router\index.js:174:3)
    at router (D:\gitHub\basicNodeApp\node_modules\express\lib\router\index.js:47:12)
    at Layer.handle [as handle_request] (D:\gitHub\basicNodeApp\node_modules\express\lib\router\layer.js:95:5)
    at trim_prefix (D:\gitHub\basicNodeApp\node_modules\express\lib\router\index.js:317:13)
    at D:\gitHub\basicNodeApp\node_modules\express\lib\router\index.js:284:7
    at Function.process_params (D:\gitHub\basicNodeApp\node_modules\express\lib\router\index.js:335:12)
    at next (D:\gitHub\basicNodeApp\node_modules\express\lib\router\index.js:275:10)
    at app.use (D:\gitHub\basicNodeApp\app.js:55:5)Error msg:  Not Found 
 data: Sun Jan 07 2018 08:32:01 GMT-0200 (Horário brasileiro de verão) stack: Error: Not Found
    at app.use (D:\gitHub\basicNodeApp\app.js:71:16)
    at Layer.handle [as handle_request] (D:\gitHub\basicNodeApp\node_modules\express\lib\router\layer.js:95:5)
    at trim_prefix (D:\gitHub\basicNodeApp\node_modules\express\lib\router\index.js:317:13)
    at D:\gitHub\basicNodeApp\node_modules\express\lib\router\index.js:284:7
    at Function.process_params (D:\gitHub\basicNodeApp\node_modules\express\lib\router\index.js:335:12)
    at next (D:\gitHub\basicNodeApp\node_modules\express\lib\router\index.js:275:10)
    at D:\gitHub\basicNodeApp\node_modules\express\lib\router\index.js:635:15
    at next (D:\gitHub\basicNodeApp\node_modules\express\lib\router\index.js:260:14)
    at Function.handle (D:\gitHub\basicNodeApp\node_modules\express\lib\router\index.js:174:3)
    at router (D:\gitHub\basicNodeApp\node_modules\express\lib\router\index.js:47:12)
    at Layer.handle [as handle_request] (D:\gitHub\basicNodeApp\node_modules\express\lib\router\layer.js:95:5)
    at trim_prefix (D:\gitHub\basicNodeApp\node_modules\express\lib\router\index.js:317:13)
    at D:\gitHub\basicNodeApp\node_modules\express\lib\router\index.js:284:7
    at Function.process_params (D:\gitHub\basicNodeApp\node_modules\express\lib\router\index.js:335:12)
    at next (D:\gitHub\basicNodeApp\node_modules\express\lib\router\index.js:275:10)
    at app.use (D:\gitHub\basicNodeApp\app.js:55:5)Error msg:  Not Found 
 data: Sun Jan 07 2018 08:32:04 GMT-0200 (Horário brasileiro de verão) stack: Error: Not Found
    at app.use (D:\gitHub\basicNodeApp\app.js:71:16)
    at Layer.handle [as handle_request] (D:\gitHub\basicNodeApp\node_modules\express\lib\router\layer.js:95:5)
    at trim_prefix (D:\gitHub\basicNodeApp\node_modules\express\lib\router\index.js:317:13)
    at D:\gitHub\basicNodeApp\node_modules\express\lib\router\index.js:284:7
    at Function.process_params (D:\gitHub\basicNodeApp\node_modules\express\lib\router\index.js:335:12)
    at next (D:\gitHub\basicNodeApp\node_modules\express\lib\router\index.js:275:10)
    at D:\gitHub\basicNodeApp\node_modules\express\lib\router\index.js:635:15
    at next (D:\gitHub\basicNodeApp\node_modules\express\lib\router\index.js:260:14)
    at Function.handle (D:\gitHub\basicNodeApp\node_modules\express\lib\router\index.js:174:3)
    at router (D:\gitHub\basicNodeApp\node_modules\express\lib\router\index.js:47:12)
    at Layer.handle [as handle_request] (D:\gitHub\basicNodeApp\node_modules\express\lib\router\layer.js:95:5)
    at trim_prefix (D:\gitHub\basicNodeApp\node_modules\express\lib\router\index.js:317:13)
    at D:\gitHub\basicNodeApp\node_modules\express\lib\router\index.js:284:7
    at Function.process_params (D:\gitHub\basicNodeApp\node_modules\express\lib\router\index.js:335:12)
    at next (D:\gitHub\basicNodeApp\node_modules\express\lib\router\index.js:275:10)
    at app.use (D:\gitHub\basicNodeApp\app.js:55:5)Error msg:  Not Found 
 data: Sun Jan 07 2018 08:32:04 GMT-0200 (Horário brasileiro de verão) stack: Error: Not Found
    at app.use (D:\gitHub\basicNodeApp\app.js:71:16)
    at Layer.handle [as handle_request] (D:\gitHub\basicNodeApp\node_modules\express\lib\router\layer.js:95:5)
    at trim_prefix (D:\gitHub\basicNodeApp\node_modules\express\lib\router\index.js:317:13)
    at D:\gitHub\basicNodeApp\node_modules\express\lib\router\index.js:284:7
    at Function.process_params (D:\gitHub\basicNodeApp\node_modules\express\lib\router\index.js:335:12)
    at next (D:\gitHub\basicNodeApp\node_modules\express\lib\router\index.js:275:10)
    at D:\gitHub\basicNodeApp\node_modules\express\lib\router\index.js:635:15
    at next (D:\gitHub\basicNodeApp\node_modules\express\lib\router\index.js:260:14)
    at Function.handle (D:\gitHub\basicNodeApp\node_modules\express\lib\router\index.js:174:3)
    at router (D:\gitHub\basicNodeApp\node_modules\express\lib\router\index.js:47:12)
    at Layer.handle [as handle_request] (D:\gitHub\basicNodeApp\node_modules\express\lib\router\layer.js:95:5)
    at trim_prefix (D:\gitHub\basicNodeApp\node_modules\express\lib\router\index.js:317:13)
    at D:\gitHub\basicNodeApp\node_modules\express\lib\router\index.js:284:7
    at Function.process_params (D:\gitHub\basicNodeApp\node_modules\express\lib\router\index.js:335:12)
    at next (D:\gitHub\basicNodeApp\node_modules\express\lib\router\index.js:275:10)
    at app.use (D:\gitHub\basicNodeApp\app.js:55:5)Error msg:  Not Found 
 data: Sun Jan 07 2018 08:32:07 GMT-0200 (Horário brasileiro de verão) stack: Error: Not Found
    at app.use (D:\gitHub\basicNodeApp\app.js:71:16)
    at Layer.handle [as handle_request] (D:\gitHub\basicNodeApp\node_modules\express\lib\router\layer.js:95:5)
    at trim_prefix (D:\gitHub\basicNodeApp\node_modules\express\lib\router\index.js:317:13)
    at D:\gitHub\basicNodeApp\node_modules\express\lib\router\index.js:284:7
    at Function.process_params (D:\gitHub\basicNodeApp\node_modules\express\lib\router\index.js:335:12)
    at next (D:\gitHub\basicNodeApp\node_modules\express\lib\router\index.js:275:10)
    at D:\gitHub\basicNodeApp\node_modules\express\lib\router\index.js:635:15
    at next (D:\gitHub\basicNodeApp\node_modules\express\lib\router\index.js:260:14)
    at Function.handle (D:\gitHub\basicNodeApp\node_modules\express\lib\router\index.js:174:3)
    at router (D:\gitHub\basicNodeApp\node_modules\express\lib\router\index.js:47:12)
    at Layer.handle [as handle_request] (D:\gitHub\basicNodeApp\node_modules\express\lib\router\layer.js:95:5)
    at trim_prefix (D:\gitHub\basicNodeApp\node_modules\express\lib\router\index.js:317:13)
    at D:\gitHub\basicNodeApp\node_modules\express\lib\router\index.js:284:7
    at Function.process_params (D:\gitHub\basicNodeApp\node_modules\express\lib\router\index.js:335:12)
    at next (D:\gitHub\basicNodeApp\node_modules\express\lib\router\index.js:275:10)
    at app.use (D:\gitHub\basicNodeApp\app.js:55:5)Error msg:  Not Found 
 data: Sun Jan 07 2018 08:32:07 GMT-0200 (Horário brasileiro de verão) stack: Error: Not Found
    at app.use (D:\gitHub\basicNodeApp\app.js:71:16)
    at Layer.handle [as handle_request] (D:\gitHub\basicNodeApp\node_modules\express\lib\router\layer.js:95:5)
    at trim_prefix (D:\gitHub\basicNodeApp\node_modules\express\lib\router\index.js:317:13)
    at D:\gitHub\basicNodeApp\node_modules\express\lib\router\index.js:284:7
    at Function.process_params (D:\gitHub\basicNodeApp\node_modules\express\lib\router\index.js:335:12)
    at next (D:\gitHub\basicNodeApp\node_modules\express\lib\router\index.js:275:10)
    at D:\gitHub\basicNodeApp\node_modules\express\lib\router\index.js:635:15
    at next (D:\gitHub\basicNodeApp\node_modules\express\lib\router\index.js:260:14)
    at Function.handle (D:\gitHub\basicNodeApp\node_modules\express\lib\router\index.js:174:3)
    at router (D:\gitHub\basicNodeApp\node_modules\express\lib\router\index.js:47:12)
    at Layer.handle [as handle_request] (D:\gitHub\basicNodeApp\node_modules\express\lib\router\layer.js:95:5)
    at trim_prefix (D:\gitHub\basicNodeApp\node_modules\express\lib\router\index.js:317:13)
    at D:\gitHub\basicNodeApp\node_modules\express\lib\router\index.js:284:7
    at Function.process_params (D:\gitHub\basicNodeApp\node_modules\express\lib\router\index.js:335:12)
    at next (D:\gitHub\basicNodeApp\node_modules\express\lib\router\index.js:275:10)
    at app.use (D:\gitHub\basicNodeApp\app.js:55:5)Error msg:  Not Found 
 data: Sun Jan 07 2018 08:32:10 GMT-0200 (Horário brasileiro de verão) stack: Error: Not Found
    at app.use (D:\gitHub\basicNodeApp\app.js:71:16)
    at Layer.handle [as handle_request] (D:\gitHub\basicNodeApp\node_modules\express\lib\router\layer.js:95:5)
    at trim_prefix (D:\gitHub\basicNodeApp\node_modules\express\lib\router\index.js:317:13)
    at D:\gitHub\basicNodeApp\node_modules\express\lib\router\index.js:284:7
    at Function.process_params (D:\gitHub\basicNodeApp\node_modules\express\lib\router\index.js:335:12)
    at next (D:\gitHub\basicNodeApp\node_modules\express\lib\router\index.js:275:10)
    at D:\gitHub\basicNodeApp\node_modules\express\lib\router\index.js:635:15
    at next (D:\gitHub\basicNodeApp\node_modules\express\lib\router\index.js:260:14)
    at Function.handle (D:\gitHub\basicNodeApp\node_modules\express\lib\router\index.js:174:3)
    at router (D:\gitHub\basicNodeApp\node_modules\express\lib\router\index.js:47:12)
    at Layer.handle [as handle_request] (D:\gitHub\basicNodeApp\node_modules\express\lib\router\layer.js:95:5)
    at trim_prefix (D:\gitHub\basicNodeApp\node_modules\express\lib\router\index.js:317:13)
    at D:\gitHub\basicNodeApp\node_modules\express\lib\router\index.js:284:7
    at Function.process_params (D:\gitHub\basicNodeApp\node_modules\express\lib\router\index.js:335:12)
    at next (D:\gitHub\basicNodeApp\node_modules\express\lib\router\index.js:275:10)
    at app.use (D:\gitHub\basicNodeApp\app.js:55:5)Error msg:  Not Found 
 data: Sun Jan 07 2018 08:32:10 GMT-0200 (Horário brasileiro de verão) stack: Error: Not Found
    at app.use (D:\gitHub\basicNodeApp\app.js:71:16)
    at Layer.handle [as handle_request] (D:\gitHub\basicNodeApp\node_modules\express\lib\router\layer.js:95:5)
    at trim_prefix (D:\gitHub\basicNodeApp\node_modules\express\lib\router\index.js:317:13)
    at D:\gitHub\basicNodeApp\node_modules\express\lib\router\index.js:284:7
    at Function.process_params (D:\gitHub\basicNodeApp\node_modules\express\lib\router\index.js:335:12)
    at next (D:\gitHub\basicNodeApp\node_modules\express\lib\router\index.js:275:10)
    at D:\gitHub\basicNodeApp\node_modules\express\lib\router\index.js:635:15
    at next (D:\gitHub\basicNodeApp\node_modules\express\lib\router\index.js:260:14)
    at Function.handle (D:\gitHub\basicNodeApp\node_modules\express\lib\router\index.js:174:3)
    at router (D:\gitHub\basicNodeApp\node_modules\express\lib\router\index.js:47:12)
    at Layer.handle [as handle_request] (D:\gitHub\basicNodeApp\node_modules\express\lib\router\layer.js:95:5)
    at trim_prefix (D:\gitHub\basicNodeApp\node_modules\express\lib\router\index.js:317:13)
    at D:\gitHub\basicNodeApp\node_modules\express\lib\router\index.js:284:7
    at Function.process_params (D:\gitHub\basicNodeApp\node_modules\express\lib\router\index.js:335:12)
    at next (D:\gitHub\basicNodeApp\node_modules\express\lib\router\index.js:275:10)
    at app.use (D:\gitHub\basicNodeApp\app.js:55:5)Error msg:  Not Found 
 data: Sun Jan 07 2018 08:32:13 GMT-0200 (Horário brasileiro de verão) stack: Error: Not Found
    at app.use (D:\gitHub\basicNodeApp\app.js:71:16)
    at Layer.handle [as handle_request] (D:\gitHub\basicNodeApp\node_modules\express\lib\router\layer.js:95:5)
    at trim_prefix (D:\gitHub\basicNodeApp\node_modules\express\lib\router\index.js:317:13)
    at D:\gitHub\basicNodeApp\node_modules\express\lib\router\index.js:284:7
    at Function.process_params (D:\gitHub\basicNodeApp\node_modules\express\lib\router\index.js:335:12)
    at next (D:\gitHub\basicNodeApp\node_modules\express\lib\router\index.js:275:10)
    at D:\gitHub\basicNodeApp\node_modules\express\lib\router\index.js:635:15
    at next (D:\gitHub\basicNodeApp\node_modules\express\lib\router\index.js:260:14)
    at Function.handle (D:\gitHub\basicNodeApp\node_modules\express\lib\router\index.js:174:3)
    at router (D:\gitHub\basicNodeApp\node_modules\express\lib\router\index.js:47:12)
    at Layer.handle [as handle_request] (D:\gitHub\basicNodeApp\node_modules\express\lib\router\layer.js:95:5)
    at trim_prefix (D:\gitHub\basicNodeApp\node_modules\express\lib\router\index.js:317:13)
    at D:\gitHub\basicNodeApp\node_modules\express\lib\router\index.js:284:7
    at Function.process_params (D:\gitHub\basicNodeApp\node_modules\express\lib\router\index.js:335:12)
    at next (D:\gitHub\basicNodeApp\node_modules\express\lib\router\index.js:275:10)
    at app.use (D:\gitHub\basicNodeApp\app.js:55:5)Error msg:  Not Found 
 data: Sun Jan 07 2018 08:32:13 GMT-0200 (Horário brasileiro de verão) stack: Error: Not Found
    at app.use (D:\gitHub\basicNodeApp\app.js:71:16)
    at Layer.handle [as handle_request] (D:\gitHub\basicNodeApp\node_modules\express\lib\router\layer.js:95:5)
    at trim_prefix (D:\gitHub\basicNodeApp\node_modules\express\lib\router\index.js:317:13)
    at D:\gitHub\basicNodeApp\node_modules\express\lib\router\index.js:284:7
    at Function.process_params (D:\gitHub\basicNodeApp\node_modules\express\lib\router\index.js:335:12)
    at next (D:\gitHub\basicNodeApp\node_modules\express\lib\router\index.js:275:10)
    at D:\gitHub\basicNodeApp\node_modules\express\lib\router\index.js:635:15
    at next (D:\gitHub\basicNodeApp\node_modules\express\lib\router\index.js:260:14)
    at Function.handle (D:\gitHub\basicNodeApp\node_modules\express\lib\router\index.js:174:3)
    at router (D:\gitHub\basicNodeApp\node_modules\express\lib\router\index.js:47:12)
    at Layer.handle [as handle_request] (D:\gitHub\basicNodeApp\node_modules\express\lib\router\layer.js:95:5)
    at trim_prefix (D:\gitHub\basicNodeApp\node_modules\express\lib\router\index.js:317:13)
    at D:\gitHub\basicNodeApp\node_modules\express\lib\router\index.js:284:7
    at Function.process_params (D:\gitHub\basicNodeApp\node_modules\express\lib\router\index.js:335:12)
    at next (D:\gitHub\basicNodeApp\node_modules\express\lib\router\index.js:275:10)
    at app.use (D:\gitHub\basicNodeApp\app.js:55:5)Error msg:  Not Found 
 data: Sun Jan 07 2018 08:32:13 GMT-0200 (Horário brasileiro de verão) stack: Error: Not Found
    at app.use (D:\gitHub\basicNodeApp\app.js:71:16)
    at Layer.handle [as handle_request] (D:\gitHub\basicNodeApp\node_modules\express\lib\router\layer.js:95:5)
    at trim_prefix (D:\gitHub\basicNodeApp\node_modules\express\lib\router\index.js:317:13)
    at D:\gitHub\basicNodeApp\node_modules\express\lib\router\index.js:284:7
    at Function.process_params (D:\gitHub\basicNodeApp\node_modules\express\lib\router\index.js:335:12)
    at next (D:\gitHub\basicNodeApp\node_modules\express\lib\router\index.js:275:10)
    at D:\gitHub\basicNodeApp\node_modules\express\lib\router\index.js:635:15
    at next (D:\gitHub\basicNodeApp\node_modules\express\lib\router\index.js:260:14)
    at Function.handle (D:\gitHub\basicNodeApp\node_modules\express\lib\router\index.js:174:3)
    at router (D:\gitHub\basicNodeApp\node_modules\express\lib\router\index.js:47:12)
    at Layer.handle [as handle_request] (D:\gitHub\basicNodeApp\node_modules\express\lib\router\layer.js:95:5)
    at trim_prefix (D:\gitHub\basicNodeApp\node_modules\express\lib\router\index.js:317:13)
    at D:\gitHub\basicNodeApp\node_modules\express\lib\router\index.js:284:7
    at Function.process_params (D:\gitHub\basicNodeApp\node_modules\express\lib\router\index.js:335:12)
    at next (D:\gitHub\basicNodeApp\node_modules\express\lib\router\index.js:275:10)
    at app.use (D:\gitHub\basicNodeApp\app.js:55:5)Error msg:  Not Found 
 data: Sun Jan 07 2018 08:32:13 GMT-0200 (Horário brasileiro de verão) stack: Error: Not Found
    at app.use (D:\gitHub\basicNodeApp\app.js:71:16)
    at Layer.handle [as handle_request] (D:\gitHub\basicNodeApp\node_modules\express\lib\router\layer.js:95:5)
    at trim_prefix (D:\gitHub\basicNodeApp\node_modules\express\lib\router\index.js:317:13)
    at D:\gitHub\basicNodeApp\node_modules\express\lib\router\index.js:284:7
    at Function.process_params (D:\gitHub\basicNodeApp\node_modules\express\lib\router\index.js:335:12)
    at next (D:\gitHub\basicNodeApp\node_modules\express\lib\router\index.js:275:10)
    at D:\gitHub\basicNodeApp\node_modules\express\lib\router\index.js:635:15
    at next (D:\gitHub\basicNodeApp\node_modules\express\lib\router\index.js:260:14)
    at Function.handle (D:\gitHub\basicNodeApp\node_modules\express\lib\router\index.js:174:3)
    at router (D:\gitHub\basicNodeApp\node_modules\express\lib\router\index.js:47:12)
    at Layer.handle [as handle_request] (D:\gitHub\basicNodeApp\node_modules\express\lib\router\layer.js:95:5)
    at trim_prefix (D:\gitHub\basicNodeApp\node_modules\express\lib\router\index.js:317:13)
    at D:\gitHub\basicNodeApp\node_modules\express\lib\router\index.js:284:7
    at Function.process_params (D:\gitHub\basicNodeApp\node_modules\express\lib\router\index.js:335:12)
    at next (D:\gitHub\basicNodeApp\node_modules\express\lib\router\index.js:275:10)
    at app.use (D:\gitHub\basicNodeApp\app.js:55:5)Error msg:  Not Found 
 data: Sun Jan 07 2018 08:32:14 GMT-0200 (Horário brasileiro de verão) stack: Error: Not Found
    at app.use (D:\gitHub\basicNodeApp\app.js:71:16)
    at Layer.handle [as handle_request] (D:\gitHub\basicNodeApp\node_modules\express\lib\router\layer.js:95:5)
    at trim_prefix (D:\gitHub\basicNodeApp\node_modules\express\lib\router\index.js:317:13)
    at D:\gitHub\basicNodeApp\node_modules\express\lib\router\index.js:284:7
    at Function.process_params (D:\gitHub\basicNodeApp\node_modules\express\lib\router\index.js:335:12)
    at next (D:\gitHub\basicNodeApp\node_modules\express\lib\router\index.js:275:10)
    at D:\gitHub\basicNodeApp\node_modules\express\lib\router\index.js:635:15
    at next (D:\gitHub\basicNodeApp\node_modules\express\lib\router\index.js:260:14)
    at Function.handle (D:\gitHub\basicNodeApp\node_modules\express\lib\router\index.js:174:3)
    at router (D:\gitHub\basicNodeApp\node_modules\express\lib\router\index.js:47:12)
    at Layer.handle [as handle_request] (D:\gitHub\basicNodeApp\node_modules\express\lib\router\layer.js:95:5)
    at trim_prefix (D:\gitHub\basicNodeApp\node_modules\express\lib\router\index.js:317:13)
    at D:\gitHub\basicNodeApp\node_modules\express\lib\router\index.js:284:7
    at Function.process_params (D:\gitHub\basicNodeApp\node_modules\express\lib\router\index.js:335:12)
    at next (D:\gitHub\basicNodeApp\node_modules\express\lib\router\index.js:275:10)
    at app.use (D:\gitHub\basicNodeApp\app.js:55:5)Error msg:  Not Found 
 data: Sun Jan 07 2018 08:32:15 GMT-0200 (Horário brasileiro de verão) stack: Error: Not Found
    at app.use (D:\gitHub\basicNodeApp\app.js:71:16)
    at Layer.handle [as handle_request] (D:\gitHub\basicNodeApp\node_modules\express\lib\router\layer.js:95:5)
    at trim_prefix (D:\gitHub\basicNodeApp\node_modules\express\lib\router\index.js:317:13)
    at D:\gitHub\basicNodeApp\node_modules\express\lib\router\index.js:284:7
    at Function.process_params (D:\gitHub\basicNodeApp\node_modules\express\lib\router\index.js:335:12)
    at next (D:\gitHub\basicNodeApp\node_modules\express\lib\router\index.js:275:10)
    at D:\gitHub\basicNodeApp\node_modules\express\lib\router\index.js:635:15
    at next (D:\gitHub\basicNodeApp\node_modules\express\lib\router\index.js:260:14)
    at Function.handle (D:\gitHub\basicNodeApp\node_modules\express\lib\router\index.js:174:3)
    at router (D:\gitHub\basicNodeApp\node_modules\express\lib\router\index.js:47:12)
    at Layer.handle [as handle_request] (D:\gitHub\basicNodeApp\node_modules\express\lib\router\layer.js:95:5)
    at trim_prefix (D:\gitHub\basicNodeApp\node_modules\express\lib\router\index.js:317:13)
    at D:\gitHub\basicNodeApp\node_modules\express\lib\router\index.js:284:7
    at Function.process_params (D:\gitHub\basicNodeApp\node_modules\express\lib\router\index.js:335:12)
    at next (D:\gitHub\basicNodeApp\node_modules\express\lib\router\index.js:275:10)
    at app.use (D:\gitHub\basicNodeApp\app.js:55:5)Error msg:  Not Found 
 data: Sun Jan 07 2018 08:32:16 GMT-0200 (Horário brasileiro de verão) stack: Error: Not Found
    at app.use (D:\gitHub\basicNodeApp\app.js:71:16)
    at Layer.handle [as handle_request] (D:\gitHub\basicNodeApp\node_modules\express\lib\router\layer.js:95:5)
    at trim_prefix (D:\gitHub\basicNodeApp\node_modules\express\lib\router\index.js:317:13)
    at D:\gitHub\basicNodeApp\node_modules\express\lib\router\index.js:284:7
    at Function.process_params (D:\gitHub\basicNodeApp\node_modules\express\lib\router\index.js:335:12)
    at next (D:\gitHub\basicNodeApp\node_modules\express\lib\router\index.js:275:10)
    at D:\gitHub\basicNodeApp\node_modules\express\lib\router\index.js:635:15
    at next (D:\gitHub\basicNodeApp\node_modules\express\lib\router\index.js:260:14)
    at Function.handle (D:\gitHub\basicNodeApp\node_modules\express\lib\router\index.js:174:3)
    at router (D:\gitHub\basicNodeApp\node_modules\express\lib\router\index.js:47:12)
    at Layer.handle [as handle_request] (D:\gitHub\basicNodeApp\node_modules\express\lib\router\layer.js:95:5)
    at trim_prefix (D:\gitHub\basicNodeApp\node_modules\express\lib\router\index.js:317:13)
    at D:\gitHub\basicNodeApp\node_modules\express\lib\router\index.js:284:7
    at Function.process_params (D:\gitHub\basicNodeApp\node_modules\express\lib\router\index.js:335:12)
    at next (D:\gitHub\basicNodeApp\node_modules\express\lib\router\index.js:275:10)
    at app.use (D:\gitHub\basicNodeApp\app.js:55:5)Error msg:  Not Found 
 data: Sun Jan 07 2018 08:32:16 GMT-0200 (Horário brasileiro de verão) stack: Error: Not Found
    at app.use (D:\gitHub\basicNodeApp\app.js:71:16)
    at Layer.handle [as handle_request] (D:\gitHub\basicNodeApp\node_modules\express\lib\router\layer.js:95:5)
    at trim_prefix (D:\gitHub\basicNodeApp\node_modules\express\lib\router\index.js:317:13)
    at D:\gitHub\basicNodeApp\node_modules\express\lib\router\index.js:284:7
    at Function.process_params (D:\gitHub\basicNodeApp\node_modules\express\lib\router\index.js:335:12)
    at next (D:\gitHub\basicNodeApp\node_modules\express\lib\router\index.js:275:10)
    at D:\gitHub\basicNodeApp\node_modules\express\lib\router\index.js:635:15
    at next (D:\gitHub\basicNodeApp\node_modules\express\lib\router\index.js:260:14)
    at Function.handle (D:\gitHub\basicNodeApp\node_modules\express\lib\router\index.js:174:3)
    at router (D:\gitHub\basicNodeApp\node_modules\express\lib\router\index.js:47:12)
    at Layer.handle [as handle_request] (D:\gitHub\basicNodeApp\node_modules\express\lib\router\layer.js:95:5)
    at trim_prefix (D:\gitHub\basicNodeApp\node_modules\express\lib\router\index.js:317:13)
    at D:\gitHub\basicNodeApp\node_modules\express\lib\router\index.js:284:7
    at Function.process_params (D:\gitHub\basicNodeApp\node_modules\express\lib\router\index.js:335:12)
    at next (D:\gitHub\basicNodeApp\node_modules\express\lib\router\index.js:275:10)
    at app.use (D:\gitHub\basicNodeApp\app.js:55:5)Error msg:  Not Found 
 data: Sun Jan 07 2018 08:32:16 GMT-0200 (Horário brasileiro de verão) stack: Error: Not Found
    at app.use (D:\gitHub\basicNodeApp\app.js:71:16)
    at Layer.handle [as handle_request] (D:\gitHub\basicNodeApp\node_modules\express\lib\router\layer.js:95:5)
    at trim_prefix (D:\gitHub\basicNodeApp\node_modules\express\lib\router\index.js:317:13)
    at D:\gitHub\basicNodeApp\node_modules\express\lib\router\index.js:284:7
    at Function.process_params (D:\gitHub\basicNodeApp\node_modules\express\lib\router\index.js:335:12)
    at next (D:\gitHub\basicNodeApp\node_modules\express\lib\router\index.js:275:10)
    at D:\gitHub\basicNodeApp\node_modules\express\lib\router\index.js:635:15
    at next (D:\gitHub\basicNodeApp\node_modules\express\lib\router\index.js:260:14)
    at Function.handle (D:\gitHub\basicNodeApp\node_modules\express\lib\router\index.js:174:3)
    at router (D:\gitHub\basicNodeApp\node_modules\express\lib\router\index.js:47:12)
    at Layer.handle [as handle_request] (D:\gitHub\basicNodeApp\node_modules\express\lib\router\layer.js:95:5)
    at trim_prefix (D:\gitHub\basicNodeApp\node_modules\express\lib\router\index.js:317:13)
    at D:\gitHub\basicNodeApp\node_modules\express\lib\router\index.js:284:7
    at Function.process_params (D:\gitHub\basicNodeApp\node_modules\express\lib\router\index.js:335:12)
    at next (D:\gitHub\basicNodeApp\node_modules\express\lib\router\index.js:275:10)
    at app.use (D:\gitHub\basicNodeApp\app.js:55:5)Error msg:  Not Found 
 data: Sun Jan 07 2018 08:32:16 GMT-0200 (Horário brasileiro de verão) stack: Error: Not Found
    at app.use (D:\gitHub\basicNodeApp\app.js:71:16)
    at Layer.handle [as handle_request] (D:\gitHub\basicNodeApp\node_modules\express\lib\router\layer.js:95:5)
    at trim_prefix (D:\gitHub\basicNodeApp\node_modules\express\lib\router\index.js:317:13)
    at D:\gitHub\basicNodeApp\node_modules\express\lib\router\index.js:284:7
    at Function.process_params (D:\gitHub\basicNodeApp\node_modules\express\lib\router\index.js:335:12)
    at next (D:\gitHub\basicNodeApp\node_modules\express\lib\router\index.js:275:10)
    at D:\gitHub\basicNodeApp\node_modules\express\lib\router\index.js:635:15
    at next (D:\gitHub\basicNodeApp\node_modules\express\lib\router\index.js:260:14)
    at Function.handle (D:\gitHub\basicNodeApp\node_modules\express\lib\router\index.js:174:3)
    at router (D:\gitHub\basicNodeApp\node_modules\express\lib\router\index.js:47:12)
    at Layer.handle [as handle_request] (D:\gitHub\basicNodeApp\node_modules\express\lib\router\layer.js:95:5)
    at trim_prefix (D:\gitHub\basicNodeApp\node_modules\express\lib\router\index.js:317:13)
    at D:\gitHub\basicNodeApp\node_modules\express\lib\router\index.js:284:7
    at Function.process_params (D:\gitHub\basicNodeApp\node_modules\express\lib\router\index.js:335:12)
    at next (D:\gitHub\basicNodeApp\node_modules\express\lib\router\index.js:275:10)
    at app.use (D:\gitHub\basicNodeApp\app.js:55:5)Error msg:  Not Found 
 data: Sun Jan 07 2018 08:32:17 GMT-0200 (Horário brasileiro de verão) stack: Error: Not Found
    at app.use (D:\gitHub\basicNodeApp\app.js:71:16)
    at Layer.handle [as handle_request] (D:\gitHub\basicNodeApp\node_modules\express\lib\router\layer.js:95:5)
    at trim_prefix (D:\gitHub\basicNodeApp\node_modules\express\lib\router\index.js:317:13)
    at D:\gitHub\basicNodeApp\node_modules\express\lib\router\index.js:284:7
    at Function.process_params (D:\gitHub\basicNodeApp\node_modules\express\lib\router\index.js:335:12)
    at next (D:\gitHub\basicNodeApp\node_modules\express\lib\router\index.js:275:10)
    at D:\gitHub\basicNodeApp\node_modules\express\lib\router\index.js:635:15
    at next (D:\gitHub\basicNodeApp\node_modules\express\lib\router\index.js:260:14)
    at Function.handle (D:\gitHub\basicNodeApp\node_modules\express\lib\router\index.js:174:3)
    at router (D:\gitHub\basicNodeApp\node_modules\express\lib\router\index.js:47:12)
    at Layer.handle [as handle_request] (D:\gitHub\basicNodeApp\node_modules\express\lib\router\layer.js:95:5)
    at trim_prefix (D:\gitHub\basicNodeApp\node_modules\express\lib\router\index.js:317:13)
    at D:\gitHub\basicNodeApp\node_modules\express\lib\router\index.js:284:7
    at Function.process_params (D:\gitHub\basicNodeApp\node_modules\express\lib\router\index.js:335:12)
    at next (D:\gitHub\basicNodeApp\node_modules\express\lib\router\index.js:275:10)
    at app.use (D:\gitHub\basicNodeApp\app.js:55:5)Error msg:  Not Found 
 data: Sun Jan 07 2018 08:32:17 GMT-0200 (Horário brasileiro de verão) stack: Error: Not Found
    at app.use (D:\gitHub\basicNodeApp\app.js:71:16)
    at Layer.handle [as handle_request] (D:\gitHub\basicNodeApp\node_modules\express\lib\router\layer.js:95:5)
    at trim_prefix (D:\gitHub\basicNodeApp\node_modules\express\lib\router\index.js:317:13)
    at D:\gitHub\basicNodeApp\node_modules\express\lib\router\index.js:284:7
    at Function.process_params (D:\gitHub\basicNodeApp\node_modules\express\lib\router\index.js:335:12)
    at next (D:\gitHub\basicNodeApp\node_modules\express\lib\router\index.js:275:10)
    at D:\gitHub\basicNodeApp\node_modules\express\lib\router\index.js:635:15
    at next (D:\gitHub\basicNodeApp\node_modules\express\lib\router\index.js:260:14)
    at Function.handle (D:\gitHub\basicNodeApp\node_modules\express\lib\router\index.js:174:3)
    at router (D:\gitHub\basicNodeApp\node_modules\express\lib\router\index.js:47:12)
    at Layer.handle [as handle_request] (D:\gitHub\basicNodeApp\node_modules\express\lib\router\layer.js:95:5)
    at trim_prefix (D:\gitHub\basicNodeApp\node_modules\express\lib\router\index.js:317:13)
    at D:\gitHub\basicNodeApp\node_modules\express\lib\router\index.js:284:7
    at Function.process_params (D:\gitHub\basicNodeApp\node_modules\express\lib\router\index.js:335:12)
    at next (D:\gitHub\basicNodeApp\node_modules\express\lib\router\index.js:275:10)
    at app.use (D:\gitHub\basicNodeApp\app.js:55:5)Error msg:  Not Found 
 data: Sun Jan 07 2018 08:32:18 GMT-0200 (Horário brasileiro de verão) stack: Error: Not Found
    at app.use (D:\gitHub\basicNodeApp\app.js:71:16)
    at Layer.handle [as handle_request] (D:\gitHub\basicNodeApp\node_modules\express\lib\router\layer.js:95:5)
    at trim_prefix (D:\gitHub\basicNodeApp\node_modules\express\lib\router\index.js:317:13)
    at D:\gitHub\basicNodeApp\node_modules\express\lib\router\index.js:284:7
    at Function.process_params (D:\gitHub\basicNodeApp\node_modules\express\lib\router\index.js:335:12)
    at next (D:\gitHub\basicNodeApp\node_modules\express\lib\router\index.js:275:10)
    at D:\gitHub\basicNodeApp\node_modules\express\lib\router\index.js:635:15
    at next (D:\gitHub\basicNodeApp\node_modules\express\lib\router\index.js:260:14)
    at Function.handle (D:\gitHub\basicNodeApp\node_modules\express\lib\router\index.js:174:3)
    at router (D:\gitHub\basicNodeApp\node_modules\express\lib\router\index.js:47:12)
    at Layer.handle [as handle_request] (D:\gitHub\basicNodeApp\node_modules\express\lib\router\layer.js:95:5)
    at trim_prefix (D:\gitHub\basicNodeApp\node_modules\express\lib\router\index.js:317:13)
    at D:\gitHub\basicNodeApp\node_modules\express\lib\router\index.js:284:7
    at Function.process_params (D:\gitHub\basicNodeApp\node_modules\express\lib\router\index.js:335:12)
    at next (D:\gitHub\basicNodeApp\node_modules\express\lib\router\index.js:275:10)
    at app.use (D:\gitHub\basicNodeApp\app.js:55:5)Error msg:  Not Found 
 data: Sun Jan 07 2018 08:32:18 GMT-0200 (Horário brasileiro de verão) stack: Error: Not Found
    at app.use (D:\gitHub\basicNodeApp\app.js:71:16)
    at Layer.handle [as handle_request] (D:\gitHub\basicNodeApp\node_modules\express\lib\router\layer.js:95:5)
    at trim_prefix (D:\gitHub\basicNodeApp\node_modules\express\lib\router\index.js:317:13)
    at D:\gitHub\basicNodeApp\node_modules\express\lib\router\index.js:284:7
    at Function.process_params (D:\gitHub\basicNodeApp\node_modules\express\lib\router\index.js:335:12)
    at next (D:\gitHub\basicNodeApp\node_modules\express\lib\router\index.js:275:10)
    at D:\gitHub\basicNodeApp\node_modules\express\lib\router\index.js:635:15
    at next (D:\gitHub\basicNodeApp\node_modules\express\lib\router\index.js:260:14)
    at Function.handle (D:\gitHub\basicNodeApp\node_modules\express\lib\router\index.js:174:3)
    at router (D:\gitHub\basicNodeApp\node_modules\express\lib\router\index.js:47:12)
    at Layer.handle [as handle_request] (D:\gitHub\basicNodeApp\node_modules\express\lib\router\layer.js:95:5)
    at trim_prefix (D:\gitHub\basicNodeApp\node_modules\express\lib\router\index.js:317:13)
    at D:\gitHub\basicNodeApp\node_modules\express\lib\router\index.js:284:7
    at Function.process_params (D:\gitHub\basicNodeApp\node_modules\express\lib\router\index.js:335:12)
    at next (D:\gitHub\basicNodeApp\node_modules\express\lib\router\index.js:275:10)
    at app.use (D:\gitHub\basicNodeApp\app.js:55:5)Error msg:  Not Found 
 data: Sun Jan 07 2018 08:32:19 GMT-0200 (Horário brasileiro de verão) stack: Error: Not Found
    at app.use (D:\gitHub\basicNodeApp\app.js:71:16)
    at Layer.handle [as handle_request] (D:\gitHub\basicNodeApp\node_modules\express\lib\router\layer.js:95:5)
    at trim_prefix (D:\gitHub\basicNodeApp\node_modules\express\lib\router\index.js:317:13)
    at D:\gitHub\basicNodeApp\node_modules\express\lib\router\index.js:284:7
    at Function.process_params (D:\gitHub\basicNodeApp\node_modules\express\lib\router\index.js:335:12)
    at next (D:\gitHub\basicNodeApp\node_modules\express\lib\router\index.js:275:10)
    at D:\gitHub\basicNodeApp\node_modules\express\lib\router\index.js:635:15
    at next (D:\gitHub\basicNodeApp\node_modules\express\lib\router\index.js:260:14)
    at Function.handle (D:\gitHub\basicNodeApp\node_modules\express\lib\router\index.js:174:3)
    at router (D:\gitHub\basicNodeApp\node_modules\express\lib\router\index.js:47:12)
    at Layer.handle [as handle_request] (D:\gitHub\basicNodeApp\node_modules\express\lib\router\layer.js:95:5)
    at trim_prefix (D:\gitHub\basicNodeApp\node_modules\express\lib\router\index.js:317:13)
    at D:\gitHub\basicNodeApp\node_modules\express\lib\router\index.js:284:7
    at Function.process_params (D:\gitHub\basicNodeApp\node_modules\express\lib\router\index.js:335:12)
    at next (D:\gitHub\basicNodeApp\node_modules\express\lib\router\index.js:275:10)
    at app.use (D:\gitHub\basicNodeApp\app.js:55:5)Error msg:  Not Found 
 data: Sun Jan 07 2018 08:32:19 GMT-0200 (Horário brasileiro de verão) stack: Error: Not Found
    at app.use (D:\gitHub\basicNodeApp\app.js:71:16)
    at Layer.handle [as handle_request] (D:\gitHub\basicNodeApp\node_modules\express\lib\router\layer.js:95:5)
    at trim_prefix (D:\gitHub\basicNodeApp\node_modules\express\lib\router\index.js:317:13)
    at D:\gitHub\basicNodeApp\node_modules\express\lib\router\index.js:284:7
    at Function.process_params (D:\gitHub\basicNodeApp\node_modules\express\lib\router\index.js:335:12)
    at next (D:\gitHub\basicNodeApp\node_modules\express\lib\router\index.js:275:10)
    at D:\gitHub\basicNodeApp\node_modules\express\lib\router\index.js:635:15
    at next (D:\gitHub\basicNodeApp\node_modules\express\lib\router\index.js:260:14)
    at Function.handle (D:\gitHub\basicNodeApp\node_modules\express\lib\router\index.js:174:3)
    at router (D:\gitHub\basicNodeApp\node_modules\express\lib\router\index.js:47:12)
    at Layer.handle [as handle_request] (D:\gitHub\basicNodeApp\node_modules\express\lib\router\layer.js:95:5)
    at trim_prefix (D:\gitHub\basicNodeApp\node_modules\express\lib\router\index.js:317:13)
    at D:\gitHub\basicNodeApp\node_modules\express\lib\router\index.js:284:7
    at Function.process_params (D:\gitHub\basicNodeApp\node_modules\express\lib\router\index.js:335:12)
    at next (D:\gitHub\basicNodeApp\node_modules\express\lib\router\index.js:275:10)
    at app.use (D:\gitHub\basicNodeApp\app.js:55:5)Error msg:  Not Found 
 data: Sun Jan 07 2018 08:32:19 GMT-0200 (Horário brasileiro de verão) stack: Error: Not Found
    at app.use (D:\gitHub\basicNodeApp\app.js:71:16)
    at Layer.handle [as handle_request] (D:\gitHub\basicNodeApp\node_modules\express\lib\router\layer.js:95:5)
    at trim_prefix (D:\gitHub\basicNodeApp\node_modules\express\lib\router\index.js:317:13)
    at D:\gitHub\basicNodeApp\node_modules\express\lib\router\index.js:284:7
    at Function.process_params (D:\gitHub\basicNodeApp\node_modules\express\lib\router\index.js:335:12)
    at next (D:\gitHub\basicNodeApp\node_modules\express\lib\router\index.js:275:10)
    at D:\gitHub\basicNodeApp\node_modules\express\lib\router\index.js:635:15
    at next (D:\gitHub\basicNodeApp\node_modules\express\lib\router\index.js:260:14)
    at Function.handle (D:\gitHub\basicNodeApp\node_modules\express\lib\router\index.js:174:3)
    at router (D:\gitHub\basicNodeApp\node_modules\express\lib\router\index.js:47:12)
    at Layer.handle [as handle_request] (D:\gitHub\basicNodeApp\node_modules\express\lib\router\layer.js:95:5)
    at trim_prefix (D:\gitHub\basicNodeApp\node_modules\express\lib\router\index.js:317:13)
    at D:\gitHub\basicNodeApp\node_modules\express\lib\router\index.js:284:7
    at Function.process_params (D:\gitHub\basicNodeApp\node_modules\express\lib\router\index.js:335:12)
    at next (D:\gitHub\basicNodeApp\node_modules\express\lib\router\index.js:275:10)
    at app.use (D:\gitHub\basicNodeApp\app.js:55:5)Error msg:  Not Found 
 data: Sun Jan 07 2018 08:32:19 GMT-0200 (Horário brasileiro de verão) stack: Error: Not Found
    at app.use (D:\gitHub\basicNodeApp\app.js:71:16)
    at Layer.handle [as handle_request] (D:\gitHub\basicNodeApp\node_modules\express\lib\router\layer.js:95:5)
    at trim_prefix (D:\gitHub\basicNodeApp\node_modules\express\lib\router\index.js:317:13)
    at D:\gitHub\basicNodeApp\node_modules\express\lib\router\index.js:284:7
    at Function.process_params (D:\gitHub\basicNodeApp\node_modules\express\lib\router\index.js:335:12)
    at next (D:\gitHub\basicNodeApp\node_modules\express\lib\router\index.js:275:10)
    at D:\gitHub\basicNodeApp\node_modules\express\lib\router\index.js:635:15
    at next (D:\gitHub\basicNodeApp\node_modules\express\lib\router\index.js:260:14)
    at Function.handle (D:\gitHub\basicNodeApp\node_modules\express\lib\router\index.js:174:3)
    at router (D:\gitHub\basicNodeApp\node_modules\express\lib\router\index.js:47:12)
    at Layer.handle [as handle_request] (D:\gitHub\basicNodeApp\node_modules\express\lib\router\layer.js:95:5)
    at trim_prefix (D:\gitHub\basicNodeApp\node_modules\express\lib\router\index.js:317:13)
    at D:\gitHub\basicNodeApp\node_modules\express\lib\router\index.js:284:7
    at Function.process_params (D:\gitHub\basicNodeApp\node_modules\express\lib\router\index.js:335:12)
    at next (D:\gitHub\basicNodeApp\node_modules\express\lib\router\index.js:275:10)
    at app.use (D:\gitHub\basicNodeApp\app.js:55:5)Error msg:  Not Found 
 data: Sun Jan 07 2018 08:32:20 GMT-0200 (Horário brasileiro de verão) stack: Error: Not Found
    at app.use (D:\gitHub\basicNodeApp\app.js:71:16)
    at Layer.handle [as handle_request] (D:\gitHub\basicNodeApp\node_modules\express\lib\router\layer.js:95:5)
    at trim_prefix (D:\gitHub\basicNodeApp\node_modules\express\lib\router\index.js:317:13)
    at D:\gitHub\basicNodeApp\node_modules\express\lib\router\index.js:284:7
    at Function.process_params (D:\gitHub\basicNodeApp\node_modules\express\lib\router\index.js:335:12)
    at next (D:\gitHub\basicNodeApp\node_modules\express\lib\router\index.js:275:10)
    at D:\gitHub\basicNodeApp\node_modules\express\lib\router\index.js:635:15
    at next (D:\gitHub\basicNodeApp\node_modules\express\lib\router\index.js:260:14)
    at Function.handle (D:\gitHub\basicNodeApp\node_modules\express\lib\router\index.js:174:3)
    at router (D:\gitHub\basicNodeApp\node_modules\express\lib\router\index.js:47:12)
    at Layer.handle [as handle_request] (D:\gitHub\basicNodeApp\node_modules\express\lib\router\layer.js:95:5)
    at trim_prefix (D:\gitHub\basicNodeApp\node_modules\express\lib\router\index.js:317:13)
    at D:\gitHub\basicNodeApp\node_modules\express\lib\router\index.js:284:7
    at Function.process_params (D:\gitHub\basicNodeApp\node_modules\express\lib\router\index.js:335:12)
    at next (D:\gitHub\basicNodeApp\node_modules\express\lib\router\index.js:275:10)
    at app.use (D:\gitHub\basicNodeApp\app.js:55:5)Error msg:  Not Found 
 data: Sun Jan 07 2018 08:32:20 GMT-0200 (Horário brasileiro de verão) stack: Error: Not Found
    at app.use (D:\gitHub\basicNodeApp\app.js:71:16)
    at Layer.handle [as handle_request] (D:\gitHub\basicNodeApp\node_modules\express\lib\router\layer.js:95:5)
    at trim_prefix (D:\gitHub\basicNodeApp\node_modules\express\lib\router\index.js:317:13)
    at D:\gitHub\basicNodeApp\node_modules\express\lib\router\index.js:284:7
    at Function.process_params (D:\gitHub\basicNodeApp\node_modules\express\lib\router\index.js:335:12)
    at next (D:\gitHub\basicNodeApp\node_modules\express\lib\router\index.js:275:10)
    at D:\gitHub\basicNodeApp\node_modules\express\lib\router\index.js:635:15
    at next (D:\gitHub\basicNodeApp\node_modules\express\lib\router\index.js:260:14)
    at Function.handle (D:\gitHub\basicNodeApp\node_modules\express\lib\router\index.js:174:3)
    at router (D:\gitHub\basicNodeApp\node_modules\express\lib\router\index.js:47:12)
    at Layer.handle [as handle_request] (D:\gitHub\basicNodeApp\node_modules\express\lib\router\layer.js:95:5)
    at trim_prefix (D:\gitHub\basicNodeApp\node_modules\express\lib\router\index.js:317:13)
    at D:\gitHub\basicNodeApp\node_modules\express\lib\router\index.js:284:7
    at Function.process_params (D:\gitHub\basicNodeApp\node_modules\express\lib\router\index.js:335:12)
    at next (D:\gitHub\basicNodeApp\node_modules\express\lib\router\index.js:275:10)
    at app.use (D:\gitHub\basicNodeApp\app.js:55:5)Error msg:  Not Found 
 data: Sun Jan 07 2018 08:32:21 GMT-0200 (Horário brasileiro de verão) stack: Error: Not Found
    at app.use (D:\gitHub\basicNodeApp\app.js:71:16)
    at Layer.handle [as handle_request] (D:\gitHub\basicNodeApp\node_modules\express\lib\router\layer.js:95:5)
    at trim_prefix (D:\gitHub\basicNodeApp\node_modules\express\lib\router\index.js:317:13)
    at D:\gitHub\basicNodeApp\node_modules\express\lib\router\index.js:284:7
    at Function.process_params (D:\gitHub\basicNodeApp\node_modules\express\lib\router\index.js:335:12)
    at next (D:\gitHub\basicNodeApp\node_modules\express\lib\router\index.js:275:10)
    at D:\gitHub\basicNodeApp\node_modules\express\lib\router\index.js:635:15
    at next (D:\gitHub\basicNodeApp\node_modules\express\lib\router\index.js:260:14)
    at Function.handle (D:\gitHub\basicNodeApp\node_modules\express\lib\router\index.js:174:3)
    at router (D:\gitHub\basicNodeApp\node_modules\express\lib\router\index.js:47:12)
    at Layer.handle [as handle_request] (D:\gitHub\basicNodeApp\node_modules\express\lib\router\layer.js:95:5)
    at trim_prefix (D:\gitHub\basicNodeApp\node_modules\express\lib\router\index.js:317:13)
    at D:\gitHub\basicNodeApp\node_modules\express\lib\router\index.js:284:7
    at Function.process_params (D:\gitHub\basicNodeApp\node_modules\express\lib\router\index.js:335:12)
    at next (D:\gitHub\basicNodeApp\node_modules\express\lib\router\index.js:275:10)
    at app.use (D:\gitHub\basicNodeApp\app.js:55:5)Error msg:  Not Found 
 data: Sun Jan 07 2018 08:32:21 GMT-0200 (Horário brasileiro de verão) stack: Error: Not Found
    at app.use (D:\gitHub\basicNodeApp\app.js:71:16)
    at Layer.handle [as handle_request] (D:\gitHub\basicNodeApp\node_modules\express\lib\router\layer.js:95:5)
    at trim_prefix (D:\gitHub\basicNodeApp\node_modules\express\lib\router\index.js:317:13)
    at D:\gitHub\basicNodeApp\node_modules\express\lib\router\index.js:284:7
    at Function.process_params (D:\gitHub\basicNodeApp\node_modules\express\lib\router\index.js:335:12)
    at next (D:\gitHub\basicNodeApp\node_modules\express\lib\router\index.js:275:10)
    at D:\gitHub\basicNodeApp\node_modules\express\lib\router\index.js:635:15
    at next (D:\gitHub\basicNodeApp\node_modules\express\lib\router\index.js:260:14)
    at Function.handle (D:\gitHub\basicNodeApp\node_modules\express\lib\router\index.js:174:3)
    at router (D:\gitHub\basicNodeApp\node_modules\express\lib\router\index.js:47:12)
    at Layer.handle [as handle_request] (D:\gitHub\basicNodeApp\node_modules\express\lib\router\layer.js:95:5)
    at trim_prefix (D:\gitHub\basicNodeApp\node_modules\express\lib\router\index.js:317:13)
    at D:\gitHub\basicNodeApp\node_modules\express\lib\router\index.js:284:7
    at Function.process_params (D:\gitHub\basicNodeApp\node_modules\express\lib\router\index.js:335:12)
    at next (D:\gitHub\basicNodeApp\node_modules\express\lib\router\index.js:275:10)
    at app.use (D:\gitHub\basicNodeApp\app.js:55:5)Error msg:  Not Found 
 data: Sun Jan 07 2018 08:32:22 GMT-0200 (Horário brasileiro de verão) stack: Error: Not Found
    at app.use (D:\gitHub\basicNodeApp\app.js:71:16)
    at Layer.handle [as handle_request] (D:\gitHub\basicNodeApp\node_modules\express\lib\router\layer.js:95:5)
    at trim_prefix (D:\gitHub\basicNodeApp\node_modules\express\lib\router\index.js:317:13)
    at D:\gitHub\basicNodeApp\node_modules\express\lib\router\index.js:284:7
    at Function.process_params (D:\gitHub\basicNodeApp\node_modules\express\lib\router\index.js:335:12)
    at next (D:\gitHub\basicNodeApp\node_modules\express\lib\router\index.js:275:10)
    at D:\gitHub\basicNodeApp\node_modules\express\lib\router\index.js:635:15
    at next (D:\gitHub\basicNodeApp\node_modules\express\lib\router\index.js:260:14)
    at Function.handle (D:\gitHub\basicNodeApp\node_modules\express\lib\router\index.js:174:3)
    at router (D:\gitHub\basicNodeApp\node_modules\express\lib\router\index.js:47:12)
    at Layer.handle [as handle_request] (D:\gitHub\basicNodeApp\node_modules\express\lib\router\layer.js:95:5)
    at trim_prefix (D:\gitHub\basicNodeApp\node_modules\express\lib\router\index.js:317:13)
    at D:\gitHub\basicNodeApp\node_modules\express\lib\router\index.js:284:7
    at Function.process_params (D:\gitHub\basicNodeApp\node_modules\express\lib\router\index.js:335:12)
    at next (D:\gitHub\basicNodeApp\node_modules\express\lib\router\index.js:275:10)
    at app.use (D:\gitHub\basicNodeApp\app.js:55:5)Error msg:  Not Found 
 data: Sun Jan 07 2018 08:32:22 GMT-0200 (Horário brasileiro de verão) stack: Error: Not Found
    at app.use (D:\gitHub\basicNodeApp\app.js:71:16)
    at Layer.handle [as handle_request] (D:\gitHub\basicNodeApp\node_modules\express\lib\router\layer.js:95:5)
    at trim_prefix (D:\gitHub\basicNodeApp\node_modules\express\lib\router\index.js:317:13)
    at D:\gitHub\basicNodeApp\node_modules\express\lib\router\index.js:284:7
    at Function.process_params (D:\gitHub\basicNodeApp\node_modules\express\lib\router\index.js:335:12)
    at next (D:\gitHub\basicNodeApp\node_modules\express\lib\router\index.js:275:10)
    at D:\gitHub\basicNodeApp\node_modules\express\lib\router\index.js:635:15
    at next (D:\gitHub\basicNodeApp\node_modules\express\lib\router\index.js:260:14)
    at Function.handle (D:\gitHub\basicNodeApp\node_modules\express\lib\router\index.js:174:3)
    at router (D:\gitHub\basicNodeApp\node_modules\express\lib\router\index.js:47:12)
    at Layer.handle [as handle_request] (D:\gitHub\basicNodeApp\node_modules\express\lib\router\layer.js:95:5)
    at trim_prefix (D:\gitHub\basicNodeApp\node_modules\express\lib\router\index.js:317:13)
    at D:\gitHub\basicNodeApp\node_modules\express\lib\router\index.js:284:7
    at Function.process_params (D:\gitHub\basicNodeApp\node_modules\express\lib\router\index.js:335:12)
    at next (D:\gitHub\basicNodeApp\node_modules\express\lib\router\index.js:275:10)
    at app.use (D:\gitHub\basicNodeApp\app.js:55:5)Error msg:  Not Found 
 data: Sun Jan 07 2018 08:32:22 GMT-0200 (Horário brasileiro de verão) stack: Error: Not Found
    at app.use (D:\gitHub\basicNodeApp\app.js:71:16)
    at Layer.handle [as handle_request] (D:\gitHub\basicNodeApp\node_modules\express\lib\router\layer.js:95:5)
    at trim_prefix (D:\gitHub\basicNodeApp\node_modules\express\lib\router\index.js:317:13)
    at D:\gitHub\basicNodeApp\node_modules\express\lib\router\index.js:284:7
    at Function.process_params (D:\gitHub\basicNodeApp\node_modules\express\lib\router\index.js:335:12)
    at next (D:\gitHub\basicNodeApp\node_modules\express\lib\router\index.js:275:10)
    at D:\gitHub\basicNodeApp\node_modules\express\lib\router\index.js:635:15
    at next (D:\gitHub\basicNodeApp\node_modules\express\lib\router\index.js:260:14)
    at Function.handle (D:\gitHub\basicNodeApp\node_modules\express\lib\router\index.js:174:3)
    at router (D:\gitHub\basicNodeApp\node_modules\express\lib\router\index.js:47:12)
    at Layer.handle [as handle_request] (D:\gitHub\basicNodeApp\node_modules\express\lib\router\layer.js:95:5)
    at trim_prefix (D:\gitHub\basicNodeApp\node_modules\express\lib\router\index.js:317:13)
    at D:\gitHub\basicNodeApp\node_modules\express\lib\router\index.js:284:7
    at Function.process_params (D:\gitHub\basicNodeApp\node_modules\express\lib\router\index.js:335:12)
    at next (D:\gitHub\basicNodeApp\node_modules\express\lib\router\index.js:275:10)
    at app.use (D:\gitHub\basicNodeApp\app.js:55:5)Error msg:  Not Found 
 data: Sun Jan 07 2018 08:32:22 GMT-0200 (Horário brasileiro de verão) stack: Error: Not Found
    at app.use (D:\gitHub\basicNodeApp\app.js:71:16)
    at Layer.handle [as handle_request] (D:\gitHub\basicNodeApp\node_modules\express\lib\router\layer.js:95:5)
    at trim_prefix (D:\gitHub\basicNodeApp\node_modules\express\lib\router\index.js:317:13)
    at D:\gitHub\basicNodeApp\node_modules\express\lib\router\index.js:284:7
    at Function.process_params (D:\gitHub\basicNodeApp\node_modules\express\lib\router\index.js:335:12)
    at next (D:\gitHub\basicNodeApp\node_modules\express\lib\router\index.js:275:10)
    at D:\gitHub\basicNodeApp\node_modules\express\lib\router\index.js:635:15
    at next (D:\gitHub\basicNodeApp\node_modules\express\lib\router\index.js:260:14)
    at Function.handle (D:\gitHub\basicNodeApp\node_modules\express\lib\router\index.js:174:3)
    at router (D:\gitHub\basicNodeApp\node_modules\express\lib\router\index.js:47:12)
    at Layer.handle [as handle_request] (D:\gitHub\basicNodeApp\node_modules\express\lib\router\layer.js:95:5)
    at trim_prefix (D:\gitHub\basicNodeApp\node_modules\express\lib\router\index.js:317:13)
    at D:\gitHub\basicNodeApp\node_modules\express\lib\router\index.js:284:7
    at Function.process_params (D:\gitHub\basicNodeApp\node_modules\express\lib\router\index.js:335:12)
    at next (D:\gitHub\basicNodeApp\node_modules\express\lib\router\index.js:275:10)
    at app.use (D:\gitHub\basicNodeApp\app.js:55:5)Error msg:  Not Found 
 data: Sun Jan 07 2018 08:32:23 GMT-0200 (Horário brasileiro de verão) stack: Error: Not Found
    at app.use (D:\gitHub\basicNodeApp\app.js:71:16)
    at Layer.handle [as handle_request] (D:\gitHub\basicNodeApp\node_modules\express\lib\router\layer.js:95:5)
    at trim_prefix (D:\gitHub\basicNodeApp\node_modules\express\lib\router\index.js:317:13)
    at D:\gitHub\basicNodeApp\node_modules\express\lib\router\index.js:284:7
    at Function.process_params (D:\gitHub\basicNodeApp\node_modules\express\lib\router\index.js:335:12)
    at next (D:\gitHub\basicNodeApp\node_modules\express\lib\router\index.js:275:10)
    at D:\gitHub\basicNodeApp\node_modules\express\lib\router\index.js:635:15
    at next (D:\gitHub\basicNodeApp\node_modules\express\lib\router\index.js:260:14)
    at Function.handle (D:\gitHub\basicNodeApp\node_modules\express\lib\router\index.js:174:3)
    at router (D:\gitHub\basicNodeApp\node_modules\express\lib\router\index.js:47:12)
    at Layer.handle [as handle_request] (D:\gitHub\basicNodeApp\node_modules\express\lib\router\layer.js:95:5)
    at trim_prefix (D:\gitHub\basicNodeApp\node_modules\express\lib\router\index.js:317:13)
    at D:\gitHub\basicNodeApp\node_modules\express\lib\router\index.js:284:7
    at Function.process_params (D:\gitHub\basicNodeApp\node_modules\express\lib\router\index.js:335:12)
    at next (D:\gitHub\basicNodeApp\node_modules\express\lib\router\index.js:275:10)
    at app.use (D:\gitHub\basicNodeApp\app.js:55:5)Error msg:  Not Found 
 data: Sun Jan 07 2018 08:32:23 GMT-0200 (Horário brasileiro de verão) stack: Error: Not Found
    at app.use (D:\gitHub\basicNodeApp\app.js:71:16)
    at Layer.handle [as handle_request] (D:\gitHub\basicNodeApp\node_modules\express\lib\router\layer.js:95:5)
    at trim_prefix (D:\gitHub\basicNodeApp\node_modules\express\lib\router\index.js:317:13)
    at D:\gitHub\basicNodeApp\node_modules\express\lib\router\index.js:284:7
    at Function.process_params (D:\gitHub\basicNodeApp\node_modules\express\lib\router\index.js:335:12)
    at next (D:\gitHub\basicNodeApp\node_modules\express\lib\router\index.js:275:10)
    at D:\gitHub\basicNodeApp\node_modules\express\lib\router\index.js:635:15
    at next (D:\gitHub\basicNodeApp\node_modules\express\lib\router\index.js:260:14)
    at Function.handle (D:\gitHub\basicNodeApp\node_modules\express\lib\router\index.js:174:3)
    at router (D:\gitHub\basicNodeApp\node_modules\express\lib\router\index.js:47:12)
    at Layer.handle [as handle_request] (D:\gitHub\basicNodeApp\node_modules\express\lib\router\layer.js:95:5)
    at trim_prefix (D:\gitHub\basicNodeApp\node_modules\express\lib\router\index.js:317:13)
    at D:\gitHub\basicNodeApp\node_modules\express\lib\router\index.js:284:7
    at Function.process_params (D:\gitHub\basicNodeApp\node_modules\express\lib\router\index.js:335:12)
    at next (D:\gitHub\basicNodeApp\node_modules\express\lib\router\index.js:275:10)
    at app.use (D:\gitHub\basicNodeApp\app.js:55:5)Error msg:  Not Found 
 data: Sun Jan 07 2018 08:32:24 GMT-0200 (Horário brasileiro de verão) stack: Error: Not Found
    at app.use (D:\gitHub\basicNodeApp\app.js:71:16)
    at Layer.handle [as handle_request] (D:\gitHub\basicNodeApp\node_modules\express\lib\router\layer.js:95:5)
    at trim_prefix (D:\gitHub\basicNodeApp\node_modules\express\lib\router\index.js:317:13)
    at D:\gitHub\basicNodeApp\node_modules\express\lib\router\index.js:284:7
    at Function.process_params (D:\gitHub\basicNodeApp\node_modules\express\lib\router\index.js:335:12)
    at next (D:\gitHub\basicNodeApp\node_modules\express\lib\router\index.js:275:10)
    at D:\gitHub\basicNodeApp\node_modules\express\lib\router\index.js:635:15
    at next (D:\gitHub\basicNodeApp\node_modules\express\lib\router\index.js:260:14)
    at Function.handle (D:\gitHub\basicNodeApp\node_modules\express\lib\router\index.js:174:3)
    at router (D:\gitHub\basicNodeApp\node_modules\express\lib\router\index.js:47:12)
    at Layer.handle [as handle_request] (D:\gitHub\basicNodeApp\node_modules\express\lib\router\layer.js:95:5)
    at trim_prefix (D:\gitHub\basicNodeApp\node_modules\express\lib\router\index.js:317:13)
    at D:\gitHub\basicNodeApp\node_modules\express\lib\router\index.js:284:7
    at Function.process_params (D:\gitHub\basicNodeApp\node_modules\express\lib\router\index.js:335:12)
    at next (D:\gitHub\basicNodeApp\node_modules\express\lib\router\index.js:275:10)
    at app.use (D:\gitHub\basicNodeApp\app.js:55:5)Error msg:  Not Found 
 data: Sun Jan 07 2018 08:32:24 GMT-0200 (Horário brasileiro de verão) stack: Error: Not Found
    at app.use (D:\gitHub\basicNodeApp\app.js:71:16)
    at Layer.handle [as handle_request] (D:\gitHub\basicNodeApp\node_modules\express\lib\router\layer.js:95:5)
    at trim_prefix (D:\gitHub\basicNodeApp\node_modules\express\lib\router\index.js:317:13)
    at D:\gitHub\basicNodeApp\node_modules\express\lib\router\index.js:284:7
    at Function.process_params (D:\gitHub\basicNodeApp\node_modules\express\lib\router\index.js:335:12)
    at next (D:\gitHub\basicNodeApp\node_modules\express\lib\router\index.js:275:10)
    at D:\gitHub\basicNodeApp\node_modules\express\lib\router\index.js:635:15
    at next (D:\gitHub\basicNodeApp\node_modules\express\lib\router\index.js:260:14)
    at Function.handle (D:\gitHub\basicNodeApp\node_modules\express\lib\router\index.js:174:3)
    at router (D:\gitHub\basicNodeApp\node_modules\express\lib\router\index.js:47:12)
    at Layer.handle [as handle_request] (D:\gitHub\basicNodeApp\node_modules\express\lib\router\layer.js:95:5)
    at trim_prefix (D:\gitHub\basicNodeApp\node_modules\express\lib\router\index.js:317:13)
    at D:\gitHub\basicNodeApp\node_modules\express\lib\router\index.js:284:7
    at Function.process_params (D:\gitHub\basicNodeApp\node_modules\express\lib\router\index.js:335:12)
    at next (D:\gitHub\basicNodeApp\node_modules\express\lib\router\index.js:275:10)
    at app.use (D:\gitHub\basicNodeApp\app.js:55:5)Error msg:  Not Found 
 data: Sun Jan 07 2018 08:32:25 GMT-0200 (Horário brasileiro de verão) stack: Error: Not Found
    at app.use (D:\gitHub\basicNodeApp\app.js:71:16)
    at Layer.handle [as handle_request] (D:\gitHub\basicNodeApp\node_modules\express\lib\router\layer.js:95:5)
    at trim_prefix (D:\gitHub\basicNodeApp\node_modules\express\lib\router\index.js:317:13)
    at D:\gitHub\basicNodeApp\node_modules\express\lib\router\index.js:284:7
    at Function.process_params (D:\gitHub\basicNodeApp\node_modules\express\lib\router\index.js:335:12)
    at next (D:\gitHub\basicNodeApp\node_modules\express\lib\router\index.js:275:10)
    at D:\gitHub\basicNodeApp\node_modules\express\lib\router\index.js:635:15
    at next (D:\gitHub\basicNodeApp\node_modules\express\lib\router\index.js:260:14)
    at Function.handle (D:\gitHub\basicNodeApp\node_modules\express\lib\router\index.js:174:3)
    at router (D:\gitHub\basicNodeApp\node_modules\express\lib\router\index.js:47:12)
    at Layer.handle [as handle_request] (D:\gitHub\basicNodeApp\node_modules\express\lib\router\layer.js:95:5)
    at trim_prefix (D:\gitHub\basicNodeApp\node_modules\express\lib\router\index.js:317:13)
    at D:\gitHub\basicNodeApp\node_modules\express\lib\router\index.js:284:7
    at Function.process_params (D:\gitHub\basicNodeApp\node_modules\express\lib\router\index.js:335:12)
    at next (D:\gitHub\basicNodeApp\node_modules\express\lib\router\index.js:275:10)
    at app.use (D:\gitHub\basicNodeApp\app.js:55:5)Error msg:  Not Found 
 data: Sun Jan 07 2018 08:32:25 GMT-0200 (Horário brasileiro de verão) stack: Error: Not Found
    at app.use (D:\gitHub\basicNodeApp\app.js:71:16)
    at Layer.handle [as handle_request] (D:\gitHub\basicNodeApp\node_modules\express\lib\router\layer.js:95:5)
    at trim_prefix (D:\gitHub\basicNodeApp\node_modules\express\lib\router\index.js:317:13)
    at D:\gitHub\basicNodeApp\node_modules\express\lib\router\index.js:284:7
    at Function.process_params (D:\gitHub\basicNodeApp\node_modules\express\lib\router\index.js:335:12)
    at next (D:\gitHub\basicNodeApp\node_modules\express\lib\router\index.js:275:10)
    at D:\gitHub\basicNodeApp\node_modules\express\lib\router\index.js:635:15
    at next (D:\gitHub\basicNodeApp\node_modules\express\lib\router\index.js:260:14)
    at Function.handle (D:\gitHub\basicNodeApp\node_modules\express\lib\router\index.js:174:3)
    at router (D:\gitHub\basicNodeApp\node_modules\express\lib\router\index.js:47:12)
    at Layer.handle [as handle_request] (D:\gitHub\basicNodeApp\node_modules\express\lib\router\layer.js:95:5)
    at trim_prefix (D:\gitHub\basicNodeApp\node_modules\express\lib\router\index.js:317:13)
    at D:\gitHub\basicNodeApp\node_modules\express\lib\router\index.js:284:7
    at Function.process_params (D:\gitHub\basicNodeApp\node_modules\express\lib\router\index.js:335:12)
    at next (D:\gitHub\basicNodeApp\node_modules\express\lib\router\index.js:275:10)
    at app.use (D:\gitHub\basicNodeApp\app.js:55:5)Error msg:  Not Found 
 data: Sun Jan 07 2018 08:32:25 GMT-0200 (Horário brasileiro de verão) stack: Error: Not Found
    at app.use (D:\gitHub\basicNodeApp\app.js:71:16)
    at Layer.handle [as handle_request] (D:\gitHub\basicNodeApp\node_modules\express\lib\router\layer.js:95:5)
    at trim_prefix (D:\gitHub\basicNodeApp\node_modules\express\lib\router\index.js:317:13)
    at D:\gitHub\basicNodeApp\node_modules\express\lib\router\index.js:284:7
    at Function.process_params (D:\gitHub\basicNodeApp\node_modules\express\lib\router\index.js:335:12)
    at next (D:\gitHub\basicNodeApp\node_modules\express\lib\router\index.js:275:10)
    at D:\gitHub\basicNodeApp\node_modules\express\lib\router\index.js:635:15
    at next (D:\gitHub\basicNodeApp\node_modules\express\lib\router\index.js:260:14)
    at Function.handle (D:\gitHub\basicNodeApp\node_modules\express\lib\router\index.js:174:3)
    at router (D:\gitHub\basicNodeApp\node_modules\express\lib\router\index.js:47:12)
    at Layer.handle [as handle_request] (D:\gitHub\basicNodeApp\node_modules\express\lib\router\layer.js:95:5)
    at trim_prefix (D:\gitHub\basicNodeApp\node_modules\express\lib\router\index.js:317:13)
    at D:\gitHub\basicNodeApp\node_modules\express\lib\router\index.js:284:7
    at Function.process_params (D:\gitHub\basicNodeApp\node_modules\express\lib\router\index.js:335:12)
    at next (D:\gitHub\basicNodeApp\node_modules\express\lib\router\index.js:275:10)
    at app.use (D:\gitHub\basicNodeApp\app.js:55:5)Error msg:  Not Found 
 data: Sun Jan 07 2018 08:32:25 GMT-0200 (Horário brasileiro de verão) stack: Error: Not Found
    at app.use (D:\gitHub\basicNodeApp\app.js:71:16)
    at Layer.handle [as handle_request] (D:\gitHub\basicNodeApp\node_modules\express\lib\router\layer.js:95:5)
    at trim_prefix (D:\gitHub\basicNodeApp\node_modules\express\lib\router\index.js:317:13)
    at D:\gitHub\basicNodeApp\node_modules\express\lib\router\index.js:284:7
    at Function.process_params (D:\gitHub\basicNodeApp\node_modules\express\lib\router\index.js:335:12)
    at next (D:\gitHub\basicNodeApp\node_modules\express\lib\router\index.js:275:10)
    at D:\gitHub\basicNodeApp\node_modules\express\lib\router\index.js:635:15
    at next (D:\gitHub\basicNodeApp\node_modules\express\lib\router\index.js:260:14)
    at Function.handle (D:\gitHub\basicNodeApp\node_modules\express\lib\router\index.js:174:3)
    at router (D:\gitHub\basicNodeApp\node_modules\express\lib\router\index.js:47:12)
    at Layer.handle [as handle_request] (D:\gitHub\basicNodeApp\node_modules\express\lib\router\layer.js:95:5)
    at trim_prefix (D:\gitHub\basicNodeApp\node_modules\express\lib\router\index.js:317:13)
    at D:\gitHub\basicNodeApp\node_modules\express\lib\router\index.js:284:7
    at Function.process_params (D:\gitHub\basicNodeApp\node_modules\express\lib\router\index.js:335:12)
    at next (D:\gitHub\basicNodeApp\node_modules\express\lib\router\index.js:275:10)
    at app.use (D:\gitHub\basicNodeApp\app.js:55:5)Error msg:  Not Found 
 data: Sun Jan 07 2018 08:32:26 GMT-0200 (Horário brasileiro de verão) stack: Error: Not Found
    at app.use (D:\gitHub\basicNodeApp\app.js:71:16)
    at Layer.handle [as handle_request] (D:\gitHub\basicNodeApp\node_modules\express\lib\router\layer.js:95:5)
    at trim_prefix (D:\gitHub\basicNodeApp\node_modules\express\lib\router\index.js:317:13)
    at D:\gitHub\basicNodeApp\node_modules\express\lib\router\index.js:284:7
    at Function.process_params (D:\gitHub\basicNodeApp\node_modules\express\lib\router\index.js:335:12)
    at next (D:\gitHub\basicNodeApp\node_modules\express\lib\router\index.js:275:10)
    at D:\gitHub\basicNodeApp\node_modules\express\lib\router\index.js:635:15
    at next (D:\gitHub\basicNodeApp\node_modules\express\lib\router\index.js:260:14)
    at Function.handle (D:\gitHub\basicNodeApp\node_modules\express\lib\router\index.js:174:3)
    at router (D:\gitHub\basicNodeApp\node_modules\express\lib\router\index.js:47:12)
    at Layer.handle [as handle_request] (D:\gitHub\basicNodeApp\node_modules\express\lib\router\layer.js:95:5)
    at trim_prefix (D:\gitHub\basicNodeApp\node_modules\express\lib\router\index.js:317:13)
    at D:\gitHub\basicNodeApp\node_modules\express\lib\router\index.js:284:7
    at Function.process_params (D:\gitHub\basicNodeApp\node_modules\express\lib\router\index.js:335:12)
    at next (D:\gitHub\basicNodeApp\node_modules\express\lib\router\index.js:275:10)
    at app.use (D:\gitHub\basicNodeApp\app.js:55:5)Error msg:  Not Found 
 data: Sun Jan 07 2018 08:32:26 GMT-0200 (Horário brasileiro de verão) stack: Error: Not Found
    at app.use (D:\gitHub\basicNodeApp\app.js:71:16)
    at Layer.handle [as handle_request] (D:\gitHub\basicNodeApp\node_modules\express\lib\router\layer.js:95:5)
    at trim_prefix (D:\gitHub\basicNodeApp\node_modules\express\lib\router\index.js:317:13)
    at D:\gitHub\basicNodeApp\node_modules\express\lib\router\index.js:284:7
    at Function.process_params (D:\gitHub\basicNodeApp\node_modules\express\lib\router\index.js:335:12)
    at next (D:\gitHub\basicNodeApp\node_modules\express\lib\router\index.js:275:10)
    at D:\gitHub\basicNodeApp\node_modules\express\lib\router\index.js:635:15
    at next (D:\gitHub\basicNodeApp\node_modules\express\lib\router\index.js:260:14)
    at Function.handle (D:\gitHub\basicNodeApp\node_modules\express\lib\router\index.js:174:3)
    at router (D:\gitHub\basicNodeApp\node_modules\express\lib\router\index.js:47:12)
    at Layer.handle [as handle_request] (D:\gitHub\basicNodeApp\node_modules\express\lib\router\layer.js:95:5)
    at trim_prefix (D:\gitHub\basicNodeApp\node_modules\express\lib\router\index.js:317:13)
    at D:\gitHub\basicNodeApp\node_modules\express\lib\router\index.js:284:7
    at Function.process_params (D:\gitHub\basicNodeApp\node_modules\express\lib\router\index.js:335:12)
    at next (D:\gitHub\basicNodeApp\node_modules\express\lib\router\index.js:275:10)
    at app.use (D:\gitHub\basicNodeApp\app.js:55:5)Error msg:  Not Found 
 data: Sun Jan 07 2018 08:32:27 GMT-0200 (Horário brasileiro de verão) stack: Error: Not Found
    at app.use (D:\gitHub\basicNodeApp\app.js:71:16)
    at Layer.handle [as handle_request] (D:\gitHub\basicNodeApp\node_modules\express\lib\router\layer.js:95:5)
    at trim_prefix (D:\gitHub\basicNodeApp\node_modules\express\lib\router\index.js:317:13)
    at D:\gitHub\basicNodeApp\node_modules\express\lib\router\index.js:284:7
    at Function.process_params (D:\gitHub\basicNodeApp\node_modules\express\lib\router\index.js:335:12)
    at next (D:\gitHub\basicNodeApp\node_modules\express\lib\router\index.js:275:10)
    at D:\gitHub\basicNodeApp\node_modules\express\lib\router\index.js:635:15
    at next (D:\gitHub\basicNodeApp\node_modules\express\lib\router\index.js:260:14)
    at Function.handle (D:\gitHub\basicNodeApp\node_modules\express\lib\router\index.js:174:3)
    at router (D:\gitHub\basicNodeApp\node_modules\express\lib\router\index.js:47:12)
    at Layer.handle [as handle_request] (D:\gitHub\basicNodeApp\node_modules\express\lib\router\layer.js:95:5)
    at trim_prefix (D:\gitHub\basicNodeApp\node_modules\express\lib\router\index.js:317:13)
    at D:\gitHub\basicNodeApp\node_modules\express\lib\router\index.js:284:7
    at Function.process_params (D:\gitHub\basicNodeApp\node_modules\express\lib\router\index.js:335:12)
    at next (D:\gitHub\basicNodeApp\node_modules\express\lib\router\index.js:275:10)
    at app.use (D:\gitHub\basicNodeApp\app.js:55:5)Error msg:  Not Found 
 data: Sun Jan 07 2018 08:32:28 GMT-0200 (Horário brasileiro de verão) stack: Error: Not Found
    at app.use (D:\gitHub\basicNodeApp\app.js:71:16)
    at Layer.handle [as handle_request] (D:\gitHub\basicNodeApp\node_modules\express\lib\router\layer.js:95:5)
    at trim_prefix (D:\gitHub\basicNodeApp\node_modules\express\lib\router\index.js:317:13)
    at D:\gitHub\basicNodeApp\node_modules\express\lib\router\index.js:284:7
    at Function.process_params (D:\gitHub\basicNodeApp\node_modules\express\lib\router\index.js:335:12)
    at next (D:\gitHub\basicNodeApp\node_modules\express\lib\router\index.js:275:10)
    at D:\gitHub\basicNodeApp\node_modules\express\lib\router\index.js:635:15
    at next (D:\gitHub\basicNodeApp\node_modules\express\lib\router\index.js:260:14)
    at Function.handle (D:\gitHub\basicNodeApp\node_modules\express\lib\router\index.js:174:3)
    at router (D:\gitHub\basicNodeApp\node_modules\express\lib\router\index.js:47:12)
    at Layer.handle [as handle_request] (D:\gitHub\basicNodeApp\node_modules\express\lib\router\layer.js:95:5)
    at trim_prefix (D:\gitHub\basicNodeApp\node_modules\express\lib\router\index.js:317:13)
    at D:\gitHub\basicNodeApp\node_modules\express\lib\router\index.js:284:7
    at Function.process_params (D:\gitHub\basicNodeApp\node_modules\express\lib\router\index.js:335:12)
    at next (D:\gitHub\basicNodeApp\node_modules\express\lib\router\index.js:275:10)
    at app.use (D:\gitHub\basicNodeApp\app.js:55:5)Error msg:  Not Found 
 data: Sun Jan 07 2018 08:32:28 GMT-0200 (Horário brasileiro de verão) stack: Error: Not Found
    at app.use (D:\gitHub\basicNodeApp\app.js:71:16)
    at Layer.handle [as handle_request] (D:\gitHub\basicNodeApp\node_modules\express\lib\router\layer.js:95:5)
    at trim_prefix (D:\gitHub\basicNodeApp\node_modules\express\lib\router\index.js:317:13)
    at D:\gitHub\basicNodeApp\node_modules\express\lib\router\index.js:284:7
    at Function.process_params (D:\gitHub\basicNodeApp\node_modules\express\lib\router\index.js:335:12)
    at next (D:\gitHub\basicNodeApp\node_modules\express\lib\router\index.js:275:10)
    at D:\gitHub\basicNodeApp\node_modules\express\lib\router\index.js:635:15
    at next (D:\gitHub\basicNodeApp\node_modules\express\lib\router\index.js:260:14)
    at Function.handle (D:\gitHub\basicNodeApp\node_modules\express\lib\router\index.js:174:3)
    at router (D:\gitHub\basicNodeApp\node_modules\express\lib\router\index.js:47:12)
    at Layer.handle [as handle_request] (D:\gitHub\basicNodeApp\node_modules\express\lib\router\layer.js:95:5)
    at trim_prefix (D:\gitHub\basicNodeApp\node_modules\express\lib\router\index.js:317:13)
    at D:\gitHub\basicNodeApp\node_modules\express\lib\router\index.js:284:7
    at Function.process_params (D:\gitHub\basicNodeApp\node_modules\express\lib\router\index.js:335:12)
    at next (D:\gitHub\basicNodeApp\node_modules\express\lib\router\index.js:275:10)
    at app.use (D:\gitHub\basicNodeApp\app.js:55:5)Error msg:  Not Found 
 data: Sun Jan 07 2018 08:32:28 GMT-0200 (Horário brasileiro de verão) stack: Error: Not Found
    at app.use (D:\gitHub\basicNodeApp\app.js:71:16)
    at Layer.handle [as handle_request] (D:\gitHub\basicNodeApp\node_modules\express\lib\router\layer.js:95:5)
    at trim_prefix (D:\gitHub\basicNodeApp\node_modules\express\lib\router\index.js:317:13)
    at D:\gitHub\basicNodeApp\node_modules\express\lib\router\index.js:284:7
    at Function.process_params (D:\gitHub\basicNodeApp\node_modules\express\lib\router\index.js:335:12)
    at next (D:\gitHub\basicNodeApp\node_modules\express\lib\router\index.js:275:10)
    at D:\gitHub\basicNodeApp\node_modules\express\lib\router\index.js:635:15
    at next (D:\gitHub\basicNodeApp\node_modules\express\lib\router\index.js:260:14)
    at Function.handle (D:\gitHub\basicNodeApp\node_modules\express\lib\router\index.js:174:3)
    at router (D:\gitHub\basicNodeApp\node_modules\express\lib\router\index.js:47:12)
    at Layer.handle [as handle_request] (D:\gitHub\basicNodeApp\node_modules\express\lib\router\layer.js:95:5)
    at trim_prefix (D:\gitHub\basicNodeApp\node_modules\express\lib\router\index.js:317:13)
    at D:\gitHub\basicNodeApp\node_modules\express\lib\router\index.js:284:7
    at Function.process_params (D:\gitHub\basicNodeApp\node_modules\express\lib\router\index.js:335:12)
    at next (D:\gitHub\basicNodeApp\node_modules\express\lib\router\index.js:275:10)
    at app.use (D:\gitHub\basicNodeApp\app.js:55:5)Error msg:  Not Found 
 data: Sun Jan 07 2018 08:32:29 GMT-0200 (Horário brasileiro de verão) stack: Error: Not Found
    at app.use (D:\gitHub\basicNodeApp\app.js:71:16)
    at Layer.handle [as handle_request] (D:\gitHub\basicNodeApp\node_modules\express\lib\router\layer.js:95:5)
    at trim_prefix (D:\gitHub\basicNodeApp\node_modules\express\lib\router\index.js:317:13)
    at D:\gitHub\basicNodeApp\node_modules\express\lib\router\index.js:284:7
    at Function.process_params (D:\gitHub\basicNodeApp\node_modules\express\lib\router\index.js:335:12)
    at next (D:\gitHub\basicNodeApp\node_modules\express\lib\router\index.js:275:10)
    at D:\gitHub\basicNodeApp\node_modules\express\lib\router\index.js:635:15
    at next (D:\gitHub\basicNodeApp\node_modules\express\lib\router\index.js:260:14)
    at Function.handle (D:\gitHub\basicNodeApp\node_modules\express\lib\router\index.js:174:3)
    at router (D:\gitHub\basicNodeApp\node_modules\express\lib\router\index.js:47:12)
    at Layer.handle [as handle_request] (D:\gitHub\basicNodeApp\node_modules\express\lib\router\layer.js:95:5)
    at trim_prefix (D:\gitHub\basicNodeApp\node_modules\express\lib\router\index.js:317:13)
    at D:\gitHub\basicNodeApp\node_modules\express\lib\router\index.js:284:7
    at Function.process_params (D:\gitHub\basicNodeApp\node_modules\express\lib\router\index.js:335:12)
    at next (D:\gitHub\basicNodeApp\node_modules\express\lib\router\index.js:275:10)
    at app.use (D:\gitHub\basicNodeApp\app.js:55:5)Error msg:  Not Found 
 data: Sun Jan 07 2018 08:32:29 GMT-0200 (Horário brasileiro de verão) stack: Error: Not Found
    at app.use (D:\gitHub\basicNodeApp\app.js:71:16)
    at Layer.handle [as handle_request] (D:\gitHub\basicNodeApp\node_modules\express\lib\router\layer.js:95:5)
    at trim_prefix (D:\gitHub\basicNodeApp\node_modules\express\lib\router\index.js:317:13)
    at D:\gitHub\basicNodeApp\node_modules\express\lib\router\index.js:284:7
    at Function.process_params (D:\gitHub\basicNodeApp\node_modules\express\lib\router\index.js:335:12)
    at next (D:\gitHub\basicNodeApp\node_modules\express\lib\router\index.js:275:10)
    at D:\gitHub\basicNodeApp\node_modules\express\lib\router\index.js:635:15
    at next (D:\gitHub\basicNodeApp\node_modules\express\lib\router\index.js:260:14)
    at Function.handle (D:\gitHub\basicNodeApp\node_modules\express\lib\router\index.js:174:3)
    at router (D:\gitHub\basicNodeApp\node_modules\express\lib\router\index.js:47:12)
    at Layer.handle [as handle_request] (D:\gitHub\basicNodeApp\node_modules\express\lib\router\layer.js:95:5)
    at trim_prefix (D:\gitHub\basicNodeApp\node_modules\express\lib\router\index.js:317:13)
    at D:\gitHub\basicNodeApp\node_modules\express\lib\router\index.js:284:7
    at Function.process_params (D:\gitHub\basicNodeApp\node_modules\express\lib\router\index.js:335:12)
    at next (D:\gitHub\basicNodeApp\node_modules\express\lib\router\index.js:275:10)
    at app.use (D:\gitHub\basicNodeApp\app.js:55:5)Error msg:  Not Found 
 data: Sun Jan 07 2018 08:32:30 GMT-0200 (Horário brasileiro de verão) stack: Error: Not Found
    at app.use (D:\gitHub\basicNodeApp\app.js:71:16)
    at Layer.handle [as handle_request] (D:\gitHub\basicNodeApp\node_modules\express\lib\router\layer.js:95:5)
    at trim_prefix (D:\gitHub\basicNodeApp\node_modules\express\lib\router\index.js:317:13)
    at D:\gitHub\basicNodeApp\node_modules\express\lib\router\index.js:284:7
    at Function.process_params (D:\gitHub\basicNodeApp\node_modules\express\lib\router\index.js:335:12)
    at next (D:\gitHub\basicNodeApp\node_modules\express\lib\router\index.js:275:10)
    at D:\gitHub\basicNodeApp\node_modules\express\lib\router\index.js:635:15
    at next (D:\gitHub\basicNodeApp\node_modules\express\lib\router\index.js:260:14)
    at Function.handle (D:\gitHub\basicNodeApp\node_modules\express\lib\router\index.js:174:3)
    at router (D:\gitHub\basicNodeApp\node_modules\express\lib\router\index.js:47:12)
    at Layer.handle [as handle_request] (D:\gitHub\basicNodeApp\node_modules\express\lib\router\layer.js:95:5)
    at trim_prefix (D:\gitHub\basicNodeApp\node_modules\express\lib\router\index.js:317:13)
    at D:\gitHub\basicNodeApp\node_modules\express\lib\router\index.js:284:7
    at Function.process_params (D:\gitHub\basicNodeApp\node_modules\express\lib\router\index.js:335:12)
    at next (D:\gitHub\basicNodeApp\node_modules\express\lib\router\index.js:275:10)
    at app.use (D:\gitHub\basicNodeApp\app.js:55:5)Error msg:  Not Found 
 data: Sun Jan 07 2018 08:32:30 GMT-0200 (Horário brasileiro de verão) stack: Error: Not Found
    at app.use (D:\gitHub\basicNodeApp\app.js:71:16)
    at Layer.handle [as handle_request] (D:\gitHub\basicNodeApp\node_modules\express\lib\router\layer.js:95:5)
    at trim_prefix (D:\gitHub\basicNodeApp\node_modules\express\lib\router\index.js:317:13)
    at D:\gitHub\basicNodeApp\node_modules\express\lib\router\index.js:284:7
    at Function.process_params (D:\gitHub\basicNodeApp\node_modules\express\lib\router\index.js:335:12)
    at next (D:\gitHub\basicNodeApp\node_modules\express\lib\router\index.js:275:10)
    at D:\gitHub\basicNodeApp\node_modules\express\lib\router\index.js:635:15
    at next (D:\gitHub\basicNodeApp\node_modules\express\lib\router\index.js:260:14)
    at Function.handle (D:\gitHub\basicNodeApp\node_modules\express\lib\router\index.js:174:3)
    at router (D:\gitHub\basicNodeApp\node_modules\express\lib\router\index.js:47:12)
    at Layer.handle [as handle_request] (D:\gitHub\basicNodeApp\node_modules\express\lib\router\layer.js:95:5)
    at trim_prefix (D:\gitHub\basicNodeApp\node_modules\express\lib\router\index.js:317:13)
    at D:\gitHub\basicNodeApp\node_modules\express\lib\router\index.js:284:7
    at Function.process_params (D:\gitHub\basicNodeApp\node_modules\express\lib\router\index.js:335:12)
    at next (D:\gitHub\basicNodeApp\node_modules\express\lib\router\index.js:275:10)
    at app.use (D:\gitHub\basicNodeApp\app.js:55:5)Error msg:  Not Found 
 data: Sun Jan 07 2018 08:32:31 GMT-0200 (Horário brasileiro de verão) stack: Error: Not Found
    at app.use (D:\gitHub\basicNodeApp\app.js:71:16)
    at Layer.handle [as handle_request] (D:\gitHub\basicNodeApp\node_modules\express\lib\router\layer.js:95:5)
    at trim_prefix (D:\gitHub\basicNodeApp\node_modules\express\lib\router\index.js:317:13)
    at D:\gitHub\basicNodeApp\node_modules\express\lib\router\index.js:284:7
    at Function.process_params (D:\gitHub\basicNodeApp\node_modules\express\lib\router\index.js:335:12)
    at next (D:\gitHub\basicNodeApp\node_modules\express\lib\router\index.js:275:10)
    at D:\gitHub\basicNodeApp\node_modules\express\lib\router\index.js:635:15
    at next (D:\gitHub\basicNodeApp\node_modules\express\lib\router\index.js:260:14)
    at Function.handle (D:\gitHub\basicNodeApp\node_modules\express\lib\router\index.js:174:3)
    at router (D:\gitHub\basicNodeApp\node_modules\express\lib\router\index.js:47:12)
    at Layer.handle [as handle_request] (D:\gitHub\basicNodeApp\node_modules\express\lib\router\layer.js:95:5)
    at trim_prefix (D:\gitHub\basicNodeApp\node_modules\express\lib\router\index.js:317:13)
    at D:\gitHub\basicNodeApp\node_modules\express\lib\router\index.js:284:7
    at Function.process_params (D:\gitHub\basicNodeApp\node_modules\express\lib\router\index.js:335:12)
    at next (D:\gitHub\basicNodeApp\node_modules\express\lib\router\index.js:275:10)
    at app.use (D:\gitHub\basicNodeApp\app.js:55:5)Error msg:  Not Found 
 data: Sun Jan 07 2018 08:32:31 GMT-0200 (Horário brasileiro de verão) stack: Error: Not Found
    at app.use (D:\gitHub\basicNodeApp\app.js:71:16)
    at Layer.handle [as handle_request] (D:\gitHub\basicNodeApp\node_modules\express\lib\router\layer.js:95:5)
    at trim_prefix (D:\gitHub\basicNodeApp\node_modules\express\lib\router\index.js:317:13)
    at D:\gitHub\basicNodeApp\node_modules\express\lib\router\index.js:284:7
    at Function.process_params (D:\gitHub\basicNodeApp\node_modules\express\lib\router\index.js:335:12)
    at next (D:\gitHub\basicNodeApp\node_modules\express\lib\router\index.js:275:10)
    at D:\gitHub\basicNodeApp\node_modules\express\lib\router\index.js:635:15
    at next (D:\gitHub\basicNodeApp\node_modules\express\lib\router\index.js:260:14)
    at Function.handle (D:\gitHub\basicNodeApp\node_modules\express\lib\router\index.js:174:3)
    at router (D:\gitHub\basicNodeApp\node_modules\express\lib\router\index.js:47:12)
    at Layer.handle [as handle_request] (D:\gitHub\basicNodeApp\node_modules\express\lib\router\layer.js:95:5)
    at trim_prefix (D:\gitHub\basicNodeApp\node_modules\express\lib\router\index.js:317:13)
    at D:\gitHub\basicNodeApp\node_modules\express\lib\router\index.js:284:7
    at Function.process_params (D:\gitHub\basicNodeApp\node_modules\express\lib\router\index.js:335:12)
    at next (D:\gitHub\basicNodeApp\node_modules\express\lib\router\index.js:275:10)
    at app.use (D:\gitHub\basicNodeApp\app.js:55:5)Error msg:  Not Found 
 data: Sun Jan 07 2018 08:32:31 GMT-0200 (Horário brasileiro de verão) stack: Error: Not Found
    at app.use (D:\gitHub\basicNodeApp\app.js:71:16)
    at Layer.handle [as handle_request] (D:\gitHub\basicNodeApp\node_modules\express\lib\router\layer.js:95:5)
    at trim_prefix (D:\gitHub\basicNodeApp\node_modules\express\lib\router\index.js:317:13)
    at D:\gitHub\basicNodeApp\node_modules\express\lib\router\index.js:284:7
    at Function.process_params (D:\gitHub\basicNodeApp\node_modules\express\lib\router\index.js:335:12)
    at next (D:\gitHub\basicNodeApp\node_modules\express\lib\router\index.js:275:10)
    at D:\gitHub\basicNodeApp\node_modules\express\lib\router\index.js:635:15
    at next (D:\gitHub\basicNodeApp\node_modules\express\lib\router\index.js:260:14)
    at Function.handle (D:\gitHub\basicNodeApp\node_modules\express\lib\router\index.js:174:3)
    at router (D:\gitHub\basicNodeApp\node_modules\express\lib\router\index.js:47:12)
    at Layer.handle [as handle_request] (D:\gitHub\basicNodeApp\node_modules\express\lib\router\layer.js:95:5)
    at trim_prefix (D:\gitHub\basicNodeApp\node_modules\express\lib\router\index.js:317:13)
    at D:\gitHub\basicNodeApp\node_modules\express\lib\router\index.js:284:7
    at Function.process_params (D:\gitHub\basicNodeApp\node_modules\express\lib\router\index.js:335:12)
    at next (D:\gitHub\basicNodeApp\node_modules\express\lib\router\index.js:275:10)
    at app.use (D:\gitHub\basicNodeApp\app.js:55:5)Error msg:  Not Found 
 data: Sun Jan 07 2018 08:32:31 GMT-0200 (Horário brasileiro de verão) stack: Error: Not Found
    at app.use (D:\gitHub\basicNodeApp\app.js:71:16)
    at Layer.handle [as handle_request] (D:\gitHub\basicNodeApp\node_modules\express\lib\router\layer.js:95:5)
    at trim_prefix (D:\gitHub\basicNodeApp\node_modules\express\lib\router\index.js:317:13)
    at D:\gitHub\basicNodeApp\node_modules\express\lib\router\index.js:284:7
    at Function.process_params (D:\gitHub\basicNodeApp\node_modules\express\lib\router\index.js:335:12)
    at next (D:\gitHub\basicNodeApp\node_modules\express\lib\router\index.js:275:10)
    at D:\gitHub\basicNodeApp\node_modules\express\lib\router\index.js:635:15
    at next (D:\gitHub\basicNodeApp\node_modules\express\lib\router\index.js:260:14)
    at Function.handle (D:\gitHub\basicNodeApp\node_modules\express\lib\router\index.js:174:3)
    at router (D:\gitHub\basicNodeApp\node_modules\express\lib\router\index.js:47:12)
    at Layer.handle [as handle_request] (D:\gitHub\basicNodeApp\node_modules\express\lib\router\layer.js:95:5)
    at trim_prefix (D:\gitHub\basicNodeApp\node_modules\express\lib\router\index.js:317:13)
    at D:\gitHub\basicNodeApp\node_modules\express\lib\router\index.js:284:7
    at Function.process_params (D:\gitHub\basicNodeApp\node_modules\express\lib\router\index.js:335:12)
    at next (D:\gitHub\basicNodeApp\node_modules\express\lib\router\index.js:275:10)
    at app.use (D:\gitHub\basicNodeApp\app.js:55:5)Error msg:  Not Found 
 data: Sun Jan 07 2018 08:32:32 GMT-0200 (Horário brasileiro de verão) stack: Error: Not Found
    at app.use (D:\gitHub\basicNodeApp\app.js:71:16)
    at Layer.handle [as handle_request] (D:\gitHub\basicNodeApp\node_modules\express\lib\router\layer.js:95:5)
    at trim_prefix (D:\gitHub\basicNodeApp\node_modules\express\lib\router\index.js:317:13)
    at D:\gitHub\basicNodeApp\node_modules\express\lib\router\index.js:284:7
    at Function.process_params (D:\gitHub\basicNodeApp\node_modules\express\lib\router\index.js:335:12)
    at next (D:\gitHub\basicNodeApp\node_modules\express\lib\router\index.js:275:10)
    at D:\gitHub\basicNodeApp\node_modules\express\lib\router\index.js:635:15
    at next (D:\gitHub\basicNodeApp\node_modules\express\lib\router\index.js:260:14)
    at Function.handle (D:\gitHub\basicNodeApp\node_modules\express\lib\router\index.js:174:3)
    at router (D:\gitHub\basicNodeApp\node_modules\express\lib\router\index.js:47:12)
    at Layer.handle [as handle_request] (D:\gitHub\basicNodeApp\node_modules\express\lib\router\layer.js:95:5)
    at trim_prefix (D:\gitHub\basicNodeApp\node_modules\express\lib\router\index.js:317:13)
    at D:\gitHub\basicNodeApp\node_modules\express\lib\router\index.js:284:7
    at Function.process_params (D:\gitHub\basicNodeApp\node_modules\express\lib\router\index.js:335:12)
    at next (D:\gitHub\basicNodeApp\node_modules\express\lib\router\index.js:275:10)
    at app.use (D:\gitHub\basicNodeApp\app.js:55:5)Error msg:  Not Found 
 data: Sun Jan 07 2018 08:32:32 GMT-0200 (Horário brasileiro de verão) stack: Error: Not Found
    at app.use (D:\gitHub\basicNodeApp\app.js:71:16)
    at Layer.handle [as handle_request] (D:\gitHub\basicNodeApp\node_modules\express\lib\router\layer.js:95:5)
    at trim_prefix (D:\gitHub\basicNodeApp\node_modules\express\lib\router\index.js:317:13)
    at D:\gitHub\basicNodeApp\node_modules\express\lib\router\index.js:284:7
    at Function.process_params (D:\gitHub\basicNodeApp\node_modules\express\lib\router\index.js:335:12)
    at next (D:\gitHub\basicNodeApp\node_modules\express\lib\router\index.js:275:10)
    at D:\gitHub\basicNodeApp\node_modules\express\lib\router\index.js:635:15
    at next (D:\gitHub\basicNodeApp\node_modules\express\lib\router\index.js:260:14)
    at Function.handle (D:\gitHub\basicNodeApp\node_modules\express\lib\router\index.js:174:3)
    at router (D:\gitHub\basicNodeApp\node_modules\express\lib\router\index.js:47:12)
    at Layer.handle [as handle_request] (D:\gitHub\basicNodeApp\node_modules\express\lib\router\layer.js:95:5)
    at trim_prefix (D:\gitHub\basicNodeApp\node_modules\express\lib\router\index.js:317:13)
    at D:\gitHub\basicNodeApp\node_modules\express\lib\router\index.js:284:7
    at Function.process_params (D:\gitHub\basicNodeApp\node_modules\express\lib\router\index.js:335:12)
    at next (D:\gitHub\basicNodeApp\node_modules\express\lib\router\index.js:275:10)
    at app.use (D:\gitHub\basicNodeApp\app.js:55:5)Error msg:  Not Found 
 data: Sun Jan 07 2018 08:32:33 GMT-0200 (Horário brasileiro de verão) stack: Error: Not Found
    at app.use (D:\gitHub\basicNodeApp\app.js:71:16)
    at Layer.handle [as handle_request] (D:\gitHub\basicNodeApp\node_modules\express\lib\router\layer.js:95:5)
    at trim_prefix (D:\gitHub\basicNodeApp\node_modules\express\lib\router\index.js:317:13)
    at D:\gitHub\basicNodeApp\node_modules\express\lib\router\index.js:284:7
    at Function.process_params (D:\gitHub\basicNodeApp\node_modules\express\lib\router\index.js:335:12)
    at next (D:\gitHub\basicNodeApp\node_modules\express\lib\router\index.js:275:10)
    at D:\gitHub\basicNodeApp\node_modules\express\lib\router\index.js:635:15
    at next (D:\gitHub\basicNodeApp\node_modules\express\lib\router\index.js:260:14)
    at Function.handle (D:\gitHub\basicNodeApp\node_modules\express\lib\router\index.js:174:3)
    at router (D:\gitHub\basicNodeApp\node_modules\express\lib\router\index.js:47:12)
    at Layer.handle [as handle_request] (D:\gitHub\basicNodeApp\node_modules\express\lib\router\layer.js:95:5)
    at trim_prefix (D:\gitHub\basicNodeApp\node_modules\express\lib\router\index.js:317:13)
    at D:\gitHub\basicNodeApp\node_modules\express\lib\router\index.js:284:7
    at Function.process_params (D:\gitHub\basicNodeApp\node_modules\express\lib\router\index.js:335:12)
    at next (D:\gitHub\basicNodeApp\node_modules\express\lib\router\index.js:275:10)
    at app.use (D:\gitHub\basicNodeApp\app.js:55:5)Error msg:  Not Found 
 data: Sun Jan 07 2018 08:32:33 GMT-0200 (Horário brasileiro de verão) stack: Error: Not Found
    at app.use (D:\gitHub\basicNodeApp\app.js:71:16)
    at Layer.handle [as handle_request] (D:\gitHub\basicNodeApp\node_modules\express\lib\router\layer.js:95:5)
    at trim_prefix (D:\gitHub\basicNodeApp\node_modules\express\lib\router\index.js:317:13)
    at D:\gitHub\basicNodeApp\node_modules\express\lib\router\index.js:284:7
    at Function.process_params (D:\gitHub\basicNodeApp\node_modules\express\lib\router\index.js:335:12)
    at next (D:\gitHub\basicNodeApp\node_modules\express\lib\router\index.js:275:10)
    at D:\gitHub\basicNodeApp\node_modules\express\lib\router\index.js:635:15
    at next (D:\gitHub\basicNodeApp\node_modules\express\lib\router\index.js:260:14)
    at Function.handle (D:\gitHub\basicNodeApp\node_modules\express\lib\router\index.js:174:3)
    at router (D:\gitHub\basicNodeApp\node_modules\express\lib\router\index.js:47:12)
    at Layer.handle [as handle_request] (D:\gitHub\basicNodeApp\node_modules\express\lib\router\layer.js:95:5)
    at trim_prefix (D:\gitHub\basicNodeApp\node_modules\express\lib\router\index.js:317:13)
    at D:\gitHub\basicNodeApp\node_modules\express\lib\router\index.js:284:7
    at Function.process_params (D:\gitHub\basicNodeApp\node_modules\express\lib\router\index.js:335:12)
    at next (D:\gitHub\basicNodeApp\node_modules\express\lib\router\index.js:275:10)
    at app.use (D:\gitHub\basicNodeApp\app.js:55:5)Error msg:  Not Found 
 data: Sun Jan 07 2018 08:32:34 GMT-0200 (Horário brasileiro de verão) stack: Error: Not Found
    at app.use (D:\gitHub\basicNodeApp\app.js:71:16)
    at Layer.handle [as handle_request] (D:\gitHub\basicNodeApp\node_modules\express\lib\router\layer.js:95:5)
    at trim_prefix (D:\gitHub\basicNodeApp\node_modules\express\lib\router\index.js:317:13)
    at D:\gitHub\basicNodeApp\node_modules\express\lib\router\index.js:284:7
    at Function.process_params (D:\gitHub\basicNodeApp\node_modules\express\lib\router\index.js:335:12)
    at next (D:\gitHub\basicNodeApp\node_modules\express\lib\router\index.js:275:10)
    at D:\gitHub\basicNodeApp\node_modules\express\lib\router\index.js:635:15
    at next (D:\gitHub\basicNodeApp\node_modules\express\lib\router\index.js:260:14)
    at Function.handle (D:\gitHub\basicNodeApp\node_modules\express\lib\router\index.js:174:3)
    at router (D:\gitHub\basicNodeApp\node_modules\express\lib\router\index.js:47:12)
    at Layer.handle [as handle_request] (D:\gitHub\basicNodeApp\node_modules\express\lib\router\layer.js:95:5)
    at trim_prefix (D:\gitHub\basicNodeApp\node_modules\express\lib\router\index.js:317:13)
    at D:\gitHub\basicNodeApp\node_modules\express\lib\router\index.js:284:7
    at Function.process_params (D:\gitHub\basicNodeApp\node_modules\express\lib\router\index.js:335:12)
    at next (D:\gitHub\basicNodeApp\node_modules\express\lib\router\index.js:275:10)
    at app.use (D:\gitHub\basicNodeApp\app.js:55:5)Error msg:  Not Found 
 data: Sun Jan 07 2018 08:32:34 GMT-0200 (Horário brasileiro de verão) stack: Error: Not Found
    at app.use (D:\gitHub\basicNodeApp\app.js:71:16)
    at Layer.handle [as handle_request] (D:\gitHub\basicNodeApp\node_modules\express\lib\router\layer.js:95:5)
    at trim_prefix (D:\gitHub\basicNodeApp\node_modules\express\lib\router\index.js:317:13)
    at D:\gitHub\basicNodeApp\node_modules\express\lib\router\index.js:284:7
    at Function.process_params (D:\gitHub\basicNodeApp\node_modules\express\lib\router\index.js:335:12)
    at next (D:\gitHub\basicNodeApp\node_modules\express\lib\router\index.js:275:10)
    at D:\gitHub\basicNodeApp\node_modules\express\lib\router\index.js:635:15
    at next (D:\gitHub\basicNodeApp\node_modules\express\lib\router\index.js:260:14)
    at Function.handle (D:\gitHub\basicNodeApp\node_modules\express\lib\router\index.js:174:3)
    at router (D:\gitHub\basicNodeApp\node_modules\express\lib\router\index.js:47:12)
    at Layer.handle [as handle_request] (D:\gitHub\basicNodeApp\node_modules\express\lib\router\layer.js:95:5)
    at trim_prefix (D:\gitHub\basicNodeApp\node_modules\express\lib\router\index.js:317:13)
    at D:\gitHub\basicNodeApp\node_modules\express\lib\router\index.js:284:7
    at Function.process_params (D:\gitHub\basicNodeApp\node_modules\express\lib\router\index.js:335:12)
    at next (D:\gitHub\basicNodeApp\node_modules\express\lib\router\index.js:275:10)
    at app.use (D:\gitHub\basicNodeApp\app.js:55:5)Error msg:  Not Found 
 data: Sun Jan 07 2018 08:32:34 GMT-0200 (Horário brasileiro de verão) stack: Error: Not Found
    at app.use (D:\gitHub\basicNodeApp\app.js:71:16)
    at Layer.handle [as handle_request] (D:\gitHub\basicNodeApp\node_modules\express\lib\router\layer.js:95:5)
    at trim_prefix (D:\gitHub\basicNodeApp\node_modules\express\lib\router\index.js:317:13)
    at D:\gitHub\basicNodeApp\node_modules\express\lib\router\index.js:284:7
    at Function.process_params (D:\gitHub\basicNodeApp\node_modules\express\lib\router\index.js:335:12)
    at next (D:\gitHub\basicNodeApp\node_modules\express\lib\router\index.js:275:10)
    at D:\gitHub\basicNodeApp\node_modules\express\lib\router\index.js:635:15
    at next (D:\gitHub\basicNodeApp\node_modules\express\lib\router\index.js:260:14)
    at Function.handle (D:\gitHub\basicNodeApp\node_modules\express\lib\router\index.js:174:3)
    at router (D:\gitHub\basicNodeApp\node_modules\express\lib\router\index.js:47:12)
    at Layer.handle [as handle_request] (D:\gitHub\basicNodeApp\node_modules\express\lib\router\layer.js:95:5)
    at trim_prefix (D:\gitHub\basicNodeApp\node_modules\express\lib\router\index.js:317:13)
    at D:\gitHub\basicNodeApp\node_modules\express\lib\router\index.js:284:7
    at Function.process_params (D:\gitHub\basicNodeApp\node_modules\express\lib\router\index.js:335:12)
    at next (D:\gitHub\basicNodeApp\node_modules\express\lib\router\index.js:275:10)
    at app.use (D:\gitHub\basicNodeApp\app.js:55:5)Error msg:  Not Found 
 data: Sun Jan 07 2018 08:32:34 GMT-0200 (Horário brasileiro de verão) stack: Error: Not Found
    at app.use (D:\gitHub\basicNodeApp\app.js:71:16)
    at Layer.handle [as handle_request] (D:\gitHub\basicNodeApp\node_modules\express\lib\router\layer.js:95:5)
    at trim_prefix (D:\gitHub\basicNodeApp\node_modules\express\lib\router\index.js:317:13)
    at D:\gitHub\basicNodeApp\node_modules\express\lib\router\index.js:284:7
    at Function.process_params (D:\gitHub\basicNodeApp\node_modules\express\lib\router\index.js:335:12)
    at next (D:\gitHub\basicNodeApp\node_modules\express\lib\router\index.js:275:10)
    at D:\gitHub\basicNodeApp\node_modules\express\lib\router\index.js:635:15
    at next (D:\gitHub\basicNodeApp\node_modules\express\lib\router\index.js:260:14)
    at Function.handle (D:\gitHub\basicNodeApp\node_modules\express\lib\router\index.js:174:3)
    at router (D:\gitHub\basicNodeApp\node_modules\express\lib\router\index.js:47:12)
    at Layer.handle [as handle_request] (D:\gitHub\basicNodeApp\node_modules\express\lib\router\layer.js:95:5)
    at trim_prefix (D:\gitHub\basicNodeApp\node_modules\express\lib\router\index.js:317:13)
    at D:\gitHub\basicNodeApp\node_modules\express\lib\router\index.js:284:7
    at Function.process_params (D:\gitHub\basicNodeApp\node_modules\express\lib\router\index.js:335:12)
    at next (D:\gitHub\basicNodeApp\node_modules\express\lib\router\index.js:275:10)
    at app.use (D:\gitHub\basicNodeApp\app.js:55:5)Error msg:  Not Found 
 data: Sun Jan 07 2018 08:32:35 GMT-0200 (Horário brasileiro de verão) stack: Error: Not Found
    at app.use (D:\gitHub\basicNodeApp\app.js:71:16)
    at Layer.handle [as handle_request] (D:\gitHub\basicNodeApp\node_modules\express\lib\router\layer.js:95:5)
    at trim_prefix (D:\gitHub\basicNodeApp\node_modules\express\lib\router\index.js:317:13)
    at D:\gitHub\basicNodeApp\node_modules\express\lib\router\index.js:284:7
    at Function.process_params (D:\gitHub\basicNodeApp\node_modules\express\lib\router\index.js:335:12)
    at next (D:\gitHub\basicNodeApp\node_modules\express\lib\router\index.js:275:10)
    at D:\gitHub\basicNodeApp\node_modules\express\lib\router\index.js:635:15
    at next (D:\gitHub\basicNodeApp\node_modules\express\lib\router\index.js:260:14)
    at Function.handle (D:\gitHub\basicNodeApp\node_modules\express\lib\router\index.js:174:3)
    at router (D:\gitHub\basicNodeApp\node_modules\express\lib\router\index.js:47:12)
    at Layer.handle [as handle_request] (D:\gitHub\basicNodeApp\node_modules\express\lib\router\layer.js:95:5)
    at trim_prefix (D:\gitHub\basicNodeApp\node_modules\express\lib\router\index.js:317:13)
    at D:\gitHub\basicNodeApp\node_modules\express\lib\router\index.js:284:7
    at Function.process_params (D:\gitHub\basicNodeApp\node_modules\express\lib\router\index.js:335:12)
    at next (D:\gitHub\basicNodeApp\node_modules\express\lib\router\index.js:275:10)
    at app.use (D:\gitHub\basicNodeApp\app.js:55:5)Error msg:  Not Found 
 data: Sun Jan 07 2018 08:32:35 GMT-0200 (Horário brasileiro de verão) stack: Error: Not Found
    at app.use (D:\gitHub\basicNodeApp\app.js:71:16)
    at Layer.handle [as handle_request] (D:\gitHub\basicNodeApp\node_modules\express\lib\router\layer.js:95:5)
    at trim_prefix (D:\gitHub\basicNodeApp\node_modules\express\lib\router\index.js:317:13)
    at D:\gitHub\basicNodeApp\node_modules\express\lib\router\index.js:284:7
    at Function.process_params (D:\gitHub\basicNodeApp\node_modules\express\lib\router\index.js:335:12)
    at next (D:\gitHub\basicNodeApp\node_modules\express\lib\router\index.js:275:10)
    at D:\gitHub\basicNodeApp\node_modules\express\lib\router\index.js:635:15
    at next (D:\gitHub\basicNodeApp\node_modules\express\lib\router\index.js:260:14)
    at Function.handle (D:\gitHub\basicNodeApp\node_modules\express\lib\router\index.js:174:3)
    at router (D:\gitHub\basicNodeApp\node_modules\express\lib\router\index.js:47:12)
    at Layer.handle [as handle_request] (D:\gitHub\basicNodeApp\node_modules\express\lib\router\layer.js:95:5)
    at trim_prefix (D:\gitHub\basicNodeApp\node_modules\express\lib\router\index.js:317:13)
    at D:\gitHub\basicNodeApp\node_modules\express\lib\router\index.js:284:7
    at Function.process_params (D:\gitHub\basicNodeApp\node_modules\express\lib\router\index.js:335:12)
    at next (D:\gitHub\basicNodeApp\node_modules\express\lib\router\index.js:275:10)
    at app.use (D:\gitHub\basicNodeApp\app.js:55:5)Error msg:  Not Found 
 data: Sun Jan 07 2018 08:32:36 GMT-0200 (Horário brasileiro de verão) stack: Error: Not Found
    at app.use (D:\gitHub\basicNodeApp\app.js:71:16)
    at Layer.handle [as handle_request] (D:\gitHub\basicNodeApp\node_modules\express\lib\router\layer.js:95:5)
    at trim_prefix (D:\gitHub\basicNodeApp\node_modules\express\lib\router\index.js:317:13)
    at D:\gitHub\basicNodeApp\node_modules\express\lib\router\index.js:284:7
    at Function.process_params (D:\gitHub\basicNodeApp\node_modules\express\lib\router\index.js:335:12)
    at next (D:\gitHub\basicNodeApp\node_modules\express\lib\router\index.js:275:10)
    at D:\gitHub\basicNodeApp\node_modules\express\lib\router\index.js:635:15
    at next (D:\gitHub\basicNodeApp\node_modules\express\lib\router\index.js:260:14)
    at Function.handle (D:\gitHub\basicNodeApp\node_modules\express\lib\router\index.js:174:3)
    at router (D:\gitHub\basicNodeApp\node_modules\express\lib\router\index.js:47:12)
    at Layer.handle [as handle_request] (D:\gitHub\basicNodeApp\node_modules\express\lib\router\layer.js:95:5)
    at trim_prefix (D:\gitHub\basicNodeApp\node_modules\express\lib\router\index.js:317:13)
    at D:\gitHub\basicNodeApp\node_modules\express\lib\router\index.js:284:7
    at Function.process_params (D:\gitHub\basicNodeApp\node_modules\express\lib\router\index.js:335:12)
    at next (D:\gitHub\basicNodeApp\node_modules\express\lib\router\index.js:275:10)
    at app.use (D:\gitHub\basicNodeApp\app.js:55:5)Error msg:  Not Found 
 data: Sun Jan 07 2018 08:32:36 GMT-0200 (Horário brasileiro de verão) stack: Error: Not Found
    at app.use (D:\gitHub\basicNodeApp\app.js:71:16)
    at Layer.handle [as handle_request] (D:\gitHub\basicNodeApp\node_modules\express\lib\router\layer.js:95:5)
    at trim_prefix (D:\gitHub\basicNodeApp\node_modules\express\lib\router\index.js:317:13)
    at D:\gitHub\basicNodeApp\node_modules\express\lib\router\index.js:284:7
    at Function.process_params (D:\gitHub\basicNodeApp\node_modules\express\lib\router\index.js:335:12)
    at next (D:\gitHub\basicNodeApp\node_modules\express\lib\router\index.js:275:10)
    at D:\gitHub\basicNodeApp\node_modules\express\lib\router\index.js:635:15
    at next (D:\gitHub\basicNodeApp\node_modules\express\lib\router\index.js:260:14)
    at Function.handle (D:\gitHub\basicNodeApp\node_modules\express\lib\router\index.js:174:3)
    at router (D:\gitHub\basicNodeApp\node_modules\express\lib\router\index.js:47:12)
    at Layer.handle [as handle_request] (D:\gitHub\basicNodeApp\node_modules\express\lib\router\layer.js:95:5)
    at trim_prefix (D:\gitHub\basicNodeApp\node_modules\express\lib\router\index.js:317:13)
    at D:\gitHub\basicNodeApp\node_modules\express\lib\router\index.js:284:7
    at Function.process_params (D:\gitHub\basicNodeApp\node_modules\express\lib\router\index.js:335:12)
    at next (D:\gitHub\basicNodeApp\node_modules\express\lib\router\index.js:275:10)
    at app.use (D:\gitHub\basicNodeApp\app.js:55:5)Error msg:  Not Found 
 data: Sun Jan 07 2018 08:32:37 GMT-0200 (Horário brasileiro de verão) stack: Error: Not Found
    at app.use (D:\gitHub\basicNodeApp\app.js:71:16)
    at Layer.handle [as handle_request] (D:\gitHub\basicNodeApp\node_modules\express\lib\router\layer.js:95:5)
    at trim_prefix (D:\gitHub\basicNodeApp\node_modules\express\lib\router\index.js:317:13)
    at D:\gitHub\basicNodeApp\node_modules\express\lib\router\index.js:284:7
    at Function.process_params (D:\gitHub\basicNodeApp\node_modules\express\lib\router\index.js:335:12)
    at next (D:\gitHub\basicNodeApp\node_modules\express\lib\router\index.js:275:10)
    at D:\gitHub\basicNodeApp\node_modules\express\lib\router\index.js:635:15
    at next (D:\gitHub\basicNodeApp\node_modules\express\lib\router\index.js:260:14)
    at Function.handle (D:\gitHub\basicNodeApp\node_modules\express\lib\router\index.js:174:3)
    at router (D:\gitHub\basicNodeApp\node_modules\express\lib\router\index.js:47:12)
    at Layer.handle [as handle_request] (D:\gitHub\basicNodeApp\node_modules\express\lib\router\layer.js:95:5)
    at trim_prefix (D:\gitHub\basicNodeApp\node_modules\express\lib\router\index.js:317:13)
    at D:\gitHub\basicNodeApp\node_modules\express\lib\router\index.js:284:7
    at Function.process_params (D:\gitHub\basicNodeApp\node_modules\express\lib\router\index.js:335:12)
    at next (D:\gitHub\basicNodeApp\node_modules\express\lib\router\index.js:275:10)
    at app.use (D:\gitHub\basicNodeApp\app.js:55:5)Error msg:  Not Found 
 data: Sun Jan 07 2018 08:32:37 GMT-0200 (Horário brasileiro de verão) stack: Error: Not Found
    at app.use (D:\gitHub\basicNodeApp\app.js:71:16)
    at Layer.handle [as handle_request] (D:\gitHub\basicNodeApp\node_modules\express\lib\router\layer.js:95:5)
    at trim_prefix (D:\gitHub\basicNodeApp\node_modules\express\lib\router\index.js:317:13)
    at D:\gitHub\basicNodeApp\node_modules\express\lib\router\index.js:284:7
    at Function.process_params (D:\gitHub\basicNodeApp\node_modules\express\lib\router\index.js:335:12)
    at next (D:\gitHub\basicNodeApp\node_modules\express\lib\router\index.js:275:10)
    at D:\gitHub\basicNodeApp\node_modules\express\lib\router\index.js:635:15
    at next (D:\gitHub\basicNodeApp\node_modules\express\lib\router\index.js:260:14)
    at Function.handle (D:\gitHub\basicNodeApp\node_modules\express\lib\router\index.js:174:3)
    at router (D:\gitHub\basicNodeApp\node_modules\express\lib\router\index.js:47:12)
    at Layer.handle [as handle_request] (D:\gitHub\basicNodeApp\node_modules\express\lib\router\layer.js:95:5)
    at trim_prefix (D:\gitHub\basicNodeApp\node_modules\express\lib\router\index.js:317:13)
    at D:\gitHub\basicNodeApp\node_modules\express\lib\router\index.js:284:7
    at Function.process_params (D:\gitHub\basicNodeApp\node_modules\express\lib\router\index.js:335:12)
    at next (D:\gitHub\basicNodeApp\node_modules\express\lib\router\index.js:275:10)
    at app.use (D:\gitHub\basicNodeApp\app.js:55:5)Error msg:  Not Found 
 data: Sun Jan 07 2018 08:32:37 GMT-0200 (Horário brasileiro de verão) stack: Error: Not Found
    at app.use (D:\gitHub\basicNodeApp\app.js:71:16)
    at Layer.handle [as handle_request] (D:\gitHub\basicNodeApp\node_modules\express\lib\router\layer.js:95:5)
    at trim_prefix (D:\gitHub\basicNodeApp\node_modules\express\lib\router\index.js:317:13)
    at D:\gitHub\basicNodeApp\node_modules\express\lib\router\index.js:284:7
    at Function.process_params (D:\gitHub\basicNodeApp\node_modules\express\lib\router\index.js:335:12)
    at next (D:\gitHub\basicNodeApp\node_modules\express\lib\router\index.js:275:10)
    at D:\gitHub\basicNodeApp\node_modules\express\lib\router\index.js:635:15
    at next (D:\gitHub\basicNodeApp\node_modules\express\lib\router\index.js:260:14)
    at Function.handle (D:\gitHub\basicNodeApp\node_modules\express\lib\router\index.js:174:3)
    at router (D:\gitHub\basicNodeApp\node_modules\express\lib\router\index.js:47:12)
    at Layer.handle [as handle_request] (D:\gitHub\basicNodeApp\node_modules\express\lib\router\layer.js:95:5)
    at trim_prefix (D:\gitHub\basicNodeApp\node_modules\express\lib\router\index.js:317:13)
    at D:\gitHub\basicNodeApp\node_modules\express\lib\router\index.js:284:7
    at Function.process_params (D:\gitHub\basicNodeApp\node_modules\express\lib\router\index.js:335:12)
    at next (D:\gitHub\basicNodeApp\node_modules\express\lib\router\index.js:275:10)
    at app.use (D:\gitHub\basicNodeApp\app.js:55:5)Error msg:  Not Found 
 data: Sun Jan 07 2018 08:32:37 GMT-0200 (Horário brasileiro de verão) stack: Error: Not Found
    at app.use (D:\gitHub\basicNodeApp\app.js:71:16)
    at Layer.handle [as handle_request] (D:\gitHub\basicNodeApp\node_modules\express\lib\router\layer.js:95:5)
    at trim_prefix (D:\gitHub\basicNodeApp\node_modules\express\lib\router\index.js:317:13)
    at D:\gitHub\basicNodeApp\node_modules\express\lib\router\index.js:284:7
    at Function.process_params (D:\gitHub\basicNodeApp\node_modules\express\lib\router\index.js:335:12)
    at next (D:\gitHub\basicNodeApp\node_modules\express\lib\router\index.js:275:10)
    at D:\gitHub\basicNodeApp\node_modules\express\lib\router\index.js:635:15
    at next (D:\gitHub\basicNodeApp\node_modules\express\lib\router\index.js:260:14)
    at Function.handle (D:\gitHub\basicNodeApp\node_modules\express\lib\router\index.js:174:3)
    at router (D:\gitHub\basicNodeApp\node_modules\express\lib\router\index.js:47:12)
    at Layer.handle [as handle_request] (D:\gitHub\basicNodeApp\node_modules\express\lib\router\layer.js:95:5)
    at trim_prefix (D:\gitHub\basicNodeApp\node_modules\express\lib\router\index.js:317:13)
    at D:\gitHub\basicNodeApp\node_modules\express\lib\router\index.js:284:7
    at Function.process_params (D:\gitHub\basicNodeApp\node_modules\express\lib\router\index.js:335:12)
    at next (D:\gitHub\basicNodeApp\node_modules\express\lib\router\index.js:275:10)
    at app.use (D:\gitHub\basicNodeApp\app.js:55:5)Error msg:  Not Found 
 data: Sun Jan 07 2018 08:32:38 GMT-0200 (Horário brasileiro de verão) stack: Error: Not Found
    at app.use (D:\gitHub\basicNodeApp\app.js:71:16)
    at Layer.handle [as handle_request] (D:\gitHub\basicNodeApp\node_modules\express\lib\router\layer.js:95:5)
    at trim_prefix (D:\gitHub\basicNodeApp\node_modules\express\lib\router\index.js:317:13)
    at D:\gitHub\basicNodeApp\node_modules\express\lib\router\index.js:284:7
    at Function.process_params (D:\gitHub\basicNodeApp\node_modules\express\lib\router\index.js:335:12)
    at next (D:\gitHub\basicNodeApp\node_modules\express\lib\router\index.js:275:10)
    at D:\gitHub\basicNodeApp\node_modules\express\lib\router\index.js:635:15
    at next (D:\gitHub\basicNodeApp\node_modules\express\lib\router\index.js:260:14)
    at Function.handle (D:\gitHub\basicNodeApp\node_modules\express\lib\router\index.js:174:3)
    at router (D:\gitHub\basicNodeApp\node_modules\express\lib\router\index.js:47:12)
    at Layer.handle [as handle_request] (D:\gitHub\basicNodeApp\node_modules\express\lib\router\layer.js:95:5)
    at trim_prefix (D:\gitHub\basicNodeApp\node_modules\express\lib\router\index.js:317:13)
    at D:\gitHub\basicNodeApp\node_modules\express\lib\router\index.js:284:7
    at Function.process_params (D:\gitHub\basicNodeApp\node_modules\express\lib\router\index.js:335:12)
    at next (D:\gitHub\basicNodeApp\node_modules\express\lib\router\index.js:275:10)
    at app.use (D:\gitHub\basicNodeApp\app.js:55:5)Error msg:  Not Found 
 data: Sun Jan 07 2018 08:32:38 GMT-0200 (Horário brasileiro de verão) stack: Error: Not Found
    at app.use (D:\gitHub\basicNodeApp\app.js:71:16)
    at Layer.handle [as handle_request] (D:\gitHub\basicNodeApp\node_modules\express\lib\router\layer.js:95:5)
    at trim_prefix (D:\gitHub\basicNodeApp\node_modules\express\lib\router\index.js:317:13)
    at D:\gitHub\basicNodeApp\node_modules\express\lib\router\index.js:284:7
    at Function.process_params (D:\gitHub\basicNodeApp\node_modules\express\lib\router\index.js:335:12)
    at next (D:\gitHub\basicNodeApp\node_modules\express\lib\router\index.js:275:10)
    at D:\gitHub\basicNodeApp\node_modules\express\lib\router\index.js:635:15
    at next (D:\gitHub\basicNodeApp\node_modules\express\lib\router\index.js:260:14)
    at Function.handle (D:\gitHub\basicNodeApp\node_modules\express\lib\router\index.js:174:3)
    at router (D:\gitHub\basicNodeApp\node_modules\express\lib\router\index.js:47:12)
    at Layer.handle [as handle_request] (D:\gitHub\basicNodeApp\node_modules\express\lib\router\layer.js:95:5)
    at trim_prefix (D:\gitHub\basicNodeApp\node_modules\express\lib\router\index.js:317:13)
    at D:\gitHub\basicNodeApp\node_modules\express\lib\router\index.js:284:7
    at Function.process_params (D:\gitHub\basicNodeApp\node_modules\express\lib\router\index.js:335:12)
    at next (D:\gitHub\basicNodeApp\node_modules\express\lib\router\index.js:275:10)
    at app.use (D:\gitHub\basicNodeApp\app.js:55:5)Error msg:  Not Found 
 data: Sun Jan 07 2018 08:32:39 GMT-0200 (Horário brasileiro de verão) stack: Error: Not Found
    at app.use (D:\gitHub\basicNodeApp\app.js:71:16)
    at Layer.handle [as handle_request] (D:\gitHub\basicNodeApp\node_modules\express\lib\router\layer.js:95:5)
    at trim_prefix (D:\gitHub\basicNodeApp\node_modules\express\lib\router\index.js:317:13)
    at D:\gitHub\basicNodeApp\node_modules\express\lib\router\index.js:284:7
    at Function.process_params (D:\gitHub\basicNodeApp\node_modules\express\lib\router\index.js:335:12)
    at next (D:\gitHub\basicNodeApp\node_modules\express\lib\router\index.js:275:10)
    at D:\gitHub\basicNodeApp\node_modules\express\lib\router\index.js:635:15
    at next (D:\gitHub\basicNodeApp\node_modules\express\lib\router\index.js:260:14)
    at Function.handle (D:\gitHub\basicNodeApp\node_modules\express\lib\router\index.js:174:3)
    at router (D:\gitHub\basicNodeApp\node_modules\express\lib\router\index.js:47:12)
    at Layer.handle [as handle_request] (D:\gitHub\basicNodeApp\node_modules\express\lib\router\layer.js:95:5)
    at trim_prefix (D:\gitHub\basicNodeApp\node_modules\express\lib\router\index.js:317:13)
    at D:\gitHub\basicNodeApp\node_modules\express\lib\router\index.js:284:7
    at Function.process_params (D:\gitHub\basicNodeApp\node_modules\express\lib\router\index.js:335:12)
    at next (D:\gitHub\basicNodeApp\node_modules\express\lib\router\index.js:275:10)
    at app.use (D:\gitHub\basicNodeApp\app.js:55:5)Error msg:  Not Found 
 data: Sun Jan 07 2018 08:32:39 GMT-0200 (Horário brasileiro de verão) stack: Error: Not Found
    at app.use (D:\gitHub\basicNodeApp\app.js:71:16)
    at Layer.handle [as handle_request] (D:\gitHub\basicNodeApp\node_modules\express\lib\router\layer.js:95:5)
    at trim_prefix (D:\gitHub\basicNodeApp\node_modules\express\lib\router\index.js:317:13)
    at D:\gitHub\basicNodeApp\node_modules\express\lib\router\index.js:284:7
    at Function.process_params (D:\gitHub\basicNodeApp\node_modules\express\lib\router\index.js:335:12)
    at next (D:\gitHub\basicNodeApp\node_modules\express\lib\router\index.js:275:10)
    at D:\gitHub\basicNodeApp\node_modules\express\lib\router\index.js:635:15
    at next (D:\gitHub\basicNodeApp\node_modules\express\lib\router\index.js:260:14)
    at Function.handle (D:\gitHub\basicNodeApp\node_modules\express\lib\router\index.js:174:3)
    at router (D:\gitHub\basicNodeApp\node_modules\express\lib\router\index.js:47:12)
    at Layer.handle [as handle_request] (D:\gitHub\basicNodeApp\node_modules\express\lib\router\layer.js:95:5)
    at trim_prefix (D:\gitHub\basicNodeApp\node_modules\express\lib\router\index.js:317:13)
    at D:\gitHub\basicNodeApp\node_modules\express\lib\router\index.js:284:7
    at Function.process_params (D:\gitHub\basicNodeApp\node_modules\express\lib\router\index.js:335:12)
    at next (D:\gitHub\basicNodeApp\node_modules\express\lib\router\index.js:275:10)
    at app.use (D:\gitHub\basicNodeApp\app.js:55:5)Error msg:  Not Found 
 data: Sun Jan 07 2018 08:32:40 GMT-0200 (Horário brasileiro de verão) stack: Error: Not Found
    at app.use (D:\gitHub\basicNodeApp\app.js:71:16)
    at Layer.handle [as handle_request] (D:\gitHub\basicNodeApp\node_modules\express\lib\router\layer.js:95:5)
    at trim_prefix (D:\gitHub\basicNodeApp\node_modules\express\lib\router\index.js:317:13)
    at D:\gitHub\basicNodeApp\node_modules\express\lib\router\index.js:284:7
    at Function.process_params (D:\gitHub\basicNodeApp\node_modules\express\lib\router\index.js:335:12)
    at next (D:\gitHub\basicNodeApp\node_modules\express\lib\router\index.js:275:10)
    at D:\gitHub\basicNodeApp\node_modules\express\lib\router\index.js:635:15
    at next (D:\gitHub\basicNodeApp\node_modules\express\lib\router\index.js:260:14)
    at Function.handle (D:\gitHub\basicNodeApp\node_modules\express\lib\router\index.js:174:3)
    at router (D:\gitHub\basicNodeApp\node_modules\express\lib\router\index.js:47:12)
    at Layer.handle [as handle_request] (D:\gitHub\basicNodeApp\node_modules\express\lib\router\layer.js:95:5)
    at trim_prefix (D:\gitHub\basicNodeApp\node_modules\express\lib\router\index.js:317:13)
    at D:\gitHub\basicNodeApp\node_modules\express\lib\router\index.js:284:7
    at Function.process_params (D:\gitHub\basicNodeApp\node_modules\express\lib\router\index.js:335:12)
    at next (D:\gitHub\basicNodeApp\node_modules\express\lib\router\index.js:275:10)
    at app.use (D:\gitHub\basicNodeApp\app.js:55:5)Error msg:  Not Found 
 data: Sun Jan 07 2018 08:32:40 GMT-0200 (Horário brasileiro de verão) stack: Error: Not Found
    at app.use (D:\gitHub\basicNodeApp\app.js:71:16)
    at Layer.handle [as handle_request] (D:\gitHub\basicNodeApp\node_modules\express\lib\router\layer.js:95:5)
    at trim_prefix (D:\gitHub\basicNodeApp\node_modules\express\lib\router\index.js:317:13)
    at D:\gitHub\basicNodeApp\node_modules\express\lib\router\index.js:284:7
    at Function.process_params (D:\gitHub\basicNodeApp\node_modules\express\lib\router\index.js:335:12)
    at next (D:\gitHub\basicNodeApp\node_modules\express\lib\router\index.js:275:10)
    at D:\gitHub\basicNodeApp\node_modules\express\lib\router\index.js:635:15
    at next (D:\gitHub\basicNodeApp\node_modules\express\lib\router\index.js:260:14)
    at Function.handle (D:\gitHub\basicNodeApp\node_modules\express\lib\router\index.js:174:3)
    at router (D:\gitHub\basicNodeApp\node_modules\express\lib\router\index.js:47:12)
    at Layer.handle [as handle_request] (D:\gitHub\basicNodeApp\node_modules\express\lib\router\layer.js:95:5)
    at trim_prefix (D:\gitHub\basicNodeApp\node_modules\express\lib\router\index.js:317:13)
    at D:\gitHub\basicNodeApp\node_modules\express\lib\router\index.js:284:7
    at Function.process_params (D:\gitHub\basicNodeApp\node_modules\express\lib\router\index.js:335:12)
    at next (D:\gitHub\basicNodeApp\node_modules\express\lib\router\index.js:275:10)
    at app.use (D:\gitHub\basicNodeApp\app.js:55:5)Error msg:  Not Found 
 data: Sun Jan 07 2018 08:32:41 GMT-0200 (Horário brasileiro de verão) stack: Error: Not Found
    at app.use (D:\gitHub\basicNodeApp\app.js:71:16)
    at Layer.handle [as handle_request] (D:\gitHub\basicNodeApp\node_modules\express\lib\router\layer.js:95:5)
    at trim_prefix (D:\gitHub\basicNodeApp\node_modules\express\lib\router\index.js:317:13)
    at D:\gitHub\basicNodeApp\node_modules\express\lib\router\index.js:284:7
    at Function.process_params (D:\gitHub\basicNodeApp\node_modules\express\lib\router\index.js:335:12)
    at next (D:\gitHub\basicNodeApp\node_modules\express\lib\router\index.js:275:10)
    at D:\gitHub\basicNodeApp\node_modules\express\lib\router\index.js:635:15
    at next (D:\gitHub\basicNodeApp\node_modules\express\lib\router\index.js:260:14)
    at Function.handle (D:\gitHub\basicNodeApp\node_modules\express\lib\router\index.js:174:3)
    at router (D:\gitHub\basicNodeApp\node_modules\express\lib\router\index.js:47:12)
    at Layer.handle [as handle_request] (D:\gitHub\basicNodeApp\node_modules\express\lib\router\layer.js:95:5)
    at trim_prefix (D:\gitHub\basicNodeApp\node_modules\express\lib\router\index.js:317:13)
    at D:\gitHub\basicNodeApp\node_modules\express\lib\router\index.js:284:7
    at Function.process_params (D:\gitHub\basicNodeApp\node_modules\express\lib\router\index.js:335:12)
    at next (D:\gitHub\basicNodeApp\node_modules\express\lib\router\index.js:275:10)
    at app.use (D:\gitHub\basicNodeApp\app.js:55:5)Error msg:  Not Found 
 data: Sun Jan 07 2018 08:32:41 GMT-0200 (Horário brasileiro de verão) stack: Error: Not Found
    at app.use (D:\gitHub\basicNodeApp\app.js:71:16)
    at Layer.handle [as handle_request] (D:\gitHub\basicNodeApp\node_modules\express\lib\router\layer.js:95:5)
    at trim_prefix (D:\gitHub\basicNodeApp\node_modules\express\lib\router\index.js:317:13)
    at D:\gitHub\basicNodeApp\node_modules\express\lib\router\index.js:284:7
    at Function.process_params (D:\gitHub\basicNodeApp\node_modules\express\lib\router\index.js:335:12)
    at next (D:\gitHub\basicNodeApp\node_modules\express\lib\router\index.js:275:10)
    at D:\gitHub\basicNodeApp\node_modules\express\lib\router\index.js:635:15
    at next (D:\gitHub\basicNodeApp\node_modules\express\lib\router\index.js:260:14)
    at Function.handle (D:\gitHub\basicNodeApp\node_modules\express\lib\router\index.js:174:3)
    at router (D:\gitHub\basicNodeApp\node_modules\express\lib\router\index.js:47:12)
    at Layer.handle [as handle_request] (D:\gitHub\basicNodeApp\node_modules\express\lib\router\layer.js:95:5)
    at trim_prefix (D:\gitHub\basicNodeApp\node_modules\express\lib\router\index.js:317:13)
    at D:\gitHub\basicNodeApp\node_modules\express\lib\router\index.js:284:7
    at Function.process_params (D:\gitHub\basicNodeApp\node_modules\express\lib\router\index.js:335:12)
    at next (D:\gitHub\basicNodeApp\node_modules\express\lib\router\index.js:275:10)
    at app.use (D:\gitHub\basicNodeApp\app.js:55:5)Error msg:  Not Found 
 data: Sun Jan 07 2018 08:32:42 GMT-0200 (Horário brasileiro de verão) stack: Error: Not Found
    at app.use (D:\gitHub\basicNodeApp\app.js:71:16)
    at Layer.handle [as handle_request] (D:\gitHub\basicNodeApp\node_modules\express\lib\router\layer.js:95:5)
    at trim_prefix (D:\gitHub\basicNodeApp\node_modules\express\lib\router\index.js:317:13)
    at D:\gitHub\basicNodeApp\node_modules\express\lib\router\index.js:284:7
    at Function.process_params (D:\gitHub\basicNodeApp\node_modules\express\lib\router\index.js:335:12)
    at next (D:\gitHub\basicNodeApp\node_modules\express\lib\router\index.js:275:10)
    at D:\gitHub\basicNodeApp\node_modules\express\lib\router\index.js:635:15
    at next (D:\gitHub\basicNodeApp\node_modules\express\lib\router\index.js:260:14)
    at Function.handle (D:\gitHub\basicNodeApp\node_modules\express\lib\router\index.js:174:3)
    at router (D:\gitHub\basicNodeApp\node_modules\express\lib\router\index.js:47:12)
    at Layer.handle [as handle_request] (D:\gitHub\basicNodeApp\node_modules\express\lib\router\layer.js:95:5)
    at trim_prefix (D:\gitHub\basicNodeApp\node_modules\express\lib\router\index.js:317:13)
    at D:\gitHub\basicNodeApp\node_modules\express\lib\router\index.js:284:7
    at Function.process_params (D:\gitHub\basicNodeApp\node_modules\express\lib\router\index.js:335:12)
    at next (D:\gitHub\basicNodeApp\node_modules\express\lib\router\index.js:275:10)
    at app.use (D:\gitHub\basicNodeApp\app.js:55:5)Error msg:  Not Found 
 data: Sun Jan 07 2018 08:32:42 GMT-0200 (Horário brasileiro de verão) stack: Error: Not Found
    at app.use (D:\gitHub\basicNodeApp\app.js:71:16)
    at Layer.handle [as handle_request] (D:\gitHub\basicNodeApp\node_modules\express\lib\router\layer.js:95:5)
    at trim_prefix (D:\gitHub\basicNodeApp\node_modules\express\lib\router\index.js:317:13)
    at D:\gitHub\basicNodeApp\node_modules\express\lib\router\index.js:284:7
    at Function.process_params (D:\gitHub\basicNodeApp\node_modules\express\lib\router\index.js:335:12)
    at next (D:\gitHub\basicNodeApp\node_modules\express\lib\router\index.js:275:10)
    at D:\gitHub\basicNodeApp\node_modules\express\lib\router\index.js:635:15
    at next (D:\gitHub\basicNodeApp\node_modules\express\lib\router\index.js:260:14)
    at Function.handle (D:\gitHub\basicNodeApp\node_modules\express\lib\router\index.js:174:3)
    at router (D:\gitHub\basicNodeApp\node_modules\express\lib\router\index.js:47:12)
    at Layer.handle [as handle_request] (D:\gitHub\basicNodeApp\node_modules\express\lib\router\layer.js:95:5)
    at trim_prefix (D:\gitHub\basicNodeApp\node_modules\express\lib\router\index.js:317:13)
    at D:\gitHub\basicNodeApp\node_modules\express\lib\router\index.js:284:7
    at Function.process_params (D:\gitHub\basicNodeApp\node_modules\express\lib\router\index.js:335:12)
    at next (D:\gitHub\basicNodeApp\node_modules\express\lib\router\index.js:275:10)
    at app.use (D:\gitHub\basicNodeApp\app.js:55:5)Error msg:  Not Found 
 data: Sun Jan 07 2018 08:32:43 GMT-0200 (Horário brasileiro de verão) stack: Error: Not Found
    at app.use (D:\gitHub\basicNodeApp\app.js:71:16)
    at Layer.handle [as handle_request] (D:\gitHub\basicNodeApp\node_modules\express\lib\router\layer.js:95:5)
    at trim_prefix (D:\gitHub\basicNodeApp\node_modules\express\lib\router\index.js:317:13)
    at D:\gitHub\basicNodeApp\node_modules\express\lib\router\index.js:284:7
    at Function.process_params (D:\gitHub\basicNodeApp\node_modules\express\lib\router\index.js:335:12)
    at next (D:\gitHub\basicNodeApp\node_modules\express\lib\router\index.js:275:10)
    at D:\gitHub\basicNodeApp\node_modules\express\lib\router\index.js:635:15
    at next (D:\gitHub\basicNodeApp\node_modules\express\lib\router\index.js:260:14)
    at Function.handle (D:\gitHub\basicNodeApp\node_modules\express\lib\router\index.js:174:3)
    at router (D:\gitHub\basicNodeApp\node_modules\express\lib\router\index.js:47:12)
    at Layer.handle [as handle_request] (D:\gitHub\basicNodeApp\node_modules\express\lib\router\layer.js:95:5)
    at trim_prefix (D:\gitHub\basicNodeApp\node_modules\express\lib\router\index.js:317:13)
    at D:\gitHub\basicNodeApp\node_modules\express\lib\router\index.js:284:7
    at Function.process_params (D:\gitHub\basicNodeApp\node_modules\express\lib\router\index.js:335:12)
    at next (D:\gitHub\basicNodeApp\node_modules\express\lib\router\index.js:275:10)
    at app.use (D:\gitHub\basicNodeApp\app.js:55:5)Error msg:  Not Found 
 data: Sun Jan 07 2018 08:32:43 GMT-0200 (Horário brasileiro de verão) stack: Error: Not Found
    at app.use (D:\gitHub\basicNodeApp\app.js:71:16)
    at Layer.handle [as handle_request] (D:\gitHub\basicNodeApp\node_modules\express\lib\router\layer.js:95:5)
    at trim_prefix (D:\gitHub\basicNodeApp\node_modules\express\lib\router\index.js:317:13)
    at D:\gitHub\basicNodeApp\node_modules\express\lib\router\index.js:284:7
    at Function.process_params (D:\gitHub\basicNodeApp\node_modules\express\lib\router\index.js:335:12)
    at next (D:\gitHub\basicNodeApp\node_modules\express\lib\router\index.js:275:10)
    at D:\gitHub\basicNodeApp\node_modules\express\lib\router\index.js:635:15
    at next (D:\gitHub\basicNodeApp\node_modules\express\lib\router\index.js:260:14)
    at Function.handle (D:\gitHub\basicNodeApp\node_modules\express\lib\router\index.js:174:3)
    at router (D:\gitHub\basicNodeApp\node_modules\express\lib\router\index.js:47:12)
    at Layer.handle [as handle_request] (D:\gitHub\basicNodeApp\node_modules\express\lib\router\layer.js:95:5)
    at trim_prefix (D:\gitHub\basicNodeApp\node_modules\express\lib\router\index.js:317:13)
    at D:\gitHub\basicNodeApp\node_modules\express\lib\router\index.js:284:7
    at Function.process_params (D:\gitHub\basicNodeApp\node_modules\express\lib\router\index.js:335:12)
    at next (D:\gitHub\basicNodeApp\node_modules\express\lib\router\index.js:275:10)
    at app.use (D:\gitHub\basicNodeApp\app.js:55:5)Error msg:  Not Found 
 data: Sun Jan 07 2018 08:32:43 GMT-0200 (Horário brasileiro de verão) stack: Error: Not Found
    at app.use (D:\gitHub\basicNodeApp\app.js:71:16)
    at Layer.handle [as handle_request] (D:\gitHub\basicNodeApp\node_modules\express\lib\router\layer.js:95:5)
    at trim_prefix (D:\gitHub\basicNodeApp\node_modules\express\lib\router\index.js:317:13)
    at D:\gitHub\basicNodeApp\node_modules\express\lib\router\index.js:284:7
    at Function.process_params (D:\gitHub\basicNodeApp\node_modules\express\lib\router\index.js:335:12)
    at next (D:\gitHub\basicNodeApp\node_modules\express\lib\router\index.js:275:10)
    at D:\gitHub\basicNodeApp\node_modules\express\lib\router\index.js:635:15
    at next (D:\gitHub\basicNodeApp\node_modules\express\lib\router\index.js:260:14)
    at Function.handle (D:\gitHub\basicNodeApp\node_modules\express\lib\router\index.js:174:3)
    at router (D:\gitHub\basicNodeApp\node_modules\express\lib\router\index.js:47:12)
    at Layer.handle [as handle_request] (D:\gitHub\basicNodeApp\node_modules\express\lib\router\layer.js:95:5)
    at trim_prefix (D:\gitHub\basicNodeApp\node_modules\express\lib\router\index.js:317:13)
    at D:\gitHub\basicNodeApp\node_modules\express\lib\router\index.js:284:7
    at Function.process_params (D:\gitHub\basicNodeApp\node_modules\express\lib\router\index.js:335:12)
    at next (D:\gitHub\basicNodeApp\node_modules\express\lib\router\index.js:275:10)
    at app.use (D:\gitHub\basicNodeApp\app.js:55:5)Error msg:  Not Found 
 data: Sun Jan 07 2018 08:32:43 GMT-0200 (Horário brasileiro de verão) stack: Error: Not Found
    at app.use (D:\gitHub\basicNodeApp\app.js:71:16)
    at Layer.handle [as handle_request] (D:\gitHub\basicNodeApp\node_modules\express\lib\router\layer.js:95:5)
    at trim_prefix (D:\gitHub\basicNodeApp\node_modules\express\lib\router\index.js:317:13)
    at D:\gitHub\basicNodeApp\node_modules\express\lib\router\index.js:284:7
    at Function.process_params (D:\gitHub\basicNodeApp\node_modules\express\lib\router\index.js:335:12)
    at next (D:\gitHub\basicNodeApp\node_modules\express\lib\router\index.js:275:10)
    at D:\gitHub\basicNodeApp\node_modules\express\lib\router\index.js:635:15
    at next (D:\gitHub\basicNodeApp\node_modules\express\lib\router\index.js:260:14)
    at Function.handle (D:\gitHub\basicNodeApp\node_modules\express\lib\router\index.js:174:3)
    at router (D:\gitHub\basicNodeApp\node_modules\express\lib\router\index.js:47:12)
    at Layer.handle [as handle_request] (D:\gitHub\basicNodeApp\node_modules\express\lib\router\layer.js:95:5)
    at trim_prefix (D:\gitHub\basicNodeApp\node_modules\express\lib\router\index.js:317:13)
    at D:\gitHub\basicNodeApp\node_modules\express\lib\router\index.js:284:7
    at Function.process_params (D:\gitHub\basicNodeApp\node_modules\express\lib\router\index.js:335:12)
    at next (D:\gitHub\basicNodeApp\node_modules\express\lib\router\index.js:275:10)
    at app.use (D:\gitHub\basicNodeApp\app.js:55:5)Error msg:  Not Found 
 data: Sun Jan 07 2018 08:32:44 GMT-0200 (Horário brasileiro de verão) stack: Error: Not Found
    at app.use (D:\gitHub\basicNodeApp\app.js:71:16)
    at Layer.handle [as handle_request] (D:\gitHub\basicNodeApp\node_modules\express\lib\router\layer.js:95:5)
    at trim_prefix (D:\gitHub\basicNodeApp\node_modules\express\lib\router\index.js:317:13)
    at D:\gitHub\basicNodeApp\node_modules\express\lib\router\index.js:284:7
    at Function.process_params (D:\gitHub\basicNodeApp\node_modules\express\lib\router\index.js:335:12)
    at next (D:\gitHub\basicNodeApp\node_modules\express\lib\router\index.js:275:10)
    at D:\gitHub\basicNodeApp\node_modules\express\lib\router\index.js:635:15
    at next (D:\gitHub\basicNodeApp\node_modules\express\lib\router\index.js:260:14)
    at Function.handle (D:\gitHub\basicNodeApp\node_modules\express\lib\router\index.js:174:3)
    at router (D:\gitHub\basicNodeApp\node_modules\express\lib\router\index.js:47:12)
    at Layer.handle [as handle_request] (D:\gitHub\basicNodeApp\node_modules\express\lib\router\layer.js:95:5)
    at trim_prefix (D:\gitHub\basicNodeApp\node_modules\express\lib\router\index.js:317:13)
    at D:\gitHub\basicNodeApp\node_modules\express\lib\router\index.js:284:7
    at Function.process_params (D:\gitHub\basicNodeApp\node_modules\express\lib\router\index.js:335:12)
    at next (D:\gitHub\basicNodeApp\node_modules\express\lib\router\index.js:275:10)
    at app.use (D:\gitHub\basicNodeApp\app.js:55:5)Error msg:  Not Found 
 data: Sun Jan 07 2018 08:32:44 GMT-0200 (Horário brasileiro de verão) stack: Error: Not Found
    at app.use (D:\gitHub\basicNodeApp\app.js:71:16)
    at Layer.handle [as handle_request] (D:\gitHub\basicNodeApp\node_modules\express\lib\router\layer.js:95:5)
    at trim_prefix (D:\gitHub\basicNodeApp\node_modules\express\lib\router\index.js:317:13)
    at D:\gitHub\basicNodeApp\node_modules\express\lib\router\index.js:284:7
    at Function.process_params (D:\gitHub\basicNodeApp\node_modules\express\lib\router\index.js:335:12)
    at next (D:\gitHub\basicNodeApp\node_modules\express\lib\router\index.js:275:10)
    at D:\gitHub\basicNodeApp\node_modules\express\lib\router\index.js:635:15
    at next (D:\gitHub\basicNodeApp\node_modules\express\lib\router\index.js:260:14)
    at Function.handle (D:\gitHub\basicNodeApp\node_modules\express\lib\router\index.js:174:3)
    at router (D:\gitHub\basicNodeApp\node_modules\express\lib\router\index.js:47:12)
    at Layer.handle [as handle_request] (D:\gitHub\basicNodeApp\node_modules\express\lib\router\layer.js:95:5)
    at trim_prefix (D:\gitHub\basicNodeApp\node_modules\express\lib\router\index.js:317:13)
    at D:\gitHub\basicNodeApp\node_modules\express\lib\router\index.js:284:7
    at Function.process_params (D:\gitHub\basicNodeApp\node_modules\express\lib\router\index.js:335:12)
    at next (D:\gitHub\basicNodeApp\node_modules\express\lib\router\index.js:275:10)
    at app.use (D:\gitHub\basicNodeApp\app.js:55:5)Error msg:  Not Found 
 data: Sun Jan 07 2018 08:32:45 GMT-0200 (Horário brasileiro de verão) stack: Error: Not Found
    at app.use (D:\gitHub\basicNodeApp\app.js:71:16)
    at Layer.handle [as handle_request] (D:\gitHub\basicNodeApp\node_modules\express\lib\router\layer.js:95:5)
    at trim_prefix (D:\gitHub\basicNodeApp\node_modules\express\lib\router\index.js:317:13)
    at D:\gitHub\basicNodeApp\node_modules\express\lib\router\index.js:284:7
    at Function.process_params (D:\gitHub\basicNodeApp\node_modules\express\lib\router\index.js:335:12)
    at next (D:\gitHub\basicNodeApp\node_modules\express\lib\router\index.js:275:10)
    at D:\gitHub\basicNodeApp\node_modules\express\lib\router\index.js:635:15
    at next (D:\gitHub\basicNodeApp\node_modules\express\lib\router\index.js:260:14)
    at Function.handle (D:\gitHub\basicNodeApp\node_modules\express\lib\router\index.js:174:3)
    at router (D:\gitHub\basicNodeApp\node_modules\express\lib\router\index.js:47:12)
    at Layer.handle [as handle_request] (D:\gitHub\basicNodeApp\node_modules\express\lib\router\layer.js:95:5)
    at trim_prefix (D:\gitHub\basicNodeApp\node_modules\express\lib\router\index.js:317:13)
    at D:\gitHub\basicNodeApp\node_modules\express\lib\router\index.js:284:7
    at Function.process_params (D:\gitHub\basicNodeApp\node_modules\express\lib\router\index.js:335:12)
    at next (D:\gitHub\basicNodeApp\node_modules\express\lib\router\index.js:275:10)
    at app.use (D:\gitHub\basicNodeApp\app.js:55:5)Error msg:  Not Found 
 data: Sun Jan 07 2018 08:32:45 GMT-0200 (Horário brasileiro de verão) stack: Error: Not Found
    at app.use (D:\gitHub\basicNodeApp\app.js:71:16)
    at Layer.handle [as handle_request] (D:\gitHub\basicNodeApp\node_modules\express\lib\router\layer.js:95:5)
    at trim_prefix (D:\gitHub\basicNodeApp\node_modules\express\lib\router\index.js:317:13)
    at D:\gitHub\basicNodeApp\node_modules\express\lib\router\index.js:284:7
    at Function.process_params (D:\gitHub\basicNodeApp\node_modules\express\lib\router\index.js:335:12)
    at next (D:\gitHub\basicNodeApp\node_modules\express\lib\router\index.js:275:10)
    at D:\gitHub\basicNodeApp\node_modules\express\lib\router\index.js:635:15
    at next (D:\gitHub\basicNodeApp\node_modules\express\lib\router\index.js:260:14)
    at Function.handle (D:\gitHub\basicNodeApp\node_modules\express\lib\router\index.js:174:3)
    at router (D:\gitHub\basicNodeApp\node_modules\express\lib\router\index.js:47:12)
    at Layer.handle [as handle_request] (D:\gitHub\basicNodeApp\node_modules\express\lib\router\layer.js:95:5)
    at trim_prefix (D:\gitHub\basicNodeApp\node_modules\express\lib\router\index.js:317:13)
    at D:\gitHub\basicNodeApp\node_modules\express\lib\router\index.js:284:7
    at Function.process_params (D:\gitHub\basicNodeApp\node_modules\express\lib\router\index.js:335:12)
    at next (D:\gitHub\basicNodeApp\node_modules\express\lib\router\index.js:275:10)
    at app.use (D:\gitHub\basicNodeApp\app.js:55:5)Error msg:  Not Found 
 data: Sun Jan 07 2018 08:32:46 GMT-0200 (Horário brasileiro de verão) stack: Error: Not Found
    at app.use (D:\gitHub\basicNodeApp\app.js:71:16)
    at Layer.handle [as handle_request] (D:\gitHub\basicNodeApp\node_modules\express\lib\router\layer.js:95:5)
    at trim_prefix (D:\gitHub\basicNodeApp\node_modules\express\lib\router\index.js:317:13)
    at D:\gitHub\basicNodeApp\node_modules\express\lib\router\index.js:284:7
    at Function.process_params (D:\gitHub\basicNodeApp\node_modules\express\lib\router\index.js:335:12)
    at next (D:\gitHub\basicNodeApp\node_modules\express\lib\router\index.js:275:10)
    at D:\gitHub\basicNodeApp\node_modules\express\lib\router\index.js:635:15
    at next (D:\gitHub\basicNodeApp\node_modules\express\lib\router\index.js:260:14)
    at Function.handle (D:\gitHub\basicNodeApp\node_modules\express\lib\router\index.js:174:3)
    at router (D:\gitHub\basicNodeApp\node_modules\express\lib\router\index.js:47:12)
    at Layer.handle [as handle_request] (D:\gitHub\basicNodeApp\node_modules\express\lib\router\layer.js:95:5)
    at trim_prefix (D:\gitHub\basicNodeApp\node_modules\express\lib\router\index.js:317:13)
    at D:\gitHub\basicNodeApp\node_modules\express\lib\router\index.js:284:7
    at Function.process_params (D:\gitHub\basicNodeApp\node_modules\express\lib\router\index.js:335:12)
    at next (D:\gitHub\basicNodeApp\node_modules\express\lib\router\index.js:275:10)
    at app.use (D:\gitHub\basicNodeApp\app.js:55:5)Error msg:  Not Found 
 data: Sun Jan 07 2018 08:32:46 GMT-0200 (Horário brasileiro de verão) stack: Error: Not Found
    at app.use (D:\gitHub\basicNodeApp\app.js:71:16)
    at Layer.handle [as handle_request] (D:\gitHub\basicNodeApp\node_modules\express\lib\router\layer.js:95:5)
    at trim_prefix (D:\gitHub\basicNodeApp\node_modules\express\lib\router\index.js:317:13)
    at D:\gitHub\basicNodeApp\node_modules\express\lib\router\index.js:284:7
    at Function.process_params (D:\gitHub\basicNodeApp\node_modules\express\lib\router\index.js:335:12)
    at next (D:\gitHub\basicNodeApp\node_modules\express\lib\router\index.js:275:10)
    at D:\gitHub\basicNodeApp\node_modules\express\lib\router\index.js:635:15
    at next (D:\gitHub\basicNodeApp\node_modules\express\lib\router\index.js:260:14)
    at Function.handle (D:\gitHub\basicNodeApp\node_modules\express\lib\router\index.js:174:3)
    at router (D:\gitHub\basicNodeApp\node_modules\express\lib\router\index.js:47:12)
    at Layer.handle [as handle_request] (D:\gitHub\basicNodeApp\node_modules\express\lib\router\layer.js:95:5)
    at trim_prefix (D:\gitHub\basicNodeApp\node_modules\express\lib\router\index.js:317:13)
    at D:\gitHub\basicNodeApp\node_modules\express\lib\router\index.js:284:7
    at Function.process_params (D:\gitHub\basicNodeApp\node_modules\express\lib\router\index.js:335:12)
    at next (D:\gitHub\basicNodeApp\node_modules\express\lib\router\index.js:275:10)
    at app.use (D:\gitHub\basicNodeApp\app.js:55:5)Error msg:  Not Found 
 data: Sun Jan 07 2018 08:32:46 GMT-0200 (Horário brasileiro de verão) stack: Error: Not Found
    at app.use (D:\gitHub\basicNodeApp\app.js:71:16)
    at Layer.handle [as handle_request] (D:\gitHub\basicNodeApp\node_modules\express\lib\router\layer.js:95:5)
    at trim_prefix (D:\gitHub\basicNodeApp\node_modules\express\lib\router\index.js:317:13)
    at D:\gitHub\basicNodeApp\node_modules\express\lib\router\index.js:284:7
    at Function.process_params (D:\gitHub\basicNodeApp\node_modules\express\lib\router\index.js:335:12)
    at next (D:\gitHub\basicNodeApp\node_modules\express\lib\router\index.js:275:10)
    at D:\gitHub\basicNodeApp\node_modules\express\lib\router\index.js:635:15
    at next (D:\gitHub\basicNodeApp\node_modules\express\lib\router\index.js:260:14)
    at Function.handle (D:\gitHub\basicNodeApp\node_modules\express\lib\router\index.js:174:3)
    at router (D:\gitHub\basicNodeApp\node_modules\express\lib\router\index.js:47:12)
    at Layer.handle [as handle_request] (D:\gitHub\basicNodeApp\node_modules\express\lib\router\layer.js:95:5)
    at trim_prefix (D:\gitHub\basicNodeApp\node_modules\express\lib\router\index.js:317:13)
    at D:\gitHub\basicNodeApp\node_modules\express\lib\router\index.js:284:7
    at Function.process_params (D:\gitHub\basicNodeApp\node_modules\express\lib\router\index.js:335:12)
    at next (D:\gitHub\basicNodeApp\node_modules\express\lib\router\index.js:275:10)
    at app.use (D:\gitHub\basicNodeApp\app.js:55:5)Error msg:  Not Found 
 data: Sun Jan 07 2018 08:32:46 GMT-0200 (Horário brasileiro de verão) stack: Error: Not Found
    at app.use (D:\gitHub\basicNodeApp\app.js:71:16)
    at Layer.handle [as handle_request] (D:\gitHub\basicNodeApp\node_modules\express\lib\router\layer.js:95:5)
    at trim_prefix (D:\gitHub\basicNodeApp\node_modules\express\lib\router\index.js:317:13)
    at D:\gitHub\basicNodeApp\node_modules\express\lib\router\index.js:284:7
    at Function.process_params (D:\gitHub\basicNodeApp\node_modules\express\lib\router\index.js:335:12)
    at next (D:\gitHub\basicNodeApp\node_modules\express\lib\router\index.js:275:10)
    at D:\gitHub\basicNodeApp\node_modules\express\lib\router\index.js:635:15
    at next (D:\gitHub\basicNodeApp\node_modules\express\lib\router\index.js:260:14)
    at Function.handle (D:\gitHub\basicNodeApp\node_modules\express\lib\router\index.js:174:3)
    at router (D:\gitHub\basicNodeApp\node_modules\express\lib\router\index.js:47:12)
    at Layer.handle [as handle_request] (D:\gitHub\basicNodeApp\node_modules\express\lib\router\layer.js:95:5)
    at trim_prefix (D:\gitHub\basicNodeApp\node_modules\express\lib\router\index.js:317:13)
    at D:\gitHub\basicNodeApp\node_modules\express\lib\router\index.js:284:7
    at Function.process_params (D:\gitHub\basicNodeApp\node_modules\express\lib\router\index.js:335:12)
    at next (D:\gitHub\basicNodeApp\node_modules\express\lib\router\index.js:275:10)
    at app.use (D:\gitHub\basicNodeApp\app.js:55:5)Error msg:  Not Found 
 data: Sun Jan 07 2018 08:32:47 GMT-0200 (Horário brasileiro de verão) stack: Error: Not Found
    at app.use (D:\gitHub\basicNodeApp\app.js:71:16)
    at Layer.handle [as handle_request] (D:\gitHub\basicNodeApp\node_modules\express\lib\router\layer.js:95:5)
    at trim_prefix (D:\gitHub\basicNodeApp\node_modules\express\lib\router\index.js:317:13)
    at D:\gitHub\basicNodeApp\node_modules\express\lib\router\index.js:284:7
    at Function.process_params (D:\gitHub\basicNodeApp\node_modules\express\lib\router\index.js:335:12)
    at next (D:\gitHub\basicNodeApp\node_modules\express\lib\router\index.js:275:10)
    at D:\gitHub\basicNodeApp\node_modules\express\lib\router\index.js:635:15
    at next (D:\gitHub\basicNodeApp\node_modules\express\lib\router\index.js:260:14)
    at Function.handle (D:\gitHub\basicNodeApp\node_modules\express\lib\router\index.js:174:3)
    at router (D:\gitHub\basicNodeApp\node_modules\express\lib\router\index.js:47:12)
    at Layer.handle [as handle_request] (D:\gitHub\basicNodeApp\node_modules\express\lib\router\layer.js:95:5)
    at trim_prefix (D:\gitHub\basicNodeApp\node_modules\express\lib\router\index.js:317:13)
    at D:\gitHub\basicNodeApp\node_modules\express\lib\router\index.js:284:7
    at Function.process_params (D:\gitHub\basicNodeApp\node_modules\express\lib\router\index.js:335:12)
    at next (D:\gitHub\basicNodeApp\node_modules\express\lib\router\index.js:275:10)
    at app.use (D:\gitHub\basicNodeApp\app.js:55:5)Error msg:  Not Found 
 data: Sun Jan 07 2018 08:32:47 GMT-0200 (Horário brasileiro de verão) stack: Error: Not Found
    at app.use (D:\gitHub\basicNodeApp\app.js:71:16)
    at Layer.handle [as handle_request] (D:\gitHub\basicNodeApp\node_modules\express\lib\router\layer.js:95:5)
    at trim_prefix (D:\gitHub\basicNodeApp\node_modules\express\lib\router\index.js:317:13)
    at D:\gitHub\basicNodeApp\node_modules\express\lib\router\index.js:284:7
    at Function.process_params (D:\gitHub\basicNodeApp\node_modules\express\lib\router\index.js:335:12)
    at next (D:\gitHub\basicNodeApp\node_modules\express\lib\router\index.js:275:10)
    at D:\gitHub\basicNodeApp\node_modules\express\lib\router\index.js:635:15
    at next (D:\gitHub\basicNodeApp\node_modules\express\lib\router\index.js:260:14)
    at Function.handle (D:\gitHub\basicNodeApp\node_modules\express\lib\router\index.js:174:3)
    at router (D:\gitHub\basicNodeApp\node_modules\express\lib\router\index.js:47:12)
    at Layer.handle [as handle_request] (D:\gitHub\basicNodeApp\node_modules\express\lib\router\layer.js:95:5)
    at trim_prefix (D:\gitHub\basicNodeApp\node_modules\express\lib\router\index.js:317:13)
    at D:\gitHub\basicNodeApp\node_modules\express\lib\router\index.js:284:7
    at Function.process_params (D:\gitHub\basicNodeApp\node_modules\express\lib\router\index.js:335:12)
    at next (D:\gitHub\basicNodeApp\node_modules\express\lib\router\index.js:275:10)
    at app.use (D:\gitHub\basicNodeApp\app.js:55:5)Error msg:  Not Found 
 data: Sun Jan 07 2018 08:32:48 GMT-0200 (Horário brasileiro de verão) stack: Error: Not Found
    at app.use (D:\gitHub\basicNodeApp\app.js:71:16)
    at Layer.handle [as handle_request] (D:\gitHub\basicNodeApp\node_modules\express\lib\router\layer.js:95:5)
    at trim_prefix (D:\gitHub\basicNodeApp\node_modules\express\lib\router\index.js:317:13)
    at D:\gitHub\basicNodeApp\node_modules\express\lib\router\index.js:284:7
    at Function.process_params (D:\gitHub\basicNodeApp\node_modules\express\lib\router\index.js:335:12)
    at next (D:\gitHub\basicNodeApp\node_modules\express\lib\router\index.js:275:10)
    at D:\gitHub\basicNodeApp\node_modules\express\lib\router\index.js:635:15
    at next (D:\gitHub\basicNodeApp\node_modules\express\lib\router\index.js:260:14)
    at Function.handle (D:\gitHub\basicNodeApp\node_modules\express\lib\router\index.js:174:3)
    at router (D:\gitHub\basicNodeApp\node_modules\express\lib\router\index.js:47:12)
    at Layer.handle [as handle_request] (D:\gitHub\basicNodeApp\node_modules\express\lib\router\layer.js:95:5)
    at trim_prefix (D:\gitHub\basicNodeApp\node_modules\express\lib\router\index.js:317:13)
    at D:\gitHub\basicNodeApp\node_modules\express\lib\router\index.js:284:7
    at Function.process_params (D:\gitHub\basicNodeApp\node_modules\express\lib\router\index.js:335:12)
    at next (D:\gitHub\basicNodeApp\node_modules\express\lib\router\index.js:275:10)
    at app.use (D:\gitHub\basicNodeApp\app.js:55:5)Error msg:  Not Found 
 data: Sun Jan 07 2018 08:32:48 GMT-0200 (Horário brasileiro de verão) stack: Error: Not Found
    at app.use (D:\gitHub\basicNodeApp\app.js:71:16)
    at Layer.handle [as handle_request] (D:\gitHub\basicNodeApp\node_modules\express\lib\router\layer.js:95:5)
    at trim_prefix (D:\gitHub\basicNodeApp\node_modules\express\lib\router\index.js:317:13)
    at D:\gitHub\basicNodeApp\node_modules\express\lib\router\index.js:284:7
    at Function.process_params (D:\gitHub\basicNodeApp\node_modules\express\lib\router\index.js:335:12)
    at next (D:\gitHub\basicNodeApp\node_modules\express\lib\router\index.js:275:10)
    at D:\gitHub\basicNodeApp\node_modules\express\lib\router\index.js:635:15
    at next (D:\gitHub\basicNodeApp\node_modules\express\lib\router\index.js:260:14)
    at Function.handle (D:\gitHub\basicNodeApp\node_modules\express\lib\router\index.js:174:3)
    at router (D:\gitHub\basicNodeApp\node_modules\express\lib\router\index.js:47:12)
    at Layer.handle [as handle_request] (D:\gitHub\basicNodeApp\node_modules\express\lib\router\layer.js:95:5)
    at trim_prefix (D:\gitHub\basicNodeApp\node_modules\express\lib\router\index.js:317:13)
    at D:\gitHub\basicNodeApp\node_modules\express\lib\router\index.js:284:7
    at Function.process_params (D:\gitHub\basicNodeApp\node_modules\express\lib\router\index.js:335:12)
    at next (D:\gitHub\basicNodeApp\node_modules\express\lib\router\index.js:275:10)
    at app.use (D:\gitHub\basicNodeApp\app.js:55:5)Error msg:  Not Found 
 data: Sun Jan 07 2018 08:32:49 GMT-0200 (Horário brasileiro de verão) stack: Error: Not Found
    at app.use (D:\gitHub\basicNodeApp\app.js:71:16)
    at Layer.handle [as handle_request] (D:\gitHub\basicNodeApp\node_modules\express\lib\router\layer.js:95:5)
    at trim_prefix (D:\gitHub\basicNodeApp\node_modules\express\lib\router\index.js:317:13)
    at D:\gitHub\basicNodeApp\node_modules\express\lib\router\index.js:284:7
    at Function.process_params (D:\gitHub\basicNodeApp\node_modules\express\lib\router\index.js:335:12)
    at next (D:\gitHub\basicNodeApp\node_modules\express\lib\router\index.js:275:10)
    at D:\gitHub\basicNodeApp\node_modules\express\lib\router\index.js:635:15
    at next (D:\gitHub\basicNodeApp\node_modules\express\lib\router\index.js:260:14)
    at Function.handle (D:\gitHub\basicNodeApp\node_modules\express\lib\router\index.js:174:3)
    at router (D:\gitHub\basicNodeApp\node_modules\express\lib\router\index.js:47:12)
    at Layer.handle [as handle_request] (D:\gitHub\basicNodeApp\node_modules\express\lib\router\layer.js:95:5)
    at trim_prefix (D:\gitHub\basicNodeApp\node_modules\express\lib\router\index.js:317:13)
    at D:\gitHub\basicNodeApp\node_modules\express\lib\router\index.js:284:7
    at Function.process_params (D:\gitHub\basicNodeApp\node_modules\express\lib\router\index.js:335:12)
    at next (D:\gitHub\basicNodeApp\node_modules\express\lib\router\index.js:275:10)
    at app.use (D:\gitHub\basicNodeApp\app.js:55:5)Error msg:  Not Found 
 data: Sun Jan 07 2018 08:32:49 GMT-0200 (Horário brasileiro de verão) stack: Error: Not Found
    at app.use (D:\gitHub\basicNodeApp\app.js:71:16)
    at Layer.handle [as handle_request] (D:\gitHub\basicNodeApp\node_modules\express\lib\router\layer.js:95:5)
    at trim_prefix (D:\gitHub\basicNodeApp\node_modules\express\lib\router\index.js:317:13)
    at D:\gitHub\basicNodeApp\node_modules\express\lib\router\index.js:284:7
    at Function.process_params (D:\gitHub\basicNodeApp\node_modules\express\lib\router\index.js:335:12)
    at next (D:\gitHub\basicNodeApp\node_modules\express\lib\router\index.js:275:10)
    at D:\gitHub\basicNodeApp\node_modules\express\lib\router\index.js:635:15
    at next (D:\gitHub\basicNodeApp\node_modules\express\lib\router\index.js:260:14)
    at Function.handle (D:\gitHub\basicNodeApp\node_modules\express\lib\router\index.js:174:3)
    at router (D:\gitHub\basicNodeApp\node_modules\express\lib\router\index.js:47:12)
    at Layer.handle [as handle_request] (D:\gitHub\basicNodeApp\node_modules\express\lib\router\layer.js:95:5)
    at trim_prefix (D:\gitHub\basicNodeApp\node_modules\express\lib\router\index.js:317:13)
    at D:\gitHub\basicNodeApp\node_modules\express\lib\router\index.js:284:7
    at Function.process_params (D:\gitHub\basicNodeApp\node_modules\express\lib\router\index.js:335:12)
    at next (D:\gitHub\basicNodeApp\node_modules\express\lib\router\index.js:275:10)
    at app.use (D:\gitHub\basicNodeApp\app.js:55:5)Error msg:  Not Found 
 data: Sun Jan 07 2018 08:32:49 GMT-0200 (Horário brasileiro de verão) stack: Error: Not Found
    at app.use (D:\gitHub\basicNodeApp\app.js:71:16)
    at Layer.handle [as handle_request] (D:\gitHub\basicNodeApp\node_modules\express\lib\router\layer.js:95:5)
    at trim_prefix (D:\gitHub\basicNodeApp\node_modules\express\lib\router\index.js:317:13)
    at D:\gitHub\basicNodeApp\node_modules\express\lib\router\index.js:284:7
    at Function.process_params (D:\gitHub\basicNodeApp\node_modules\express\lib\router\index.js:335:12)
    at next (D:\gitHub\basicNodeApp\node_modules\express\lib\router\index.js:275:10)
    at D:\gitHub\basicNodeApp\node_modules\express\lib\router\index.js:635:15
    at next (D:\gitHub\basicNodeApp\node_modules\express\lib\router\index.js:260:14)
    at Function.handle (D:\gitHub\basicNodeApp\node_modules\express\lib\router\index.js:174:3)
    at router (D:\gitHub\basicNodeApp\node_modules\express\lib\router\index.js:47:12)
    at Layer.handle [as handle_request] (D:\gitHub\basicNodeApp\node_modules\express\lib\router\layer.js:95:5)
    at trim_prefix (D:\gitHub\basicNodeApp\node_modules\express\lib\router\index.js:317:13)
    at D:\gitHub\basicNodeApp\node_modules\express\lib\router\index.js:284:7
    at Function.process_params (D:\gitHub\basicNodeApp\node_modules\express\lib\router\index.js:335:12)
    at next (D:\gitHub\basicNodeApp\node_modules\express\lib\router\index.js:275:10)
    at app.use (D:\gitHub\basicNodeApp\app.js:55:5)Error msg:  Not Found 
 data: Sun Jan 07 2018 08:32:49 GMT-0200 (Horário brasileiro de verão) stack: Error: Not Found
    at app.use (D:\gitHub\basicNodeApp\app.js:71:16)
    at Layer.handle [as handle_request] (D:\gitHub\basicNodeApp\node_modules\express\lib\router\layer.js:95:5)
    at trim_prefix (D:\gitHub\basicNodeApp\node_modules\express\lib\router\index.js:317:13)
    at D:\gitHub\basicNodeApp\node_modules\express\lib\router\index.js:284:7
    at Function.process_params (D:\gitHub\basicNodeApp\node_modules\express\lib\router\index.js:335:12)
    at next (D:\gitHub\basicNodeApp\node_modules\express\lib\router\index.js:275:10)
    at D:\gitHub\basicNodeApp\node_modules\express\lib\router\index.js:635:15
    at next (D:\gitHub\basicNodeApp\node_modules\express\lib\router\index.js:260:14)
    at Function.handle (D:\gitHub\basicNodeApp\node_modules\express\lib\router\index.js:174:3)
    at router (D:\gitHub\basicNodeApp\node_modules\express\lib\router\index.js:47:12)
    at Layer.handle [as handle_request] (D:\gitHub\basicNodeApp\node_modules\express\lib\router\layer.js:95:5)
    at trim_prefix (D:\gitHub\basicNodeApp\node_modules\express\lib\router\index.js:317:13)
    at D:\gitHub\basicNodeApp\node_modules\express\lib\router\index.js:284:7
    at Function.process_params (D:\gitHub\basicNodeApp\node_modules\express\lib\router\index.js:335:12)
    at next (D:\gitHub\basicNodeApp\node_modules\express\lib\router\index.js:275:10)
    at app.use (D:\gitHub\basicNodeApp\app.js:55:5)Error msg:  Not Found 
 data: Sun Jan 07 2018 08:32:50 GMT-0200 (Horário brasileiro de verão) stack: Error: Not Found
    at app.use (D:\gitHub\basicNodeApp\app.js:71:16)
    at Layer.handle [as handle_request] (D:\gitHub\basicNodeApp\node_modules\express\lib\router\layer.js:95:5)
    at trim_prefix (D:\gitHub\basicNodeApp\node_modules\express\lib\router\index.js:317:13)
    at D:\gitHub\basicNodeApp\node_modules\express\lib\router\index.js:284:7
    at Function.process_params (D:\gitHub\basicNodeApp\node_modules\express\lib\router\index.js:335:12)
    at next (D:\gitHub\basicNodeApp\node_modules\express\lib\router\index.js:275:10)
    at D:\gitHub\basicNodeApp\node_modules\express\lib\router\index.js:635:15
    at next (D:\gitHub\basicNodeApp\node_modules\express\lib\router\index.js:260:14)
    at Function.handle (D:\gitHub\basicNodeApp\node_modules\express\lib\router\index.js:174:3)
    at router (D:\gitHub\basicNodeApp\node_modules\express\lib\router\index.js:47:12)
    at Layer.handle [as handle_request] (D:\gitHub\basicNodeApp\node_modules\express\lib\router\layer.js:95:5)
    at trim_prefix (D:\gitHub\basicNodeApp\node_modules\express\lib\router\index.js:317:13)
    at D:\gitHub\basicNodeApp\node_modules\express\lib\router\index.js:284:7
    at Function.process_params (D:\gitHub\basicNodeApp\node_modules\express\lib\router\index.js:335:12)
    at next (D:\gitHub\basicNodeApp\node_modules\express\lib\router\index.js:275:10)
    at app.use (D:\gitHub\basicNodeApp\app.js:55:5)Error msg:  Not Found 
 data: Sun Jan 07 2018 08:32:50 GMT-0200 (Horário brasileiro de verão) stack: Error: Not Found
    at app.use (D:\gitHub\basicNodeApp\app.js:71:16)
    at Layer.handle [as handle_request] (D:\gitHub\basicNodeApp\node_modules\express\lib\router\layer.js:95:5)
    at trim_prefix (D:\gitHub\basicNodeApp\node_modules\express\lib\router\index.js:317:13)
    at D:\gitHub\basicNodeApp\node_modules\express\lib\router\index.js:284:7
    at Function.process_params (D:\gitHub\basicNodeApp\node_modules\express\lib\router\index.js:335:12)
    at next (D:\gitHub\basicNodeApp\node_modules\express\lib\router\index.js:275:10)
    at D:\gitHub\basicNodeApp\node_modules\express\lib\router\index.js:635:15
    at next (D:\gitHub\basicNodeApp\node_modules\express\lib\router\index.js:260:14)
    at Function.handle (D:\gitHub\basicNodeApp\node_modules\express\lib\router\index.js:174:3)
    at router (D:\gitHub\basicNodeApp\node_modules\express\lib\router\index.js:47:12)
    at Layer.handle [as handle_request] (D:\gitHub\basicNodeApp\node_modules\express\lib\router\layer.js:95:5)
    at trim_prefix (D:\gitHub\basicNodeApp\node_modules\express\lib\router\index.js:317:13)
    at D:\gitHub\basicNodeApp\node_modules\express\lib\router\index.js:284:7
    at Function.process_params (D:\gitHub\basicNodeApp\node_modules\express\lib\router\index.js:335:12)
    at next (D:\gitHub\basicNodeApp\node_modules\express\lib\router\index.js:275:10)
    at app.use (D:\gitHub\basicNodeApp\app.js:55:5)Error msg:  Not Found 
 data: Sun Jan 07 2018 08:32:51 GMT-0200 (Horário brasileiro de verão) stack: Error: Not Found
    at app.use (D:\gitHub\basicNodeApp\app.js:71:16)
    at Layer.handle [as handle_request] (D:\gitHub\basicNodeApp\node_modules\express\lib\router\layer.js:95:5)
    at trim_prefix (D:\gitHub\basicNodeApp\node_modules\express\lib\router\index.js:317:13)
    at D:\gitHub\basicNodeApp\node_modules\express\lib\router\index.js:284:7
    at Function.process_params (D:\gitHub\basicNodeApp\node_modules\express\lib\router\index.js:335:12)
    at next (D:\gitHub\basicNodeApp\node_modules\express\lib\router\index.js:275:10)
    at D:\gitHub\basicNodeApp\node_modules\express\lib\router\index.js:635:15
    at next (D:\gitHub\basicNodeApp\node_modules\express\lib\router\index.js:260:14)
    at Function.handle (D:\gitHub\basicNodeApp\node_modules\express\lib\router\index.js:174:3)
    at router (D:\gitHub\basicNodeApp\node_modules\express\lib\router\index.js:47:12)
    at Layer.handle [as handle_request] (D:\gitHub\basicNodeApp\node_modules\express\lib\router\layer.js:95:5)
    at trim_prefix (D:\gitHub\basicNodeApp\node_modules\express\lib\router\index.js:317:13)
    at D:\gitHub\basicNodeApp\node_modules\express\lib\router\index.js:284:7
    at Function.process_params (D:\gitHub\basicNodeApp\node_modules\express\lib\router\index.js:335:12)
    at next (D:\gitHub\basicNodeApp\node_modules\express\lib\router\index.js:275:10)
    at app.use (D:\gitHub\basicNodeApp\app.js:55:5)Error msg:  Not Found 
 data: Sun Jan 07 2018 08:32:51 GMT-0200 (Horário brasileiro de verão) stack: Error: Not Found
    at app.use (D:\gitHub\basicNodeApp\app.js:71:16)
    at Layer.handle [as handle_request] (D:\gitHub\basicNodeApp\node_modules\express\lib\router\layer.js:95:5)
    at trim_prefix (D:\gitHub\basicNodeApp\node_modules\express\lib\router\index.js:317:13)
    at D:\gitHub\basicNodeApp\node_modules\express\lib\router\index.js:284:7
    at Function.process_params (D:\gitHub\basicNodeApp\node_modules\express\lib\router\index.js:335:12)
    at next (D:\gitHub\basicNodeApp\node_modules\express\lib\router\index.js:275:10)
    at D:\gitHub\basicNodeApp\node_modules\express\lib\router\index.js:635:15
    at next (D:\gitHub\basicNodeApp\node_modules\express\lib\router\index.js:260:14)
    at Function.handle (D:\gitHub\basicNodeApp\node_modules\express\lib\router\index.js:174:3)
    at router (D:\gitHub\basicNodeApp\node_modules\express\lib\router\index.js:47:12)
    at Layer.handle [as handle_request] (D:\gitHub\basicNodeApp\node_modules\express\lib\router\layer.js:95:5)
    at trim_prefix (D:\gitHub\basicNodeApp\node_modules\express\lib\router\index.js:317:13)
    at D:\gitHub\basicNodeApp\node_modules\express\lib\router\index.js:284:7
    at Function.process_params (D:\gitHub\basicNodeApp\node_modules\express\lib\router\index.js:335:12)
    at next (D:\gitHub\basicNodeApp\node_modules\express\lib\router\index.js:275:10)
    at app.use (D:\gitHub\basicNodeApp\app.js:55:5)Error msg:  Not Found 
 data: Sun Jan 07 2018 08:32:52 GMT-0200 (Horário brasileiro de verão) stack: Error: Not Found
    at app.use (D:\gitHub\basicNodeApp\app.js:71:16)
    at Layer.handle [as handle_request] (D:\gitHub\basicNodeApp\node_modules\express\lib\router\layer.js:95:5)
    at trim_prefix (D:\gitHub\basicNodeApp\node_modules\express\lib\router\index.js:317:13)
    at D:\gitHub\basicNodeApp\node_modules\express\lib\router\index.js:284:7
    at Function.process_params (D:\gitHub\basicNodeApp\node_modules\express\lib\router\index.js:335:12)
    at next (D:\gitHub\basicNodeApp\node_modules\express\lib\router\index.js:275:10)
    at D:\gitHub\basicNodeApp\node_modules\express\lib\router\index.js:635:15
    at next (D:\gitHub\basicNodeApp\node_modules\express\lib\router\index.js:260:14)
    at Function.handle (D:\gitHub\basicNodeApp\node_modules\express\lib\router\index.js:174:3)
    at router (D:\gitHub\basicNodeApp\node_modules\express\lib\router\index.js:47:12)
    at Layer.handle [as handle_request] (D:\gitHub\basicNodeApp\node_modules\express\lib\router\layer.js:95:5)
    at trim_prefix (D:\gitHub\basicNodeApp\node_modules\express\lib\router\index.js:317:13)
    at D:\gitHub\basicNodeApp\node_modules\express\lib\router\index.js:284:7
    at Function.process_params (D:\gitHub\basicNodeApp\node_modules\express\lib\router\index.js:335:12)
    at next (D:\gitHub\basicNodeApp\node_modules\express\lib\router\index.js:275:10)
    at app.use (D:\gitHub\basicNodeApp\app.js:55:5)Error msg:  Not Found 
 data: Sun Jan 07 2018 08:32:52 GMT-0200 (Horário brasileiro de verão) stack: Error: Not Found
    at app.use (D:\gitHub\basicNodeApp\app.js:71:16)
    at Layer.handle [as handle_request] (D:\gitHub\basicNodeApp\node_modules\express\lib\router\layer.js:95:5)
    at trim_prefix (D:\gitHub\basicNodeApp\node_modules\express\lib\router\index.js:317:13)
    at D:\gitHub\basicNodeApp\node_modules\express\lib\router\index.js:284:7
    at Function.process_params (D:\gitHub\basicNodeApp\node_modules\express\lib\router\index.js:335:12)
    at next (D:\gitHub\basicNodeApp\node_modules\express\lib\router\index.js:275:10)
    at D:\gitHub\basicNodeApp\node_modules\express\lib\router\index.js:635:15
    at next (D:\gitHub\basicNodeApp\node_modules\express\lib\router\index.js:260:14)
    at Function.handle (D:\gitHub\basicNodeApp\node_modules\express\lib\router\index.js:174:3)
    at router (D:\gitHub\basicNodeApp\node_modules\express\lib\router\index.js:47:12)
    at Layer.handle [as handle_request] (D:\gitHub\basicNodeApp\node_modules\express\lib\router\layer.js:95:5)
    at trim_prefix (D:\gitHub\basicNodeApp\node_modules\express\lib\router\index.js:317:13)
    at D:\gitHub\basicNodeApp\node_modules\express\lib\router\index.js:284:7
    at Function.process_params (D:\gitHub\basicNodeApp\node_modules\express\lib\router\index.js:335:12)
    at next (D:\gitHub\basicNodeApp\node_modules\express\lib\router\index.js:275:10)
    at app.use (D:\gitHub\basicNodeApp\app.js:55:5)Error msg:  Not Found 
 data: Sun Jan 07 2018 08:32:52 GMT-0200 (Horário brasileiro de verão) stack: Error: Not Found
    at app.use (D:\gitHub\basicNodeApp\app.js:71:16)
    at Layer.handle [as handle_request] (D:\gitHub\basicNodeApp\node_modules\express\lib\router\layer.js:95:5)
    at trim_prefix (D:\gitHub\basicNodeApp\node_modules\express\lib\router\index.js:317:13)
    at D:\gitHub\basicNodeApp\node_modules\express\lib\router\index.js:284:7
    at Function.process_params (D:\gitHub\basicNodeApp\node_modules\express\lib\router\index.js:335:12)
    at next (D:\gitHub\basicNodeApp\node_modules\express\lib\router\index.js:275:10)
    at D:\gitHub\basicNodeApp\node_modules\express\lib\router\index.js:635:15
    at next (D:\gitHub\basicNodeApp\node_modules\express\lib\router\index.js:260:14)
    at Function.handle (D:\gitHub\basicNodeApp\node_modules\express\lib\router\index.js:174:3)
    at router (D:\gitHub\basicNodeApp\node_modules\express\lib\router\index.js:47:12)
    at Layer.handle [as handle_request] (D:\gitHub\basicNodeApp\node_modules\express\lib\router\layer.js:95:5)
    at trim_prefix (D:\gitHub\basicNodeApp\node_modules\express\lib\router\index.js:317:13)
    at D:\gitHub\basicNodeApp\node_modules\express\lib\router\index.js:284:7
    at Function.process_params (D:\gitHub\basicNodeApp\node_modules\express\lib\router\index.js:335:12)
    at next (D:\gitHub\basicNodeApp\node_modules\express\lib\router\index.js:275:10)
    at app.use (D:\gitHub\basicNodeApp\app.js:55:5)Error msg:  Not Found 
 data: Sun Jan 07 2018 08:32:52 GMT-0200 (Horário brasileiro de verão) stack: Error: Not Found
    at app.use (D:\gitHub\basicNodeApp\app.js:71:16)
    at Layer.handle [as handle_request] (D:\gitHub\basicNodeApp\node_modules\express\lib\router\layer.js:95:5)
    at trim_prefix (D:\gitHub\basicNodeApp\node_modules\express\lib\router\index.js:317:13)
    at D:\gitHub\basicNodeApp\node_modules\express\lib\router\index.js:284:7
    at Function.process_params (D:\gitHub\basicNodeApp\node_modules\express\lib\router\index.js:335:12)
    at next (D:\gitHub\basicNodeApp\node_modules\express\lib\router\index.js:275:10)
    at D:\gitHub\basicNodeApp\node_modules\express\lib\router\index.js:635:15
    at next (D:\gitHub\basicNodeApp\node_modules\express\lib\router\index.js:260:14)
    at Function.handle (D:\gitHub\basicNodeApp\node_modules\express\lib\router\index.js:174:3)
    at router (D:\gitHub\basicNodeApp\node_modules\express\lib\router\index.js:47:12)
    at Layer.handle [as handle_request] (D:\gitHub\basicNodeApp\node_modules\express\lib\router\layer.js:95:5)
    at trim_prefix (D:\gitHub\basicNodeApp\node_modules\express\lib\router\index.js:317:13)
    at D:\gitHub\basicNodeApp\node_modules\express\lib\router\index.js:284:7
    at Function.process_params (D:\gitHub\basicNodeApp\node_modules\express\lib\router\index.js:335:12)
    at next (D:\gitHub\basicNodeApp\node_modules\express\lib\router\index.js:275:10)
    at app.use (D:\gitHub\basicNodeApp\app.js:55:5)Error msg:  Not Found 
 data: Sun Jan 07 2018 08:32:53 GMT-0200 (Horário brasileiro de verão) stack: Error: Not Found
    at app.use (D:\gitHub\basicNodeApp\app.js:71:16)
    at Layer.handle [as handle_request] (D:\gitHub\basicNodeApp\node_modules\express\lib\router\layer.js:95:5)
    at trim_prefix (D:\gitHub\basicNodeApp\node_modules\express\lib\router\index.js:317:13)
    at D:\gitHub\basicNodeApp\node_modules\express\lib\router\index.js:284:7
    at Function.process_params (D:\gitHub\basicNodeApp\node_modules\express\lib\router\index.js:335:12)
    at next (D:\gitHub\basicNodeApp\node_modules\express\lib\router\index.js:275:10)
    at D:\gitHub\basicNodeApp\node_modules\express\lib\router\index.js:635:15
    at next (D:\gitHub\basicNodeApp\node_modules\express\lib\router\index.js:260:14)
    at Function.handle (D:\gitHub\basicNodeApp\node_modules\express\lib\router\index.js:174:3)
    at router (D:\gitHub\basicNodeApp\node_modules\express\lib\router\index.js:47:12)
    at Layer.handle [as handle_request] (D:\gitHub\basicNodeApp\node_modules\express\lib\router\layer.js:95:5)
    at trim_prefix (D:\gitHub\basicNodeApp\node_modules\express\lib\router\index.js:317:13)
    at D:\gitHub\basicNodeApp\node_modules\express\lib\router\index.js:284:7
    at Function.process_params (D:\gitHub\basicNodeApp\node_modules\express\lib\router\index.js:335:12)
    at next (D:\gitHub\basicNodeApp\node_modules\express\lib\router\index.js:275:10)
    at app.use (D:\gitHub\basicNodeApp\app.js:55:5)Error msg:  Not Found 
 data: Sun Jan 07 2018 08:32:53 GMT-0200 (Horário brasileiro de verão) stack: Error: Not Found
    at app.use (D:\gitHub\basicNodeApp\app.js:71:16)
    at Layer.handle [as handle_request] (D:\gitHub\basicNodeApp\node_modules\express\lib\router\layer.js:95:5)
    at trim_prefix (D:\gitHub\basicNodeApp\node_modules\express\lib\router\index.js:317:13)
    at D:\gitHub\basicNodeApp\node_modules\express\lib\router\index.js:284:7
    at Function.process_params (D:\gitHub\basicNodeApp\node_modules\express\lib\router\index.js:335:12)
    at next (D:\gitHub\basicNodeApp\node_modules\express\lib\router\index.js:275:10)
    at D:\gitHub\basicNodeApp\node_modules\express\lib\router\index.js:635:15
    at next (D:\gitHub\basicNodeApp\node_modules\express\lib\router\index.js:260:14)
    at Function.handle (D:\gitHub\basicNodeApp\node_modules\express\lib\router\index.js:174:3)
    at router (D:\gitHub\basicNodeApp\node_modules\express\lib\router\index.js:47:12)
    at Layer.handle [as handle_request] (D:\gitHub\basicNodeApp\node_modules\express\lib\router\layer.js:95:5)
    at trim_prefix (D:\gitHub\basicNodeApp\node_modules\express\lib\router\index.js:317:13)
    at D:\gitHub\basicNodeApp\node_modules\express\lib\router\index.js:284:7
    at Function.process_params (D:\gitHub\basicNodeApp\node_modules\express\lib\router\index.js:335:12)
    at next (D:\gitHub\basicNodeApp\node_modules\express\lib\router\index.js:275:10)
    at app.use (D:\gitHub\basicNodeApp\app.js:55:5)Error msg:  Not Found 
 data: Sun Jan 07 2018 08:32:55 GMT-0200 (Horário brasileiro de verão) stack: Error: Not Found
    at app.use (D:\gitHub\basicNodeApp\app.js:71:16)
    at Layer.handle [as handle_request] (D:\gitHub\basicNodeApp\node_modules\express\lib\router\layer.js:95:5)
    at trim_prefix (D:\gitHub\basicNodeApp\node_modules\express\lib\router\index.js:317:13)
    at D:\gitHub\basicNodeApp\node_modules\express\lib\router\index.js:284:7
    at Function.process_params (D:\gitHub\basicNodeApp\node_modules\express\lib\router\index.js:335:12)
    at next (D:\gitHub\basicNodeApp\node_modules\express\lib\router\index.js:275:10)
    at D:\gitHub\basicNodeApp\node_modules\express\lib\router\index.js:635:15
    at next (D:\gitHub\basicNodeApp\node_modules\express\lib\router\index.js:260:14)
    at Function.handle (D:\gitHub\basicNodeApp\node_modules\express\lib\router\index.js:174:3)
    at router (D:\gitHub\basicNodeApp\node_modules\express\lib\router\index.js:47:12)
    at Layer.handle [as handle_request] (D:\gitHub\basicNodeApp\node_modules\express\lib\router\layer.js:95:5)
    at trim_prefix (D:\gitHub\basicNodeApp\node_modules\express\lib\router\index.js:317:13)
    at D:\gitHub\basicNodeApp\node_modules\express\lib\router\index.js:284:7
    at Function.process_params (D:\gitHub\basicNodeApp\node_modules\express\lib\router\index.js:335:12)
    at next (D:\gitHub\basicNodeApp\node_modules\express\lib\router\index.js:275:10)
    at app.use (D:\gitHub\basicNodeApp\app.js:55:5)Error msg:  Not Found 
 data: Sun Jan 07 2018 08:32:55 GMT-0200 (Horário brasileiro de verão) stack: Error: Not Found
    at app.use (D:\gitHub\basicNodeApp\app.js:71:16)
    at Layer.handle [as handle_request] (D:\gitHub\basicNodeApp\node_modules\express\lib\router\layer.js:95:5)
    at trim_prefix (D:\gitHub\basicNodeApp\node_modules\express\lib\router\index.js:317:13)
    at D:\gitHub\basicNodeApp\node_modules\express\lib\router\index.js:284:7
    at Function.process_params (D:\gitHub\basicNodeApp\node_modules\express\lib\router\index.js:335:12)
    at next (D:\gitHub\basicNodeApp\node_modules\express\lib\router\index.js:275:10)
    at D:\gitHub\basicNodeApp\node_modules\express\lib\router\index.js:635:15
    at next (D:\gitHub\basicNodeApp\node_modules\express\lib\router\index.js:260:14)
    at Function.handle (D:\gitHub\basicNodeApp\node_modules\express\lib\router\index.js:174:3)
    at router (D:\gitHub\basicNodeApp\node_modules\express\lib\router\index.js:47:12)
    at Layer.handle [as handle_request] (D:\gitHub\basicNodeApp\node_modules\express\lib\router\layer.js:95:5)
    at trim_prefix (D:\gitHub\basicNodeApp\node_modules\express\lib\router\index.js:317:13)
    at D:\gitHub\basicNodeApp\node_modules\express\lib\router\index.js:284:7
    at Function.process_params (D:\gitHub\basicNodeApp\node_modules\express\lib\router\index.js:335:12)
    at next (D:\gitHub\basicNodeApp\node_modules\express\lib\router\index.js:275:10)
    at app.use (D:\gitHub\basicNodeApp\app.js:55:5)Error msg:  Not Found 
 data: Sun Jan 07 2018 08:32:55 GMT-0200 (Horário brasileiro de verão) stack: Error: Not Found
    at app.use (D:\gitHub\basicNodeApp\app.js:71:16)
    at Layer.handle [as handle_request] (D:\gitHub\basicNodeApp\node_modules\express\lib\router\layer.js:95:5)
    at trim_prefix (D:\gitHub\basicNodeApp\node_modules\express\lib\router\index.js:317:13)
    at D:\gitHub\basicNodeApp\node_modules\express\lib\router\index.js:284:7
    at Function.process_params (D:\gitHub\basicNodeApp\node_modules\express\lib\router\index.js:335:12)
    at next (D:\gitHub\basicNodeApp\node_modules\express\lib\router\index.js:275:10)
    at D:\gitHub\basicNodeApp\node_modules\express\lib\router\index.js:635:15
    at next (D:\gitHub\basicNodeApp\node_modules\express\lib\router\index.js:260:14)
    at Function.handle (D:\gitHub\basicNodeApp\node_modules\express\lib\router\index.js:174:3)
    at router (D:\gitHub\basicNodeApp\node_modules\express\lib\router\index.js:47:12)
    at Layer.handle [as handle_request] (D:\gitHub\basicNodeApp\node_modules\express\lib\router\layer.js:95:5)
    at trim_prefix (D:\gitHub\basicNodeApp\node_modules\express\lib\router\index.js:317:13)
    at D:\gitHub\basicNodeApp\node_modules\express\lib\router\index.js:284:7
    at Function.process_params (D:\gitHub\basicNodeApp\node_modules\express\lib\router\index.js:335:12)
    at next (D:\gitHub\basicNodeApp\node_modules\express\lib\router\index.js:275:10)
    at app.use (D:\gitHub\basicNodeApp\app.js:55:5)Error msg:  Not Found 
 data: Sun Jan 07 2018 08:32:55 GMT-0200 (Horário brasileiro de verão) stack: Error: Not Found
    at app.use (D:\gitHub\basicNodeApp\app.js:71:16)
    at Layer.handle [as handle_request] (D:\gitHub\basicNodeApp\node_modules\express\lib\router\layer.js:95:5)
    at trim_prefix (D:\gitHub\basicNodeApp\node_modules\express\lib\router\index.js:317:13)
    at D:\gitHub\basicNodeApp\node_modules\express\lib\router\index.js:284:7
    at Function.process_params (D:\gitHub\basicNodeApp\node_modules\express\lib\router\index.js:335:12)
    at next (D:\gitHub\basicNodeApp\node_modules\express\lib\router\index.js:275:10)
    at D:\gitHub\basicNodeApp\node_modules\express\lib\router\index.js:635:15
    at next (D:\gitHub\basicNodeApp\node_modules\express\lib\router\index.js:260:14)
    at Function.handle (D:\gitHub\basicNodeApp\node_modules\express\lib\router\index.js:174:3)
    at router (D:\gitHub\basicNodeApp\node_modules\express\lib\router\index.js:47:12)
    at Layer.handle [as handle_request] (D:\gitHub\basicNodeApp\node_modules\express\lib\router\layer.js:95:5)
    at trim_prefix (D:\gitHub\basicNodeApp\node_modules\express\lib\router\index.js:317:13)
    at D:\gitHub\basicNodeApp\node_modules\express\lib\router\index.js:284:7
    at Function.process_params (D:\gitHub\basicNodeApp\node_modules\express\lib\router\index.js:335:12)
    at next (D:\gitHub\basicNodeApp\node_modules\express\lib\router\index.js:275:10)
    at app.use (D:\gitHub\basicNodeApp\app.js:55:5)Error msg:  Not Found 
 data: Sun Jan 07 2018 08:32:56 GMT-0200 (Horário brasileiro de verão) stack: Error: Not Found
    at app.use (D:\gitHub\basicNodeApp\app.js:71:16)
    at Layer.handle [as handle_request] (D:\gitHub\basicNodeApp\node_modules\express\lib\router\layer.js:95:5)
    at trim_prefix (D:\gitHub\basicNodeApp\node_modules\express\lib\router\index.js:317:13)
    at D:\gitHub\basicNodeApp\node_modules\express\lib\router\index.js:284:7
    at Function.process_params (D:\gitHub\basicNodeApp\node_modules\express\lib\router\index.js:335:12)
    at next (D:\gitHub\basicNodeApp\node_modules\express\lib\router\index.js:275:10)
    at D:\gitHub\basicNodeApp\node_modules\express\lib\router\index.js:635:15
    at next (D:\gitHub\basicNodeApp\node_modules\express\lib\router\index.js:260:14)
    at Function.handle (D:\gitHub\basicNodeApp\node_modules\express\lib\router\index.js:174:3)
    at router (D:\gitHub\basicNodeApp\node_modules\express\lib\router\index.js:47:12)
    at Layer.handle [as handle_request] (D:\gitHub\basicNodeApp\node_modules\express\lib\router\layer.js:95:5)
    at trim_prefix (D:\gitHub\basicNodeApp\node_modules\express\lib\router\index.js:317:13)
    at D:\gitHub\basicNodeApp\node_modules\express\lib\router\index.js:284:7
    at Function.process_params (D:\gitHub\basicNodeApp\node_modules\express\lib\router\index.js:335:12)
    at next (D:\gitHub\basicNodeApp\node_modules\express\lib\router\index.js:275:10)
    at app.use (D:\gitHub\basicNodeApp\app.js:55:5)Error msg:  Not Found 
 data: Sun Jan 07 2018 08:32:56 GMT-0200 (Horário brasileiro de verão) stack: Error: Not Found
    at app.use (D:\gitHub\basicNodeApp\app.js:71:16)
    at Layer.handle [as handle_request] (D:\gitHub\basicNodeApp\node_modules\express\lib\router\layer.js:95:5)
    at trim_prefix (D:\gitHub\basicNodeApp\node_modules\express\lib\router\index.js:317:13)
    at D:\gitHub\basicNodeApp\node_modules\express\lib\router\index.js:284:7
    at Function.process_params (D:\gitHub\basicNodeApp\node_modules\express\lib\router\index.js:335:12)
    at next (D:\gitHub\basicNodeApp\node_modules\express\lib\router\index.js:275:10)
    at D:\gitHub\basicNodeApp\node_modules\express\lib\router\index.js:635:15
    at next (D:\gitHub\basicNodeApp\node_modules\express\lib\router\index.js:260:14)
    at Function.handle (D:\gitHub\basicNodeApp\node_modules\express\lib\router\index.js:174:3)
    at router (D:\gitHub\basicNodeApp\node_modules\express\lib\router\index.js:47:12)
    at Layer.handle [as handle_request] (D:\gitHub\basicNodeApp\node_modules\express\lib\router\layer.js:95:5)
    at trim_prefix (D:\gitHub\basicNodeApp\node_modules\express\lib\router\index.js:317:13)
    at D:\gitHub\basicNodeApp\node_modules\express\lib\router\index.js:284:7
    at Function.process_params (D:\gitHub\basicNodeApp\node_modules\express\lib\router\index.js:335:12)
    at next (D:\gitHub\basicNodeApp\node_modules\express\lib\router\index.js:275:10)
    at app.use (D:\gitHub\basicNodeApp\app.js:55:5)Error msg:  Not Found 
 data: Sun Jan 07 2018 08:32:57 GMT-0200 (Horário brasileiro de verão) stack: Error: Not Found
    at app.use (D:\gitHub\basicNodeApp\app.js:71:16)
    at Layer.handle [as handle_request] (D:\gitHub\basicNodeApp\node_modules\express\lib\router\layer.js:95:5)
    at trim_prefix (D:\gitHub\basicNodeApp\node_modules\express\lib\router\index.js:317:13)
    at D:\gitHub\basicNodeApp\node_modules\express\lib\router\index.js:284:7
    at Function.process_params (D:\gitHub\basicNodeApp\node_modules\express\lib\router\index.js:335:12)
    at next (D:\gitHub\basicNodeApp\node_modules\express\lib\router\index.js:275:10)
    at D:\gitHub\basicNodeApp\node_modules\express\lib\router\index.js:635:15
    at next (D:\gitHub\basicNodeApp\node_modules\express\lib\router\index.js:260:14)
    at Function.handle (D:\gitHub\basicNodeApp\node_modules\express\lib\router\index.js:174:3)
    at router (D:\gitHub\basicNodeApp\node_modules\express\lib\router\index.js:47:12)
    at Layer.handle [as handle_request] (D:\gitHub\basicNodeApp\node_modules\express\lib\router\layer.js:95:5)
    at trim_prefix (D:\gitHub\basicNodeApp\node_modules\express\lib\router\index.js:317:13)
    at D:\gitHub\basicNodeApp\node_modules\express\lib\router\index.js:284:7
    at Function.process_params (D:\gitHub\basicNodeApp\node_modules\express\lib\router\index.js:335:12)
    at next (D:\gitHub\basicNodeApp\node_modules\express\lib\router\index.js:275:10)
    at app.use (D:\gitHub\basicNodeApp\app.js:55:5)Error msg:  Not Found 
 data: Sun Jan 07 2018 08:32:57 GMT-0200 (Horário brasileiro de verão) stack: Error: Not Found
    at app.use (D:\gitHub\basicNodeApp\app.js:71:16)
    at Layer.handle [as handle_request] (D:\gitHub\basicNodeApp\node_modules\express\lib\router\layer.js:95:5)
    at trim_prefix (D:\gitHub\basicNodeApp\node_modules\express\lib\router\index.js:317:13)
    at D:\gitHub\basicNodeApp\node_modules\express\lib\router\index.js:284:7
    at Function.process_params (D:\gitHub\basicNodeApp\node_modules\express\lib\router\index.js:335:12)
    at next (D:\gitHub\basicNodeApp\node_modules\express\lib\router\index.js:275:10)
    at D:\gitHub\basicNodeApp\node_modules\express\lib\router\index.js:635:15
    at next (D:\gitHub\basicNodeApp\node_modules\express\lib\router\index.js:260:14)
    at Function.handle (D:\gitHub\basicNodeApp\node_modules\express\lib\router\index.js:174:3)
    at router (D:\gitHub\basicNodeApp\node_modules\express\lib\router\index.js:47:12)
    at Layer.handle [as handle_request] (D:\gitHub\basicNodeApp\node_modules\express\lib\router\layer.js:95:5)
    at trim_prefix (D:\gitHub\basicNodeApp\node_modules\express\lib\router\index.js:317:13)
    at D:\gitHub\basicNodeApp\node_modules\express\lib\router\index.js:284:7
    at Function.process_params (D:\gitHub\basicNodeApp\node_modules\express\lib\router\index.js:335:12)
    at next (D:\gitHub\basicNodeApp\node_modules\express\lib\router\index.js:275:10)
    at app.use (D:\gitHub\basicNodeApp\app.js:55:5)Error msg:  Not Found 
 data: Sun Jan 07 2018 08:32:58 GMT-0200 (Horário brasileiro de verão) stack: Error: Not Found
    at app.use (D:\gitHub\basicNodeApp\app.js:71:16)
    at Layer.handle [as handle_request] (D:\gitHub\basicNodeApp\node_modules\express\lib\router\layer.js:95:5)
    at trim_prefix (D:\gitHub\basicNodeApp\node_modules\express\lib\router\index.js:317:13)
    at D:\gitHub\basicNodeApp\node_modules\express\lib\router\index.js:284:7
    at Function.process_params (D:\gitHub\basicNodeApp\node_modules\express\lib\router\index.js:335:12)
    at next (D:\gitHub\basicNodeApp\node_modules\express\lib\router\index.js:275:10)
    at D:\gitHub\basicNodeApp\node_modules\express\lib\router\index.js:635:15
    at next (D:\gitHub\basicNodeApp\node_modules\express\lib\router\index.js:260:14)
    at Function.handle (D:\gitHub\basicNodeApp\node_modules\express\lib\router\index.js:174:3)
    at router (D:\gitHub\basicNodeApp\node_modules\express\lib\router\index.js:47:12)
    at Layer.handle [as handle_request] (D:\gitHub\basicNodeApp\node_modules\express\lib\router\layer.js:95:5)
    at trim_prefix (D:\gitHub\basicNodeApp\node_modules\express\lib\router\index.js:317:13)
    at D:\gitHub\basicNodeApp\node_modules\express\lib\router\index.js:284:7
    at Function.process_params (D:\gitHub\basicNodeApp\node_modules\express\lib\router\index.js:335:12)
    at next (D:\gitHub\basicNodeApp\node_modules\express\lib\router\index.js:275:10)
    at app.use (D:\gitHub\basicNodeApp\app.js:55:5)Error msg:  Not Found 
 data: Sun Jan 07 2018 08:32:58 GMT-0200 (Horário brasileiro de verão) stack: Error: Not Found
    at app.use (D:\gitHub\basicNodeApp\app.js:71:16)
    at Layer.handle [as handle_request] (D:\gitHub\basicNodeApp\node_modules\express\lib\router\layer.js:95:5)
    at trim_prefix (D:\gitHub\basicNodeApp\node_modules\express\lib\router\index.js:317:13)
    at D:\gitHub\basicNodeApp\node_modules\express\lib\router\index.js:284:7
    at Function.process_params (D:\gitHub\basicNodeApp\node_modules\express\lib\router\index.js:335:12)
    at next (D:\gitHub\basicNodeApp\node_modules\express\lib\router\index.js:275:10)
    at D:\gitHub\basicNodeApp\node_modules\express\lib\router\index.js:635:15
    at next (D:\gitHub\basicNodeApp\node_modules\express\lib\router\index.js:260:14)
    at Function.handle (D:\gitHub\basicNodeApp\node_modules\express\lib\router\index.js:174:3)
    at router (D:\gitHub\basicNodeApp\node_modules\express\lib\router\index.js:47:12)
    at Layer.handle [as handle_request] (D:\gitHub\basicNodeApp\node_modules\express\lib\router\layer.js:95:5)
    at trim_prefix (D:\gitHub\basicNodeApp\node_modules\express\lib\router\index.js:317:13)
    at D:\gitHub\basicNodeApp\node_modules\express\lib\router\index.js:284:7
    at Function.process_params (D:\gitHub\basicNodeApp\node_modules\express\lib\router\index.js:335:12)
    at next (D:\gitHub\basicNodeApp\node_modules\express\lib\router\index.js:275:10)
    at app.use (D:\gitHub\basicNodeApp\app.js:55:5)Error msg:  Not Found 
 data: Sun Jan 07 2018 08:32:58 GMT-0200 (Horário brasileiro de verão) stack: Error: Not Found
    at app.use (D:\gitHub\basicNodeApp\app.js:71:16)
    at Layer.handle [as handle_request] (D:\gitHub\basicNodeApp\node_modules\express\lib\router\layer.js:95:5)
    at trim_prefix (D:\gitHub\basicNodeApp\node_modules\express\lib\router\index.js:317:13)
    at D:\gitHub\basicNodeApp\node_modules\express\lib\router\index.js:284:7
    at Function.process_params (D:\gitHub\basicNodeApp\node_modules\express\lib\router\index.js:335:12)
    at next (D:\gitHub\basicNodeApp\node_modules\express\lib\router\index.js:275:10)
    at D:\gitHub\basicNodeApp\node_modules\express\lib\router\index.js:635:15
    at next (D:\gitHub\basicNodeApp\node_modules\express\lib\router\index.js:260:14)
    at Function.handle (D:\gitHub\basicNodeApp\node_modules\express\lib\router\index.js:174:3)
    at router (D:\gitHub\basicNodeApp\node_modules\express\lib\router\index.js:47:12)
    at Layer.handle [as handle_request] (D:\gitHub\basicNodeApp\node_modules\express\lib\router\layer.js:95:5)
    at trim_prefix (D:\gitHub\basicNodeApp\node_modules\express\lib\router\index.js:317:13)
    at D:\gitHub\basicNodeApp\node_modules\express\lib\router\index.js:284:7
    at Function.process_params (D:\gitHub\basicNodeApp\node_modules\express\lib\router\index.js:335:12)
    at next (D:\gitHub\basicNodeApp\node_modules\express\lib\router\index.js:275:10)
    at app.use (D:\gitHub\basicNodeApp\app.js:55:5)Error msg:  Not Found 
 data: Sun Jan 07 2018 08:32:58 GMT-0200 (Horário brasileiro de verão) stack: Error: Not Found
    at app.use (D:\gitHub\basicNodeApp\app.js:71:16)
    at Layer.handle [as handle_request] (D:\gitHub\basicNodeApp\node_modules\express\lib\router\layer.js:95:5)
    at trim_prefix (D:\gitHub\basicNodeApp\node_modules\express\lib\router\index.js:317:13)
    at D:\gitHub\basicNodeApp\node_modules\express\lib\router\index.js:284:7
    at Function.process_params (D:\gitHub\basicNodeApp\node_modules\express\lib\router\index.js:335:12)
    at next (D:\gitHub\basicNodeApp\node_modules\express\lib\router\index.js:275:10)
    at D:\gitHub\basicNodeApp\node_modules\express\lib\router\index.js:635:15
    at next (D:\gitHub\basicNodeApp\node_modules\express\lib\router\index.js:260:14)
    at Function.handle (D:\gitHub\basicNodeApp\node_modules\express\lib\router\index.js:174:3)
    at router (D:\gitHub\basicNodeApp\node_modules\express\lib\router\index.js:47:12)
    at Layer.handle [as handle_request] (D:\gitHub\basicNodeApp\node_modules\express\lib\router\layer.js:95:5)
    at trim_prefix (D:\gitHub\basicNodeApp\node_modules\express\lib\router\index.js:317:13)
    at D:\gitHub\basicNodeApp\node_modules\express\lib\router\index.js:284:7
    at Function.process_params (D:\gitHub\basicNodeApp\node_modules\express\lib\router\index.js:335:12)
    at next (D:\gitHub\basicNodeApp\node_modules\express\lib\router\index.js:275:10)
    at app.use (D:\gitHub\basicNodeApp\app.js:55:5)Error msg:  Not Found 
 data: Sun Jan 07 2018 08:32:59 GMT-0200 (Horário brasileiro de verão) stack: Error: Not Found
    at app.use (D:\gitHub\basicNodeApp\app.js:71:16)
    at Layer.handle [as handle_request] (D:\gitHub\basicNodeApp\node_modules\express\lib\router\layer.js:95:5)
    at trim_prefix (D:\gitHub\basicNodeApp\node_modules\express\lib\router\index.js:317:13)
    at D:\gitHub\basicNodeApp\node_modules\express\lib\router\index.js:284:7
    at Function.process_params (D:\gitHub\basicNodeApp\node_modules\express\lib\router\index.js:335:12)
    at next (D:\gitHub\basicNodeApp\node_modules\express\lib\router\index.js:275:10)
    at D:\gitHub\basicNodeApp\node_modules\express\lib\router\index.js:635:15
    at next (D:\gitHub\basicNodeApp\node_modules\express\lib\router\index.js:260:14)
    at Function.handle (D:\gitHub\basicNodeApp\node_modules\express\lib\router\index.js:174:3)
    at router (D:\gitHub\basicNodeApp\node_modules\express\lib\router\index.js:47:12)
    at Layer.handle [as handle_request] (D:\gitHub\basicNodeApp\node_modules\express\lib\router\layer.js:95:5)
    at trim_prefix (D:\gitHub\basicNodeApp\node_modules\express\lib\router\index.js:317:13)
    at D:\gitHub\basicNodeApp\node_modules\express\lib\router\index.js:284:7
    at Function.process_params (D:\gitHub\basicNodeApp\node_modules\express\lib\router\index.js:335:12)
    at next (D:\gitHub\basicNodeApp\node_modules\express\lib\router\index.js:275:10)
    at app.use (D:\gitHub\basicNodeApp\app.js:55:5)Error msg:  Not Found 
 data: Sun Jan 07 2018 08:32:59 GMT-0200 (Horário brasileiro de verão) stack: Error: Not Found
    at app.use (D:\gitHub\basicNodeApp\app.js:71:16)
    at Layer.handle [as handle_request] (D:\gitHub\basicNodeApp\node_modules\express\lib\router\layer.js:95:5)
    at trim_prefix (D:\gitHub\basicNodeApp\node_modules\express\lib\router\index.js:317:13)
    at D:\gitHub\basicNodeApp\node_modules\express\lib\router\index.js:284:7
    at Function.process_params (D:\gitHub\basicNodeApp\node_modules\express\lib\router\index.js:335:12)
    at next (D:\gitHub\basicNodeApp\node_modules\express\lib\router\index.js:275:10)
    at D:\gitHub\basicNodeApp\node_modules\express\lib\router\index.js:635:15
    at next (D:\gitHub\basicNodeApp\node_modules\express\lib\router\index.js:260:14)
    at Function.handle (D:\gitHub\basicNodeApp\node_modules\express\lib\router\index.js:174:3)
    at router (D:\gitHub\basicNodeApp\node_modules\express\lib\router\index.js:47:12)
    at Layer.handle [as handle_request] (D:\gitHub\basicNodeApp\node_modules\express\lib\router\layer.js:95:5)
    at trim_prefix (D:\gitHub\basicNodeApp\node_modules\express\lib\router\index.js:317:13)
    at D:\gitHub\basicNodeApp\node_modules\express\lib\router\index.js:284:7
    at Function.process_params (D:\gitHub\basicNodeApp\node_modules\express\lib\router\index.js:335:12)
    at next (D:\gitHub\basicNodeApp\node_modules\express\lib\router\index.js:275:10)
    at app.use (D:\gitHub\basicNodeApp\app.js:55:5)Error msg:  Not Found 
 data: Sun Jan 07 2018 08:33:00 GMT-0200 (Horário brasileiro de verão) stack: Error: Not Found
    at app.use (D:\gitHub\basicNodeApp\app.js:71:16)
    at Layer.handle [as handle_request] (D:\gitHub\basicNodeApp\node_modules\express\lib\router\layer.js:95:5)
    at trim_prefix (D:\gitHub\basicNodeApp\node_modules\express\lib\router\index.js:317:13)
    at D:\gitHub\basicNodeApp\node_modules\express\lib\router\index.js:284:7
    at Function.process_params (D:\gitHub\basicNodeApp\node_modules\express\lib\router\index.js:335:12)
    at next (D:\gitHub\basicNodeApp\node_modules\express\lib\router\index.js:275:10)
    at D:\gitHub\basicNodeApp\node_modules\express\lib\router\index.js:635:15
    at next (D:\gitHub\basicNodeApp\node_modules\express\lib\router\index.js:260:14)
    at Function.handle (D:\gitHub\basicNodeApp\node_modules\express\lib\router\index.js:174:3)
    at router (D:\gitHub\basicNodeApp\node_modules\express\lib\router\index.js:47:12)
    at Layer.handle [as handle_request] (D:\gitHub\basicNodeApp\node_modules\express\lib\router\layer.js:95:5)
    at trim_prefix (D:\gitHub\basicNodeApp\node_modules\express\lib\router\index.js:317:13)
    at D:\gitHub\basicNodeApp\node_modules\express\lib\router\index.js:284:7
    at Function.process_params (D:\gitHub\basicNodeApp\node_modules\express\lib\router\index.js:335:12)
    at next (D:\gitHub\basicNodeApp\node_modules\express\lib\router\index.js:275:10)
    at app.use (D:\gitHub\basicNodeApp\app.js:55:5)Error msg:  Not Found 
 data: Sun Jan 07 2018 08:33:00 GMT-0200 (Horário brasileiro de verão) stack: Error: Not Found
    at app.use (D:\gitHub\basicNodeApp\app.js:71:16)
    at Layer.handle [as handle_request] (D:\gitHub\basicNodeApp\node_modules\express\lib\router\layer.js:95:5)
    at trim_prefix (D:\gitHub\basicNodeApp\node_modules\express\lib\router\index.js:317:13)
    at D:\gitHub\basicNodeApp\node_modules\express\lib\router\index.js:284:7
    at Function.process_params (D:\gitHub\basicNodeApp\node_modules\express\lib\router\index.js:335:12)
    at next (D:\gitHub\basicNodeApp\node_modules\express\lib\router\index.js:275:10)
    at D:\gitHub\basicNodeApp\node_modules\express\lib\router\index.js:635:15
    at next (D:\gitHub\basicNodeApp\node_modules\express\lib\router\index.js:260:14)
    at Function.handle (D:\gitHub\basicNodeApp\node_modules\express\lib\router\index.js:174:3)
    at router (D:\gitHub\basicNodeApp\node_modules\express\lib\router\index.js:47:12)
    at Layer.handle [as handle_request] (D:\gitHub\basicNodeApp\node_modules\express\lib\router\layer.js:95:5)
    at trim_prefix (D:\gitHub\basicNodeApp\node_modules\express\lib\router\index.js:317:13)
    at D:\gitHub\basicNodeApp\node_modules\express\lib\router\index.js:284:7
    at Function.process_params (D:\gitHub\basicNodeApp\node_modules\express\lib\router\index.js:335:12)
    at next (D:\gitHub\basicNodeApp\node_modules\express\lib\router\index.js:275:10)
    at app.use (D:\gitHub\basicNodeApp\app.js:55:5)Error msg:  Not Found 
 data: Sun Jan 07 2018 08:33:01 GMT-0200 (Horário brasileiro de verão) stack: Error: Not Found
    at app.use (D:\gitHub\basicNodeApp\app.js:71:16)
    at Layer.handle [as handle_request] (D:\gitHub\basicNodeApp\node_modules\express\lib\router\layer.js:95:5)
    at trim_prefix (D:\gitHub\basicNodeApp\node_modules\express\lib\router\index.js:317:13)
    at D:\gitHub\basicNodeApp\node_modules\express\lib\router\index.js:284:7
    at Function.process_params (D:\gitHub\basicNodeApp\node_modules\express\lib\router\index.js:335:12)
    at next (D:\gitHub\basicNodeApp\node_modules\express\lib\router\index.js:275:10)
    at D:\gitHub\basicNodeApp\node_modules\express\lib\router\index.js:635:15
    at next (D:\gitHub\basicNodeApp\node_modules\express\lib\router\index.js:260:14)
    at Function.handle (D:\gitHub\basicNodeApp\node_modules\express\lib\router\index.js:174:3)
    at router (D:\gitHub\basicNodeApp\node_modules\express\lib\router\index.js:47:12)
    at Layer.handle [as handle_request] (D:\gitHub\basicNodeApp\node_modules\express\lib\router\layer.js:95:5)
    at trim_prefix (D:\gitHub\basicNodeApp\node_modules\express\lib\router\index.js:317:13)
    at D:\gitHub\basicNodeApp\node_modules\express\lib\router\index.js:284:7
    at Function.process_params (D:\gitHub\basicNodeApp\node_modules\express\lib\router\index.js:335:12)
    at next (D:\gitHub\basicNodeApp\node_modules\express\lib\router\index.js:275:10)
    at app.use (D:\gitHub\basicNodeApp\app.js:55:5)Error msg:  Not Found 
 data: Sun Jan 07 2018 08:33:01 GMT-0200 (Horário brasileiro de verão) stack: Error: Not Found
    at app.use (D:\gitHub\basicNodeApp\app.js:71:16)
    at Layer.handle [as handle_request] (D:\gitHub\basicNodeApp\node_modules\express\lib\router\layer.js:95:5)
    at trim_prefix (D:\gitHub\basicNodeApp\node_modules\express\lib\router\index.js:317:13)
    at D:\gitHub\basicNodeApp\node_modules\express\lib\router\index.js:284:7
    at Function.process_params (D:\gitHub\basicNodeApp\node_modules\express\lib\router\index.js:335:12)
    at next (D:\gitHub\basicNodeApp\node_modules\express\lib\router\index.js:275:10)
    at D:\gitHub\basicNodeApp\node_modules\express\lib\router\index.js:635:15
    at next (D:\gitHub\basicNodeApp\node_modules\express\lib\router\index.js:260:14)
    at Function.handle (D:\gitHub\basicNodeApp\node_modules\express\lib\router\index.js:174:3)
    at router (D:\gitHub\basicNodeApp\node_modules\express\lib\router\index.js:47:12)
    at Layer.handle [as handle_request] (D:\gitHub\basicNodeApp\node_modules\express\lib\router\layer.js:95:5)
    at trim_prefix (D:\gitHub\basicNodeApp\node_modules\express\lib\router\index.js:317:13)
    at D:\gitHub\basicNodeApp\node_modules\express\lib\router\index.js:284:7
    at Function.process_params (D:\gitHub\basicNodeApp\node_modules\express\lib\router\index.js:335:12)
    at next (D:\gitHub\basicNodeApp\node_modules\express\lib\router\index.js:275:10)
    at app.use (D:\gitHub\basicNodeApp\app.js:55:5)Error msg:  Not Found 
 data: Sun Jan 07 2018 08:33:01 GMT-0200 (Horário brasileiro de verão) stack: Error: Not Found
    at app.use (D:\gitHub\basicNodeApp\app.js:71:16)
    at Layer.handle [as handle_request] (D:\gitHub\basicNodeApp\node_modules\express\lib\router\layer.js:95:5)
    at trim_prefix (D:\gitHub\basicNodeApp\node_modules\express\lib\router\index.js:317:13)
    at D:\gitHub\basicNodeApp\node_modules\express\lib\router\index.js:284:7
    at Function.process_params (D:\gitHub\basicNodeApp\node_modules\express\lib\router\index.js:335:12)
    at next (D:\gitHub\basicNodeApp\node_modules\express\lib\router\index.js:275:10)
    at D:\gitHub\basicNodeApp\node_modules\express\lib\router\index.js:635:15
    at next (D:\gitHub\basicNodeApp\node_modules\express\lib\router\index.js:260:14)
    at Function.handle (D:\gitHub\basicNodeApp\node_modules\express\lib\router\index.js:174:3)
    at router (D:\gitHub\basicNodeApp\node_modules\express\lib\router\index.js:47:12)
    at Layer.handle [as handle_request] (D:\gitHub\basicNodeApp\node_modules\express\lib\router\layer.js:95:5)
    at trim_prefix (D:\gitHub\basicNodeApp\node_modules\express\lib\router\index.js:317:13)
    at D:\gitHub\basicNodeApp\node_modules\express\lib\router\index.js:284:7
    at Function.process_params (D:\gitHub\basicNodeApp\node_modules\express\lib\router\index.js:335:12)
    at next (D:\gitHub\basicNodeApp\node_modules\express\lib\router\index.js:275:10)
    at app.use (D:\gitHub\basicNodeApp\app.js:55:5)Error msg:  Not Found 
 data: Sun Jan 07 2018 08:33:01 GMT-0200 (Horário brasileiro de verão) stack: Error: Not Found
    at app.use (D:\gitHub\basicNodeApp\app.js:71:16)
    at Layer.handle [as handle_request] (D:\gitHub\basicNodeApp\node_modules\express\lib\router\layer.js:95:5)
    at trim_prefix (D:\gitHub\basicNodeApp\node_modules\express\lib\router\index.js:317:13)
    at D:\gitHub\basicNodeApp\node_modules\express\lib\router\index.js:284:7
    at Function.process_params (D:\gitHub\basicNodeApp\node_modules\express\lib\router\index.js:335:12)
    at next (D:\gitHub\basicNodeApp\node_modules\express\lib\router\index.js:275:10)
    at D:\gitHub\basicNodeApp\node_modules\express\lib\router\index.js:635:15
    at next (D:\gitHub\basicNodeApp\node_modules\express\lib\router\index.js:260:14)
    at Function.handle (D:\gitHub\basicNodeApp\node_modules\express\lib\router\index.js:174:3)
    at router (D:\gitHub\basicNodeApp\node_modules\express\lib\router\index.js:47:12)
    at Layer.handle [as handle_request] (D:\gitHub\basicNodeApp\node_modules\express\lib\router\layer.js:95:5)
    at trim_prefix (D:\gitHub\basicNodeApp\node_modules\express\lib\router\index.js:317:13)
    at D:\gitHub\basicNodeApp\node_modules\express\lib\router\index.js:284:7
    at Function.process_params (D:\gitHub\basicNodeApp\node_modules\express\lib\router\index.js:335:12)
    at next (D:\gitHub\basicNodeApp\node_modules\express\lib\router\index.js:275:10)
    at app.use (D:\gitHub\basicNodeApp\app.js:55:5)Error msg:  Not Found 
 data: Sun Jan 07 2018 08:33:02 GMT-0200 (Horário brasileiro de verão) stack: Error: Not Found
    at app.use (D:\gitHub\basicNodeApp\app.js:71:16)
    at Layer.handle [as handle_request] (D:\gitHub\basicNodeApp\node_modules\express\lib\router\layer.js:95:5)
    at trim_prefix (D:\gitHub\basicNodeApp\node_modules\express\lib\router\index.js:317:13)
    at D:\gitHub\basicNodeApp\node_modules\express\lib\router\index.js:284:7
    at Function.process_params (D:\gitHub\basicNodeApp\node_modules\express\lib\router\index.js:335:12)
    at next (D:\gitHub\basicNodeApp\node_modules\express\lib\router\index.js:275:10)
    at D:\gitHub\basicNodeApp\node_modules\express\lib\router\index.js:635:15
    at next (D:\gitHub\basicNodeApp\node_modules\express\lib\router\index.js:260:14)
    at Function.handle (D:\gitHub\basicNodeApp\node_modules\express\lib\router\index.js:174:3)
    at router (D:\gitHub\basicNodeApp\node_modules\express\lib\router\index.js:47:12)
    at Layer.handle [as handle_request] (D:\gitHub\basicNodeApp\node_modules\express\lib\router\layer.js:95:5)
    at trim_prefix (D:\gitHub\basicNodeApp\node_modules\express\lib\router\index.js:317:13)
    at D:\gitHub\basicNodeApp\node_modules\express\lib\router\index.js:284:7
    at Function.process_params (D:\gitHub\basicNodeApp\node_modules\express\lib\router\index.js:335:12)
    at next (D:\gitHub\basicNodeApp\node_modules\express\lib\router\index.js:275:10)
    at app.use (D:\gitHub\basicNodeApp\app.js:55:5)Error msg:  Not Found 
 data: Sun Jan 07 2018 08:33:02 GMT-0200 (Horário brasileiro de verão) stack: Error: Not Found
    at app.use (D:\gitHub\basicNodeApp\app.js:71:16)
    at Layer.handle [as handle_request] (D:\gitHub\basicNodeApp\node_modules\express\lib\router\layer.js:95:5)
    at trim_prefix (D:\gitHub\basicNodeApp\node_modules\express\lib\router\index.js:317:13)
    at D:\gitHub\basicNodeApp\node_modules\express\lib\router\index.js:284:7
    at Function.process_params (D:\gitHub\basicNodeApp\node_modules\express\lib\router\index.js:335:12)
    at next (D:\gitHub\basicNodeApp\node_modules\express\lib\router\index.js:275:10)
    at D:\gitHub\basicNodeApp\node_modules\express\lib\router\index.js:635:15
    at next (D:\gitHub\basicNodeApp\node_modules\express\lib\router\index.js:260:14)
    at Function.handle (D:\gitHub\basicNodeApp\node_modules\express\lib\router\index.js:174:3)
    at router (D:\gitHub\basicNodeApp\node_modules\express\lib\router\index.js:47:12)
    at Layer.handle [as handle_request] (D:\gitHub\basicNodeApp\node_modules\express\lib\router\layer.js:95:5)
    at trim_prefix (D:\gitHub\basicNodeApp\node_modules\express\lib\router\index.js:317:13)
    at D:\gitHub\basicNodeApp\node_modules\express\lib\router\index.js:284:7
    at Function.process_params (D:\gitHub\basicNodeApp\node_modules\express\lib\router\index.js:335:12)
    at next (D:\gitHub\basicNodeApp\node_modules\express\lib\router\index.js:275:10)
    at app.use (D:\gitHub\basicNodeApp\app.js:55:5)Error msg:  Not Found 
 data: Sun Jan 07 2018 08:33:03 GMT-0200 (Horário brasileiro de verão) stack: Error: Not Found
    at app.use (D:\gitHub\basicNodeApp\app.js:71:16)
    at Layer.handle [as handle_request] (D:\gitHub\basicNodeApp\node_modules\express\lib\router\layer.js:95:5)
    at trim_prefix (D:\gitHub\basicNodeApp\node_modules\express\lib\router\index.js:317:13)
    at D:\gitHub\basicNodeApp\node_modules\express\lib\router\index.js:284:7
    at Function.process_params (D:\gitHub\basicNodeApp\node_modules\express\lib\router\index.js:335:12)
    at next (D:\gitHub\basicNodeApp\node_modules\express\lib\router\index.js:275:10)
    at D:\gitHub\basicNodeApp\node_modules\express\lib\router\index.js:635:15
    at next (D:\gitHub\basicNodeApp\node_modules\express\lib\router\index.js:260:14)
    at Function.handle (D:\gitHub\basicNodeApp\node_modules\express\lib\router\index.js:174:3)
    at router (D:\gitHub\basicNodeApp\node_modules\express\lib\router\index.js:47:12)
    at Layer.handle [as handle_request] (D:\gitHub\basicNodeApp\node_modules\express\lib\router\layer.js:95:5)
    at trim_prefix (D:\gitHub\basicNodeApp\node_modules\express\lib\router\index.js:317:13)
    at D:\gitHub\basicNodeApp\node_modules\express\lib\router\index.js:284:7
    at Function.process_params (D:\gitHub\basicNodeApp\node_modules\express\lib\router\index.js:335:12)
    at next (D:\gitHub\basicNodeApp\node_modules\express\lib\router\index.js:275:10)
    at app.use (D:\gitHub\basicNodeApp\app.js:55:5)Error msg:  Not Found 
 data: Sun Jan 07 2018 08:33:03 GMT-0200 (Horário brasileiro de verão) stack: Error: Not Found
    at app.use (D:\gitHub\basicNodeApp\app.js:71:16)
    at Layer.handle [as handle_request] (D:\gitHub\basicNodeApp\node_modules\express\lib\router\layer.js:95:5)
    at trim_prefix (D:\gitHub\basicNodeApp\node_modules\express\lib\router\index.js:317:13)
    at D:\gitHub\basicNodeApp\node_modules\express\lib\router\index.js:284:7
    at Function.process_params (D:\gitHub\basicNodeApp\node_modules\express\lib\router\index.js:335:12)
    at next (D:\gitHub\basicNodeApp\node_modules\express\lib\router\index.js:275:10)
    at D:\gitHub\basicNodeApp\node_modules\express\lib\router\index.js:635:15
    at next (D:\gitHub\basicNodeApp\node_modules\express\lib\router\index.js:260:14)
    at Function.handle (D:\gitHub\basicNodeApp\node_modules\express\lib\router\index.js:174:3)
    at router (D:\gitHub\basicNodeApp\node_modules\express\lib\router\index.js:47:12)
    at Layer.handle [as handle_request] (D:\gitHub\basicNodeApp\node_modules\express\lib\router\layer.js:95:5)
    at trim_prefix (D:\gitHub\basicNodeApp\node_modules\express\lib\router\index.js:317:13)
    at D:\gitHub\basicNodeApp\node_modules\express\lib\router\index.js:284:7
    at Function.process_params (D:\gitHub\basicNodeApp\node_modules\express\lib\router\index.js:335:12)
    at next (D:\gitHub\basicNodeApp\node_modules\express\lib\router\index.js:275:10)
    at app.use (D:\gitHub\basicNodeApp\app.js:55:5)Error msg:  Not Found 
 data: Sun Jan 07 2018 08:33:04 GMT-0200 (Horário brasileiro de verão) stack: Error: Not Found
    at app.use (D:\gitHub\basicNodeApp\app.js:71:16)
    at Layer.handle [as handle_request] (D:\gitHub\basicNodeApp\node_modules\express\lib\router\layer.js:95:5)
    at trim_prefix (D:\gitHub\basicNodeApp\node_modules\express\lib\router\index.js:317:13)
    at D:\gitHub\basicNodeApp\node_modules\express\lib\router\index.js:284:7
    at Function.process_params (D:\gitHub\basicNodeApp\node_modules\express\lib\router\index.js:335:12)
    at next (D:\gitHub\basicNodeApp\node_modules\express\lib\router\index.js:275:10)
    at D:\gitHub\basicNodeApp\node_modules\express\lib\router\index.js:635:15
    at next (D:\gitHub\basicNodeApp\node_modules\express\lib\router\index.js:260:14)
    at Function.handle (D:\gitHub\basicNodeApp\node_modules\express\lib\router\index.js:174:3)
    at router (D:\gitHub\basicNodeApp\node_modules\express\lib\router\index.js:47:12)
    at Layer.handle [as handle_request] (D:\gitHub\basicNodeApp\node_modules\express\lib\router\layer.js:95:5)
    at trim_prefix (D:\gitHub\basicNodeApp\node_modules\express\lib\router\index.js:317:13)
    at D:\gitHub\basicNodeApp\node_modules\express\lib\router\index.js:284:7
    at Function.process_params (D:\gitHub\basicNodeApp\node_modules\express\lib\router\index.js:335:12)
    at next (D:\gitHub\basicNodeApp\node_modules\express\lib\router\index.js:275:10)
    at app.use (D:\gitHub\basicNodeApp\app.js:55:5)Error msg:  Not Found 
 data: Sun Jan 07 2018 08:33:04 GMT-0200 (Horário brasileiro de verão) stack: Error: Not Found
    at app.use (D:\gitHub\basicNodeApp\app.js:71:16)
    at Layer.handle [as handle_request] (D:\gitHub\basicNodeApp\node_modules\express\lib\router\layer.js:95:5)
    at trim_prefix (D:\gitHub\basicNodeApp\node_modules\express\lib\router\index.js:317:13)
    at D:\gitHub\basicNodeApp\node_modules\express\lib\router\index.js:284:7
    at Function.process_params (D:\gitHub\basicNodeApp\node_modules\express\lib\router\index.js:335:12)
    at next (D:\gitHub\basicNodeApp\node_modules\express\lib\router\index.js:275:10)
    at D:\gitHub\basicNodeApp\node_modules\express\lib\router\index.js:635:15
    at next (D:\gitHub\basicNodeApp\node_modules\express\lib\router\index.js:260:14)
    at Function.handle (D:\gitHub\basicNodeApp\node_modules\express\lib\router\index.js:174:3)
    at router (D:\gitHub\basicNodeApp\node_modules\express\lib\router\index.js:47:12)
    at Layer.handle [as handle_request] (D:\gitHub\basicNodeApp\node_modules\express\lib\router\layer.js:95:5)
    at trim_prefix (D:\gitHub\basicNodeApp\node_modules\express\lib\router\index.js:317:13)
    at D:\gitHub\basicNodeApp\node_modules\express\lib\router\index.js:284:7
    at Function.process_params (D:\gitHub\basicNodeApp\node_modules\express\lib\router\index.js:335:12)
    at next (D:\gitHub\basicNodeApp\node_modules\express\lib\router\index.js:275:10)
    at app.use (D:\gitHub\basicNodeApp\app.js:55:5)Error msg:  Not Found 
 data: Sun Jan 07 2018 08:33:07 GMT-0200 (Horário brasileiro de verão) stack: Error: Not Found
    at app.use (D:\gitHub\basicNodeApp\app.js:71:16)
    at Layer.handle [as handle_request] (D:\gitHub\basicNodeApp\node_modules\express\lib\router\layer.js:95:5)
    at trim_prefix (D:\gitHub\basicNodeApp\node_modules\express\lib\router\index.js:317:13)
    at D:\gitHub\basicNodeApp\node_modules\express\lib\router\index.js:284:7
    at Function.process_params (D:\gitHub\basicNodeApp\node_modules\express\lib\router\index.js:335:12)
    at next (D:\gitHub\basicNodeApp\node_modules\express\lib\router\index.js:275:10)
    at D:\gitHub\basicNodeApp\node_modules\express\lib\router\index.js:635:15
    at next (D:\gitHub\basicNodeApp\node_modules\express\lib\router\index.js:260:14)
    at Function.handle (D:\gitHub\basicNodeApp\node_modules\express\lib\router\index.js:174:3)
    at router (D:\gitHub\basicNodeApp\node_modules\express\lib\router\index.js:47:12)
    at Layer.handle [as handle_request] (D:\gitHub\basicNodeApp\node_modules\express\lib\router\layer.js:95:5)
    at trim_prefix (D:\gitHub\basicNodeApp\node_modules\express\lib\router\index.js:317:13)
    at D:\gitHub\basicNodeApp\node_modules\express\lib\router\index.js:284:7
    at Function.process_params (D:\gitHub\basicNodeApp\node_modules\express\lib\router\index.js:335:12)
    at next (D:\gitHub\basicNodeApp\node_modules\express\lib\router\index.js:275:10)
    at app.use (D:\gitHub\basicNodeApp\app.js:55:5)Error msg:  Not Found 
 data: Sun Jan 07 2018 08:33:07 GMT-0200 (Horário brasileiro de verão) stack: Error: Not Found
    at app.use (D:\gitHub\basicNodeApp\app.js:71:16)
    at Layer.handle [as handle_request] (D:\gitHub\basicNodeApp\node_modules\express\lib\router\layer.js:95:5)
    at trim_prefix (D:\gitHub\basicNodeApp\node_modules\express\lib\router\index.js:317:13)
    at D:\gitHub\basicNodeApp\node_modules\express\lib\router\index.js:284:7
    at Function.process_params (D:\gitHub\basicNodeApp\node_modules\express\lib\router\index.js:335:12)
    at next (D:\gitHub\basicNodeApp\node_modules\express\lib\router\index.js:275:10)
    at D:\gitHub\basicNodeApp\node_modules\express\lib\router\index.js:635:15
    at next (D:\gitHub\basicNodeApp\node_modules\express\lib\router\index.js:260:14)
    at Function.handle (D:\gitHub\basicNodeApp\node_modules\express\lib\router\index.js:174:3)
    at router (D:\gitHub\basicNodeApp\node_modules\express\lib\router\index.js:47:12)
    at Layer.handle [as handle_request] (D:\gitHub\basicNodeApp\node_modules\express\lib\router\layer.js:95:5)
    at trim_prefix (D:\gitHub\basicNodeApp\node_modules\express\lib\router\index.js:317:13)
    at D:\gitHub\basicNodeApp\node_modules\express\lib\router\index.js:284:7
    at Function.process_params (D:\gitHub\basicNodeApp\node_modules\express\lib\router\index.js:335:12)
    at next (D:\gitHub\basicNodeApp\node_modules\express\lib\router\index.js:275:10)
    at app.use (D:\gitHub\basicNodeApp\app.js:55:5)Error msg:  Not Found 
 data: Sun Jan 07 2018 08:34:37 GMT-0200 (Horário brasileiro de verão) stack: Error: Not Found
    at app.use (D:\gitHub\basicNodeApp\app.js:71:16)
    at Layer.handle [as handle_request] (D:\gitHub\basicNodeApp\node_modules\express\lib\router\layer.js:95:5)
    at trim_prefix (D:\gitHub\basicNodeApp\node_modules\express\lib\router\index.js:317:13)
    at D:\gitHub\basicNodeApp\node_modules\express\lib\router\index.js:284:7
    at Function.process_params (D:\gitHub\basicNodeApp\node_modules\express\lib\router\index.js:335:12)
    at next (D:\gitHub\basicNodeApp\node_modules\express\lib\router\index.js:275:10)
    at D:\gitHub\basicNodeApp\node_modules\express\lib\router\index.js:635:15
    at next (D:\gitHub\basicNodeApp\node_modules\express\lib\router\index.js:260:14)
    at Function.handle (D:\gitHub\basicNodeApp\node_modules\express\lib\router\index.js:174:3)
    at router (D:\gitHub\basicNodeApp\node_modules\express\lib\router\index.js:47:12)
    at Layer.handle [as handle_request] (D:\gitHub\basicNodeApp\node_modules\express\lib\router\layer.js:95:5)
    at trim_prefix (D:\gitHub\basicNodeApp\node_modules\express\lib\router\index.js:317:13)
    at D:\gitHub\basicNodeApp\node_modules\express\lib\router\index.js:284:7
    at Function.process_params (D:\gitHub\basicNodeApp\node_modules\express\lib\router\index.js:335:12)
    at next (D:\gitHub\basicNodeApp\node_modules\express\lib\router\index.js:275:10)
    at app.use (D:\gitHub\basicNodeApp\app.js:55:5)Error msg:  Not Found 
 data: Sun Jan 07 2018 08:35:06 GMT-0200 (Horário brasileiro de verão) stack: Error: Not Found
    at app.use (D:\gitHub\basicNodeApp\app.js:71:16)
    at Layer.handle [as handle_request] (D:\gitHub\basicNodeApp\node_modules\express\lib\router\layer.js:95:5)
    at trim_prefix (D:\gitHub\basicNodeApp\node_modules\express\lib\router\index.js:317:13)
    at D:\gitHub\basicNodeApp\node_modules\express\lib\router\index.js:284:7
    at Function.process_params (D:\gitHub\basicNodeApp\node_modules\express\lib\router\index.js:335:12)
    at next (D:\gitHub\basicNodeApp\node_modules\express\lib\router\index.js:275:10)
    at D:\gitHub\basicNodeApp\node_modules\express\lib\router\index.js:635:15
    at next (D:\gitHub\basicNodeApp\node_modules\express\lib\router\index.js:260:14)
    at Function.handle (D:\gitHub\basicNodeApp\node_modules\express\lib\router\index.js:174:3)
    at router (D:\gitHub\basicNodeApp\node_modules\express\lib\router\index.js:47:12)
    at Layer.handle [as handle_request] (D:\gitHub\basicNodeApp\node_modules\express\lib\router\layer.js:95:5)
    at trim_prefix (D:\gitHub\basicNodeApp\node_modules\express\lib\router\index.js:317:13)
    at D:\gitHub\basicNodeApp\node_modules\express\lib\router\index.js:284:7
    at Function.process_params (D:\gitHub\basicNodeApp\node_modules\express\lib\router\index.js:335:12)
    at next (D:\gitHub\basicNodeApp\node_modules\express\lib\router\index.js:275:10)
    at app.use (D:\gitHub\basicNodeApp\app.js:55:5)Error msg:  Not Found 
 data: Sun Jan 07 2018 08:35:06 GMT-0200 (Horário brasileiro de verão) stack: Error: Not Found
    at app.use (D:\gitHub\basicNodeApp\app.js:71:16)
    at Layer.handle [as handle_request] (D:\gitHub\basicNodeApp\node_modules\express\lib\router\layer.js:95:5)
    at trim_prefix (D:\gitHub\basicNodeApp\node_modules\express\lib\router\index.js:317:13)
    at D:\gitHub\basicNodeApp\node_modules\express\lib\router\index.js:284:7
    at Function.process_params (D:\gitHub\basicNodeApp\node_modules\express\lib\router\index.js:335:12)
    at next (D:\gitHub\basicNodeApp\node_modules\express\lib\router\index.js:275:10)
    at D:\gitHub\basicNodeApp\node_modules\express\lib\router\index.js:635:15
    at next (D:\gitHub\basicNodeApp\node_modules\express\lib\router\index.js:260:14)
    at Function.handle (D:\gitHub\basicNodeApp\node_modules\express\lib\router\index.js:174:3)
    at router (D:\gitHub\basicNodeApp\node_modules\express\lib\router\index.js:47:12)
    at Layer.handle [as handle_request] (D:\gitHub\basicNodeApp\node_modules\express\lib\router\layer.js:95:5)
    at trim_prefix (D:\gitHub\basicNodeApp\node_modules\express\lib\router\index.js:317:13)
    at D:\gitHub\basicNodeApp\node_modules\express\lib\router\index.js:284:7
    at Function.process_params (D:\gitHub\basicNodeApp\node_modules\express\lib\router\index.js:335:12)
    at next (D:\gitHub\basicNodeApp\node_modules\express\lib\router\index.js:275:10)
    at app.use (D:\gitHub\basicNodeApp\app.js:55:5)Error msg:  Not Found 
 data: Sun Jan 07 2018 08:35:09 GMT-0200 (Horário brasileiro de verão) stack: Error: Not Found
    at app.use (D:\gitHub\basicNodeApp\app.js:71:16)
    at Layer.handle [as handle_request] (D:\gitHub\basicNodeApp\node_modules\express\lib\router\layer.js:95:5)
    at trim_prefix (D:\gitHub\basicNodeApp\node_modules\express\lib\router\index.js:317:13)
    at D:\gitHub\basicNodeApp\node_modules\express\lib\router\index.js:284:7
    at Function.process_params (D:\gitHub\basicNodeApp\node_modules\express\lib\router\index.js:335:12)
    at next (D:\gitHub\basicNodeApp\node_modules\express\lib\router\index.js:275:10)
    at D:\gitHub\basicNodeApp\node_modules\express\lib\router\index.js:635:15
    at next (D:\gitHub\basicNodeApp\node_modules\express\lib\router\index.js:260:14)
    at Function.handle (D:\gitHub\basicNodeApp\node_modules\express\lib\router\index.js:174:3)
    at router (D:\gitHub\basicNodeApp\node_modules\express\lib\router\index.js:47:12)
    at Layer.handle [as handle_request] (D:\gitHub\basicNodeApp\node_modules\express\lib\router\layer.js:95:5)
    at trim_prefix (D:\gitHub\basicNodeApp\node_modules\express\lib\router\index.js:317:13)
    at D:\gitHub\basicNodeApp\node_modules\express\lib\router\index.js:284:7
    at Function.process_params (D:\gitHub\basicNodeApp\node_modules\express\lib\router\index.js:335:12)
    at next (D:\gitHub\basicNodeApp\node_modules\express\lib\router\index.js:275:10)
    at app.use (D:\gitHub\basicNodeApp\app.js:55:5)Error msg:  Not Found 
 data: Sun Jan 07 2018 08:35:09 GMT-0200 (Horário brasileiro de verão) stack: Error: Not Found
    at app.use (D:\gitHub\basicNodeApp\app.js:71:16)
    at Layer.handle [as handle_request] (D:\gitHub\basicNodeApp\node_modules\express\lib\router\layer.js:95:5)
    at trim_prefix (D:\gitHub\basicNodeApp\node_modules\express\lib\router\index.js:317:13)
    at D:\gitHub\basicNodeApp\node_modules\express\lib\router\index.js:284:7
    at Function.process_params (D:\gitHub\basicNodeApp\node_modules\express\lib\router\index.js:335:12)
    at next (D:\gitHub\basicNodeApp\node_modules\express\lib\router\index.js:275:10)
    at D:\gitHub\basicNodeApp\node_modules\express\lib\router\index.js:635:15
    at next (D:\gitHub\basicNodeApp\node_modules\express\lib\router\index.js:260:14)
    at Function.handle (D:\gitHub\basicNodeApp\node_modules\express\lib\router\index.js:174:3)
    at router (D:\gitHub\basicNodeApp\node_modules\express\lib\router\index.js:47:12)
    at Layer.handle [as handle_request] (D:\gitHub\basicNodeApp\node_modules\express\lib\router\layer.js:95:5)
    at trim_prefix (D:\gitHub\basicNodeApp\node_modules\express\lib\router\index.js:317:13)
    at D:\gitHub\basicNodeApp\node_modules\express\lib\router\index.js:284:7
    at Function.process_params (D:\gitHub\basicNodeApp\node_modules\express\lib\router\index.js:335:12)
    at next (D:\gitHub\basicNodeApp\node_modules\express\lib\router\index.js:275:10)
    at app.use (D:\gitHub\basicNodeApp\app.js:55:5)Error msg:  Not Found 
 data: Sun Jan 07 2018 08:35:12 GMT-0200 (Horário brasileiro de verão) stack: Error: Not Found
    at app.use (D:\gitHub\basicNodeApp\app.js:71:16)
    at Layer.handle [as handle_request] (D:\gitHub\basicNodeApp\node_modules\express\lib\router\layer.js:95:5)
    at trim_prefix (D:\gitHub\basicNodeApp\node_modules\express\lib\router\index.js:317:13)
    at D:\gitHub\basicNodeApp\node_modules\express\lib\router\index.js:284:7
    at Function.process_params (D:\gitHub\basicNodeApp\node_modules\express\lib\router\index.js:335:12)
    at next (D:\gitHub\basicNodeApp\node_modules\express\lib\router\index.js:275:10)
    at D:\gitHub\basicNodeApp\node_modules\express\lib\router\index.js:635:15
    at next (D:\gitHub\basicNodeApp\node_modules\express\lib\router\index.js:260:14)
    at Function.handle (D:\gitHub\basicNodeApp\node_modules\express\lib\router\index.js:174:3)
    at router (D:\gitHub\basicNodeApp\node_modules\express\lib\router\index.js:47:12)
    at Layer.handle [as handle_request] (D:\gitHub\basicNodeApp\node_modules\express\lib\router\layer.js:95:5)
    at trim_prefix (D:\gitHub\basicNodeApp\node_modules\express\lib\router\index.js:317:13)
    at D:\gitHub\basicNodeApp\node_modules\express\lib\router\index.js:284:7
    at Function.process_params (D:\gitHub\basicNodeApp\node_modules\express\lib\router\index.js:335:12)
    at next (D:\gitHub\basicNodeApp\node_modules\express\lib\router\index.js:275:10)
    at app.use (D:\gitHub\basicNodeApp\app.js:55:5)Error msg:  Not Found 
 data: Sun Jan 07 2018 08:35:12 GMT-0200 (Horário brasileiro de verão) stack: Error: Not Found
    at app.use (D:\gitHub\basicNodeApp\app.js:71:16)
    at Layer.handle [as handle_request] (D:\gitHub\basicNodeApp\node_modules\express\lib\router\layer.js:95:5)
    at trim_prefix (D:\gitHub\basicNodeApp\node_modules\express\lib\router\index.js:317:13)
    at D:\gitHub\basicNodeApp\node_modules\express\lib\router\index.js:284:7
    at Function.process_params (D:\gitHub\basicNodeApp\node_modules\express\lib\router\index.js:335:12)
    at next (D:\gitHub\basicNodeApp\node_modules\express\lib\router\index.js:275:10)
    at D:\gitHub\basicNodeApp\node_modules\express\lib\router\index.js:635:15
    at next (D:\gitHub\basicNodeApp\node_modules\express\lib\router\index.js:260:14)
    at Function.handle (D:\gitHub\basicNodeApp\node_modules\express\lib\router\index.js:174:3)
    at router (D:\gitHub\basicNodeApp\node_modules\express\lib\router\index.js:47:12)
    at Layer.handle [as handle_request] (D:\gitHub\basicNodeApp\node_modules\express\lib\router\layer.js:95:5)
    at trim_prefix (D:\gitHub\basicNodeApp\node_modules\express\lib\router\index.js:317:13)
    at D:\gitHub\basicNodeApp\node_modules\express\lib\router\index.js:284:7
    at Function.process_params (D:\gitHub\basicNodeApp\node_modules\express\lib\router\index.js:335:12)
    at next (D:\gitHub\basicNodeApp\node_modules\express\lib\router\index.js:275:10)
    at app.use (D:\gitHub\basicNodeApp\app.js:55:5)Error msg:  Not Found 
 data: Sun Jan 07 2018 08:35:15 GMT-0200 (Horário brasileiro de verão) stack: Error: Not Found
    at app.use (D:\gitHub\basicNodeApp\app.js:71:16)
    at Layer.handle [as handle_request] (D:\gitHub\basicNodeApp\node_modules\express\lib\router\layer.js:95:5)
    at trim_prefix (D:\gitHub\basicNodeApp\node_modules\express\lib\router\index.js:317:13)
    at D:\gitHub\basicNodeApp\node_modules\express\lib\router\index.js:284:7
    at Function.process_params (D:\gitHub\basicNodeApp\node_modules\express\lib\router\index.js:335:12)
    at next (D:\gitHub\basicNodeApp\node_modules\express\lib\router\index.js:275:10)
    at D:\gitHub\basicNodeApp\node_modules\express\lib\router\index.js:635:15
    at next (D:\gitHub\basicNodeApp\node_modules\express\lib\router\index.js:260:14)
    at Function.handle (D:\gitHub\basicNodeApp\node_modules\express\lib\router\index.js:174:3)
    at router (D:\gitHub\basicNodeApp\node_modules\express\lib\router\index.js:47:12)
    at Layer.handle [as handle_request] (D:\gitHub\basicNodeApp\node_modules\express\lib\router\layer.js:95:5)
    at trim_prefix (D:\gitHub\basicNodeApp\node_modules\express\lib\router\index.js:317:13)
    at D:\gitHub\basicNodeApp\node_modules\express\lib\router\index.js:284:7
    at Function.process_params (D:\gitHub\basicNodeApp\node_modules\express\lib\router\index.js:335:12)
    at next (D:\gitHub\basicNodeApp\node_modules\express\lib\router\index.js:275:10)
    at app.use (D:\gitHub\basicNodeApp\app.js:55:5)Error msg:  Not Found 
 data: Sun Jan 07 2018 08:35:15 GMT-0200 (Horário brasileiro de verão) stack: Error: Not Found
    at app.use (D:\gitHub\basicNodeApp\app.js:71:16)
    at Layer.handle [as handle_request] (D:\gitHub\basicNodeApp\node_modules\express\lib\router\layer.js:95:5)
    at trim_prefix (D:\gitHub\basicNodeApp\node_modules\express\lib\router\index.js:317:13)
    at D:\gitHub\basicNodeApp\node_modules\express\lib\router\index.js:284:7
    at Function.process_params (D:\gitHub\basicNodeApp\node_modules\express\lib\router\index.js:335:12)
    at next (D:\gitHub\basicNodeApp\node_modules\express\lib\router\index.js:275:10)
    at D:\gitHub\basicNodeApp\node_modules\express\lib\router\index.js:635:15
    at next (D:\gitHub\basicNodeApp\node_modules\express\lib\router\index.js:260:14)
    at Function.handle (D:\gitHub\basicNodeApp\node_modules\express\lib\router\index.js:174:3)
    at router (D:\gitHub\basicNodeApp\node_modules\express\lib\router\index.js:47:12)
    at Layer.handle [as handle_request] (D:\gitHub\basicNodeApp\node_modules\express\lib\router\layer.js:95:5)
    at trim_prefix (D:\gitHub\basicNodeApp\node_modules\express\lib\router\index.js:317:13)
    at D:\gitHub\basicNodeApp\node_modules\express\lib\router\index.js:284:7
    at Function.process_params (D:\gitHub\basicNodeApp\node_modules\express\lib\router\index.js:335:12)
    at next (D:\gitHub\basicNodeApp\node_modules\express\lib\router\index.js:275:10)
    at app.use (D:\gitHub\basicNodeApp\app.js:55:5)Error msg:  Not Found 
 data: Sun Jan 07 2018 08:35:18 GMT-0200 (Horário brasileiro de verão) stack: Error: Not Found
    at app.use (D:\gitHub\basicNodeApp\app.js:71:16)
    at Layer.handle [as handle_request] (D:\gitHub\basicNodeApp\node_modules\express\lib\router\layer.js:95:5)
    at trim_prefix (D:\gitHub\basicNodeApp\node_modules\express\lib\router\index.js:317:13)
    at D:\gitHub\basicNodeApp\node_modules\express\lib\router\index.js:284:7
    at Function.process_params (D:\gitHub\basicNodeApp\node_modules\express\lib\router\index.js:335:12)
    at next (D:\gitHub\basicNodeApp\node_modules\express\lib\router\index.js:275:10)
    at D:\gitHub\basicNodeApp\node_modules\express\lib\router\index.js:635:15
    at next (D:\gitHub\basicNodeApp\node_modules\express\lib\router\index.js:260:14)
    at Function.handle (D:\gitHub\basicNodeApp\node_modules\express\lib\router\index.js:174:3)
    at router (D:\gitHub\basicNodeApp\node_modules\express\lib\router\index.js:47:12)
    at Layer.handle [as handle_request] (D:\gitHub\basicNodeApp\node_modules\express\lib\router\layer.js:95:5)
    at trim_prefix (D:\gitHub\basicNodeApp\node_modules\express\lib\router\index.js:317:13)
    at D:\gitHub\basicNodeApp\node_modules\express\lib\router\index.js:284:7
    at Function.process_params (D:\gitHub\basicNodeApp\node_modules\express\lib\router\index.js:335:12)
    at next (D:\gitHub\basicNodeApp\node_modules\express\lib\router\index.js:275:10)
    at app.use (D:\gitHub\basicNodeApp\app.js:55:5)Error msg:  Not Found 
 data: Sun Jan 07 2018 08:35:18 GMT-0200 (Horário brasileiro de verão) stack: Error: Not Found
    at app.use (D:\gitHub\basicNodeApp\app.js:71:16)
    at Layer.handle [as handle_request] (D:\gitHub\basicNodeApp\node_modules\express\lib\router\layer.js:95:5)
    at trim_prefix (D:\gitHub\basicNodeApp\node_modules\express\lib\router\index.js:317:13)
    at D:\gitHub\basicNodeApp\node_modules\express\lib\router\index.js:284:7
    at Function.process_params (D:\gitHub\basicNodeApp\node_modules\express\lib\router\index.js:335:12)
    at next (D:\gitHub\basicNodeApp\node_modules\express\lib\router\index.js:275:10)
    at D:\gitHub\basicNodeApp\node_modules\express\lib\router\index.js:635:15
    at next (D:\gitHub\basicNodeApp\node_modules\express\lib\router\index.js:260:14)
    at Function.handle (D:\gitHub\basicNodeApp\node_modules\express\lib\router\index.js:174:3)
    at router (D:\gitHub\basicNodeApp\node_modules\express\lib\router\index.js:47:12)
    at Layer.handle [as handle_request] (D:\gitHub\basicNodeApp\node_modules\express\lib\router\layer.js:95:5)
    at trim_prefix (D:\gitHub\basicNodeApp\node_modules\express\lib\router\index.js:317:13)
    at D:\gitHub\basicNodeApp\node_modules\express\lib\router\index.js:284:7
    at Function.process_params (D:\gitHub\basicNodeApp\node_modules\express\lib\router\index.js:335:12)
    at next (D:\gitHub\basicNodeApp\node_modules\express\lib\router\index.js:275:10)
    at app.use (D:\gitHub\basicNodeApp\app.js:55:5)Error msg:  Not Found 
 data: Sun Jan 07 2018 08:35:21 GMT-0200 (Horário brasileiro de verão) stack: Error: Not Found
    at app.use (D:\gitHub\basicNodeApp\app.js:71:16)
    at Layer.handle [as handle_request] (D:\gitHub\basicNodeApp\node_modules\express\lib\router\layer.js:95:5)
    at trim_prefix (D:\gitHub\basicNodeApp\node_modules\express\lib\router\index.js:317:13)
    at D:\gitHub\basicNodeApp\node_modules\express\lib\router\index.js:284:7
    at Function.process_params (D:\gitHub\basicNodeApp\node_modules\express\lib\router\index.js:335:12)
    at next (D:\gitHub\basicNodeApp\node_modules\express\lib\router\index.js:275:10)
    at D:\gitHub\basicNodeApp\node_modules\express\lib\router\index.js:635:15
    at next (D:\gitHub\basicNodeApp\node_modules\express\lib\router\index.js:260:14)
    at Function.handle (D:\gitHub\basicNodeApp\node_modules\express\lib\router\index.js:174:3)
    at router (D:\gitHub\basicNodeApp\node_modules\express\lib\router\index.js:47:12)
    at Layer.handle [as handle_request] (D:\gitHub\basicNodeApp\node_modules\express\lib\router\layer.js:95:5)
    at trim_prefix (D:\gitHub\basicNodeApp\node_modules\express\lib\router\index.js:317:13)
    at D:\gitHub\basicNodeApp\node_modules\express\lib\router\index.js:284:7
    at Function.process_params (D:\gitHub\basicNodeApp\node_modules\express\lib\router\index.js:335:12)
    at next (D:\gitHub\basicNodeApp\node_modules\express\lib\router\index.js:275:10)
    at app.use (D:\gitHub\basicNodeApp\app.js:55:5)Error msg:  Not Found 
 data: Sun Jan 07 2018 08:35:21 GMT-0200 (Horário brasileiro de verão) stack: Error: Not Found
    at app.use (D:\gitHub\basicNodeApp\app.js:71:16)
    at Layer.handle [as handle_request] (D:\gitHub\basicNodeApp\node_modules\express\lib\router\layer.js:95:5)
    at trim_prefix (D:\gitHub\basicNodeApp\node_modules\express\lib\router\index.js:317:13)
    at D:\gitHub\basicNodeApp\node_modules\express\lib\router\index.js:284:7
    at Function.process_params (D:\gitHub\basicNodeApp\node_modules\express\lib\router\index.js:335:12)
    at next (D:\gitHub\basicNodeApp\node_modules\express\lib\router\index.js:275:10)
    at D:\gitHub\basicNodeApp\node_modules\express\lib\router\index.js:635:15
    at next (D:\gitHub\basicNodeApp\node_modules\express\lib\router\index.js:260:14)
    at Function.handle (D:\gitHub\basicNodeApp\node_modules\express\lib\router\index.js:174:3)
    at router (D:\gitHub\basicNodeApp\node_modules\express\lib\router\index.js:47:12)
    at Layer.handle [as handle_request] (D:\gitHub\basicNodeApp\node_modules\express\lib\router\layer.js:95:5)
    at trim_prefix (D:\gitHub\basicNodeApp\node_modules\express\lib\router\index.js:317:13)
    at D:\gitHub\basicNodeApp\node_modules\express\lib\router\index.js:284:7
    at Function.process_params (D:\gitHub\basicNodeApp\node_modules\express\lib\router\index.js:335:12)
    at next (D:\gitHub\basicNodeApp\node_modules\express\lib\router\index.js:275:10)
    at app.use (D:\gitHub\basicNodeApp\app.js:55:5)Error msg:  Not Found 
 data: Sun Jan 07 2018 08:35:24 GMT-0200 (Horário brasileiro de verão) stack: Error: Not Found
    at app.use (D:\gitHub\basicNodeApp\app.js:71:16)
    at Layer.handle [as handle_request] (D:\gitHub\basicNodeApp\node_modules\express\lib\router\layer.js:95:5)
    at trim_prefix (D:\gitHub\basicNodeApp\node_modules\express\lib\router\index.js:317:13)
    at D:\gitHub\basicNodeApp\node_modules\express\lib\router\index.js:284:7
    at Function.process_params (D:\gitHub\basicNodeApp\node_modules\express\lib\router\index.js:335:12)
    at next (D:\gitHub\basicNodeApp\node_modules\express\lib\router\index.js:275:10)
    at D:\gitHub\basicNodeApp\node_modules\express\lib\router\index.js:635:15
    at next (D:\gitHub\basicNodeApp\node_modules\express\lib\router\index.js:260:14)
    at Function.handle (D:\gitHub\basicNodeApp\node_modules\express\lib\router\index.js:174:3)
    at router (D:\gitHub\basicNodeApp\node_modules\express\lib\router\index.js:47:12)
    at Layer.handle [as handle_request] (D:\gitHub\basicNodeApp\node_modules\express\lib\router\layer.js:95:5)
    at trim_prefix (D:\gitHub\basicNodeApp\node_modules\express\lib\router\index.js:317:13)
    at D:\gitHub\basicNodeApp\node_modules\express\lib\router\index.js:284:7
    at Function.process_params (D:\gitHub\basicNodeApp\node_modules\express\lib\router\index.js:335:12)
    at next (D:\gitHub\basicNodeApp\node_modules\express\lib\router\index.js:275:10)
    at app.use (D:\gitHub\basicNodeApp\app.js:55:5)Error msg:  Not Found 
 data: Sun Jan 07 2018 08:35:24 GMT-0200 (Horário brasileiro de verão) stack: Error: Not Found
    at app.use (D:\gitHub\basicNodeApp\app.js:71:16)
    at Layer.handle [as handle_request] (D:\gitHub\basicNodeApp\node_modules\express\lib\router\layer.js:95:5)
    at trim_prefix (D:\gitHub\basicNodeApp\node_modules\express\lib\router\index.js:317:13)
    at D:\gitHub\basicNodeApp\node_modules\express\lib\router\index.js:284:7
    at Function.process_params (D:\gitHub\basicNodeApp\node_modules\express\lib\router\index.js:335:12)
    at next (D:\gitHub\basicNodeApp\node_modules\express\lib\router\index.js:275:10)
    at D:\gitHub\basicNodeApp\node_modules\express\lib\router\index.js:635:15
    at next (D:\gitHub\basicNodeApp\node_modules\express\lib\router\index.js:260:14)
    at Function.handle (D:\gitHub\basicNodeApp\node_modules\express\lib\router\index.js:174:3)
    at router (D:\gitHub\basicNodeApp\node_modules\express\lib\router\index.js:47:12)
    at Layer.handle [as handle_request] (D:\gitHub\basicNodeApp\node_modules\express\lib\router\layer.js:95:5)
    at trim_prefix (D:\gitHub\basicNodeApp\node_modules\express\lib\router\index.js:317:13)
    at D:\gitHub\basicNodeApp\node_modules\express\lib\router\index.js:284:7
    at Function.process_params (D:\gitHub\basicNodeApp\node_modules\express\lib\router\index.js:335:12)
    at next (D:\gitHub\basicNodeApp\node_modules\express\lib\router\index.js:275:10)
    at app.use (D:\gitHub\basicNodeApp\app.js:55:5)Error msg:  Not Found 
 data: Sun Jan 07 2018 08:35:24 GMT-0200 (Horário brasileiro de verão) stack: Error: Not Found
    at app.use (D:\gitHub\basicNodeApp\app.js:71:16)
    at Layer.handle [as handle_request] (D:\gitHub\basicNodeApp\node_modules\express\lib\router\layer.js:95:5)
    at trim_prefix (D:\gitHub\basicNodeApp\node_modules\express\lib\router\index.js:317:13)
    at D:\gitHub\basicNodeApp\node_modules\express\lib\router\index.js:284:7
    at Function.process_params (D:\gitHub\basicNodeApp\node_modules\express\lib\router\index.js:335:12)
    at next (D:\gitHub\basicNodeApp\node_modules\express\lib\router\index.js:275:10)
    at D:\gitHub\basicNodeApp\node_modules\express\lib\router\index.js:635:15
    at next (D:\gitHub\basicNodeApp\node_modules\express\lib\router\index.js:260:14)
    at Function.handle (D:\gitHub\basicNodeApp\node_modules\express\lib\router\index.js:174:3)
    at router (D:\gitHub\basicNodeApp\node_modules\express\lib\router\index.js:47:12)
    at Layer.handle [as handle_request] (D:\gitHub\basicNodeApp\node_modules\express\lib\router\layer.js:95:5)
    at trim_prefix (D:\gitHub\basicNodeApp\node_modules\express\lib\router\index.js:317:13)
    at D:\gitHub\basicNodeApp\node_modules\express\lib\router\index.js:284:7
    at Function.process_params (D:\gitHub\basicNodeApp\node_modules\express\lib\router\index.js:335:12)
    at next (D:\gitHub\basicNodeApp\node_modules\express\lib\router\index.js:275:10)
    at app.use (D:\gitHub\basicNodeApp\app.js:55:5)Error msg:  Not Found 
 data: Sun Jan 07 2018 08:35:24 GMT-0200 (Horário brasileiro de verão) stack: Error: Not Found
    at app.use (D:\gitHub\basicNodeApp\app.js:71:16)
    at Layer.handle [as handle_request] (D:\gitHub\basicNodeApp\node_modules\express\lib\router\layer.js:95:5)
    at trim_prefix (D:\gitHub\basicNodeApp\node_modules\express\lib\router\index.js:317:13)
    at D:\gitHub\basicNodeApp\node_modules\express\lib\router\index.js:284:7
    at Function.process_params (D:\gitHub\basicNodeApp\node_modules\express\lib\router\index.js:335:12)
    at next (D:\gitHub\basicNodeApp\node_modules\express\lib\router\index.js:275:10)
    at D:\gitHub\basicNodeApp\node_modules\express\lib\router\index.js:635:15
    at next (D:\gitHub\basicNodeApp\node_modules\express\lib\router\index.js:260:14)
    at Function.handle (D:\gitHub\basicNodeApp\node_modules\express\lib\router\index.js:174:3)
    at router (D:\gitHub\basicNodeApp\node_modules\express\lib\router\index.js:47:12)
    at Layer.handle [as handle_request] (D:\gitHub\basicNodeApp\node_modules\express\lib\router\layer.js:95:5)
    at trim_prefix (D:\gitHub\basicNodeApp\node_modules\express\lib\router\index.js:317:13)
    at D:\gitHub\basicNodeApp\node_modules\express\lib\router\index.js:284:7
    at Function.process_params (D:\gitHub\basicNodeApp\node_modules\express\lib\router\index.js:335:12)
    at next (D:\gitHub\basicNodeApp\node_modules\express\lib\router\index.js:275:10)
    at app.use (D:\gitHub\basicNodeApp\app.js:55:5)Error msg:  Not Found 
 data: Sun Jan 07 2018 08:35:26 GMT-0200 (Horário brasileiro de verão) stack: Error: Not Found
    at app.use (D:\gitHub\basicNodeApp\app.js:71:16)
    at Layer.handle [as handle_request] (D:\gitHub\basicNodeApp\node_modules\express\lib\router\layer.js:95:5)
    at trim_prefix (D:\gitHub\basicNodeApp\node_modules\express\lib\router\index.js:317:13)
    at D:\gitHub\basicNodeApp\node_modules\express\lib\router\index.js:284:7
    at Function.process_params (D:\gitHub\basicNodeApp\node_modules\express\lib\router\index.js:335:12)
    at next (D:\gitHub\basicNodeApp\node_modules\express\lib\router\index.js:275:10)
    at D:\gitHub\basicNodeApp\node_modules\express\lib\router\index.js:635:15
    at next (D:\gitHub\basicNodeApp\node_modules\express\lib\router\index.js:260:14)
    at Function.handle (D:\gitHub\basicNodeApp\node_modules\express\lib\router\index.js:174:3)
    at router (D:\gitHub\basicNodeApp\node_modules\express\lib\router\index.js:47:12)
    at Layer.handle [as handle_request] (D:\gitHub\basicNodeApp\node_modules\express\lib\router\layer.js:95:5)
    at trim_prefix (D:\gitHub\basicNodeApp\node_modules\express\lib\router\index.js:317:13)
    at D:\gitHub\basicNodeApp\node_modules\express\lib\router\index.js:284:7
    at Function.process_params (D:\gitHub\basicNodeApp\node_modules\express\lib\router\index.js:335:12)
    at next (D:\gitHub\basicNodeApp\node_modules\express\lib\router\index.js:275:10)
    at app.use (D:\gitHub\basicNodeApp\app.js:55:5)Error msg:  Not Found 
 data: Sun Jan 07 2018 08:35:26 GMT-0200 (Horário brasileiro de verão) stack: Error: Not Found
    at app.use (D:\gitHub\basicNodeApp\app.js:71:16)
    at Layer.handle [as handle_request] (D:\gitHub\basicNodeApp\node_modules\express\lib\router\layer.js:95:5)
    at trim_prefix (D:\gitHub\basicNodeApp\node_modules\express\lib\router\index.js:317:13)
    at D:\gitHub\basicNodeApp\node_modules\express\lib\router\index.js:284:7
    at Function.process_params (D:\gitHub\basicNodeApp\node_modules\express\lib\router\index.js:335:12)
    at next (D:\gitHub\basicNodeApp\node_modules\express\lib\router\index.js:275:10)
    at D:\gitHub\basicNodeApp\node_modules\express\lib\router\index.js:635:15
    at next (D:\gitHub\basicNodeApp\node_modules\express\lib\router\index.js:260:14)
    at Function.handle (D:\gitHub\basicNodeApp\node_modules\express\lib\router\index.js:174:3)
    at router (D:\gitHub\basicNodeApp\node_modules\express\lib\router\index.js:47:12)
    at Layer.handle [as handle_request] (D:\gitHub\basicNodeApp\node_modules\express\lib\router\layer.js:95:5)
    at trim_prefix (D:\gitHub\basicNodeApp\node_modules\express\lib\router\index.js:317:13)
    at D:\gitHub\basicNodeApp\node_modules\express\lib\router\index.js:284:7
    at Function.process_params (D:\gitHub\basicNodeApp\node_modules\express\lib\router\index.js:335:12)
    at next (D:\gitHub\basicNodeApp\node_modules\express\lib\router\index.js:275:10)
    at app.use (D:\gitHub\basicNodeApp\app.js:55:5)Error msg:  Not Found 
 data: Sun Jan 07 2018 08:35:26 GMT-0200 (Horário brasileiro de verão) stack: Error: Not Found
    at app.use (D:\gitHub\basicNodeApp\app.js:71:16)
    at Layer.handle [as handle_request] (D:\gitHub\basicNodeApp\node_modules\express\lib\router\layer.js:95:5)
    at trim_prefix (D:\gitHub\basicNodeApp\node_modules\express\lib\router\index.js:317:13)
    at D:\gitHub\basicNodeApp\node_modules\express\lib\router\index.js:284:7
    at Function.process_params (D:\gitHub\basicNodeApp\node_modules\express\lib\router\index.js:335:12)
    at next (D:\gitHub\basicNodeApp\node_modules\express\lib\router\index.js:275:10)
    at D:\gitHub\basicNodeApp\node_modules\express\lib\router\index.js:635:15
    at next (D:\gitHub\basicNodeApp\node_modules\express\lib\router\index.js:260:14)
    at Function.handle (D:\gitHub\basicNodeApp\node_modules\express\lib\router\index.js:174:3)
    at router (D:\gitHub\basicNodeApp\node_modules\express\lib\router\index.js:47:12)
    at Layer.handle [as handle_request] (D:\gitHub\basicNodeApp\node_modules\express\lib\router\layer.js:95:5)
    at trim_prefix (D:\gitHub\basicNodeApp\node_modules\express\lib\router\index.js:317:13)
    at D:\gitHub\basicNodeApp\node_modules\express\lib\router\index.js:284:7
    at Function.process_params (D:\gitHub\basicNodeApp\node_modules\express\lib\router\index.js:335:12)
    at next (D:\gitHub\basicNodeApp\node_modules\express\lib\router\index.js:275:10)
    at app.use (D:\gitHub\basicNodeApp\app.js:55:5)Error msg:  Not Found 
 data: Sun Jan 07 2018 08:35:26 GMT-0200 (Horário brasileiro de verão) stack: Error: Not Found
    at app.use (D:\gitHub\basicNodeApp\app.js:71:16)
    at Layer.handle [as handle_request] (D:\gitHub\basicNodeApp\node_modules\express\lib\router\layer.js:95:5)
    at trim_prefix (D:\gitHub\basicNodeApp\node_modules\express\lib\router\index.js:317:13)
    at D:\gitHub\basicNodeApp\node_modules\express\lib\router\index.js:284:7
    at Function.process_params (D:\gitHub\basicNodeApp\node_modules\express\lib\router\index.js:335:12)
    at next (D:\gitHub\basicNodeApp\node_modules\express\lib\router\index.js:275:10)
    at D:\gitHub\basicNodeApp\node_modules\express\lib\router\index.js:635:15
    at next (D:\gitHub\basicNodeApp\node_modules\express\lib\router\index.js:260:14)
    at Function.handle (D:\gitHub\basicNodeApp\node_modules\express\lib\router\index.js:174:3)
    at router (D:\gitHub\basicNodeApp\node_modules\express\lib\router\index.js:47:12)
    at Layer.handle [as handle_request] (D:\gitHub\basicNodeApp\node_modules\express\lib\router\layer.js:95:5)
    at trim_prefix (D:\gitHub\basicNodeApp\node_modules\express\lib\router\index.js:317:13)
    at D:\gitHub\basicNodeApp\node_modules\express\lib\router\index.js:284:7
    at Function.process_params (D:\gitHub\basicNodeApp\node_modules\express\lib\router\index.js:335:12)
    at next (D:\gitHub\basicNodeApp\node_modules\express\lib\router\index.js:275:10)
    at app.use (D:\gitHub\basicNodeApp\app.js:55:5)Error msg:  Not Found 
 data: Sun Jan 07 2018 08:35:29 GMT-0200 (Horário brasileiro de verão) stack: Error: Not Found
    at app.use (D:\gitHub\basicNodeApp\app.js:71:16)
    at Layer.handle [as handle_request] (D:\gitHub\basicNodeApp\node_modules\express\lib\router\layer.js:95:5)
    at trim_prefix (D:\gitHub\basicNodeApp\node_modules\express\lib\router\index.js:317:13)
    at D:\gitHub\basicNodeApp\node_modules\express\lib\router\index.js:284:7
    at Function.process_params (D:\gitHub\basicNodeApp\node_modules\express\lib\router\index.js:335:12)
    at next (D:\gitHub\basicNodeApp\node_modules\express\lib\router\index.js:275:10)
    at D:\gitHub\basicNodeApp\node_modules\express\lib\router\index.js:635:15
    at next (D:\gitHub\basicNodeApp\node_modules\express\lib\router\index.js:260:14)
    at Function.handle (D:\gitHub\basicNodeApp\node_modules\express\lib\router\index.js:174:3)
    at router (D:\gitHub\basicNodeApp\node_modules\express\lib\router\index.js:47:12)
    at Layer.handle [as handle_request] (D:\gitHub\basicNodeApp\node_modules\express\lib\router\layer.js:95:5)
    at trim_prefix (D:\gitHub\basicNodeApp\node_modules\express\lib\router\index.js:317:13)
    at D:\gitHub\basicNodeApp\node_modules\express\lib\router\index.js:284:7
    at Function.process_params (D:\gitHub\basicNodeApp\node_modules\express\lib\router\index.js:335:12)
    at next (D:\gitHub\basicNodeApp\node_modules\express\lib\router\index.js:275:10)
    at app.use (D:\gitHub\basicNodeApp\app.js:55:5)Error msg:  Not Found 
 data: Sun Jan 07 2018 08:35:29 GMT-0200 (Horário brasileiro de verão) stack: Error: Not Found
    at app.use (D:\gitHub\basicNodeApp\app.js:71:16)
    at Layer.handle [as handle_request] (D:\gitHub\basicNodeApp\node_modules\express\lib\router\layer.js:95:5)
    at trim_prefix (D:\gitHub\basicNodeApp\node_modules\express\lib\router\index.js:317:13)
    at D:\gitHub\basicNodeApp\node_modules\express\lib\router\index.js:284:7
    at Function.process_params (D:\gitHub\basicNodeApp\node_modules\express\lib\router\index.js:335:12)
    at next (D:\gitHub\basicNodeApp\node_modules\express\lib\router\index.js:275:10)
    at D:\gitHub\basicNodeApp\node_modules\express\lib\router\index.js:635:15
    at next (D:\gitHub\basicNodeApp\node_modules\express\lib\router\index.js:260:14)
    at Function.handle (D:\gitHub\basicNodeApp\node_modules\express\lib\router\index.js:174:3)
    at router (D:\gitHub\basicNodeApp\node_modules\express\lib\router\index.js:47:12)
    at Layer.handle [as handle_request] (D:\gitHub\basicNodeApp\node_modules\express\lib\router\layer.js:95:5)
    at trim_prefix (D:\gitHub\basicNodeApp\node_modules\express\lib\router\index.js:317:13)
    at D:\gitHub\basicNodeApp\node_modules\express\lib\router\index.js:284:7
    at Function.process_params (D:\gitHub\basicNodeApp\node_modules\express\lib\router\index.js:335:12)
    at next (D:\gitHub\basicNodeApp\node_modules\express\lib\router\index.js:275:10)
    at app.use (D:\gitHub\basicNodeApp\app.js:55:5)Error msg:  Not Found 
 data: Sun Jan 07 2018 08:35:29 GMT-0200 (Horário brasileiro de verão) stack: Error: Not Found
    at app.use (D:\gitHub\basicNodeApp\app.js:71:16)
    at Layer.handle [as handle_request] (D:\gitHub\basicNodeApp\node_modules\express\lib\router\layer.js:95:5)
    at trim_prefix (D:\gitHub\basicNodeApp\node_modules\express\lib\router\index.js:317:13)
    at D:\gitHub\basicNodeApp\node_modules\express\lib\router\index.js:284:7
    at Function.process_params (D:\gitHub\basicNodeApp\node_modules\express\lib\router\index.js:335:12)
    at next (D:\gitHub\basicNodeApp\node_modules\express\lib\router\index.js:275:10)
    at D:\gitHub\basicNodeApp\node_modules\express\lib\router\index.js:635:15
    at next (D:\gitHub\basicNodeApp\node_modules\express\lib\router\index.js:260:14)
    at Function.handle (D:\gitHub\basicNodeApp\node_modules\express\lib\router\index.js:174:3)
    at router (D:\gitHub\basicNodeApp\node_modules\express\lib\router\index.js:47:12)
    at Layer.handle [as handle_request] (D:\gitHub\basicNodeApp\node_modules\express\lib\router\layer.js:95:5)
    at trim_prefix (D:\gitHub\basicNodeApp\node_modules\express\lib\router\index.js:317:13)
    at D:\gitHub\basicNodeApp\node_modules\express\lib\router\index.js:284:7
    at Function.process_params (D:\gitHub\basicNodeApp\node_modules\express\lib\router\index.js:335:12)
    at next (D:\gitHub\basicNodeApp\node_modules\express\lib\router\index.js:275:10)
    at app.use (D:\gitHub\basicNodeApp\app.js:55:5)Error msg:  Not Found 
 data: Sun Jan 07 2018 08:35:29 GMT-0200 (Horário brasileiro de verão) stack: Error: Not Found
    at app.use (D:\gitHub\basicNodeApp\app.js:71:16)
    at Layer.handle [as handle_request] (D:\gitHub\basicNodeApp\node_modules\express\lib\router\layer.js:95:5)
    at trim_prefix (D:\gitHub\basicNodeApp\node_modules\express\lib\router\index.js:317:13)
    at D:\gitHub\basicNodeApp\node_modules\express\lib\router\index.js:284:7
    at Function.process_params (D:\gitHub\basicNodeApp\node_modules\express\lib\router\index.js:335:12)
    at next (D:\gitHub\basicNodeApp\node_modules\express\lib\router\index.js:275:10)
    at D:\gitHub\basicNodeApp\node_modules\express\lib\router\index.js:635:15
    at next (D:\gitHub\basicNodeApp\node_modules\express\lib\router\index.js:260:14)
    at Function.handle (D:\gitHub\basicNodeApp\node_modules\express\lib\router\index.js:174:3)
    at router (D:\gitHub\basicNodeApp\node_modules\express\lib\router\index.js:47:12)
    at Layer.handle [as handle_request] (D:\gitHub\basicNodeApp\node_modules\express\lib\router\layer.js:95:5)
    at trim_prefix (D:\gitHub\basicNodeApp\node_modules\express\lib\router\index.js:317:13)
    at D:\gitHub\basicNodeApp\node_modules\express\lib\router\index.js:284:7
    at Function.process_params (D:\gitHub\basicNodeApp\node_modules\express\lib\router\index.js:335:12)
    at next (D:\gitHub\basicNodeApp\node_modules\express\lib\router\index.js:275:10)
    at app.use (D:\gitHub\basicNodeApp\app.js:55:5)Error msg:  Not Found 
 data: Sun Jan 07 2018 08:35:32 GMT-0200 (Horário brasileiro de verão) stack: Error: Not Found
    at app.use (D:\gitHub\basicNodeApp\app.js:71:16)
    at Layer.handle [as handle_request] (D:\gitHub\basicNodeApp\node_modules\express\lib\router\layer.js:95:5)
    at trim_prefix (D:\gitHub\basicNodeApp\node_modules\express\lib\router\index.js:317:13)
    at D:\gitHub\basicNodeApp\node_modules\express\lib\router\index.js:284:7
    at Function.process_params (D:\gitHub\basicNodeApp\node_modules\express\lib\router\index.js:335:12)
    at next (D:\gitHub\basicNodeApp\node_modules\express\lib\router\index.js:275:10)
    at D:\gitHub\basicNodeApp\node_modules\express\lib\router\index.js:635:15
    at next (D:\gitHub\basicNodeApp\node_modules\express\lib\router\index.js:260:14)
    at Function.handle (D:\gitHub\basicNodeApp\node_modules\express\lib\router\index.js:174:3)
    at router (D:\gitHub\basicNodeApp\node_modules\express\lib\router\index.js:47:12)
    at Layer.handle [as handle_request] (D:\gitHub\basicNodeApp\node_modules\express\lib\router\layer.js:95:5)
    at trim_prefix (D:\gitHub\basicNodeApp\node_modules\express\lib\router\index.js:317:13)
    at D:\gitHub\basicNodeApp\node_modules\express\lib\router\index.js:284:7
    at Function.process_params (D:\gitHub\basicNodeApp\node_modules\express\lib\router\index.js:335:12)
    at next (D:\gitHub\basicNodeApp\node_modules\express\lib\router\index.js:275:10)
    at app.use (D:\gitHub\basicNodeApp\app.js:55:5)Error msg:  Not Found 
 data: Sun Jan 07 2018 08:35:32 GMT-0200 (Horário brasileiro de verão) stack: Error: Not Found
    at app.use (D:\gitHub\basicNodeApp\app.js:71:16)
    at Layer.handle [as handle_request] (D:\gitHub\basicNodeApp\node_modules\express\lib\router\layer.js:95:5)
    at trim_prefix (D:\gitHub\basicNodeApp\node_modules\express\lib\router\index.js:317:13)
    at D:\gitHub\basicNodeApp\node_modules\express\lib\router\index.js:284:7
    at Function.process_params (D:\gitHub\basicNodeApp\node_modules\express\lib\router\index.js:335:12)
    at next (D:\gitHub\basicNodeApp\node_modules\express\lib\router\index.js:275:10)
    at D:\gitHub\basicNodeApp\node_modules\express\lib\router\index.js:635:15
    at next (D:\gitHub\basicNodeApp\node_modules\express\lib\router\index.js:260:14)
    at Function.handle (D:\gitHub\basicNodeApp\node_modules\express\lib\router\index.js:174:3)
    at router (D:\gitHub\basicNodeApp\node_modules\express\lib\router\index.js:47:12)
    at Layer.handle [as handle_request] (D:\gitHub\basicNodeApp\node_modules\express\lib\router\layer.js:95:5)
    at trim_prefix (D:\gitHub\basicNodeApp\node_modules\express\lib\router\index.js:317:13)
    at D:\gitHub\basicNodeApp\node_modules\express\lib\router\index.js:284:7
    at Function.process_params (D:\gitHub\basicNodeApp\node_modules\express\lib\router\index.js:335:12)
    at next (D:\gitHub\basicNodeApp\node_modules\express\lib\router\index.js:275:10)
    at app.use (D:\gitHub\basicNodeApp\app.js:55:5)Error msg:  Not Found 
 data: Sun Jan 07 2018 08:35:32 GMT-0200 (Horário brasileiro de verão) stack: Error: Not Found
    at app.use (D:\gitHub\basicNodeApp\app.js:71:16)
    at Layer.handle [as handle_request] (D:\gitHub\basicNodeApp\node_modules\express\lib\router\layer.js:95:5)
    at trim_prefix (D:\gitHub\basicNodeApp\node_modules\express\lib\router\index.js:317:13)
    at D:\gitHub\basicNodeApp\node_modules\express\lib\router\index.js:284:7
    at Function.process_params (D:\gitHub\basicNodeApp\node_modules\express\lib\router\index.js:335:12)
    at next (D:\gitHub\basicNodeApp\node_modules\express\lib\router\index.js:275:10)
    at D:\gitHub\basicNodeApp\node_modules\express\lib\router\index.js:635:15
    at next (D:\gitHub\basicNodeApp\node_modules\express\lib\router\index.js:260:14)
    at Function.handle (D:\gitHub\basicNodeApp\node_modules\express\lib\router\index.js:174:3)
    at router (D:\gitHub\basicNodeApp\node_modules\express\lib\router\index.js:47:12)
    at Layer.handle [as handle_request] (D:\gitHub\basicNodeApp\node_modules\express\lib\router\layer.js:95:5)
    at trim_prefix (D:\gitHub\basicNodeApp\node_modules\express\lib\router\index.js:317:13)
    at D:\gitHub\basicNodeApp\node_modules\express\lib\router\index.js:284:7
    at Function.process_params (D:\gitHub\basicNodeApp\node_modules\express\lib\router\index.js:335:12)
    at next (D:\gitHub\basicNodeApp\node_modules\express\lib\router\index.js:275:10)
    at app.use (D:\gitHub\basicNodeApp\app.js:55:5)Error msg:  Not Found 
 data: Sun Jan 07 2018 08:35:32 GMT-0200 (Horário brasileiro de verão) stack: Error: Not Found
    at app.use (D:\gitHub\basicNodeApp\app.js:71:16)
    at Layer.handle [as handle_request] (D:\gitHub\basicNodeApp\node_modules\express\lib\router\layer.js:95:5)
    at trim_prefix (D:\gitHub\basicNodeApp\node_modules\express\lib\router\index.js:317:13)
    at D:\gitHub\basicNodeApp\node_modules\express\lib\router\index.js:284:7
    at Function.process_params (D:\gitHub\basicNodeApp\node_modules\express\lib\router\index.js:335:12)
    at next (D:\gitHub\basicNodeApp\node_modules\express\lib\router\index.js:275:10)
    at D:\gitHub\basicNodeApp\node_modules\express\lib\router\index.js:635:15
    at next (D:\gitHub\basicNodeApp\node_modules\express\lib\router\index.js:260:14)
    at Function.handle (D:\gitHub\basicNodeApp\node_modules\express\lib\router\index.js:174:3)
    at router (D:\gitHub\basicNodeApp\node_modules\express\lib\router\index.js:47:12)
    at Layer.handle [as handle_request] (D:\gitHub\basicNodeApp\node_modules\express\lib\router\layer.js:95:5)
    at trim_prefix (D:\gitHub\basicNodeApp\node_modules\express\lib\router\index.js:317:13)
    at D:\gitHub\basicNodeApp\node_modules\express\lib\router\index.js:284:7
    at Function.process_params (D:\gitHub\basicNodeApp\node_modules\express\lib\router\index.js:335:12)
    at next (D:\gitHub\basicNodeApp\node_modules\express\lib\router\index.js:275:10)
    at app.use (D:\gitHub\basicNodeApp\app.js:55:5)Error msg:  Not Found 
 data: Sun Jan 07 2018 08:35:33 GMT-0200 (Horário brasileiro de verão) stack: Error: Not Found
    at app.use (D:\gitHub\basicNodeApp\app.js:71:16)
    at Layer.handle [as handle_request] (D:\gitHub\basicNodeApp\node_modules\express\lib\router\layer.js:95:5)
    at trim_prefix (D:\gitHub\basicNodeApp\node_modules\express\lib\router\index.js:317:13)
    at D:\gitHub\basicNodeApp\node_modules\express\lib\router\index.js:284:7
    at Function.process_params (D:\gitHub\basicNodeApp\node_modules\express\lib\router\index.js:335:12)
    at next (D:\gitHub\basicNodeApp\node_modules\express\lib\router\index.js:275:10)
    at D:\gitHub\basicNodeApp\node_modules\express\lib\router\index.js:635:15
    at next (D:\gitHub\basicNodeApp\node_modules\express\lib\router\index.js:260:14)
    at Function.handle (D:\gitHub\basicNodeApp\node_modules\express\lib\router\index.js:174:3)
    at router (D:\gitHub\basicNodeApp\node_modules\express\lib\router\index.js:47:12)
    at Layer.handle [as handle_request] (D:\gitHub\basicNodeApp\node_modules\express\lib\router\layer.js:95:5)
    at trim_prefix (D:\gitHub\basicNodeApp\node_modules\express\lib\router\index.js:317:13)
    at D:\gitHub\basicNodeApp\node_modules\express\lib\router\index.js:284:7
    at Function.process_params (D:\gitHub\basicNodeApp\node_modules\express\lib\router\index.js:335:12)
    at next (D:\gitHub\basicNodeApp\node_modules\express\lib\router\index.js:275:10)
    at app.use (D:\gitHub\basicNodeApp\app.js:55:5)Error msg:  Not Found 
 data: Sun Jan 07 2018 08:35:33 GMT-0200 (Horário brasileiro de verão) stack: Error: Not Found
    at app.use (D:\gitHub\basicNodeApp\app.js:71:16)
    at Layer.handle [as handle_request] (D:\gitHub\basicNodeApp\node_modules\express\lib\router\layer.js:95:5)
    at trim_prefix (D:\gitHub\basicNodeApp\node_modules\express\lib\router\index.js:317:13)
    at D:\gitHub\basicNodeApp\node_modules\express\lib\router\index.js:284:7
    at Function.process_params (D:\gitHub\basicNodeApp\node_modules\express\lib\router\index.js:335:12)
    at next (D:\gitHub\basicNodeApp\node_modules\express\lib\router\index.js:275:10)
    at D:\gitHub\basicNodeApp\node_modules\express\lib\router\index.js:635:15
    at next (D:\gitHub\basicNodeApp\node_modules\express\lib\router\index.js:260:14)
    at Function.handle (D:\gitHub\basicNodeApp\node_modules\express\lib\router\index.js:174:3)
    at router (D:\gitHub\basicNodeApp\node_modules\express\lib\router\index.js:47:12)
    at Layer.handle [as handle_request] (D:\gitHub\basicNodeApp\node_modules\express\lib\router\layer.js:95:5)
    at trim_prefix (D:\gitHub\basicNodeApp\node_modules\express\lib\router\index.js:317:13)
    at D:\gitHub\basicNodeApp\node_modules\express\lib\router\index.js:284:7
    at Function.process_params (D:\gitHub\basicNodeApp\node_modules\express\lib\router\index.js:335:12)
    at next (D:\gitHub\basicNodeApp\node_modules\express\lib\router\index.js:275:10)
    at app.use (D:\gitHub\basicNodeApp\app.js:55:5)Error msg:  Not Found 
 data: Sun Jan 07 2018 08:35:33 GMT-0200 (Horário brasileiro de verão) stack: Error: Not Found
    at app.use (D:\gitHub\basicNodeApp\app.js:71:16)
    at Layer.handle [as handle_request] (D:\gitHub\basicNodeApp\node_modules\express\lib\router\layer.js:95:5)
    at trim_prefix (D:\gitHub\basicNodeApp\node_modules\express\lib\router\index.js:317:13)
    at D:\gitHub\basicNodeApp\node_modules\express\lib\router\index.js:284:7
    at Function.process_params (D:\gitHub\basicNodeApp\node_modules\express\lib\router\index.js:335:12)
    at next (D:\gitHub\basicNodeApp\node_modules\express\lib\router\index.js:275:10)
    at D:\gitHub\basicNodeApp\node_modules\express\lib\router\index.js:635:15
    at next (D:\gitHub\basicNodeApp\node_modules\express\lib\router\index.js:260:14)
    at Function.handle (D:\gitHub\basicNodeApp\node_modules\express\lib\router\index.js:174:3)
    at router (D:\gitHub\basicNodeApp\node_modules\express\lib\router\index.js:47:12)
    at Layer.handle [as handle_request] (D:\gitHub\basicNodeApp\node_modules\express\lib\router\layer.js:95:5)
    at trim_prefix (D:\gitHub\basicNodeApp\node_modules\express\lib\router\index.js:317:13)
    at D:\gitHub\basicNodeApp\node_modules\express\lib\router\index.js:284:7
    at Function.process_params (D:\gitHub\basicNodeApp\node_modules\express\lib\router\index.js:335:12)
    at next (D:\gitHub\basicNodeApp\node_modules\express\lib\router\index.js:275:10)
    at app.use (D:\gitHub\basicNodeApp\app.js:55:5)Error msg:  Not Found 
 data: Sun Jan 07 2018 08:35:33 GMT-0200 (Horário brasileiro de verão) stack: Error: Not Found
    at app.use (D:\gitHub\basicNodeApp\app.js:71:16)
    at Layer.handle [as handle_request] (D:\gitHub\basicNodeApp\node_modules\express\lib\router\layer.js:95:5)
    at trim_prefix (D:\gitHub\basicNodeApp\node_modules\express\lib\router\index.js:317:13)
    at D:\gitHub\basicNodeApp\node_modules\express\lib\router\index.js:284:7
    at Function.process_params (D:\gitHub\basicNodeApp\node_modules\express\lib\router\index.js:335:12)
    at next (D:\gitHub\basicNodeApp\node_modules\express\lib\router\index.js:275:10)
    at D:\gitHub\basicNodeApp\node_modules\express\lib\router\index.js:635:15
    at next (D:\gitHub\basicNodeApp\node_modules\express\lib\router\index.js:260:14)
    at Function.handle (D:\gitHub\basicNodeApp\node_modules\express\lib\router\index.js:174:3)
    at router (D:\gitHub\basicNodeApp\node_modules\express\lib\router\index.js:47:12)
    at Layer.handle [as handle_request] (D:\gitHub\basicNodeApp\node_modules\express\lib\router\layer.js:95:5)
    at trim_prefix (D:\gitHub\basicNodeApp\node_modules\express\lib\router\index.js:317:13)
    at D:\gitHub\basicNodeApp\node_modules\express\lib\router\index.js:284:7
    at Function.process_params (D:\gitHub\basicNodeApp\node_modules\express\lib\router\index.js:335:12)
    at next (D:\gitHub\basicNodeApp\node_modules\express\lib\router\index.js:275:10)
    at app.use (D:\gitHub\basicNodeApp\app.js:55:5)Error msg:  Not Found 
 data: Sun Jan 07 2018 08:35:34 GMT-0200 (Horário brasileiro de verão) stack: Error: Not Found
    at app.use (D:\gitHub\basicNodeApp\app.js:71:16)
    at Layer.handle [as handle_request] (D:\gitHub\basicNodeApp\node_modules\express\lib\router\layer.js:95:5)
    at trim_prefix (D:\gitHub\basicNodeApp\node_modules\express\lib\router\index.js:317:13)
    at D:\gitHub\basicNodeApp\node_modules\express\lib\router\index.js:284:7
    at Function.process_params (D:\gitHub\basicNodeApp\node_modules\express\lib\router\index.js:335:12)
    at next (D:\gitHub\basicNodeApp\node_modules\express\lib\router\index.js:275:10)
    at D:\gitHub\basicNodeApp\node_modules\express\lib\router\index.js:635:15
    at next (D:\gitHub\basicNodeApp\node_modules\express\lib\router\index.js:260:14)
    at Function.handle (D:\gitHub\basicNodeApp\node_modules\express\lib\router\index.js:174:3)
    at router (D:\gitHub\basicNodeApp\node_modules\express\lib\router\index.js:47:12)
    at Layer.handle [as handle_request] (D:\gitHub\basicNodeApp\node_modules\express\lib\router\layer.js:95:5)
    at trim_prefix (D:\gitHub\basicNodeApp\node_modules\express\lib\router\index.js:317:13)
    at D:\gitHub\basicNodeApp\node_modules\express\lib\router\index.js:284:7
    at Function.process_params (D:\gitHub\basicNodeApp\node_modules\express\lib\router\index.js:335:12)
    at next (D:\gitHub\basicNodeApp\node_modules\express\lib\router\index.js:275:10)
    at app.use (D:\gitHub\basicNodeApp\app.js:55:5)Error msg:  Not Found 
 data: Sun Jan 07 2018 08:35:34 GMT-0200 (Horário brasileiro de verão) stack: Error: Not Found
    at app.use (D:\gitHub\basicNodeApp\app.js:71:16)
    at Layer.handle [as handle_request] (D:\gitHub\basicNodeApp\node_modules\express\lib\router\layer.js:95:5)
    at trim_prefix (D:\gitHub\basicNodeApp\node_modules\express\lib\router\index.js:317:13)
    at D:\gitHub\basicNodeApp\node_modules\express\lib\router\index.js:284:7
    at Function.process_params (D:\gitHub\basicNodeApp\node_modules\express\lib\router\index.js:335:12)
    at next (D:\gitHub\basicNodeApp\node_modules\express\lib\router\index.js:275:10)
    at D:\gitHub\basicNodeApp\node_modules\express\lib\router\index.js:635:15
    at next (D:\gitHub\basicNodeApp\node_modules\express\lib\router\index.js:260:14)
    at Function.handle (D:\gitHub\basicNodeApp\node_modules\express\lib\router\index.js:174:3)
    at router (D:\gitHub\basicNodeApp\node_modules\express\lib\router\index.js:47:12)
    at Layer.handle [as handle_request] (D:\gitHub\basicNodeApp\node_modules\express\lib\router\layer.js:95:5)
    at trim_prefix (D:\gitHub\basicNodeApp\node_modules\express\lib\router\index.js:317:13)
    at D:\gitHub\basicNodeApp\node_modules\express\lib\router\index.js:284:7
    at Function.process_params (D:\gitHub\basicNodeApp\node_modules\express\lib\router\index.js:335:12)
    at next (D:\gitHub\basicNodeApp\node_modules\express\lib\router\index.js:275:10)
    at app.use (D:\gitHub\basicNodeApp\app.js:55:5)Error msg:  Not Found 
 data: Sun Jan 07 2018 08:35:34 GMT-0200 (Horário brasileiro de verão) stack: Error: Not Found
    at app.use (D:\gitHub\basicNodeApp\app.js:71:16)
    at Layer.handle [as handle_request] (D:\gitHub\basicNodeApp\node_modules\express\lib\router\layer.js:95:5)
    at trim_prefix (D:\gitHub\basicNodeApp\node_modules\express\lib\router\index.js:317:13)
    at D:\gitHub\basicNodeApp\node_modules\express\lib\router\index.js:284:7
    at Function.process_params (D:\gitHub\basicNodeApp\node_modules\express\lib\router\index.js:335:12)
    at next (D:\gitHub\basicNodeApp\node_modules\express\lib\router\index.js:275:10)
    at D:\gitHub\basicNodeApp\node_modules\express\lib\router\index.js:635:15
    at next (D:\gitHub\basicNodeApp\node_modules\express\lib\router\index.js:260:14)
    at Function.handle (D:\gitHub\basicNodeApp\node_modules\express\lib\router\index.js:174:3)
    at router (D:\gitHub\basicNodeApp\node_modules\express\lib\router\index.js:47:12)
    at Layer.handle [as handle_request] (D:\gitHub\basicNodeApp\node_modules\express\lib\router\layer.js:95:5)
    at trim_prefix (D:\gitHub\basicNodeApp\node_modules\express\lib\router\index.js:317:13)
    at D:\gitHub\basicNodeApp\node_modules\express\lib\router\index.js:284:7
    at Function.process_params (D:\gitHub\basicNodeApp\node_modules\express\lib\router\index.js:335:12)
    at next (D:\gitHub\basicNodeApp\node_modules\express\lib\router\index.js:275:10)
    at app.use (D:\gitHub\basicNodeApp\app.js:55:5)Error msg:  Not Found 
 data: Sun Jan 07 2018 08:35:34 GMT-0200 (Horário brasileiro de verão) stack: Error: Not Found
    at app.use (D:\gitHub\basicNodeApp\app.js:71:16)
    at Layer.handle [as handle_request] (D:\gitHub\basicNodeApp\node_modules\express\lib\router\layer.js:95:5)
    at trim_prefix (D:\gitHub\basicNodeApp\node_modules\express\lib\router\index.js:317:13)
    at D:\gitHub\basicNodeApp\node_modules\express\lib\router\index.js:284:7
    at Function.process_params (D:\gitHub\basicNodeApp\node_modules\express\lib\router\index.js:335:12)
    at next (D:\gitHub\basicNodeApp\node_modules\express\lib\router\index.js:275:10)
    at D:\gitHub\basicNodeApp\node_modules\express\lib\router\index.js:635:15
    at next (D:\gitHub\basicNodeApp\node_modules\express\lib\router\index.js:260:14)
    at Function.handle (D:\gitHub\basicNodeApp\node_modules\express\lib\router\index.js:174:3)
    at router (D:\gitHub\basicNodeApp\node_modules\express\lib\router\index.js:47:12)
    at Layer.handle [as handle_request] (D:\gitHub\basicNodeApp\node_modules\express\lib\router\layer.js:95:5)
    at trim_prefix (D:\gitHub\basicNodeApp\node_modules\express\lib\router\index.js:317:13)
    at D:\gitHub\basicNodeApp\node_modules\express\lib\router\index.js:284:7
    at Function.process_params (D:\gitHub\basicNodeApp\node_modules\express\lib\router\index.js:335:12)
    at next (D:\gitHub\basicNodeApp\node_modules\express\lib\router\index.js:275:10)
    at app.use (D:\gitHub\basicNodeApp\app.js:55:5)Error msg:  Not Found 
 data: Sun Jan 07 2018 08:35:35 GMT-0200 (Horário brasileiro de verão) stack: Error: Not Found
    at app.use (D:\gitHub\basicNodeApp\app.js:71:16)
    at Layer.handle [as handle_request] (D:\gitHub\basicNodeApp\node_modules\express\lib\router\layer.js:95:5)
    at trim_prefix (D:\gitHub\basicNodeApp\node_modules\express\lib\router\index.js:317:13)
    at D:\gitHub\basicNodeApp\node_modules\express\lib\router\index.js:284:7
    at Function.process_params (D:\gitHub\basicNodeApp\node_modules\express\lib\router\index.js:335:12)
    at next (D:\gitHub\basicNodeApp\node_modules\express\lib\router\index.js:275:10)
    at D:\gitHub\basicNodeApp\node_modules\express\lib\router\index.js:635:15
    at next (D:\gitHub\basicNodeApp\node_modules\express\lib\router\index.js:260:14)
    at Function.handle (D:\gitHub\basicNodeApp\node_modules\express\lib\router\index.js:174:3)
    at router (D:\gitHub\basicNodeApp\node_modules\express\lib\router\index.js:47:12)
    at Layer.handle [as handle_request] (D:\gitHub\basicNodeApp\node_modules\express\lib\router\layer.js:95:5)
    at trim_prefix (D:\gitHub\basicNodeApp\node_modules\express\lib\router\index.js:317:13)
    at D:\gitHub\basicNodeApp\node_modules\express\lib\router\index.js:284:7
    at Function.process_params (D:\gitHub\basicNodeApp\node_modules\express\lib\router\index.js:335:12)
    at next (D:\gitHub\basicNodeApp\node_modules\express\lib\router\index.js:275:10)
    at app.use (D:\gitHub\basicNodeApp\app.js:55:5)Error msg:  Not Found 
 data: Sun Jan 07 2018 08:35:35 GMT-0200 (Horário brasileiro de verão) stack: Error: Not Found
    at app.use (D:\gitHub\basicNodeApp\app.js:71:16)
    at Layer.handle [as handle_request] (D:\gitHub\basicNodeApp\node_modules\express\lib\router\layer.js:95:5)
    at trim_prefix (D:\gitHub\basicNodeApp\node_modules\express\lib\router\index.js:317:13)
    at D:\gitHub\basicNodeApp\node_modules\express\lib\router\index.js:284:7
    at Function.process_params (D:\gitHub\basicNodeApp\node_modules\express\lib\router\index.js:335:12)
    at next (D:\gitHub\basicNodeApp\node_modules\express\lib\router\index.js:275:10)
    at D:\gitHub\basicNodeApp\node_modules\express\lib\router\index.js:635:15
    at next (D:\gitHub\basicNodeApp\node_modules\express\lib\router\index.js:260:14)
    at Function.handle (D:\gitHub\basicNodeApp\node_modules\express\lib\router\index.js:174:3)
    at router (D:\gitHub\basicNodeApp\node_modules\express\lib\router\index.js:47:12)
    at Layer.handle [as handle_request] (D:\gitHub\basicNodeApp\node_modules\express\lib\router\layer.js:95:5)
    at trim_prefix (D:\gitHub\basicNodeApp\node_modules\express\lib\router\index.js:317:13)
    at D:\gitHub\basicNodeApp\node_modules\express\lib\router\index.js:284:7
    at Function.process_params (D:\gitHub\basicNodeApp\node_modules\express\lib\router\index.js:335:12)
    at next (D:\gitHub\basicNodeApp\node_modules\express\lib\router\index.js:275:10)
    at app.use (D:\gitHub\basicNodeApp\app.js:55:5)Error msg:  Not Found 
 data: Sun Jan 07 2018 08:35:35 GMT-0200 (Horário brasileiro de verão) stack: Error: Not Found
    at app.use (D:\gitHub\basicNodeApp\app.js:71:16)
    at Layer.handle [as handle_request] (D:\gitHub\basicNodeApp\node_modules\express\lib\router\layer.js:95:5)
    at trim_prefix (D:\gitHub\basicNodeApp\node_modules\express\lib\router\index.js:317:13)
    at D:\gitHub\basicNodeApp\node_modules\express\lib\router\index.js:284:7
    at Function.process_params (D:\gitHub\basicNodeApp\node_modules\express\lib\router\index.js:335:12)
    at next (D:\gitHub\basicNodeApp\node_modules\express\lib\router\index.js:275:10)
    at D:\gitHub\basicNodeApp\node_modules\express\lib\router\index.js:635:15
    at next (D:\gitHub\basicNodeApp\node_modules\express\lib\router\index.js:260:14)
    at Function.handle (D:\gitHub\basicNodeApp\node_modules\express\lib\router\index.js:174:3)
    at router (D:\gitHub\basicNodeApp\node_modules\express\lib\router\index.js:47:12)
    at Layer.handle [as handle_request] (D:\gitHub\basicNodeApp\node_modules\express\lib\router\layer.js:95:5)
    at trim_prefix (D:\gitHub\basicNodeApp\node_modules\express\lib\router\index.js:317:13)
    at D:\gitHub\basicNodeApp\node_modules\express\lib\router\index.js:284:7
    at Function.process_params (D:\gitHub\basicNodeApp\node_modules\express\lib\router\index.js:335:12)
    at next (D:\gitHub\basicNodeApp\node_modules\express\lib\router\index.js:275:10)
    at app.use (D:\gitHub\basicNodeApp\app.js:55:5)Error msg:  Not Found 
 data: Sun Jan 07 2018 08:35:35 GMT-0200 (Horário brasileiro de verão) stack: Error: Not Found
    at app.use (D:\gitHub\basicNodeApp\app.js:71:16)
    at Layer.handle [as handle_request] (D:\gitHub\basicNodeApp\node_modules\express\lib\router\layer.js:95:5)
    at trim_prefix (D:\gitHub\basicNodeApp\node_modules\express\lib\router\index.js:317:13)
    at D:\gitHub\basicNodeApp\node_modules\express\lib\router\index.js:284:7
    at Function.process_params (D:\gitHub\basicNodeApp\node_modules\express\lib\router\index.js:335:12)
    at next (D:\gitHub\basicNodeApp\node_modules\express\lib\router\index.js:275:10)
    at D:\gitHub\basicNodeApp\node_modules\express\lib\router\index.js:635:15
    at next (D:\gitHub\basicNodeApp\node_modules\express\lib\router\index.js:260:14)
    at Function.handle (D:\gitHub\basicNodeApp\node_modules\express\lib\router\index.js:174:3)
    at router (D:\gitHub\basicNodeApp\node_modules\express\lib\router\index.js:47:12)
    at Layer.handle [as handle_request] (D:\gitHub\basicNodeApp\node_modules\express\lib\router\layer.js:95:5)
    at trim_prefix (D:\gitHub\basicNodeApp\node_modules\express\lib\router\index.js:317:13)
    at D:\gitHub\basicNodeApp\node_modules\express\lib\router\index.js:284:7
    at Function.process_params (D:\gitHub\basicNodeApp\node_modules\express\lib\router\index.js:335:12)
    at next (D:\gitHub\basicNodeApp\node_modules\express\lib\router\index.js:275:10)
    at app.use (D:\gitHub\basicNodeApp\app.js:55:5)Error msg:  Not Found 
 data: Sun Jan 07 2018 08:35:35 GMT-0200 (Horário brasileiro de verão) stack: Error: Not Found
    at app.use (D:\gitHub\basicNodeApp\app.js:71:16)
    at Layer.handle [as handle_request] (D:\gitHub\basicNodeApp\node_modules\express\lib\router\layer.js:95:5)
    at trim_prefix (D:\gitHub\basicNodeApp\node_modules\express\lib\router\index.js:317:13)
    at D:\gitHub\basicNodeApp\node_modules\express\lib\router\index.js:284:7
    at Function.process_params (D:\gitHub\basicNodeApp\node_modules\express\lib\router\index.js:335:12)
    at next (D:\gitHub\basicNodeApp\node_modules\express\lib\router\index.js:275:10)
    at D:\gitHub\basicNodeApp\node_modules\express\lib\router\index.js:635:15
    at next (D:\gitHub\basicNodeApp\node_modules\express\lib\router\index.js:260:14)
    at Function.handle (D:\gitHub\basicNodeApp\node_modules\express\lib\router\index.js:174:3)
    at router (D:\gitHub\basicNodeApp\node_modules\express\lib\router\index.js:47:12)
    at Layer.handle [as handle_request] (D:\gitHub\basicNodeApp\node_modules\express\lib\router\layer.js:95:5)
    at trim_prefix (D:\gitHub\basicNodeApp\node_modules\express\lib\router\index.js:317:13)
    at D:\gitHub\basicNodeApp\node_modules\express\lib\router\index.js:284:7
    at Function.process_params (D:\gitHub\basicNodeApp\node_modules\express\lib\router\index.js:335:12)
    at next (D:\gitHub\basicNodeApp\node_modules\express\lib\router\index.js:275:10)
    at app.use (D:\gitHub\basicNodeApp\app.js:55:5)Error msg:  Not Found 
 data: Sun Jan 07 2018 08:35:35 GMT-0200 (Horário brasileiro de verão) stack: Error: Not Found
    at app.use (D:\gitHub\basicNodeApp\app.js:71:16)
    at Layer.handle [as handle_request] (D:\gitHub\basicNodeApp\node_modules\express\lib\router\layer.js:95:5)
    at trim_prefix (D:\gitHub\basicNodeApp\node_modules\express\lib\router\index.js:317:13)
    at D:\gitHub\basicNodeApp\node_modules\express\lib\router\index.js:284:7
    at Function.process_params (D:\gitHub\basicNodeApp\node_modules\express\lib\router\index.js:335:12)
    at next (D:\gitHub\basicNodeApp\node_modules\express\lib\router\index.js:275:10)
    at D:\gitHub\basicNodeApp\node_modules\express\lib\router\index.js:635:15
    at next (D:\gitHub\basicNodeApp\node_modules\express\lib\router\index.js:260:14)
    at Function.handle (D:\gitHub\basicNodeApp\node_modules\express\lib\router\index.js:174:3)
    at router (D:\gitHub\basicNodeApp\node_modules\express\lib\router\index.js:47:12)
    at Layer.handle [as handle_request] (D:\gitHub\basicNodeApp\node_modules\express\lib\router\layer.js:95:5)
    at trim_prefix (D:\gitHub\basicNodeApp\node_modules\express\lib\router\index.js:317:13)
    at D:\gitHub\basicNodeApp\node_modules\express\lib\router\index.js:284:7
    at Function.process_params (D:\gitHub\basicNodeApp\node_modules\express\lib\router\index.js:335:12)
    at next (D:\gitHub\basicNodeApp\node_modules\express\lib\router\index.js:275:10)
    at app.use (D:\gitHub\basicNodeApp\app.js:55:5)Error msg:  Not Found 
 data: Sun Jan 07 2018 08:35:35 GMT-0200 (Horário brasileiro de verão) stack: Error: Not Found
    at app.use (D:\gitHub\basicNodeApp\app.js:71:16)
    at Layer.handle [as handle_request] (D:\gitHub\basicNodeApp\node_modules\express\lib\router\layer.js:95:5)
    at trim_prefix (D:\gitHub\basicNodeApp\node_modules\express\lib\router\index.js:317:13)
    at D:\gitHub\basicNodeApp\node_modules\express\lib\router\index.js:284:7
    at Function.process_params (D:\gitHub\basicNodeApp\node_modules\express\lib\router\index.js:335:12)
    at next (D:\gitHub\basicNodeApp\node_modules\express\lib\router\index.js:275:10)
    at D:\gitHub\basicNodeApp\node_modules\express\lib\router\index.js:635:15
    at next (D:\gitHub\basicNodeApp\node_modules\express\lib\router\index.js:260:14)
    at Function.handle (D:\gitHub\basicNodeApp\node_modules\express\lib\router\index.js:174:3)
    at router (D:\gitHub\basicNodeApp\node_modules\express\lib\router\index.js:47:12)
    at Layer.handle [as handle_request] (D:\gitHub\basicNodeApp\node_modules\express\lib\router\layer.js:95:5)
    at trim_prefix (D:\gitHub\basicNodeApp\node_modules\express\lib\router\index.js:317:13)
    at D:\gitHub\basicNodeApp\node_modules\express\lib\router\index.js:284:7
    at Function.process_params (D:\gitHub\basicNodeApp\node_modules\express\lib\router\index.js:335:12)
    at next (D:\gitHub\basicNodeApp\node_modules\express\lib\router\index.js:275:10)
    at app.use (D:\gitHub\basicNodeApp\app.js:55:5)Error msg:  Not Found 
 data: Sun Jan 07 2018 08:35:35 GMT-0200 (Horário brasileiro de verão) stack: Error: Not Found
    at app.use (D:\gitHub\basicNodeApp\app.js:71:16)
    at Layer.handle [as handle_request] (D:\gitHub\basicNodeApp\node_modules\express\lib\router\layer.js:95:5)
    at trim_prefix (D:\gitHub\basicNodeApp\node_modules\express\lib\router\index.js:317:13)
    at D:\gitHub\basicNodeApp\node_modules\express\lib\router\index.js:284:7
    at Function.process_params (D:\gitHub\basicNodeApp\node_modules\express\lib\router\index.js:335:12)
    at next (D:\gitHub\basicNodeApp\node_modules\express\lib\router\index.js:275:10)
    at D:\gitHub\basicNodeApp\node_modules\express\lib\router\index.js:635:15
    at next (D:\gitHub\basicNodeApp\node_modules\express\lib\router\index.js:260:14)
    at Function.handle (D:\gitHub\basicNodeApp\node_modules\express\lib\router\index.js:174:3)
    at router (D:\gitHub\basicNodeApp\node_modules\express\lib\router\index.js:47:12)
    at Layer.handle [as handle_request] (D:\gitHub\basicNodeApp\node_modules\express\lib\router\layer.js:95:5)
    at trim_prefix (D:\gitHub\basicNodeApp\node_modules\express\lib\router\index.js:317:13)
    at D:\gitHub\basicNodeApp\node_modules\express\lib\router\index.js:284:7
    at Function.process_params (D:\gitHub\basicNodeApp\node_modules\express\lib\router\index.js:335:12)
    at next (D:\gitHub\basicNodeApp\node_modules\express\lib\router\index.js:275:10)
    at app.use (D:\gitHub\basicNodeApp\app.js:55:5)Error msg:  Not Found 
 data: Sun Jan 07 2018 08:35:36 GMT-0200 (Horário brasileiro de verão) stack: Error: Not Found
    at app.use (D:\gitHub\basicNodeApp\app.js:71:16)
    at Layer.handle [as handle_request] (D:\gitHub\basicNodeApp\node_modules\express\lib\router\layer.js:95:5)
    at trim_prefix (D:\gitHub\basicNodeApp\node_modules\express\lib\router\index.js:317:13)
    at D:\gitHub\basicNodeApp\node_modules\express\lib\router\index.js:284:7
    at Function.process_params (D:\gitHub\basicNodeApp\node_modules\express\lib\router\index.js:335:12)
    at next (D:\gitHub\basicNodeApp\node_modules\express\lib\router\index.js:275:10)
    at D:\gitHub\basicNodeApp\node_modules\express\lib\router\index.js:635:15
    at next (D:\gitHub\basicNodeApp\node_modules\express\lib\router\index.js:260:14)
    at Function.handle (D:\gitHub\basicNodeApp\node_modules\express\lib\router\index.js:174:3)
    at router (D:\gitHub\basicNodeApp\node_modules\express\lib\router\index.js:47:12)
    at Layer.handle [as handle_request] (D:\gitHub\basicNodeApp\node_modules\express\lib\router\layer.js:95:5)
    at trim_prefix (D:\gitHub\basicNodeApp\node_modules\express\lib\router\index.js:317:13)
    at D:\gitHub\basicNodeApp\node_modules\express\lib\router\index.js:284:7
    at Function.process_params (D:\gitHub\basicNodeApp\node_modules\express\lib\router\index.js:335:12)
    at next (D:\gitHub\basicNodeApp\node_modules\express\lib\router\index.js:275:10)
    at app.use (D:\gitHub\basicNodeApp\app.js:55:5)Error msg:  Not Found 
 data: Sun Jan 07 2018 08:35:36 GMT-0200 (Horário brasileiro de verão) stack: Error: Not Found
    at app.use (D:\gitHub\basicNodeApp\app.js:71:16)
    at Layer.handle [as handle_request] (D:\gitHub\basicNodeApp\node_modules\express\lib\router\layer.js:95:5)
    at trim_prefix (D:\gitHub\basicNodeApp\node_modules\express\lib\router\index.js:317:13)
    at D:\gitHub\basicNodeApp\node_modules\express\lib\router\index.js:284:7
    at Function.process_params (D:\gitHub\basicNodeApp\node_modules\express\lib\router\index.js:335:12)
    at next (D:\gitHub\basicNodeApp\node_modules\express\lib\router\index.js:275:10)
    at D:\gitHub\basicNodeApp\node_modules\express\lib\router\index.js:635:15
    at next (D:\gitHub\basicNodeApp\node_modules\express\lib\router\index.js:260:14)
    at Function.handle (D:\gitHub\basicNodeApp\node_modules\express\lib\router\index.js:174:3)
    at router (D:\gitHub\basicNodeApp\node_modules\express\lib\router\index.js:47:12)
    at Layer.handle [as handle_request] (D:\gitHub\basicNodeApp\node_modules\express\lib\router\layer.js:95:5)
    at trim_prefix (D:\gitHub\basicNodeApp\node_modules\express\lib\router\index.js:317:13)
    at D:\gitHub\basicNodeApp\node_modules\express\lib\router\index.js:284:7
    at Function.process_params (D:\gitHub\basicNodeApp\node_modules\express\lib\router\index.js:335:12)
    at next (D:\gitHub\basicNodeApp\node_modules\express\lib\router\index.js:275:10)
    at app.use (D:\gitHub\basicNodeApp\app.js:55:5)Error msg:  Not Found 
 data: Sun Jan 07 2018 08:35:37 GMT-0200 (Horário brasileiro de verão) stack: Error: Not Found
    at app.use (D:\gitHub\basicNodeApp\app.js:71:16)
    at Layer.handle [as handle_request] (D:\gitHub\basicNodeApp\node_modules\express\lib\router\layer.js:95:5)
    at trim_prefix (D:\gitHub\basicNodeApp\node_modules\express\lib\router\index.js:317:13)
    at D:\gitHub\basicNodeApp\node_modules\express\lib\router\index.js:284:7
    at Function.process_params (D:\gitHub\basicNodeApp\node_modules\express\lib\router\index.js:335:12)
    at next (D:\gitHub\basicNodeApp\node_modules\express\lib\router\index.js:275:10)
    at D:\gitHub\basicNodeApp\node_modules\express\lib\router\index.js:635:15
    at next (D:\gitHub\basicNodeApp\node_modules\express\lib\router\index.js:260:14)
    at Function.handle (D:\gitHub\basicNodeApp\node_modules\express\lib\router\index.js:174:3)
    at router (D:\gitHub\basicNodeApp\node_modules\express\lib\router\index.js:47:12)
    at Layer.handle [as handle_request] (D:\gitHub\basicNodeApp\node_modules\express\lib\router\layer.js:95:5)
    at trim_prefix (D:\gitHub\basicNodeApp\node_modules\express\lib\router\index.js:317:13)
    at D:\gitHub\basicNodeApp\node_modules\express\lib\router\index.js:284:7
    at Function.process_params (D:\gitHub\basicNodeApp\node_modules\express\lib\router\index.js:335:12)
    at next (D:\gitHub\basicNodeApp\node_modules\express\lib\router\index.js:275:10)
    at app.use (D:\gitHub\basicNodeApp\app.js:55:5)Error msg:  Not Found 
 data: Sun Jan 07 2018 08:35:37 GMT-0200 (Horário brasileiro de verão) stack: Error: Not Found
    at app.use (D:\gitHub\basicNodeApp\app.js:71:16)
    at Layer.handle [as handle_request] (D:\gitHub\basicNodeApp\node_modules\express\lib\router\layer.js:95:5)
    at trim_prefix (D:\gitHub\basicNodeApp\node_modules\express\lib\router\index.js:317:13)
    at D:\gitHub\basicNodeApp\node_modules\express\lib\router\index.js:284:7
    at Function.process_params (D:\gitHub\basicNodeApp\node_modules\express\lib\router\index.js:335:12)
    at next (D:\gitHub\basicNodeApp\node_modules\express\lib\router\index.js:275:10)
    at D:\gitHub\basicNodeApp\node_modules\express\lib\router\index.js:635:15
    at next (D:\gitHub\basicNodeApp\node_modules\express\lib\router\index.js:260:14)
    at Function.handle (D:\gitHub\basicNodeApp\node_modules\express\lib\router\index.js:174:3)
    at router (D:\gitHub\basicNodeApp\node_modules\express\lib\router\index.js:47:12)
    at Layer.handle [as handle_request] (D:\gitHub\basicNodeApp\node_modules\express\lib\router\layer.js:95:5)
    at trim_prefix (D:\gitHub\basicNodeApp\node_modules\express\lib\router\index.js:317:13)
    at D:\gitHub\basicNodeApp\node_modules\express\lib\router\index.js:284:7
    at Function.process_params (D:\gitHub\basicNodeApp\node_modules\express\lib\router\index.js:335:12)
    at next (D:\gitHub\basicNodeApp\node_modules\express\lib\router\index.js:275:10)
    at app.use (D:\gitHub\basicNodeApp\app.js:55:5)Error msg:  Not Found 
 data: Sun Jan 07 2018 08:35:38 GMT-0200 (Horário brasileiro de verão) stack: Error: Not Found
    at app.use (D:\gitHub\basicNodeApp\app.js:71:16)
    at Layer.handle [as handle_request] (D:\gitHub\basicNodeApp\node_modules\express\lib\router\layer.js:95:5)
    at trim_prefix (D:\gitHub\basicNodeApp\node_modules\express\lib\router\index.js:317:13)
    at D:\gitHub\basicNodeApp\node_modules\express\lib\router\index.js:284:7
    at Function.process_params (D:\gitHub\basicNodeApp\node_modules\express\lib\router\index.js:335:12)
    at next (D:\gitHub\basicNodeApp\node_modules\express\lib\router\index.js:275:10)
    at D:\gitHub\basicNodeApp\node_modules\express\lib\router\index.js:635:15
    at next (D:\gitHub\basicNodeApp\node_modules\express\lib\router\index.js:260:14)
    at Function.handle (D:\gitHub\basicNodeApp\node_modules\express\lib\router\index.js:174:3)
    at router (D:\gitHub\basicNodeApp\node_modules\express\lib\router\index.js:47:12)
    at Layer.handle [as handle_request] (D:\gitHub\basicNodeApp\node_modules\express\lib\router\layer.js:95:5)
    at trim_prefix (D:\gitHub\basicNodeApp\node_modules\express\lib\router\index.js:317:13)
    at D:\gitHub\basicNodeApp\node_modules\express\lib\router\index.js:284:7
    at Function.process_params (D:\gitHub\basicNodeApp\node_modules\express\lib\router\index.js:335:12)
    at next (D:\gitHub\basicNodeApp\node_modules\express\lib\router\index.js:275:10)
    at app.use (D:\gitHub\basicNodeApp\app.js:55:5)Error msg:  Not Found 
 data: Sun Jan 07 2018 08:35:38 GMT-0200 (Horário brasileiro de verão) stack: Error: Not Found
    at app.use (D:\gitHub\basicNodeApp\app.js:71:16)
    at Layer.handle [as handle_request] (D:\gitHub\basicNodeApp\node_modules\express\lib\router\layer.js:95:5)
    at trim_prefix (D:\gitHub\basicNodeApp\node_modules\express\lib\router\index.js:317:13)
    at D:\gitHub\basicNodeApp\node_modules\express\lib\router\index.js:284:7
    at Function.process_params (D:\gitHub\basicNodeApp\node_modules\express\lib\router\index.js:335:12)
    at next (D:\gitHub\basicNodeApp\node_modules\express\lib\router\index.js:275:10)
    at D:\gitHub\basicNodeApp\node_modules\express\lib\router\index.js:635:15
    at next (D:\gitHub\basicNodeApp\node_modules\express\lib\router\index.js:260:14)
    at Function.handle (D:\gitHub\basicNodeApp\node_modules\express\lib\router\index.js:174:3)
    at router (D:\gitHub\basicNodeApp\node_modules\express\lib\router\index.js:47:12)
    at Layer.handle [as handle_request] (D:\gitHub\basicNodeApp\node_modules\express\lib\router\layer.js:95:5)
    at trim_prefix (D:\gitHub\basicNodeApp\node_modules\express\lib\router\index.js:317:13)
    at D:\gitHub\basicNodeApp\node_modules\express\lib\router\index.js:284:7
    at Function.process_params (D:\gitHub\basicNodeApp\node_modules\express\lib\router\index.js:335:12)
    at next (D:\gitHub\basicNodeApp\node_modules\express\lib\router\index.js:275:10)
    at app.use (D:\gitHub\basicNodeApp\app.js:55:5)Error msg:  Not Found 
 data: Sun Jan 07 2018 08:35:38 GMT-0200 (Horário brasileiro de verão) stack: Error: Not Found
    at app.use (D:\gitHub\basicNodeApp\app.js:71:16)
    at Layer.handle [as handle_request] (D:\gitHub\basicNodeApp\node_modules\express\lib\router\layer.js:95:5)
    at trim_prefix (D:\gitHub\basicNodeApp\node_modules\express\lib\router\index.js:317:13)
    at D:\gitHub\basicNodeApp\node_modules\express\lib\router\index.js:284:7
    at Function.process_params (D:\gitHub\basicNodeApp\node_modules\express\lib\router\index.js:335:12)
    at next (D:\gitHub\basicNodeApp\node_modules\express\lib\router\index.js:275:10)
    at D:\gitHub\basicNodeApp\node_modules\express\lib\router\index.js:635:15
    at next (D:\gitHub\basicNodeApp\node_modules\express\lib\router\index.js:260:14)
    at Function.handle (D:\gitHub\basicNodeApp\node_modules\express\lib\router\index.js:174:3)
    at router (D:\gitHub\basicNodeApp\node_modules\express\lib\router\index.js:47:12)
    at Layer.handle [as handle_request] (D:\gitHub\basicNodeApp\node_modules\express\lib\router\layer.js:95:5)
    at trim_prefix (D:\gitHub\basicNodeApp\node_modules\express\lib\router\index.js:317:13)
    at D:\gitHub\basicNodeApp\node_modules\express\lib\router\index.js:284:7
    at Function.process_params (D:\gitHub\basicNodeApp\node_modules\express\lib\router\index.js:335:12)
    at next (D:\gitHub\basicNodeApp\node_modules\express\lib\router\index.js:275:10)
    at app.use (D:\gitHub\basicNodeApp\app.js:55:5)Error msg:  Not Found 
 data: Sun Jan 07 2018 08:35:38 GMT-0200 (Horário brasileiro de verão) stack: Error: Not Found
    at app.use (D:\gitHub\basicNodeApp\app.js:71:16)
    at Layer.handle [as handle_request] (D:\gitHub\basicNodeApp\node_modules\express\lib\router\layer.js:95:5)
    at trim_prefix (D:\gitHub\basicNodeApp\node_modules\express\lib\router\index.js:317:13)
    at D:\gitHub\basicNodeApp\node_modules\express\lib\router\index.js:284:7
    at Function.process_params (D:\gitHub\basicNodeApp\node_modules\express\lib\router\index.js:335:12)
    at next (D:\gitHub\basicNodeApp\node_modules\express\lib\router\index.js:275:10)
    at D:\gitHub\basicNodeApp\node_modules\express\lib\router\index.js:635:15
    at next (D:\gitHub\basicNodeApp\node_modules\express\lib\router\index.js:260:14)
    at Function.handle (D:\gitHub\basicNodeApp\node_modules\express\lib\router\index.js:174:3)
    at router (D:\gitHub\basicNodeApp\node_modules\express\lib\router\index.js:47:12)
    at Layer.handle [as handle_request] (D:\gitHub\basicNodeApp\node_modules\express\lib\router\layer.js:95:5)
    at trim_prefix (D:\gitHub\basicNodeApp\node_modules\express\lib\router\index.js:317:13)
    at D:\gitHub\basicNodeApp\node_modules\express\lib\router\index.js:284:7
    at Function.process_params (D:\gitHub\basicNodeApp\node_modules\express\lib\router\index.js:335:12)
    at next (D:\gitHub\basicNodeApp\node_modules\express\lib\router\index.js:275:10)
    at app.use (D:\gitHub\basicNodeApp\app.js:55:5)Error msg:  Not Found 
 data: Sun Jan 07 2018 08:35:38 GMT-0200 (Horário brasileiro de verão) stack: Error: Not Found
    at app.use (D:\gitHub\basicNodeApp\app.js:71:16)
    at Layer.handle [as handle_request] (D:\gitHub\basicNodeApp\node_modules\express\lib\router\layer.js:95:5)
    at trim_prefix (D:\gitHub\basicNodeApp\node_modules\express\lib\router\index.js:317:13)
    at D:\gitHub\basicNodeApp\node_modules\express\lib\router\index.js:284:7
    at Function.process_params (D:\gitHub\basicNodeApp\node_modules\express\lib\router\index.js:335:12)
    at next (D:\gitHub\basicNodeApp\node_modules\express\lib\router\index.js:275:10)
    at D:\gitHub\basicNodeApp\node_modules\express\lib\router\index.js:635:15
    at next (D:\gitHub\basicNodeApp\node_modules\express\lib\router\index.js:260:14)
    at Function.handle (D:\gitHub\basicNodeApp\node_modules\express\lib\router\index.js:174:3)
    at router (D:\gitHub\basicNodeApp\node_modules\express\lib\router\index.js:47:12)
    at Layer.handle [as handle_request] (D:\gitHub\basicNodeApp\node_modules\express\lib\router\layer.js:95:5)
    at trim_prefix (D:\gitHub\basicNodeApp\node_modules\express\lib\router\index.js:317:13)
    at D:\gitHub\basicNodeApp\node_modules\express\lib\router\index.js:284:7
    at Function.process_params (D:\gitHub\basicNodeApp\node_modules\express\lib\router\index.js:335:12)
    at next (D:\gitHub\basicNodeApp\node_modules\express\lib\router\index.js:275:10)
    at app.use (D:\gitHub\basicNodeApp\app.js:55:5)Error msg:  Not Found 
 data: Sun Jan 07 2018 08:35:38 GMT-0200 (Horário brasileiro de verão) stack: Error: Not Found
    at app.use (D:\gitHub\basicNodeApp\app.js:71:16)
    at Layer.handle [as handle_request] (D:\gitHub\basicNodeApp\node_modules\express\lib\router\layer.js:95:5)
    at trim_prefix (D:\gitHub\basicNodeApp\node_modules\express\lib\router\index.js:317:13)
    at D:\gitHub\basicNodeApp\node_modules\express\lib\router\index.js:284:7
    at Function.process_params (D:\gitHub\basicNodeApp\node_modules\express\lib\router\index.js:335:12)
    at next (D:\gitHub\basicNodeApp\node_modules\express\lib\router\index.js:275:10)
    at D:\gitHub\basicNodeApp\node_modules\express\lib\router\index.js:635:15
    at next (D:\gitHub\basicNodeApp\node_modules\express\lib\router\index.js:260:14)
    at Function.handle (D:\gitHub\basicNodeApp\node_modules\express\lib\router\index.js:174:3)
    at router (D:\gitHub\basicNodeApp\node_modules\express\lib\router\index.js:47:12)
    at Layer.handle [as handle_request] (D:\gitHub\basicNodeApp\node_modules\express\lib\router\layer.js:95:5)
    at trim_prefix (D:\gitHub\basicNodeApp\node_modules\express\lib\router\index.js:317:13)
    at D:\gitHub\basicNodeApp\node_modules\express\lib\router\index.js:284:7
    at Function.process_params (D:\gitHub\basicNodeApp\node_modules\express\lib\router\index.js:335:12)
    at next (D:\gitHub\basicNodeApp\node_modules\express\lib\router\index.js:275:10)
    at app.use (D:\gitHub\basicNodeApp\app.js:55:5)Error msg:  Not Found 
 data: Sun Jan 07 2018 08:35:38 GMT-0200 (Horário brasileiro de verão) stack: Error: Not Found
    at app.use (D:\gitHub\basicNodeApp\app.js:71:16)
    at Layer.handle [as handle_request] (D:\gitHub\basicNodeApp\node_modules\express\lib\router\layer.js:95:5)
    at trim_prefix (D:\gitHub\basicNodeApp\node_modules\express\lib\router\index.js:317:13)
    at D:\gitHub\basicNodeApp\node_modules\express\lib\router\index.js:284:7
    at Function.process_params (D:\gitHub\basicNodeApp\node_modules\express\lib\router\index.js:335:12)
    at next (D:\gitHub\basicNodeApp\node_modules\express\lib\router\index.js:275:10)
    at D:\gitHub\basicNodeApp\node_modules\express\lib\router\index.js:635:15
    at next (D:\gitHub\basicNodeApp\node_modules\express\lib\router\index.js:260:14)
    at Function.handle (D:\gitHub\basicNodeApp\node_modules\express\lib\router\index.js:174:3)
    at router (D:\gitHub\basicNodeApp\node_modules\express\lib\router\index.js:47:12)
    at Layer.handle [as handle_request] (D:\gitHub\basicNodeApp\node_modules\express\lib\router\layer.js:95:5)
    at trim_prefix (D:\gitHub\basicNodeApp\node_modules\express\lib\router\index.js:317:13)
    at D:\gitHub\basicNodeApp\node_modules\express\lib\router\index.js:284:7
    at Function.process_params (D:\gitHub\basicNodeApp\node_modules\express\lib\router\index.js:335:12)
    at next (D:\gitHub\basicNodeApp\node_modules\express\lib\router\index.js:275:10)
    at app.use (D:\gitHub\basicNodeApp\app.js:55:5)Error msg:  Not Found 
 data: Sun Jan 07 2018 08:35:38 GMT-0200 (Horário brasileiro de verão) stack: Error: Not Found
    at app.use (D:\gitHub\basicNodeApp\app.js:71:16)
    at Layer.handle [as handle_request] (D:\gitHub\basicNodeApp\node_modules\express\lib\router\layer.js:95:5)
    at trim_prefix (D:\gitHub\basicNodeApp\node_modules\express\lib\router\index.js:317:13)
    at D:\gitHub\basicNodeApp\node_modules\express\lib\router\index.js:284:7
    at Function.process_params (D:\gitHub\basicNodeApp\node_modules\express\lib\router\index.js:335:12)
    at next (D:\gitHub\basicNodeApp\node_modules\express\lib\router\index.js:275:10)
    at D:\gitHub\basicNodeApp\node_modules\express\lib\router\index.js:635:15
    at next (D:\gitHub\basicNodeApp\node_modules\express\lib\router\index.js:260:14)
    at Function.handle (D:\gitHub\basicNodeApp\node_modules\express\lib\router\index.js:174:3)
    at router (D:\gitHub\basicNodeApp\node_modules\express\lib\router\index.js:47:12)
    at Layer.handle [as handle_request] (D:\gitHub\basicNodeApp\node_modules\express\lib\router\layer.js:95:5)
    at trim_prefix (D:\gitHub\basicNodeApp\node_modules\express\lib\router\index.js:317:13)
    at D:\gitHub\basicNodeApp\node_modules\express\lib\router\index.js:284:7
    at Function.process_params (D:\gitHub\basicNodeApp\node_modules\express\lib\router\index.js:335:12)
    at next (D:\gitHub\basicNodeApp\node_modules\express\lib\router\index.js:275:10)
    at app.use (D:\gitHub\basicNodeApp\app.js:55:5)Error msg:  Not Found 
 data: Sun Jan 07 2018 08:35:39 GMT-0200 (Horário brasileiro de verão) stack: Error: Not Found
    at app.use (D:\gitHub\basicNodeApp\app.js:71:16)
    at Layer.handle [as handle_request] (D:\gitHub\basicNodeApp\node_modules\express\lib\router\layer.js:95:5)
    at trim_prefix (D:\gitHub\basicNodeApp\node_modules\express\lib\router\index.js:317:13)
    at D:\gitHub\basicNodeApp\node_modules\express\lib\router\index.js:284:7
    at Function.process_params (D:\gitHub\basicNodeApp\node_modules\express\lib\router\index.js:335:12)
    at next (D:\gitHub\basicNodeApp\node_modules\express\lib\router\index.js:275:10)
    at D:\gitHub\basicNodeApp\node_modules\express\lib\router\index.js:635:15
    at next (D:\gitHub\basicNodeApp\node_modules\express\lib\router\index.js:260:14)
    at Function.handle (D:\gitHub\basicNodeApp\node_modules\express\lib\router\index.js:174:3)
    at router (D:\gitHub\basicNodeApp\node_modules\express\lib\router\index.js:47:12)
    at Layer.handle [as handle_request] (D:\gitHub\basicNodeApp\node_modules\express\lib\router\layer.js:95:5)
    at trim_prefix (D:\gitHub\basicNodeApp\node_modules\express\lib\router\index.js:317:13)
    at D:\gitHub\basicNodeApp\node_modules\express\lib\router\index.js:284:7
    at Function.process_params (D:\gitHub\basicNodeApp\node_modules\express\lib\router\index.js:335:12)
    at next (D:\gitHub\basicNodeApp\node_modules\express\lib\router\index.js:275:10)
    at app.use (D:\gitHub\basicNodeApp\app.js:55:5)Error msg:  Not Found 
 data: Sun Jan 07 2018 08:35:39 GMT-0200 (Horário brasileiro de verão) stack: Error: Not Found
    at app.use (D:\gitHub\basicNodeApp\app.js:71:16)
    at Layer.handle [as handle_request] (D:\gitHub\basicNodeApp\node_modules\express\lib\router\layer.js:95:5)
    at trim_prefix (D:\gitHub\basicNodeApp\node_modules\express\lib\router\index.js:317:13)
    at D:\gitHub\basicNodeApp\node_modules\express\lib\router\index.js:284:7
    at Function.process_params (D:\gitHub\basicNodeApp\node_modules\express\lib\router\index.js:335:12)
    at next (D:\gitHub\basicNodeApp\node_modules\express\lib\router\index.js:275:10)
    at D:\gitHub\basicNodeApp\node_modules\express\lib\router\index.js:635:15
    at next (D:\gitHub\basicNodeApp\node_modules\express\lib\router\index.js:260:14)
    at Function.handle (D:\gitHub\basicNodeApp\node_modules\express\lib\router\index.js:174:3)
    at router (D:\gitHub\basicNodeApp\node_modules\express\lib\router\index.js:47:12)
    at Layer.handle [as handle_request] (D:\gitHub\basicNodeApp\node_modules\express\lib\router\layer.js:95:5)
    at trim_prefix (D:\gitHub\basicNodeApp\node_modules\express\lib\router\index.js:317:13)
    at D:\gitHub\basicNodeApp\node_modules\express\lib\router\index.js:284:7
    at Function.process_params (D:\gitHub\basicNodeApp\node_modules\express\lib\router\index.js:335:12)
    at next (D:\gitHub\basicNodeApp\node_modules\express\lib\router\index.js:275:10)
    at app.use (D:\gitHub\basicNodeApp\app.js:55:5)Error msg:  Not Found 
 data: Sun Jan 07 2018 08:35:39 GMT-0200 (Horário brasileiro de verão) stack: Error: Not Found
    at app.use (D:\gitHub\basicNodeApp\app.js:71:16)
    at Layer.handle [as handle_request] (D:\gitHub\basicNodeApp\node_modules\express\lib\router\layer.js:95:5)
    at trim_prefix (D:\gitHub\basicNodeApp\node_modules\express\lib\router\index.js:317:13)
    at D:\gitHub\basicNodeApp\node_modules\express\lib\router\index.js:284:7
    at Function.process_params (D:\gitHub\basicNodeApp\node_modules\express\lib\router\index.js:335:12)
    at next (D:\gitHub\basicNodeApp\node_modules\express\lib\router\index.js:275:10)
    at D:\gitHub\basicNodeApp\node_modules\express\lib\router\index.js:635:15
    at next (D:\gitHub\basicNodeApp\node_modules\express\lib\router\index.js:260:14)
    at Function.handle (D:\gitHub\basicNodeApp\node_modules\express\lib\router\index.js:174:3)
    at router (D:\gitHub\basicNodeApp\node_modules\express\lib\router\index.js:47:12)
    at Layer.handle [as handle_request] (D:\gitHub\basicNodeApp\node_modules\express\lib\router\layer.js:95:5)
    at trim_prefix (D:\gitHub\basicNodeApp\node_modules\express\lib\router\index.js:317:13)
    at D:\gitHub\basicNodeApp\node_modules\express\lib\router\index.js:284:7
    at Function.process_params (D:\gitHub\basicNodeApp\node_modules\express\lib\router\index.js:335:12)
    at next (D:\gitHub\basicNodeApp\node_modules\express\lib\router\index.js:275:10)
    at app.use (D:\gitHub\basicNodeApp\app.js:55:5)Error msg:  Not Found 
 data: Sun Jan 07 2018 08:35:39 GMT-0200 (Horário brasileiro de verão) stack: Error: Not Found
    at app.use (D:\gitHub\basicNodeApp\app.js:71:16)
    at Layer.handle [as handle_request] (D:\gitHub\basicNodeApp\node_modules\express\lib\router\layer.js:95:5)
    at trim_prefix (D:\gitHub\basicNodeApp\node_modules\express\lib\router\index.js:317:13)
    at D:\gitHub\basicNodeApp\node_modules\express\lib\router\index.js:284:7
    at Function.process_params (D:\gitHub\basicNodeApp\node_modules\express\lib\router\index.js:335:12)
    at next (D:\gitHub\basicNodeApp\node_modules\express\lib\router\index.js:275:10)
    at D:\gitHub\basicNodeApp\node_modules\express\lib\router\index.js:635:15
    at next (D:\gitHub\basicNodeApp\node_modules\express\lib\router\index.js:260:14)
    at Function.handle (D:\gitHub\basicNodeApp\node_modules\express\lib\router\index.js:174:3)
    at router (D:\gitHub\basicNodeApp\node_modules\express\lib\router\index.js:47:12)
    at Layer.handle [as handle_request] (D:\gitHub\basicNodeApp\node_modules\express\lib\router\layer.js:95:5)
    at trim_prefix (D:\gitHub\basicNodeApp\node_modules\express\lib\router\index.js:317:13)
    at D:\gitHub\basicNodeApp\node_modules\express\lib\router\index.js:284:7
    at Function.process_params (D:\gitHub\basicNodeApp\node_modules\express\lib\router\index.js:335:12)
    at next (D:\gitHub\basicNodeApp\node_modules\express\lib\router\index.js:275:10)
    at app.use (D:\gitHub\basicNodeApp\app.js:55:5)Error msg:  Not Found 
 data: Sun Jan 07 2018 08:35:40 GMT-0200 (Horário brasileiro de verão) stack: Error: Not Found
    at app.use (D:\gitHub\basicNodeApp\app.js:71:16)
    at Layer.handle [as handle_request] (D:\gitHub\basicNodeApp\node_modules\express\lib\router\layer.js:95:5)
    at trim_prefix (D:\gitHub\basicNodeApp\node_modules\express\lib\router\index.js:317:13)
    at D:\gitHub\basicNodeApp\node_modules\express\lib\router\index.js:284:7
    at Function.process_params (D:\gitHub\basicNodeApp\node_modules\express\lib\router\index.js:335:12)
    at next (D:\gitHub\basicNodeApp\node_modules\express\lib\router\index.js:275:10)
    at D:\gitHub\basicNodeApp\node_modules\express\lib\router\index.js:635:15
    at next (D:\gitHub\basicNodeApp\node_modules\express\lib\router\index.js:260:14)
    at Function.handle (D:\gitHub\basicNodeApp\node_modules\express\lib\router\index.js:174:3)
    at router (D:\gitHub\basicNodeApp\node_modules\express\lib\router\index.js:47:12)
    at Layer.handle [as handle_request] (D:\gitHub\basicNodeApp\node_modules\express\lib\router\layer.js:95:5)
    at trim_prefix (D:\gitHub\basicNodeApp\node_modules\express\lib\router\index.js:317:13)
    at D:\gitHub\basicNodeApp\node_modules\express\lib\router\index.js:284:7
    at Function.process_params (D:\gitHub\basicNodeApp\node_modules\express\lib\router\index.js:335:12)
    at next (D:\gitHub\basicNodeApp\node_modules\express\lib\router\index.js:275:10)
    at app.use (D:\gitHub\basicNodeApp\app.js:55:5)Error msg:  Not Found 
 data: Sun Jan 07 2018 08:35:40 GMT-0200 (Horário brasileiro de verão) stack: Error: Not Found
    at app.use (D:\gitHub\basicNodeApp\app.js:71:16)
    at Layer.handle [as handle_request] (D:\gitHub\basicNodeApp\node_modules\express\lib\router\layer.js:95:5)
    at trim_prefix (D:\gitHub\basicNodeApp\node_modules\express\lib\router\index.js:317:13)
    at D:\gitHub\basicNodeApp\node_modules\express\lib\router\index.js:284:7
    at Function.process_params (D:\gitHub\basicNodeApp\node_modules\express\lib\router\index.js:335:12)
    at next (D:\gitHub\basicNodeApp\node_modules\express\lib\router\index.js:275:10)
    at D:\gitHub\basicNodeApp\node_modules\express\lib\router\index.js:635:15
    at next (D:\gitHub\basicNodeApp\node_modules\express\lib\router\index.js:260:14)
    at Function.handle (D:\gitHub\basicNodeApp\node_modules\express\lib\router\index.js:174:3)
    at router (D:\gitHub\basicNodeApp\node_modules\express\lib\router\index.js:47:12)
    at Layer.handle [as handle_request] (D:\gitHub\basicNodeApp\node_modules\express\lib\router\layer.js:95:5)
    at trim_prefix (D:\gitHub\basicNodeApp\node_modules\express\lib\router\index.js:317:13)
    at D:\gitHub\basicNodeApp\node_modules\express\lib\router\index.js:284:7
    at Function.process_params (D:\gitHub\basicNodeApp\node_modules\express\lib\router\index.js:335:12)
    at next (D:\gitHub\basicNodeApp\node_modules\express\lib\router\index.js:275:10)
    at app.use (D:\gitHub\basicNodeApp\app.js:55:5)Error msg:  Not Found 
 data: Sun Jan 07 2018 08:35:40 GMT-0200 (Horário brasileiro de verão) stack: Error: Not Found
    at app.use (D:\gitHub\basicNodeApp\app.js:71:16)
    at Layer.handle [as handle_request] (D:\gitHub\basicNodeApp\node_modules\express\lib\router\layer.js:95:5)
    at trim_prefix (D:\gitHub\basicNodeApp\node_modules\express\lib\router\index.js:317:13)
    at D:\gitHub\basicNodeApp\node_modules\express\lib\router\index.js:284:7
    at Function.process_params (D:\gitHub\basicNodeApp\node_modules\express\lib\router\index.js:335:12)
    at next (D:\gitHub\basicNodeApp\node_modules\express\lib\router\index.js:275:10)
    at D:\gitHub\basicNodeApp\node_modules\express\lib\router\index.js:635:15
    at next (D:\gitHub\basicNodeApp\node_modules\express\lib\router\index.js:260:14)
    at Function.handle (D:\gitHub\basicNodeApp\node_modules\express\lib\router\index.js:174:3)
    at router (D:\gitHub\basicNodeApp\node_modules\express\lib\router\index.js:47:12)
    at Layer.handle [as handle_request] (D:\gitHub\basicNodeApp\node_modules\express\lib\router\layer.js:95:5)
    at trim_prefix (D:\gitHub\basicNodeApp\node_modules\express\lib\router\index.js:317:13)
    at D:\gitHub\basicNodeApp\node_modules\express\lib\router\index.js:284:7
    at Function.process_params (D:\gitHub\basicNodeApp\node_modules\express\lib\router\index.js:335:12)
    at next (D:\gitHub\basicNodeApp\node_modules\express\lib\router\index.js:275:10)
    at app.use (D:\gitHub\basicNodeApp\app.js:55:5)Error msg:  Not Found 
 data: Sun Jan 07 2018 08:35:40 GMT-0200 (Horário brasileiro de verão) stack: Error: Not Found
    at app.use (D:\gitHub\basicNodeApp\app.js:71:16)
    at Layer.handle [as handle_request] (D:\gitHub\basicNodeApp\node_modules\express\lib\router\layer.js:95:5)
    at trim_prefix (D:\gitHub\basicNodeApp\node_modules\express\lib\router\index.js:317:13)
    at D:\gitHub\basicNodeApp\node_modules\express\lib\router\index.js:284:7
    at Function.process_params (D:\gitHub\basicNodeApp\node_modules\express\lib\router\index.js:335:12)
    at next (D:\gitHub\basicNodeApp\node_modules\express\lib\router\index.js:275:10)
    at D:\gitHub\basicNodeApp\node_modules\express\lib\router\index.js:635:15
    at next (D:\gitHub\basicNodeApp\node_modules\express\lib\router\index.js:260:14)
    at Function.handle (D:\gitHub\basicNodeApp\node_modules\express\lib\router\index.js:174:3)
    at router (D:\gitHub\basicNodeApp\node_modules\express\lib\router\index.js:47:12)
    at Layer.handle [as handle_request] (D:\gitHub\basicNodeApp\node_modules\express\lib\router\layer.js:95:5)
    at trim_prefix (D:\gitHub\basicNodeApp\node_modules\express\lib\router\index.js:317:13)
    at D:\gitHub\basicNodeApp\node_modules\express\lib\router\index.js:284:7
    at Function.process_params (D:\gitHub\basicNodeApp\node_modules\express\lib\router\index.js:335:12)
    at next (D:\gitHub\basicNodeApp\node_modules\express\lib\router\index.js:275:10)
    at app.use (D:\gitHub\basicNodeApp\app.js:55:5)Error msg:  Not Found 
 data: Sun Jan 07 2018 08:35:41 GMT-0200 (Horário brasileiro de verão) stack: Error: Not Found
    at app.use (D:\gitHub\basicNodeApp\app.js:71:16)
    at Layer.handle [as handle_request] (D:\gitHub\basicNodeApp\node_modules\express\lib\router\layer.js:95:5)
    at trim_prefix (D:\gitHub\basicNodeApp\node_modules\express\lib\router\index.js:317:13)
    at D:\gitHub\basicNodeApp\node_modules\express\lib\router\index.js:284:7
    at Function.process_params (D:\gitHub\basicNodeApp\node_modules\express\lib\router\index.js:335:12)
    at next (D:\gitHub\basicNodeApp\node_modules\express\lib\router\index.js:275:10)
    at D:\gitHub\basicNodeApp\node_modules\express\lib\router\index.js:635:15
    at next (D:\gitHub\basicNodeApp\node_modules\express\lib\router\index.js:260:14)
    at Function.handle (D:\gitHub\basicNodeApp\node_modules\express\lib\router\index.js:174:3)
    at router (D:\gitHub\basicNodeApp\node_modules\express\lib\router\index.js:47:12)
    at Layer.handle [as handle_request] (D:\gitHub\basicNodeApp\node_modules\express\lib\router\layer.js:95:5)
    at trim_prefix (D:\gitHub\basicNodeApp\node_modules\express\lib\router\index.js:317:13)
    at D:\gitHub\basicNodeApp\node_modules\express\lib\router\index.js:284:7
    at Function.process_params (D:\gitHub\basicNodeApp\node_modules\express\lib\router\index.js:335:12)
    at next (D:\gitHub\basicNodeApp\node_modules\express\lib\router\index.js:275:10)
    at app.use (D:\gitHub\basicNodeApp\app.js:55:5)Error msg:  Not Found 
 data: Sun Jan 07 2018 08:35:41 GMT-0200 (Horário brasileiro de verão) stack: Error: Not Found
    at app.use (D:\gitHub\basicNodeApp\app.js:71:16)
    at Layer.handle [as handle_request] (D:\gitHub\basicNodeApp\node_modules\express\lib\router\layer.js:95:5)
    at trim_prefix (D:\gitHub\basicNodeApp\node_modules\express\lib\router\index.js:317:13)
    at D:\gitHub\basicNodeApp\node_modules\express\lib\router\index.js:284:7
    at Function.process_params (D:\gitHub\basicNodeApp\node_modules\express\lib\router\index.js:335:12)
    at next (D:\gitHub\basicNodeApp\node_modules\express\lib\router\index.js:275:10)
    at D:\gitHub\basicNodeApp\node_modules\express\lib\router\index.js:635:15
    at next (D:\gitHub\basicNodeApp\node_modules\express\lib\router\index.js:260:14)
    at Function.handle (D:\gitHub\basicNodeApp\node_modules\express\lib\router\index.js:174:3)
    at router (D:\gitHub\basicNodeApp\node_modules\express\lib\router\index.js:47:12)
    at Layer.handle [as handle_request] (D:\gitHub\basicNodeApp\node_modules\express\lib\router\layer.js:95:5)
    at trim_prefix (D:\gitHub\basicNodeApp\node_modules\express\lib\router\index.js:317:13)
    at D:\gitHub\basicNodeApp\node_modules\express\lib\router\index.js:284:7
    at Function.process_params (D:\gitHub\basicNodeApp\node_modules\express\lib\router\index.js:335:12)
    at next (D:\gitHub\basicNodeApp\node_modules\express\lib\router\index.js:275:10)
    at app.use (D:\gitHub\basicNodeApp\app.js:55:5)Error msg:  Not Found 
 data: Sun Jan 07 2018 08:35:41 GMT-0200 (Horário brasileiro de verão) stack: Error: Not Found
    at app.use (D:\gitHub\basicNodeApp\app.js:71:16)
    at Layer.handle [as handle_request] (D:\gitHub\basicNodeApp\node_modules\express\lib\router\layer.js:95:5)
    at trim_prefix (D:\gitHub\basicNodeApp\node_modules\express\lib\router\index.js:317:13)
    at D:\gitHub\basicNodeApp\node_modules\express\lib\router\index.js:284:7
    at Function.process_params (D:\gitHub\basicNodeApp\node_modules\express\lib\router\index.js:335:12)
    at next (D:\gitHub\basicNodeApp\node_modules\express\lib\router\index.js:275:10)
    at D:\gitHub\basicNodeApp\node_modules\express\lib\router\index.js:635:15
    at next (D:\gitHub\basicNodeApp\node_modules\express\lib\router\index.js:260:14)
    at Function.handle (D:\gitHub\basicNodeApp\node_modules\express\lib\router\index.js:174:3)
    at router (D:\gitHub\basicNodeApp\node_modules\express\lib\router\index.js:47:12)
    at Layer.handle [as handle_request] (D:\gitHub\basicNodeApp\node_modules\express\lib\router\layer.js:95:5)
    at trim_prefix (D:\gitHub\basicNodeApp\node_modules\express\lib\router\index.js:317:13)
    at D:\gitHub\basicNodeApp\node_modules\express\lib\router\index.js:284:7
    at Function.process_params (D:\gitHub\basicNodeApp\node_modules\express\lib\router\index.js:335:12)
    at next (D:\gitHub\basicNodeApp\node_modules\express\lib\router\index.js:275:10)
    at app.use (D:\gitHub\basicNodeApp\app.js:55:5)Error msg:  Not Found 
 data: Sun Jan 07 2018 08:35:41 GMT-0200 (Horário brasileiro de verão) stack: Error: Not Found
    at app.use (D:\gitHub\basicNodeApp\app.js:71:16)
    at Layer.handle [as handle_request] (D:\gitHub\basicNodeApp\node_modules\express\lib\router\layer.js:95:5)
    at trim_prefix (D:\gitHub\basicNodeApp\node_modules\express\lib\router\index.js:317:13)
    at D:\gitHub\basicNodeApp\node_modules\express\lib\router\index.js:284:7
    at Function.process_params (D:\gitHub\basicNodeApp\node_modules\express\lib\router\index.js:335:12)
    at next (D:\gitHub\basicNodeApp\node_modules\express\lib\router\index.js:275:10)
    at D:\gitHub\basicNodeApp\node_modules\express\lib\router\index.js:635:15
    at next (D:\gitHub\basicNodeApp\node_modules\express\lib\router\index.js:260:14)
    at Function.handle (D:\gitHub\basicNodeApp\node_modules\express\lib\router\index.js:174:3)
    at router (D:\gitHub\basicNodeApp\node_modules\express\lib\router\index.js:47:12)
    at Layer.handle [as handle_request] (D:\gitHub\basicNodeApp\node_modules\express\lib\router\layer.js:95:5)
    at trim_prefix (D:\gitHub\basicNodeApp\node_modules\express\lib\router\index.js:317:13)
    at D:\gitHub\basicNodeApp\node_modules\express\lib\router\index.js:284:7
    at Function.process_params (D:\gitHub\basicNodeApp\node_modules\express\lib\router\index.js:335:12)
    at next (D:\gitHub\basicNodeApp\node_modules\express\lib\router\index.js:275:10)
    at app.use (D:\gitHub\basicNodeApp\app.js:55:5)Error msg:  Not Found 
 data: Sun Jan 07 2018 08:35:41 GMT-0200 (Horário brasileiro de verão) stack: Error: Not Found
    at app.use (D:\gitHub\basicNodeApp\app.js:71:16)
    at Layer.handle [as handle_request] (D:\gitHub\basicNodeApp\node_modules\express\lib\router\layer.js:95:5)
    at trim_prefix (D:\gitHub\basicNodeApp\node_modules\express\lib\router\index.js:317:13)
    at D:\gitHub\basicNodeApp\node_modules\express\lib\router\index.js:284:7
    at Function.process_params (D:\gitHub\basicNodeApp\node_modules\express\lib\router\index.js:335:12)
    at next (D:\gitHub\basicNodeApp\node_modules\express\lib\router\index.js:275:10)
    at D:\gitHub\basicNodeApp\node_modules\express\lib\router\index.js:635:15
    at next (D:\gitHub\basicNodeApp\node_modules\express\lib\router\index.js:260:14)
    at Function.handle (D:\gitHub\basicNodeApp\node_modules\express\lib\router\index.js:174:3)
    at router (D:\gitHub\basicNodeApp\node_modules\express\lib\router\index.js:47:12)
    at Layer.handle [as handle_request] (D:\gitHub\basicNodeApp\node_modules\express\lib\router\layer.js:95:5)
    at trim_prefix (D:\gitHub\basicNodeApp\node_modules\express\lib\router\index.js:317:13)
    at D:\gitHub\basicNodeApp\node_modules\express\lib\router\index.js:284:7
    at Function.process_params (D:\gitHub\basicNodeApp\node_modules\express\lib\router\index.js:335:12)
    at next (D:\gitHub\basicNodeApp\node_modules\express\lib\router\index.js:275:10)
    at app.use (D:\gitHub\basicNodeApp\app.js:55:5)Error msg:  Not Found 
 data: Sun Jan 07 2018 08:35:41 GMT-0200 (Horário brasileiro de verão) stack: Error: Not Found
    at app.use (D:\gitHub\basicNodeApp\app.js:71:16)
    at Layer.handle [as handle_request] (D:\gitHub\basicNodeApp\node_modules\express\lib\router\layer.js:95:5)
    at trim_prefix (D:\gitHub\basicNodeApp\node_modules\express\lib\router\index.js:317:13)
    at D:\gitHub\basicNodeApp\node_modules\express\lib\router\index.js:284:7
    at Function.process_params (D:\gitHub\basicNodeApp\node_modules\express\lib\router\index.js:335:12)
    at next (D:\gitHub\basicNodeApp\node_modules\express\lib\router\index.js:275:10)
    at D:\gitHub\basicNodeApp\node_modules\express\lib\router\index.js:635:15
    at next (D:\gitHub\basicNodeApp\node_modules\express\lib\router\index.js:260:14)
    at Function.handle (D:\gitHub\basicNodeApp\node_modules\express\lib\router\index.js:174:3)
    at router (D:\gitHub\basicNodeApp\node_modules\express\lib\router\index.js:47:12)
    at Layer.handle [as handle_request] (D:\gitHub\basicNodeApp\node_modules\express\lib\router\layer.js:95:5)
    at trim_prefix (D:\gitHub\basicNodeApp\node_modules\express\lib\router\index.js:317:13)
    at D:\gitHub\basicNodeApp\node_modules\express\lib\router\index.js:284:7
    at Function.process_params (D:\gitHub\basicNodeApp\node_modules\express\lib\router\index.js:335:12)
    at next (D:\gitHub\basicNodeApp\node_modules\express\lib\router\index.js:275:10)
    at app.use (D:\gitHub\basicNodeApp\app.js:55:5)Error msg:  Not Found 
 data: Sun Jan 07 2018 08:35:41 GMT-0200 (Horário brasileiro de verão) stack: Error: Not Found
    at app.use (D:\gitHub\basicNodeApp\app.js:71:16)
    at Layer.handle [as handle_request] (D:\gitHub\basicNodeApp\node_modules\express\lib\router\layer.js:95:5)
    at trim_prefix (D:\gitHub\basicNodeApp\node_modules\express\lib\router\index.js:317:13)
    at D:\gitHub\basicNodeApp\node_modules\express\lib\router\index.js:284:7
    at Function.process_params (D:\gitHub\basicNodeApp\node_modules\express\lib\router\index.js:335:12)
    at next (D:\gitHub\basicNodeApp\node_modules\express\lib\router\index.js:275:10)
    at D:\gitHub\basicNodeApp\node_modules\express\lib\router\index.js:635:15
    at next (D:\gitHub\basicNodeApp\node_modules\express\lib\router\index.js:260:14)
    at Function.handle (D:\gitHub\basicNodeApp\node_modules\express\lib\router\index.js:174:3)
    at router (D:\gitHub\basicNodeApp\node_modules\express\lib\router\index.js:47:12)
    at Layer.handle [as handle_request] (D:\gitHub\basicNodeApp\node_modules\express\lib\router\layer.js:95:5)
    at trim_prefix (D:\gitHub\basicNodeApp\node_modules\express\lib\router\index.js:317:13)
    at D:\gitHub\basicNodeApp\node_modules\express\lib\router\index.js:284:7
    at Function.process_params (D:\gitHub\basicNodeApp\node_modules\express\lib\router\index.js:335:12)
    at next (D:\gitHub\basicNodeApp\node_modules\express\lib\router\index.js:275:10)
    at app.use (D:\gitHub\basicNodeApp\app.js:55:5)Error msg:  Not Found 
 data: Sun Jan 07 2018 08:35:41 GMT-0200 (Horário brasileiro de verão) stack: Error: Not Found
    at app.use (D:\gitHub\basicNodeApp\app.js:71:16)
    at Layer.handle [as handle_request] (D:\gitHub\basicNodeApp\node_modules\express\lib\router\layer.js:95:5)
    at trim_prefix (D:\gitHub\basicNodeApp\node_modules\express\lib\router\index.js:317:13)
    at D:\gitHub\basicNodeApp\node_modules\express\lib\router\index.js:284:7
    at Function.process_params (D:\gitHub\basicNodeApp\node_modules\express\lib\router\index.js:335:12)
    at next (D:\gitHub\basicNodeApp\node_modules\express\lib\router\index.js:275:10)
    at D:\gitHub\basicNodeApp\node_modules\express\lib\router\index.js:635:15
    at next (D:\gitHub\basicNodeApp\node_modules\express\lib\router\index.js:260:14)
    at Function.handle (D:\gitHub\basicNodeApp\node_modules\express\lib\router\index.js:174:3)
    at router (D:\gitHub\basicNodeApp\node_modules\express\lib\router\index.js:47:12)
    at Layer.handle [as handle_request] (D:\gitHub\basicNodeApp\node_modules\express\lib\router\layer.js:95:5)
    at trim_prefix (D:\gitHub\basicNodeApp\node_modules\express\lib\router\index.js:317:13)
    at D:\gitHub\basicNodeApp\node_modules\express\lib\router\index.js:284:7
    at Function.process_params (D:\gitHub\basicNodeApp\node_modules\express\lib\router\index.js:335:12)
    at next (D:\gitHub\basicNodeApp\node_modules\express\lib\router\index.js:275:10)
    at app.use (D:\gitHub\basicNodeApp\app.js:55:5)Error msg:  Not Found 
 data: Sun Jan 07 2018 08:35:42 GMT-0200 (Horário brasileiro de verão) stack: Error: Not Found
    at app.use (D:\gitHub\basicNodeApp\app.js:71:16)
    at Layer.handle [as handle_request] (D:\gitHub\basicNodeApp\node_modules\express\lib\router\layer.js:95:5)
    at trim_prefix (D:\gitHub\basicNodeApp\node_modules\express\lib\router\index.js:317:13)
    at D:\gitHub\basicNodeApp\node_modules\express\lib\router\index.js:284:7
    at Function.process_params (D:\gitHub\basicNodeApp\node_modules\express\lib\router\index.js:335:12)
    at next (D:\gitHub\basicNodeApp\node_modules\express\lib\router\index.js:275:10)
    at D:\gitHub\basicNodeApp\node_modules\express\lib\router\index.js:635:15
    at next (D:\gitHub\basicNodeApp\node_modules\express\lib\router\index.js:260:14)
    at Function.handle (D:\gitHub\basicNodeApp\node_modules\express\lib\router\index.js:174:3)
    at router (D:\gitHub\basicNodeApp\node_modules\express\lib\router\index.js:47:12)
    at Layer.handle [as handle_request] (D:\gitHub\basicNodeApp\node_modules\express\lib\router\layer.js:95:5)
    at trim_prefix (D:\gitHub\basicNodeApp\node_modules\express\lib\router\index.js:317:13)
    at D:\gitHub\basicNodeApp\node_modules\express\lib\router\index.js:284:7
    at Function.process_params (D:\gitHub\basicNodeApp\node_modules\express\lib\router\index.js:335:12)
    at next (D:\gitHub\basicNodeApp\node_modules\express\lib\router\index.js:275:10)
    at app.use (D:\gitHub\basicNodeApp\app.js:55:5)Error msg:  Not Found 
 data: Sun Jan 07 2018 08:35:42 GMT-0200 (Horário brasileiro de verão) stack: Error: Not Found
    at app.use (D:\gitHub\basicNodeApp\app.js:71:16)
    at Layer.handle [as handle_request] (D:\gitHub\basicNodeApp\node_modules\express\lib\router\layer.js:95:5)
    at trim_prefix (D:\gitHub\basicNodeApp\node_modules\express\lib\router\index.js:317:13)
    at D:\gitHub\basicNodeApp\node_modules\express\lib\router\index.js:284:7
    at Function.process_params (D:\gitHub\basicNodeApp\node_modules\express\lib\router\index.js:335:12)
    at next (D:\gitHub\basicNodeApp\node_modules\express\lib\router\index.js:275:10)
    at D:\gitHub\basicNodeApp\node_modules\express\lib\router\index.js:635:15
    at next (D:\gitHub\basicNodeApp\node_modules\express\lib\router\index.js:260:14)
    at Function.handle (D:\gitHub\basicNodeApp\node_modules\express\lib\router\index.js:174:3)
    at router (D:\gitHub\basicNodeApp\node_modules\express\lib\router\index.js:47:12)
    at Layer.handle [as handle_request] (D:\gitHub\basicNodeApp\node_modules\express\lib\router\layer.js:95:5)
    at trim_prefix (D:\gitHub\basicNodeApp\node_modules\express\lib\router\index.js:317:13)
    at D:\gitHub\basicNodeApp\node_modules\express\lib\router\index.js:284:7
    at Function.process_params (D:\gitHub\basicNodeApp\node_modules\express\lib\router\index.js:335:12)
    at next (D:\gitHub\basicNodeApp\node_modules\express\lib\router\index.js:275:10)
    at app.use (D:\gitHub\basicNodeApp\app.js:55:5)Error msg:  Not Found 
 data: Sun Jan 07 2018 08:35:42 GMT-0200 (Horário brasileiro de verão) stack: Error: Not Found
    at app.use (D:\gitHub\basicNodeApp\app.js:71:16)
    at Layer.handle [as handle_request] (D:\gitHub\basicNodeApp\node_modules\express\lib\router\layer.js:95:5)
    at trim_prefix (D:\gitHub\basicNodeApp\node_modules\express\lib\router\index.js:317:13)
    at D:\gitHub\basicNodeApp\node_modules\express\lib\router\index.js:284:7
    at Function.process_params (D:\gitHub\basicNodeApp\node_modules\express\lib\router\index.js:335:12)
    at next (D:\gitHub\basicNodeApp\node_modules\express\lib\router\index.js:275:10)
    at D:\gitHub\basicNodeApp\node_modules\express\lib\router\index.js:635:15
    at next (D:\gitHub\basicNodeApp\node_modules\express\lib\router\index.js:260:14)
    at Function.handle (D:\gitHub\basicNodeApp\node_modules\express\lib\router\index.js:174:3)
    at router (D:\gitHub\basicNodeApp\node_modules\express\lib\router\index.js:47:12)
    at Layer.handle [as handle_request] (D:\gitHub\basicNodeApp\node_modules\express\lib\router\layer.js:95:5)
    at trim_prefix (D:\gitHub\basicNodeApp\node_modules\express\lib\router\index.js:317:13)
    at D:\gitHub\basicNodeApp\node_modules\express\lib\router\index.js:284:7
    at Function.process_params (D:\gitHub\basicNodeApp\node_modules\express\lib\router\index.js:335:12)
    at next (D:\gitHub\basicNodeApp\node_modules\express\lib\router\index.js:275:10)
    at app.use (D:\gitHub\basicNodeApp\app.js:55:5)Error msg:  Not Found 
 data: Sun Jan 07 2018 08:35:42 GMT-0200 (Horário brasileiro de verão) stack: Error: Not Found
    at app.use (D:\gitHub\basicNodeApp\app.js:71:16)
    at Layer.handle [as handle_request] (D:\gitHub\basicNodeApp\node_modules\express\lib\router\layer.js:95:5)
    at trim_prefix (D:\gitHub\basicNodeApp\node_modules\express\lib\router\index.js:317:13)
    at D:\gitHub\basicNodeApp\node_modules\express\lib\router\index.js:284:7
    at Function.process_params (D:\gitHub\basicNodeApp\node_modules\express\lib\router\index.js:335:12)
    at next (D:\gitHub\basicNodeApp\node_modules\express\lib\router\index.js:275:10)
    at D:\gitHub\basicNodeApp\node_modules\express\lib\router\index.js:635:15
    at next (D:\gitHub\basicNodeApp\node_modules\express\lib\router\index.js:260:14)
    at Function.handle (D:\gitHub\basicNodeApp\node_modules\express\lib\router\index.js:174:3)
    at router (D:\gitHub\basicNodeApp\node_modules\express\lib\router\index.js:47:12)
    at Layer.handle [as handle_request] (D:\gitHub\basicNodeApp\node_modules\express\lib\router\layer.js:95:5)
    at trim_prefix (D:\gitHub\basicNodeApp\node_modules\express\lib\router\index.js:317:13)
    at D:\gitHub\basicNodeApp\node_modules\express\lib\router\index.js:284:7
    at Function.process_params (D:\gitHub\basicNodeApp\node_modules\express\lib\router\index.js:335:12)
    at next (D:\gitHub\basicNodeApp\node_modules\express\lib\router\index.js:275:10)
    at app.use (D:\gitHub\basicNodeApp\app.js:55:5)Error msg:  Not Found 
 data: Sun Jan 07 2018 08:35:44 GMT-0200 (Horário brasileiro de verão) stack: Error: Not Found
    at app.use (D:\gitHub\basicNodeApp\app.js:71:16)
    at Layer.handle [as handle_request] (D:\gitHub\basicNodeApp\node_modules\express\lib\router\layer.js:95:5)
    at trim_prefix (D:\gitHub\basicNodeApp\node_modules\express\lib\router\index.js:317:13)
    at D:\gitHub\basicNodeApp\node_modules\express\lib\router\index.js:284:7
    at Function.process_params (D:\gitHub\basicNodeApp\node_modules\express\lib\router\index.js:335:12)
    at next (D:\gitHub\basicNodeApp\node_modules\express\lib\router\index.js:275:10)
    at D:\gitHub\basicNodeApp\node_modules\express\lib\router\index.js:635:15
    at next (D:\gitHub\basicNodeApp\node_modules\express\lib\router\index.js:260:14)
    at Function.handle (D:\gitHub\basicNodeApp\node_modules\express\lib\router\index.js:174:3)
    at router (D:\gitHub\basicNodeApp\node_modules\express\lib\router\index.js:47:12)
    at Layer.handle [as handle_request] (D:\gitHub\basicNodeApp\node_modules\express\lib\router\layer.js:95:5)
    at trim_prefix (D:\gitHub\basicNodeApp\node_modules\express\lib\router\index.js:317:13)
    at D:\gitHub\basicNodeApp\node_modules\express\lib\router\index.js:284:7
    at Function.process_params (D:\gitHub\basicNodeApp\node_modules\express\lib\router\index.js:335:12)
    at next (D:\gitHub\basicNodeApp\node_modules\express\lib\router\index.js:275:10)
    at app.use (D:\gitHub\basicNodeApp\app.js:55:5)Error msg:  Not Found 
 data: Sun Jan 07 2018 08:35:44 GMT-0200 (Horário brasileiro de verão) stack: Error: Not Found
    at app.use (D:\gitHub\basicNodeApp\app.js:71:16)
    at Layer.handle [as handle_request] (D:\gitHub\basicNodeApp\node_modules\express\lib\router\layer.js:95:5)
    at trim_prefix (D:\gitHub\basicNodeApp\node_modules\express\lib\router\index.js:317:13)
    at D:\gitHub\basicNodeApp\node_modules\express\lib\router\index.js:284:7
    at Function.process_params (D:\gitHub\basicNodeApp\node_modules\express\lib\router\index.js:335:12)
    at next (D:\gitHub\basicNodeApp\node_modules\express\lib\router\index.js:275:10)
    at D:\gitHub\basicNodeApp\node_modules\express\lib\router\index.js:635:15
    at next (D:\gitHub\basicNodeApp\node_modules\express\lib\router\index.js:260:14)
    at Function.handle (D:\gitHub\basicNodeApp\node_modules\express\lib\router\index.js:174:3)
    at router (D:\gitHub\basicNodeApp\node_modules\express\lib\router\index.js:47:12)
    at Layer.handle [as handle_request] (D:\gitHub\basicNodeApp\node_modules\express\lib\router\layer.js:95:5)
    at trim_prefix (D:\gitHub\basicNodeApp\node_modules\express\lib\router\index.js:317:13)
    at D:\gitHub\basicNodeApp\node_modules\express\lib\router\index.js:284:7
    at Function.process_params (D:\gitHub\basicNodeApp\node_modules\express\lib\router\index.js:335:12)
    at next (D:\gitHub\basicNodeApp\node_modules\express\lib\router\index.js:275:10)
    at app.use (D:\gitHub\basicNodeApp\app.js:55:5)Error msg:  Not Found 
 data: Sun Jan 07 2018 08:35:44 GMT-0200 (Horário brasileiro de verão) stack: Error: Not Found
    at app.use (D:\gitHub\basicNodeApp\app.js:71:16)
    at Layer.handle [as handle_request] (D:\gitHub\basicNodeApp\node_modules\express\lib\router\layer.js:95:5)
    at trim_prefix (D:\gitHub\basicNodeApp\node_modules\express\lib\router\index.js:317:13)
    at D:\gitHub\basicNodeApp\node_modules\express\lib\router\index.js:284:7
    at Function.process_params (D:\gitHub\basicNodeApp\node_modules\express\lib\router\index.js:335:12)
    at next (D:\gitHub\basicNodeApp\node_modules\express\lib\router\index.js:275:10)
    at D:\gitHub\basicNodeApp\node_modules\express\lib\router\index.js:635:15
    at next (D:\gitHub\basicNodeApp\node_modules\express\lib\router\index.js:260:14)
    at Function.handle (D:\gitHub\basicNodeApp\node_modules\express\lib\router\index.js:174:3)
    at router (D:\gitHub\basicNodeApp\node_modules\express\lib\router\index.js:47:12)
    at Layer.handle [as handle_request] (D:\gitHub\basicNodeApp\node_modules\express\lib\router\layer.js:95:5)
    at trim_prefix (D:\gitHub\basicNodeApp\node_modules\express\lib\router\index.js:317:13)
    at D:\gitHub\basicNodeApp\node_modules\express\lib\router\index.js:284:7
    at Function.process_params (D:\gitHub\basicNodeApp\node_modules\express\lib\router\index.js:335:12)
    at next (D:\gitHub\basicNodeApp\node_modules\express\lib\router\index.js:275:10)
    at app.use (D:\gitHub\basicNodeApp\app.js:55:5)Error msg:  Not Found 
 data: Sun Jan 07 2018 08:35:44 GMT-0200 (Horário brasileiro de verão) stack: Error: Not Found
    at app.use (D:\gitHub\basicNodeApp\app.js:71:16)
    at Layer.handle [as handle_request] (D:\gitHub\basicNodeApp\node_modules\express\lib\router\layer.js:95:5)
    at trim_prefix (D:\gitHub\basicNodeApp\node_modules\express\lib\router\index.js:317:13)
    at D:\gitHub\basicNodeApp\node_modules\express\lib\router\index.js:284:7
    at Function.process_params (D:\gitHub\basicNodeApp\node_modules\express\lib\router\index.js:335:12)
    at next (D:\gitHub\basicNodeApp\node_modules\express\lib\router\index.js:275:10)
    at D:\gitHub\basicNodeApp\node_modules\express\lib\router\index.js:635:15
    at next (D:\gitHub\basicNodeApp\node_modules\express\lib\router\index.js:260:14)
    at Function.handle (D:\gitHub\basicNodeApp\node_modules\express\lib\router\index.js:174:3)
    at router (D:\gitHub\basicNodeApp\node_modules\express\lib\router\index.js:47:12)
    at Layer.handle [as handle_request] (D:\gitHub\basicNodeApp\node_modules\express\lib\router\layer.js:95:5)
    at trim_prefix (D:\gitHub\basicNodeApp\node_modules\express\lib\router\index.js:317:13)
    at D:\gitHub\basicNodeApp\node_modules\express\lib\router\index.js:284:7
    at Function.process_params (D:\gitHub\basicNodeApp\node_modules\express\lib\router\index.js:335:12)
    at next (D:\gitHub\basicNodeApp\node_modules\express\lib\router\index.js:275:10)
    at app.use (D:\gitHub\basicNodeApp\app.js:55:5)Error msg:  Not Found 
 data: Sun Jan 07 2018 08:35:44 GMT-0200 (Horário brasileiro de verão) stack: Error: Not Found
    at app.use (D:\gitHub\basicNodeApp\app.js:71:16)
    at Layer.handle [as handle_request] (D:\gitHub\basicNodeApp\node_modules\express\lib\router\layer.js:95:5)
    at trim_prefix (D:\gitHub\basicNodeApp\node_modules\express\lib\router\index.js:317:13)
    at D:\gitHub\basicNodeApp\node_modules\express\lib\router\index.js:284:7
    at Function.process_params (D:\gitHub\basicNodeApp\node_modules\express\lib\router\index.js:335:12)
    at next (D:\gitHub\basicNodeApp\node_modules\express\lib\router\index.js:275:10)
    at D:\gitHub\basicNodeApp\node_modules\express\lib\router\index.js:635:15
    at next (D:\gitHub\basicNodeApp\node_modules\express\lib\router\index.js:260:14)
    at Function.handle (D:\gitHub\basicNodeApp\node_modules\express\lib\router\index.js:174:3)
    at router (D:\gitHub\basicNodeApp\node_modules\express\lib\router\index.js:47:12)
    at Layer.handle [as handle_request] (D:\gitHub\basicNodeApp\node_modules\express\lib\router\layer.js:95:5)
    at trim_prefix (D:\gitHub\basicNodeApp\node_modules\express\lib\router\index.js:317:13)
    at D:\gitHub\basicNodeApp\node_modules\express\lib\router\index.js:284:7
    at Function.process_params (D:\gitHub\basicNodeApp\node_modules\express\lib\router\index.js:335:12)
    at next (D:\gitHub\basicNodeApp\node_modules\express\lib\router\index.js:275:10)
    at app.use (D:\gitHub\basicNodeApp\app.js:55:5)Error msg:  Not Found 
 data: Sun Jan 07 2018 08:35:44 GMT-0200 (Horário brasileiro de verão) stack: Error: Not Found
    at app.use (D:\gitHub\basicNodeApp\app.js:71:16)
    at Layer.handle [as handle_request] (D:\gitHub\basicNodeApp\node_modules\express\lib\router\layer.js:95:5)
    at trim_prefix (D:\gitHub\basicNodeApp\node_modules\express\lib\router\index.js:317:13)
    at D:\gitHub\basicNodeApp\node_modules\express\lib\router\index.js:284:7
    at Function.process_params (D:\gitHub\basicNodeApp\node_modules\express\lib\router\index.js:335:12)
    at next (D:\gitHub\basicNodeApp\node_modules\express\lib\router\index.js:275:10)
    at D:\gitHub\basicNodeApp\node_modules\express\lib\router\index.js:635:15
    at next (D:\gitHub\basicNodeApp\node_modules\express\lib\router\index.js:260:14)
    at Function.handle (D:\gitHub\basicNodeApp\node_modules\express\lib\router\index.js:174:3)
    at router (D:\gitHub\basicNodeApp\node_modules\express\lib\router\index.js:47:12)
    at Layer.handle [as handle_request] (D:\gitHub\basicNodeApp\node_modules\express\lib\router\layer.js:95:5)
    at trim_prefix (D:\gitHub\basicNodeApp\node_modules\express\lib\router\index.js:317:13)
    at D:\gitHub\basicNodeApp\node_modules\express\lib\router\index.js:284:7
    at Function.process_params (D:\gitHub\basicNodeApp\node_modules\express\lib\router\index.js:335:12)
    at next (D:\gitHub\basicNodeApp\node_modules\express\lib\router\index.js:275:10)
    at app.use (D:\gitHub\basicNodeApp\app.js:55:5)Error msg:  Not Found 
 data: Sun Jan 07 2018 08:35:44 GMT-0200 (Horário brasileiro de verão) stack: Error: Not Found
    at app.use (D:\gitHub\basicNodeApp\app.js:71:16)
    at Layer.handle [as handle_request] (D:\gitHub\basicNodeApp\node_modules\express\lib\router\layer.js:95:5)
    at trim_prefix (D:\gitHub\basicNodeApp\node_modules\express\lib\router\index.js:317:13)
    at D:\gitHub\basicNodeApp\node_modules\express\lib\router\index.js:284:7
    at Function.process_params (D:\gitHub\basicNodeApp\node_modules\express\lib\router\index.js:335:12)
    at next (D:\gitHub\basicNodeApp\node_modules\express\lib\router\index.js:275:10)
    at D:\gitHub\basicNodeApp\node_modules\express\lib\router\index.js:635:15
    at next (D:\gitHub\basicNodeApp\node_modules\express\lib\router\index.js:260:14)
    at Function.handle (D:\gitHub\basicNodeApp\node_modules\express\lib\router\index.js:174:3)
    at router (D:\gitHub\basicNodeApp\node_modules\express\lib\router\index.js:47:12)
    at Layer.handle [as handle_request] (D:\gitHub\basicNodeApp\node_modules\express\lib\router\layer.js:95:5)
    at trim_prefix (D:\gitHub\basicNodeApp\node_modules\express\lib\router\index.js:317:13)
    at D:\gitHub\basicNodeApp\node_modules\express\lib\router\index.js:284:7
    at Function.process_params (D:\gitHub\basicNodeApp\node_modules\express\lib\router\index.js:335:12)
    at next (D:\gitHub\basicNodeApp\node_modules\express\lib\router\index.js:275:10)
    at app.use (D:\gitHub\basicNodeApp\app.js:55:5)Error msg:  Not Found 
 data: Sun Jan 07 2018 08:35:44 GMT-0200 (Horário brasileiro de verão) stack: Error: Not Found
    at app.use (D:\gitHub\basicNodeApp\app.js:71:16)
    at Layer.handle [as handle_request] (D:\gitHub\basicNodeApp\node_modules\express\lib\router\layer.js:95:5)
    at trim_prefix (D:\gitHub\basicNodeApp\node_modules\express\lib\router\index.js:317:13)
    at D:\gitHub\basicNodeApp\node_modules\express\lib\router\index.js:284:7
    at Function.process_params (D:\gitHub\basicNodeApp\node_modules\express\lib\router\index.js:335:12)
    at next (D:\gitHub\basicNodeApp\node_modules\express\lib\router\index.js:275:10)
    at D:\gitHub\basicNodeApp\node_modules\express\lib\router\index.js:635:15
    at next (D:\gitHub\basicNodeApp\node_modules\express\lib\router\index.js:260:14)
    at Function.handle (D:\gitHub\basicNodeApp\node_modules\express\lib\router\index.js:174:3)
    at router (D:\gitHub\basicNodeApp\node_modules\express\lib\router\index.js:47:12)
    at Layer.handle [as handle_request] (D:\gitHub\basicNodeApp\node_modules\express\lib\router\layer.js:95:5)
    at trim_prefix (D:\gitHub\basicNodeApp\node_modules\express\lib\router\index.js:317:13)
    at D:\gitHub\basicNodeApp\node_modules\express\lib\router\index.js:284:7
    at Function.process_params (D:\gitHub\basicNodeApp\node_modules\express\lib\router\index.js:335:12)
    at next (D:\gitHub\basicNodeApp\node_modules\express\lib\router\index.js:275:10)
    at app.use (D:\gitHub\basicNodeApp\app.js:55:5)Error msg:  Not Found 
 data: Sun Jan 07 2018 08:35:45 GMT-0200 (Horário brasileiro de verão) stack: Error: Not Found
    at app.use (D:\gitHub\basicNodeApp\app.js:71:16)
    at Layer.handle [as handle_request] (D:\gitHub\basicNodeApp\node_modules\express\lib\router\layer.js:95:5)
    at trim_prefix (D:\gitHub\basicNodeApp\node_modules\express\lib\router\index.js:317:13)
    at D:\gitHub\basicNodeApp\node_modules\express\lib\router\index.js:284:7
    at Function.process_params (D:\gitHub\basicNodeApp\node_modules\express\lib\router\index.js:335:12)
    at next (D:\gitHub\basicNodeApp\node_modules\express\lib\router\index.js:275:10)
    at D:\gitHub\basicNodeApp\node_modules\express\lib\router\index.js:635:15
    at next (D:\gitHub\basicNodeApp\node_modules\express\lib\router\index.js:260:14)
    at Function.handle (D:\gitHub\basicNodeApp\node_modules\express\lib\router\index.js:174:3)
    at router (D:\gitHub\basicNodeApp\node_modules\express\lib\router\index.js:47:12)
    at Layer.handle [as handle_request] (D:\gitHub\basicNodeApp\node_modules\express\lib\router\layer.js:95:5)
    at trim_prefix (D:\gitHub\basicNodeApp\node_modules\express\lib\router\index.js:317:13)
    at D:\gitHub\basicNodeApp\node_modules\express\lib\router\index.js:284:7
    at Function.process_params (D:\gitHub\basicNodeApp\node_modules\express\lib\router\index.js:335:12)
    at next (D:\gitHub\basicNodeApp\node_modules\express\lib\router\index.js:275:10)
    at app.use (D:\gitHub\basicNodeApp\app.js:55:5)Error msg:  Not Found 
 data: Sun Jan 07 2018 08:35:45 GMT-0200 (Horário brasileiro de verão) stack: Error: Not Found
    at app.use (D:\gitHub\basicNodeApp\app.js:71:16)
    at Layer.handle [as handle_request] (D:\gitHub\basicNodeApp\node_modules\express\lib\router\layer.js:95:5)
    at trim_prefix (D:\gitHub\basicNodeApp\node_modules\express\lib\router\index.js:317:13)
    at D:\gitHub\basicNodeApp\node_modules\express\lib\router\index.js:284:7
    at Function.process_params (D:\gitHub\basicNodeApp\node_modules\express\lib\router\index.js:335:12)
    at next (D:\gitHub\basicNodeApp\node_modules\express\lib\router\index.js:275:10)
    at D:\gitHub\basicNodeApp\node_modules\express\lib\router\index.js:635:15
    at next (D:\gitHub\basicNodeApp\node_modules\express\lib\router\index.js:260:14)
    at Function.handle (D:\gitHub\basicNodeApp\node_modules\express\lib\router\index.js:174:3)
    at router (D:\gitHub\basicNodeApp\node_modules\express\lib\router\index.js:47:12)
    at Layer.handle [as handle_request] (D:\gitHub\basicNodeApp\node_modules\express\lib\router\layer.js:95:5)
    at trim_prefix (D:\gitHub\basicNodeApp\node_modules\express\lib\router\index.js:317:13)
    at D:\gitHub\basicNodeApp\node_modules\express\lib\router\index.js:284:7
    at Function.process_params (D:\gitHub\basicNodeApp\node_modules\express\lib\router\index.js:335:12)
    at next (D:\gitHub\basicNodeApp\node_modules\express\lib\router\index.js:275:10)
    at app.use (D:\gitHub\basicNodeApp\app.js:55:5)Error msg:  Not Found 
 data: Sun Jan 07 2018 08:35:45 GMT-0200 (Horário brasileiro de verão) stack: Error: Not Found
    at app.use (D:\gitHub\basicNodeApp\app.js:71:16)
    at Layer.handle [as handle_request] (D:\gitHub\basicNodeApp\node_modules\express\lib\router\layer.js:95:5)
    at trim_prefix (D:\gitHub\basicNodeApp\node_modules\express\lib\router\index.js:317:13)
    at D:\gitHub\basicNodeApp\node_modules\express\lib\router\index.js:284:7
    at Function.process_params (D:\gitHub\basicNodeApp\node_modules\express\lib\router\index.js:335:12)
    at next (D:\gitHub\basicNodeApp\node_modules\express\lib\router\index.js:275:10)
    at D:\gitHub\basicNodeApp\node_modules\express\lib\router\index.js:635:15
    at next (D:\gitHub\basicNodeApp\node_modules\express\lib\router\index.js:260:14)
    at Function.handle (D:\gitHub\basicNodeApp\node_modules\express\lib\router\index.js:174:3)
    at router (D:\gitHub\basicNodeApp\node_modules\express\lib\router\index.js:47:12)
    at Layer.handle [as handle_request] (D:\gitHub\basicNodeApp\node_modules\express\lib\router\layer.js:95:5)
    at trim_prefix (D:\gitHub\basicNodeApp\node_modules\express\lib\router\index.js:317:13)
    at D:\gitHub\basicNodeApp\node_modules\express\lib\router\index.js:284:7
    at Function.process_params (D:\gitHub\basicNodeApp\node_modules\express\lib\router\index.js:335:12)
    at next (D:\gitHub\basicNodeApp\node_modules\express\lib\router\index.js:275:10)
    at app.use (D:\gitHub\basicNodeApp\app.js:55:5)Error msg:  Not Found 
 data: Sun Jan 07 2018 08:35:45 GMT-0200 (Horário brasileiro de verão) stack: Error: Not Found
    at app.use (D:\gitHub\basicNodeApp\app.js:71:16)
    at Layer.handle [as handle_request] (D:\gitHub\basicNodeApp\node_modules\express\lib\router\layer.js:95:5)
    at trim_prefix (D:\gitHub\basicNodeApp\node_modules\express\lib\router\index.js:317:13)
    at D:\gitHub\basicNodeApp\node_modules\express\lib\router\index.js:284:7
    at Function.process_params (D:\gitHub\basicNodeApp\node_modules\express\lib\router\index.js:335:12)
    at next (D:\gitHub\basicNodeApp\node_modules\express\lib\router\index.js:275:10)
    at D:\gitHub\basicNodeApp\node_modules\express\lib\router\index.js:635:15
    at next (D:\gitHub\basicNodeApp\node_modules\express\lib\router\index.js:260:14)
    at Function.handle (D:\gitHub\basicNodeApp\node_modules\express\lib\router\index.js:174:3)
    at router (D:\gitHub\basicNodeApp\node_modules\express\lib\router\index.js:47:12)
    at Layer.handle [as handle_request] (D:\gitHub\basicNodeApp\node_modules\express\lib\router\layer.js:95:5)
    at trim_prefix (D:\gitHub\basicNodeApp\node_modules\express\lib\router\index.js:317:13)
    at D:\gitHub\basicNodeApp\node_modules\express\lib\router\index.js:284:7
    at Function.process_params (D:\gitHub\basicNodeApp\node_modules\express\lib\router\index.js:335:12)
    at next (D:\gitHub\basicNodeApp\node_modules\express\lib\router\index.js:275:10)
    at app.use (D:\gitHub\basicNodeApp\app.js:55:5)Error msg:  Not Found 
 data: Sun Jan 07 2018 08:35:46 GMT-0200 (Horário brasileiro de verão) stack: Error: Not Found
    at app.use (D:\gitHub\basicNodeApp\app.js:71:16)
    at Layer.handle [as handle_request] (D:\gitHub\basicNodeApp\node_modules\express\lib\router\layer.js:95:5)
    at trim_prefix (D:\gitHub\basicNodeApp\node_modules\express\lib\router\index.js:317:13)
    at D:\gitHub\basicNodeApp\node_modules\express\lib\router\index.js:284:7
    at Function.process_params (D:\gitHub\basicNodeApp\node_modules\express\lib\router\index.js:335:12)
    at next (D:\gitHub\basicNodeApp\node_modules\express\lib\router\index.js:275:10)
    at D:\gitHub\basicNodeApp\node_modules\express\lib\router\index.js:635:15
    at next (D:\gitHub\basicNodeApp\node_modules\express\lib\router\index.js:260:14)
    at Function.handle (D:\gitHub\basicNodeApp\node_modules\express\lib\router\index.js:174:3)
    at router (D:\gitHub\basicNodeApp\node_modules\express\lib\router\index.js:47:12)
    at Layer.handle [as handle_request] (D:\gitHub\basicNodeApp\node_modules\express\lib\router\layer.js:95:5)
    at trim_prefix (D:\gitHub\basicNodeApp\node_modules\express\lib\router\index.js:317:13)
    at D:\gitHub\basicNodeApp\node_modules\express\lib\router\index.js:284:7
    at Function.process_params (D:\gitHub\basicNodeApp\node_modules\express\lib\router\index.js:335:12)
    at next (D:\gitHub\basicNodeApp\node_modules\express\lib\router\index.js:275:10)
    at app.use (D:\gitHub\basicNodeApp\app.js:55:5)Error msg:  Not Found 
 data: Sun Jan 07 2018 08:35:46 GMT-0200 (Horário brasileiro de verão) stack: Error: Not Found
    at app.use (D:\gitHub\basicNodeApp\app.js:71:16)
    at Layer.handle [as handle_request] (D:\gitHub\basicNodeApp\node_modules\express\lib\router\layer.js:95:5)
    at trim_prefix (D:\gitHub\basicNodeApp\node_modules\express\lib\router\index.js:317:13)
    at D:\gitHub\basicNodeApp\node_modules\express\lib\router\index.js:284:7
    at Function.process_params (D:\gitHub\basicNodeApp\node_modules\express\lib\router\index.js:335:12)
    at next (D:\gitHub\basicNodeApp\node_modules\express\lib\router\index.js:275:10)
    at D:\gitHub\basicNodeApp\node_modules\express\lib\router\index.js:635:15
    at next (D:\gitHub\basicNodeApp\node_modules\express\lib\router\index.js:260:14)
    at Function.handle (D:\gitHub\basicNodeApp\node_modules\express\lib\router\index.js:174:3)
    at router (D:\gitHub\basicNodeApp\node_modules\express\lib\router\index.js:47:12)
    at Layer.handle [as handle_request] (D:\gitHub\basicNodeApp\node_modules\express\lib\router\layer.js:95:5)
    at trim_prefix (D:\gitHub\basicNodeApp\node_modules\express\lib\router\index.js:317:13)
    at D:\gitHub\basicNodeApp\node_modules\express\lib\router\index.js:284:7
    at Function.process_params (D:\gitHub\basicNodeApp\node_modules\express\lib\router\index.js:335:12)
    at next (D:\gitHub\basicNodeApp\node_modules\express\lib\router\index.js:275:10)
    at app.use (D:\gitHub\basicNodeApp\app.js:55:5)Error msg:  Not Found 
 data: Sun Jan 07 2018 08:35:46 GMT-0200 (Horário brasileiro de verão) stack: Error: Not Found
    at app.use (D:\gitHub\basicNodeApp\app.js:71:16)
    at Layer.handle [as handle_request] (D:\gitHub\basicNodeApp\node_modules\express\lib\router\layer.js:95:5)
    at trim_prefix (D:\gitHub\basicNodeApp\node_modules\express\lib\router\index.js:317:13)
    at D:\gitHub\basicNodeApp\node_modules\express\lib\router\index.js:284:7
    at Function.process_params (D:\gitHub\basicNodeApp\node_modules\express\lib\router\index.js:335:12)
    at next (D:\gitHub\basicNodeApp\node_modules\express\lib\router\index.js:275:10)
    at D:\gitHub\basicNodeApp\node_modules\express\lib\router\index.js:635:15
    at next (D:\gitHub\basicNodeApp\node_modules\express\lib\router\index.js:260:14)
    at Function.handle (D:\gitHub\basicNodeApp\node_modules\express\lib\router\index.js:174:3)
    at router (D:\gitHub\basicNodeApp\node_modules\express\lib\router\index.js:47:12)
    at Layer.handle [as handle_request] (D:\gitHub\basicNodeApp\node_modules\express\lib\router\layer.js:95:5)
    at trim_prefix (D:\gitHub\basicNodeApp\node_modules\express\lib\router\index.js:317:13)
    at D:\gitHub\basicNodeApp\node_modules\express\lib\router\index.js:284:7
    at Function.process_params (D:\gitHub\basicNodeApp\node_modules\express\lib\router\index.js:335:12)
    at next (D:\gitHub\basicNodeApp\node_modules\express\lib\router\index.js:275:10)
    at app.use (D:\gitHub\basicNodeApp\app.js:55:5)Error msg:  Not Found 
 data: Sun Jan 07 2018 08:35:46 GMT-0200 (Horário brasileiro de verão) stack: Error: Not Found
    at app.use (D:\gitHub\basicNodeApp\app.js:71:16)
    at Layer.handle [as handle_request] (D:\gitHub\basicNodeApp\node_modules\express\lib\router\layer.js:95:5)
    at trim_prefix (D:\gitHub\basicNodeApp\node_modules\express\lib\router\index.js:317:13)
    at D:\gitHub\basicNodeApp\node_modules\express\lib\router\index.js:284:7
    at Function.process_params (D:\gitHub\basicNodeApp\node_modules\express\lib\router\index.js:335:12)
    at next (D:\gitHub\basicNodeApp\node_modules\express\lib\router\index.js:275:10)
    at D:\gitHub\basicNodeApp\node_modules\express\lib\router\index.js:635:15
    at next (D:\gitHub\basicNodeApp\node_modules\express\lib\router\index.js:260:14)
    at Function.handle (D:\gitHub\basicNodeApp\node_modules\express\lib\router\index.js:174:3)
    at router (D:\gitHub\basicNodeApp\node_modules\express\lib\router\index.js:47:12)
    at Layer.handle [as handle_request] (D:\gitHub\basicNodeApp\node_modules\express\lib\router\layer.js:95:5)
    at trim_prefix (D:\gitHub\basicNodeApp\node_modules\express\lib\router\index.js:317:13)
    at D:\gitHub\basicNodeApp\node_modules\express\lib\router\index.js:284:7
    at Function.process_params (D:\gitHub\basicNodeApp\node_modules\express\lib\router\index.js:335:12)
    at next (D:\gitHub\basicNodeApp\node_modules\express\lib\router\index.js:275:10)
    at app.use (D:\gitHub\basicNodeApp\app.js:55:5)Error msg:  Not Found 
 data: Sun Jan 07 2018 08:35:47 GMT-0200 (Horário brasileiro de verão) stack: Error: Not Found
    at app.use (D:\gitHub\basicNodeApp\app.js:71:16)
    at Layer.handle [as handle_request] (D:\gitHub\basicNodeApp\node_modules\express\lib\router\layer.js:95:5)
    at trim_prefix (D:\gitHub\basicNodeApp\node_modules\express\lib\router\index.js:317:13)
    at D:\gitHub\basicNodeApp\node_modules\express\lib\router\index.js:284:7
    at Function.process_params (D:\gitHub\basicNodeApp\node_modules\express\lib\router\index.js:335:12)
    at next (D:\gitHub\basicNodeApp\node_modules\express\lib\router\index.js:275:10)
    at D:\gitHub\basicNodeApp\node_modules\express\lib\router\index.js:635:15
    at next (D:\gitHub\basicNodeApp\node_modules\express\lib\router\index.js:260:14)
    at Function.handle (D:\gitHub\basicNodeApp\node_modules\express\lib\router\index.js:174:3)
    at router (D:\gitHub\basicNodeApp\node_modules\express\lib\router\index.js:47:12)
    at Layer.handle [as handle_request] (D:\gitHub\basicNodeApp\node_modules\express\lib\router\layer.js:95:5)
    at trim_prefix (D:\gitHub\basicNodeApp\node_modules\express\lib\router\index.js:317:13)
    at D:\gitHub\basicNodeApp\node_modules\express\lib\router\index.js:284:7
    at Function.process_params (D:\gitHub\basicNodeApp\node_modules\express\lib\router\index.js:335:12)
    at next (D:\gitHub\basicNodeApp\node_modules\express\lib\router\index.js:275:10)
    at app.use (D:\gitHub\basicNodeApp\app.js:55:5)Error msg:  Not Found 
 data: Sun Jan 07 2018 08:35:47 GMT-0200 (Horário brasileiro de verão) stack: Error: Not Found
    at app.use (D:\gitHub\basicNodeApp\app.js:71:16)
    at Layer.handle [as handle_request] (D:\gitHub\basicNodeApp\node_modules\express\lib\router\layer.js:95:5)
    at trim_prefix (D:\gitHub\basicNodeApp\node_modules\express\lib\router\index.js:317:13)
    at D:\gitHub\basicNodeApp\node_modules\express\lib\router\index.js:284:7
    at Function.process_params (D:\gitHub\basicNodeApp\node_modules\express\lib\router\index.js:335:12)
    at next (D:\gitHub\basicNodeApp\node_modules\express\lib\router\index.js:275:10)
    at D:\gitHub\basicNodeApp\node_modules\express\lib\router\index.js:635:15
    at next (D:\gitHub\basicNodeApp\node_modules\express\lib\router\index.js:260:14)
    at Function.handle (D:\gitHub\basicNodeApp\node_modules\express\lib\router\index.js:174:3)
    at router (D:\gitHub\basicNodeApp\node_modules\express\lib\router\index.js:47:12)
    at Layer.handle [as handle_request] (D:\gitHub\basicNodeApp\node_modules\express\lib\router\layer.js:95:5)
    at trim_prefix (D:\gitHub\basicNodeApp\node_modules\express\lib\router\index.js:317:13)
    at D:\gitHub\basicNodeApp\node_modules\express\lib\router\index.js:284:7
    at Function.process_params (D:\gitHub\basicNodeApp\node_modules\express\lib\router\index.js:335:12)
    at next (D:\gitHub\basicNodeApp\node_modules\express\lib\router\index.js:275:10)
    at app.use (D:\gitHub\basicNodeApp\app.js:55:5)Error msg:  Not Found 
 data: Sun Jan 07 2018 08:35:47 GMT-0200 (Horário brasileiro de verão) stack: Error: Not Found
    at app.use (D:\gitHub\basicNodeApp\app.js:71:16)
    at Layer.handle [as handle_request] (D:\gitHub\basicNodeApp\node_modules\express\lib\router\layer.js:95:5)
    at trim_prefix (D:\gitHub\basicNodeApp\node_modules\express\lib\router\index.js:317:13)
    at D:\gitHub\basicNodeApp\node_modules\express\lib\router\index.js:284:7
    at Function.process_params (D:\gitHub\basicNodeApp\node_modules\express\lib\router\index.js:335:12)
    at next (D:\gitHub\basicNodeApp\node_modules\express\lib\router\index.js:275:10)
    at D:\gitHub\basicNodeApp\node_modules\express\lib\router\index.js:635:15
    at next (D:\gitHub\basicNodeApp\node_modules\express\lib\router\index.js:260:14)
    at Function.handle (D:\gitHub\basicNodeApp\node_modules\express\lib\router\index.js:174:3)
    at router (D:\gitHub\basicNodeApp\node_modules\express\lib\router\index.js:47:12)
    at Layer.handle [as handle_request] (D:\gitHub\basicNodeApp\node_modules\express\lib\router\layer.js:95:5)
    at trim_prefix (D:\gitHub\basicNodeApp\node_modules\express\lib\router\index.js:317:13)
    at D:\gitHub\basicNodeApp\node_modules\express\lib\router\index.js:284:7
    at Function.process_params (D:\gitHub\basicNodeApp\node_modules\express\lib\router\index.js:335:12)
    at next (D:\gitHub\basicNodeApp\node_modules\express\lib\router\index.js:275:10)
    at app.use (D:\gitHub\basicNodeApp\app.js:55:5)Error msg:  Not Found 
 data: Sun Jan 07 2018 08:35:47 GMT-0200 (Horário brasileiro de verão) stack: Error: Not Found
    at app.use (D:\gitHub\basicNodeApp\app.js:71:16)
    at Layer.handle [as handle_request] (D:\gitHub\basicNodeApp\node_modules\express\lib\router\layer.js:95:5)
    at trim_prefix (D:\gitHub\basicNodeApp\node_modules\express\lib\router\index.js:317:13)
    at D:\gitHub\basicNodeApp\node_modules\express\lib\router\index.js:284:7
    at Function.process_params (D:\gitHub\basicNodeApp\node_modules\express\lib\router\index.js:335:12)
    at next (D:\gitHub\basicNodeApp\node_modules\express\lib\router\index.js:275:10)
    at D:\gitHub\basicNodeApp\node_modules\express\lib\router\index.js:635:15
    at next (D:\gitHub\basicNodeApp\node_modules\express\lib\router\index.js:260:14)
    at Function.handle (D:\gitHub\basicNodeApp\node_modules\express\lib\router\index.js:174:3)
    at router (D:\gitHub\basicNodeApp\node_modules\express\lib\router\index.js:47:12)
    at Layer.handle [as handle_request] (D:\gitHub\basicNodeApp\node_modules\express\lib\router\layer.js:95:5)
    at trim_prefix (D:\gitHub\basicNodeApp\node_modules\express\lib\router\index.js:317:13)
    at D:\gitHub\basicNodeApp\node_modules\express\lib\router\index.js:284:7
    at Function.process_params (D:\gitHub\basicNodeApp\node_modules\express\lib\router\index.js:335:12)
    at next (D:\gitHub\basicNodeApp\node_modules\express\lib\router\index.js:275:10)
    at app.use (D:\gitHub\basicNodeApp\app.js:55:5)Error msg:  Not Found 
 data: Sun Jan 07 2018 08:35:47 GMT-0200 (Horário brasileiro de verão) stack: Error: Not Found
    at app.use (D:\gitHub\basicNodeApp\app.js:71:16)
    at Layer.handle [as handle_request] (D:\gitHub\basicNodeApp\node_modules\express\lib\router\layer.js:95:5)
    at trim_prefix (D:\gitHub\basicNodeApp\node_modules\express\lib\router\index.js:317:13)
    at D:\gitHub\basicNodeApp\node_modules\express\lib\router\index.js:284:7
    at Function.process_params (D:\gitHub\basicNodeApp\node_modules\express\lib\router\index.js:335:12)
    at next (D:\gitHub\basicNodeApp\node_modules\express\lib\router\index.js:275:10)
    at D:\gitHub\basicNodeApp\node_modules\express\lib\router\index.js:635:15
    at next (D:\gitHub\basicNodeApp\node_modules\express\lib\router\index.js:260:14)
    at Function.handle (D:\gitHub\basicNodeApp\node_modules\express\lib\router\index.js:174:3)
    at router (D:\gitHub\basicNodeApp\node_modules\express\lib\router\index.js:47:12)
    at Layer.handle [as handle_request] (D:\gitHub\basicNodeApp\node_modules\express\lib\router\layer.js:95:5)
    at trim_prefix (D:\gitHub\basicNodeApp\node_modules\express\lib\router\index.js:317:13)
    at D:\gitHub\basicNodeApp\node_modules\express\lib\router\index.js:284:7
    at Function.process_params (D:\gitHub\basicNodeApp\node_modules\express\lib\router\index.js:335:12)
    at next (D:\gitHub\basicNodeApp\node_modules\express\lib\router\index.js:275:10)
    at app.use (D:\gitHub\basicNodeApp\app.js:55:5)Error msg:  Not Found 
 data: Sun Jan 07 2018 08:35:47 GMT-0200 (Horário brasileiro de verão) stack: Error: Not Found
    at app.use (D:\gitHub\basicNodeApp\app.js:71:16)
    at Layer.handle [as handle_request] (D:\gitHub\basicNodeApp\node_modules\express\lib\router\layer.js:95:5)
    at trim_prefix (D:\gitHub\basicNodeApp\node_modules\express\lib\router\index.js:317:13)
    at D:\gitHub\basicNodeApp\node_modules\express\lib\router\index.js:284:7
    at Function.process_params (D:\gitHub\basicNodeApp\node_modules\express\lib\router\index.js:335:12)
    at next (D:\gitHub\basicNodeApp\node_modules\express\lib\router\index.js:275:10)
    at D:\gitHub\basicNodeApp\node_modules\express\lib\router\index.js:635:15
    at next (D:\gitHub\basicNodeApp\node_modules\express\lib\router\index.js:260:14)
    at Function.handle (D:\gitHub\basicNodeApp\node_modules\express\lib\router\index.js:174:3)
    at router (D:\gitHub\basicNodeApp\node_modules\express\lib\router\index.js:47:12)
    at Layer.handle [as handle_request] (D:\gitHub\basicNodeApp\node_modules\express\lib\router\layer.js:95:5)
    at trim_prefix (D:\gitHub\basicNodeApp\node_modules\express\lib\router\index.js:317:13)
    at D:\gitHub\basicNodeApp\node_modules\express\lib\router\index.js:284:7
    at Function.process_params (D:\gitHub\basicNodeApp\node_modules\express\lib\router\index.js:335:12)
    at next (D:\gitHub\basicNodeApp\node_modules\express\lib\router\index.js:275:10)
    at app.use (D:\gitHub\basicNodeApp\app.js:55:5)Error msg:  Not Found 
 data: Sun Jan 07 2018 08:35:47 GMT-0200 (Horário brasileiro de verão) stack: Error: Not Found
    at app.use (D:\gitHub\basicNodeApp\app.js:71:16)
    at Layer.handle [as handle_request] (D:\gitHub\basicNodeApp\node_modules\express\lib\router\layer.js:95:5)
    at trim_prefix (D:\gitHub\basicNodeApp\node_modules\express\lib\router\index.js:317:13)
    at D:\gitHub\basicNodeApp\node_modules\express\lib\router\index.js:284:7
    at Function.process_params (D:\gitHub\basicNodeApp\node_modules\express\lib\router\index.js:335:12)
    at next (D:\gitHub\basicNodeApp\node_modules\express\lib\router\index.js:275:10)
    at D:\gitHub\basicNodeApp\node_modules\express\lib\router\index.js:635:15
    at next (D:\gitHub\basicNodeApp\node_modules\express\lib\router\index.js:260:14)
    at Function.handle (D:\gitHub\basicNodeApp\node_modules\express\lib\router\index.js:174:3)
    at router (D:\gitHub\basicNodeApp\node_modules\express\lib\router\index.js:47:12)
    at Layer.handle [as handle_request] (D:\gitHub\basicNodeApp\node_modules\express\lib\router\layer.js:95:5)
    at trim_prefix (D:\gitHub\basicNodeApp\node_modules\express\lib\router\index.js:317:13)
    at D:\gitHub\basicNodeApp\node_modules\express\lib\router\index.js:284:7
    at Function.process_params (D:\gitHub\basicNodeApp\node_modules\express\lib\router\index.js:335:12)
    at next (D:\gitHub\basicNodeApp\node_modules\express\lib\router\index.js:275:10)
    at app.use (D:\gitHub\basicNodeApp\app.js:55:5)Error msg:  Not Found 
 data: Sun Jan 07 2018 08:35:47 GMT-0200 (Horário brasileiro de verão) stack: Error: Not Found
    at app.use (D:\gitHub\basicNodeApp\app.js:71:16)
    at Layer.handle [as handle_request] (D:\gitHub\basicNodeApp\node_modules\express\lib\router\layer.js:95:5)
    at trim_prefix (D:\gitHub\basicNodeApp\node_modules\express\lib\router\index.js:317:13)
    at D:\gitHub\basicNodeApp\node_modules\express\lib\router\index.js:284:7
    at Function.process_params (D:\gitHub\basicNodeApp\node_modules\express\lib\router\index.js:335:12)
    at next (D:\gitHub\basicNodeApp\node_modules\express\lib\router\index.js:275:10)
    at D:\gitHub\basicNodeApp\node_modules\express\lib\router\index.js:635:15
    at next (D:\gitHub\basicNodeApp\node_modules\express\lib\router\index.js:260:14)
    at Function.handle (D:\gitHub\basicNodeApp\node_modules\express\lib\router\index.js:174:3)
    at router (D:\gitHub\basicNodeApp\node_modules\express\lib\router\index.js:47:12)
    at Layer.handle [as handle_request] (D:\gitHub\basicNodeApp\node_modules\express\lib\router\layer.js:95:5)
    at trim_prefix (D:\gitHub\basicNodeApp\node_modules\express\lib\router\index.js:317:13)
    at D:\gitHub\basicNodeApp\node_modules\express\lib\router\index.js:284:7
    at Function.process_params (D:\gitHub\basicNodeApp\node_modules\express\lib\router\index.js:335:12)
    at next (D:\gitHub\basicNodeApp\node_modules\express\lib\router\index.js:275:10)
    at app.use (D:\gitHub\basicNodeApp\app.js:55:5)Error msg:  Not Found 
 data: Sun Jan 07 2018 08:35:48 GMT-0200 (Horário brasileiro de verão) stack: Error: Not Found
    at app.use (D:\gitHub\basicNodeApp\app.js:71:16)
    at Layer.handle [as handle_request] (D:\gitHub\basicNodeApp\node_modules\express\lib\router\layer.js:95:5)
    at trim_prefix (D:\gitHub\basicNodeApp\node_modules\express\lib\router\index.js:317:13)
    at D:\gitHub\basicNodeApp\node_modules\express\lib\router\index.js:284:7
    at Function.process_params (D:\gitHub\basicNodeApp\node_modules\express\lib\router\index.js:335:12)
    at next (D:\gitHub\basicNodeApp\node_modules\express\lib\router\index.js:275:10)
    at D:\gitHub\basicNodeApp\node_modules\express\lib\router\index.js:635:15
    at next (D:\gitHub\basicNodeApp\node_modules\express\lib\router\index.js:260:14)
    at Function.handle (D:\gitHub\basicNodeApp\node_modules\express\lib\router\index.js:174:3)
    at router (D:\gitHub\basicNodeApp\node_modules\express\lib\router\index.js:47:12)
    at Layer.handle [as handle_request] (D:\gitHub\basicNodeApp\node_modules\express\lib\router\layer.js:95:5)
    at trim_prefix (D:\gitHub\basicNodeApp\node_modules\express\lib\router\index.js:317:13)
    at D:\gitHub\basicNodeApp\node_modules\express\lib\router\index.js:284:7
    at Function.process_params (D:\gitHub\basicNodeApp\node_modules\express\lib\router\index.js:335:12)
    at next (D:\gitHub\basicNodeApp\node_modules\express\lib\router\index.js:275:10)
    at app.use (D:\gitHub\basicNodeApp\app.js:55:5)Error msg:  Not Found 
 data: Sun Jan 07 2018 08:35:48 GMT-0200 (Horário brasileiro de verão) stack: Error: Not Found
    at app.use (D:\gitHub\basicNodeApp\app.js:71:16)
    at Layer.handle [as handle_request] (D:\gitHub\basicNodeApp\node_modules\express\lib\router\layer.js:95:5)
    at trim_prefix (D:\gitHub\basicNodeApp\node_modules\express\lib\router\index.js:317:13)
    at D:\gitHub\basicNodeApp\node_modules\express\lib\router\index.js:284:7
    at Function.process_params (D:\gitHub\basicNodeApp\node_modules\express\lib\router\index.js:335:12)
    at next (D:\gitHub\basicNodeApp\node_modules\express\lib\router\index.js:275:10)
    at D:\gitHub\basicNodeApp\node_modules\express\lib\router\index.js:635:15
    at next (D:\gitHub\basicNodeApp\node_modules\express\lib\router\index.js:260:14)
    at Function.handle (D:\gitHub\basicNodeApp\node_modules\express\lib\router\index.js:174:3)
    at router (D:\gitHub\basicNodeApp\node_modules\express\lib\router\index.js:47:12)
    at Layer.handle [as handle_request] (D:\gitHub\basicNodeApp\node_modules\express\lib\router\layer.js:95:5)
    at trim_prefix (D:\gitHub\basicNodeApp\node_modules\express\lib\router\index.js:317:13)
    at D:\gitHub\basicNodeApp\node_modules\express\lib\router\index.js:284:7
    at Function.process_params (D:\gitHub\basicNodeApp\node_modules\express\lib\router\index.js:335:12)
    at next (D:\gitHub\basicNodeApp\node_modules\express\lib\router\index.js:275:10)
    at app.use (D:\gitHub\basicNodeApp\app.js:55:5)Error msg:  Not Found 
 data: Sun Jan 07 2018 08:35:48 GMT-0200 (Horário brasileiro de verão) stack: Error: Not Found
    at app.use (D:\gitHub\basicNodeApp\app.js:71:16)
    at Layer.handle [as handle_request] (D:\gitHub\basicNodeApp\node_modules\express\lib\router\layer.js:95:5)
    at trim_prefix (D:\gitHub\basicNodeApp\node_modules\express\lib\router\index.js:317:13)
    at D:\gitHub\basicNodeApp\node_modules\express\lib\router\index.js:284:7
    at Function.process_params (D:\gitHub\basicNodeApp\node_modules\express\lib\router\index.js:335:12)
    at next (D:\gitHub\basicNodeApp\node_modules\express\lib\router\index.js:275:10)
    at D:\gitHub\basicNodeApp\node_modules\express\lib\router\index.js:635:15
    at next (D:\gitHub\basicNodeApp\node_modules\express\lib\router\index.js:260:14)
    at Function.handle (D:\gitHub\basicNodeApp\node_modules\express\lib\router\index.js:174:3)
    at router (D:\gitHub\basicNodeApp\node_modules\express\lib\router\index.js:47:12)
    at Layer.handle [as handle_request] (D:\gitHub\basicNodeApp\node_modules\express\lib\router\layer.js:95:5)
    at trim_prefix (D:\gitHub\basicNodeApp\node_modules\express\lib\router\index.js:317:13)
    at D:\gitHub\basicNodeApp\node_modules\express\lib\router\index.js:284:7
    at Function.process_params (D:\gitHub\basicNodeApp\node_modules\express\lib\router\index.js:335:12)
    at next (D:\gitHub\basicNodeApp\node_modules\express\lib\router\index.js:275:10)
    at app.use (D:\gitHub\basicNodeApp\app.js:55:5)Error msg:  Not Found 
 data: Sun Jan 07 2018 08:35:49 GMT-0200 (Horário brasileiro de verão) stack: Error: Not Found
    at app.use (D:\gitHub\basicNodeApp\app.js:71:16)
    at Layer.handle [as handle_request] (D:\gitHub\basicNodeApp\node_modules\express\lib\router\layer.js:95:5)
    at trim_prefix (D:\gitHub\basicNodeApp\node_modules\express\lib\router\index.js:317:13)
    at D:\gitHub\basicNodeApp\node_modules\express\lib\router\index.js:284:7
    at Function.process_params (D:\gitHub\basicNodeApp\node_modules\express\lib\router\index.js:335:12)
    at next (D:\gitHub\basicNodeApp\node_modules\express\lib\router\index.js:275:10)
    at D:\gitHub\basicNodeApp\node_modules\express\lib\router\index.js:635:15
    at next (D:\gitHub\basicNodeApp\node_modules\express\lib\router\index.js:260:14)
    at Function.handle (D:\gitHub\basicNodeApp\node_modules\express\lib\router\index.js:174:3)
    at router (D:\gitHub\basicNodeApp\node_modules\express\lib\router\index.js:47:12)
    at Layer.handle [as handle_request] (D:\gitHub\basicNodeApp\node_modules\express\lib\router\layer.js:95:5)
    at trim_prefix (D:\gitHub\basicNodeApp\node_modules\express\lib\router\index.js:317:13)
    at D:\gitHub\basicNodeApp\node_modules\express\lib\router\index.js:284:7
    at Function.process_params (D:\gitHub\basicNodeApp\node_modules\express\lib\router\index.js:335:12)
    at next (D:\gitHub\basicNodeApp\node_modules\express\lib\router\index.js:275:10)
    at app.use (D:\gitHub\basicNodeApp\app.js:55:5)Error msg:  Not Found 
 data: Sun Jan 07 2018 08:35:50 GMT-0200 (Horário brasileiro de verão) stack: Error: Not Found
    at app.use (D:\gitHub\basicNodeApp\app.js:71:16)
    at Layer.handle [as handle_request] (D:\gitHub\basicNodeApp\node_modules\express\lib\router\layer.js:95:5)
    at trim_prefix (D:\gitHub\basicNodeApp\node_modules\express\lib\router\index.js:317:13)
    at D:\gitHub\basicNodeApp\node_modules\express\lib\router\index.js:284:7
    at Function.process_params (D:\gitHub\basicNodeApp\node_modules\express\lib\router\index.js:335:12)
    at next (D:\gitHub\basicNodeApp\node_modules\express\lib\router\index.js:275:10)
    at D:\gitHub\basicNodeApp\node_modules\express\lib\router\index.js:635:15
    at next (D:\gitHub\basicNodeApp\node_modules\express\lib\router\index.js:260:14)
    at Function.handle (D:\gitHub\basicNodeApp\node_modules\express\lib\router\index.js:174:3)
    at router (D:\gitHub\basicNodeApp\node_modules\express\lib\router\index.js:47:12)
    at Layer.handle [as handle_request] (D:\gitHub\basicNodeApp\node_modules\express\lib\router\layer.js:95:5)
    at trim_prefix (D:\gitHub\basicNodeApp\node_modules\express\lib\router\index.js:317:13)
    at D:\gitHub\basicNodeApp\node_modules\express\lib\router\index.js:284:7
    at Function.process_params (D:\gitHub\basicNodeApp\node_modules\express\lib\router\index.js:335:12)
    at next (D:\gitHub\basicNodeApp\node_modules\express\lib\router\index.js:275:10)
    at app.use (D:\gitHub\basicNodeApp\app.js:55:5)Error msg:  Not Found 
 data: Sun Jan 07 2018 08:35:50 GMT-0200 (Horário brasileiro de verão) stack: Error: Not Found
    at app.use (D:\gitHub\basicNodeApp\app.js:71:16)
    at Layer.handle [as handle_request] (D:\gitHub\basicNodeApp\node_modules\express\lib\router\layer.js:95:5)
    at trim_prefix (D:\gitHub\basicNodeApp\node_modules\express\lib\router\index.js:317:13)
    at D:\gitHub\basicNodeApp\node_modules\express\lib\router\index.js:284:7
    at Function.process_params (D:\gitHub\basicNodeApp\node_modules\express\lib\router\index.js:335:12)
    at next (D:\gitHub\basicNodeApp\node_modules\express\lib\router\index.js:275:10)
    at D:\gitHub\basicNodeApp\node_modules\express\lib\router\index.js:635:15
    at next (D:\gitHub\basicNodeApp\node_modules\express\lib\router\index.js:260:14)
    at Function.handle (D:\gitHub\basicNodeApp\node_modules\express\lib\router\index.js:174:3)
    at router (D:\gitHub\basicNodeApp\node_modules\express\lib\router\index.js:47:12)
    at Layer.handle [as handle_request] (D:\gitHub\basicNodeApp\node_modules\express\lib\router\layer.js:95:5)
    at trim_prefix (D:\gitHub\basicNodeApp\node_modules\express\lib\router\index.js:317:13)
    at D:\gitHub\basicNodeApp\node_modules\express\lib\router\index.js:284:7
    at Function.process_params (D:\gitHub\basicNodeApp\node_modules\express\lib\router\index.js:335:12)
    at next (D:\gitHub\basicNodeApp\node_modules\express\lib\router\index.js:275:10)
    at app.use (D:\gitHub\basicNodeApp\app.js:55:5)Error msg:  Not Found 
 data: Sun Jan 07 2018 08:35:50 GMT-0200 (Horário brasileiro de verão) stack: Error: Not Found
    at app.use (D:\gitHub\basicNodeApp\app.js:71:16)
    at Layer.handle [as handle_request] (D:\gitHub\basicNodeApp\node_modules\express\lib\router\layer.js:95:5)
    at trim_prefix (D:\gitHub\basicNodeApp\node_modules\express\lib\router\index.js:317:13)
    at D:\gitHub\basicNodeApp\node_modules\express\lib\router\index.js:284:7
    at Function.process_params (D:\gitHub\basicNodeApp\node_modules\express\lib\router\index.js:335:12)
    at next (D:\gitHub\basicNodeApp\node_modules\express\lib\router\index.js:275:10)
    at D:\gitHub\basicNodeApp\node_modules\express\lib\router\index.js:635:15
    at next (D:\gitHub\basicNodeApp\node_modules\express\lib\router\index.js:260:14)
    at Function.handle (D:\gitHub\basicNodeApp\node_modules\express\lib\router\index.js:174:3)
    at router (D:\gitHub\basicNodeApp\node_modules\express\lib\router\index.js:47:12)
    at Layer.handle [as handle_request] (D:\gitHub\basicNodeApp\node_modules\express\lib\router\layer.js:95:5)
    at trim_prefix (D:\gitHub\basicNodeApp\node_modules\express\lib\router\index.js:317:13)
    at D:\gitHub\basicNodeApp\node_modules\express\lib\router\index.js:284:7
    at Function.process_params (D:\gitHub\basicNodeApp\node_modules\express\lib\router\index.js:335:12)
    at next (D:\gitHub\basicNodeApp\node_modules\express\lib\router\index.js:275:10)
    at app.use (D:\gitHub\basicNodeApp\app.js:55:5)Error msg:  Not Found 
 data: Sun Jan 07 2018 08:35:50 GMT-0200 (Horário brasileiro de verão) stack: Error: Not Found
    at app.use (D:\gitHub\basicNodeApp\app.js:71:16)
    at Layer.handle [as handle_request] (D:\gitHub\basicNodeApp\node_modules\express\lib\router\layer.js:95:5)
    at trim_prefix (D:\gitHub\basicNodeApp\node_modules\express\lib\router\index.js:317:13)
    at D:\gitHub\basicNodeApp\node_modules\express\lib\router\index.js:284:7
    at Function.process_params (D:\gitHub\basicNodeApp\node_modules\express\lib\router\index.js:335:12)
    at next (D:\gitHub\basicNodeApp\node_modules\express\lib\router\index.js:275:10)
    at D:\gitHub\basicNodeApp\node_modules\express\lib\router\index.js:635:15
    at next (D:\gitHub\basicNodeApp\node_modules\express\lib\router\index.js:260:14)
    at Function.handle (D:\gitHub\basicNodeApp\node_modules\express\lib\router\index.js:174:3)
    at router (D:\gitHub\basicNodeApp\node_modules\express\lib\router\index.js:47:12)
    at Layer.handle [as handle_request] (D:\gitHub\basicNodeApp\node_modules\express\lib\router\layer.js:95:5)
    at trim_prefix (D:\gitHub\basicNodeApp\node_modules\express\lib\router\index.js:317:13)
    at D:\gitHub\basicNodeApp\node_modules\express\lib\router\index.js:284:7
    at Function.process_params (D:\gitHub\basicNodeApp\node_modules\express\lib\router\index.js:335:12)
    at next (D:\gitHub\basicNodeApp\node_modules\express\lib\router\index.js:275:10)
    at app.use (D:\gitHub\basicNodeApp\app.js:55:5)Error msg:  Not Found 
 data: Sun Jan 07 2018 08:35:50 GMT-0200 (Horário brasileiro de verão) stack: Error: Not Found
    at app.use (D:\gitHub\basicNodeApp\app.js:71:16)
    at Layer.handle [as handle_request] (D:\gitHub\basicNodeApp\node_modules\express\lib\router\layer.js:95:5)
    at trim_prefix (D:\gitHub\basicNodeApp\node_modules\express\lib\router\index.js:317:13)
    at D:\gitHub\basicNodeApp\node_modules\express\lib\router\index.js:284:7
    at Function.process_params (D:\gitHub\basicNodeApp\node_modules\express\lib\router\index.js:335:12)
    at next (D:\gitHub\basicNodeApp\node_modules\express\lib\router\index.js:275:10)
    at D:\gitHub\basicNodeApp\node_modules\express\lib\router\index.js:635:15
    at next (D:\gitHub\basicNodeApp\node_modules\express\lib\router\index.js:260:14)
    at Function.handle (D:\gitHub\basicNodeApp\node_modules\express\lib\router\index.js:174:3)
    at router (D:\gitHub\basicNodeApp\node_modules\express\lib\router\index.js:47:12)
    at Layer.handle [as handle_request] (D:\gitHub\basicNodeApp\node_modules\express\lib\router\layer.js:95:5)
    at trim_prefix (D:\gitHub\basicNodeApp\node_modules\express\lib\router\index.js:317:13)
    at D:\gitHub\basicNodeApp\node_modules\express\lib\router\index.js:284:7
    at Function.process_params (D:\gitHub\basicNodeApp\node_modules\express\lib\router\index.js:335:12)
    at next (D:\gitHub\basicNodeApp\node_modules\express\lib\router\index.js:275:10)
    at app.use (D:\gitHub\basicNodeApp\app.js:55:5)Error msg:  Not Found 
 data: Sun Jan 07 2018 08:35:50 GMT-0200 (Horário brasileiro de verão) stack: Error: Not Found
    at app.use (D:\gitHub\basicNodeApp\app.js:71:16)
    at Layer.handle [as handle_request] (D:\gitHub\basicNodeApp\node_modules\express\lib\router\layer.js:95:5)
    at trim_prefix (D:\gitHub\basicNodeApp\node_modules\express\lib\router\index.js:317:13)
    at D:\gitHub\basicNodeApp\node_modules\express\lib\router\index.js:284:7
    at Function.process_params (D:\gitHub\basicNodeApp\node_modules\express\lib\router\index.js:335:12)
    at next (D:\gitHub\basicNodeApp\node_modules\express\lib\router\index.js:275:10)
    at D:\gitHub\basicNodeApp\node_modules\express\lib\router\index.js:635:15
    at next (D:\gitHub\basicNodeApp\node_modules\express\lib\router\index.js:260:14)
    at Function.handle (D:\gitHub\basicNodeApp\node_modules\express\lib\router\index.js:174:3)
    at router (D:\gitHub\basicNodeApp\node_modules\express\lib\router\index.js:47:12)
    at Layer.handle [as handle_request] (D:\gitHub\basicNodeApp\node_modules\express\lib\router\layer.js:95:5)
    at trim_prefix (D:\gitHub\basicNodeApp\node_modules\express\lib\router\index.js:317:13)
    at D:\gitHub\basicNodeApp\node_modules\express\lib\router\index.js:284:7
    at Function.process_params (D:\gitHub\basicNodeApp\node_modules\express\lib\router\index.js:335:12)
    at next (D:\gitHub\basicNodeApp\node_modules\express\lib\router\index.js:275:10)
    at app.use (D:\gitHub\basicNodeApp\app.js:55:5)Error msg:  Not Found 
 data: Sun Jan 07 2018 08:35:50 GMT-0200 (Horário brasileiro de verão) stack: Error: Not Found
    at app.use (D:\gitHub\basicNodeApp\app.js:71:16)
    at Layer.handle [as handle_request] (D:\gitHub\basicNodeApp\node_modules\express\lib\router\layer.js:95:5)
    at trim_prefix (D:\gitHub\basicNodeApp\node_modules\express\lib\router\index.js:317:13)
    at D:\gitHub\basicNodeApp\node_modules\express\lib\router\index.js:284:7
    at Function.process_params (D:\gitHub\basicNodeApp\node_modules\express\lib\router\index.js:335:12)
    at next (D:\gitHub\basicNodeApp\node_modules\express\lib\router\index.js:275:10)
    at D:\gitHub\basicNodeApp\node_modules\express\lib\router\index.js:635:15
    at next (D:\gitHub\basicNodeApp\node_modules\express\lib\router\index.js:260:14)
    at Function.handle (D:\gitHub\basicNodeApp\node_modules\express\lib\router\index.js:174:3)
    at router (D:\gitHub\basicNodeApp\node_modules\express\lib\router\index.js:47:12)
    at Layer.handle [as handle_request] (D:\gitHub\basicNodeApp\node_modules\express\lib\router\layer.js:95:5)
    at trim_prefix (D:\gitHub\basicNodeApp\node_modules\express\lib\router\index.js:317:13)
    at D:\gitHub\basicNodeApp\node_modules\express\lib\router\index.js:284:7
    at Function.process_params (D:\gitHub\basicNodeApp\node_modules\express\lib\router\index.js:335:12)
    at next (D:\gitHub\basicNodeApp\node_modules\express\lib\router\index.js:275:10)
    at app.use (D:\gitHub\basicNodeApp\app.js:55:5)Error msg:  Not Found 
 data: Sun Jan 07 2018 08:35:50 GMT-0200 (Horário brasileiro de verão) stack: Error: Not Found
    at app.use (D:\gitHub\basicNodeApp\app.js:71:16)
    at Layer.handle [as handle_request] (D:\gitHub\basicNodeApp\node_modules\express\lib\router\layer.js:95:5)
    at trim_prefix (D:\gitHub\basicNodeApp\node_modules\express\lib\router\index.js:317:13)
    at D:\gitHub\basicNodeApp\node_modules\express\lib\router\index.js:284:7
    at Function.process_params (D:\gitHub\basicNodeApp\node_modules\express\lib\router\index.js:335:12)
    at next (D:\gitHub\basicNodeApp\node_modules\express\lib\router\index.js:275:10)
    at D:\gitHub\basicNodeApp\node_modules\express\lib\router\index.js:635:15
    at next (D:\gitHub\basicNodeApp\node_modules\express\lib\router\index.js:260:14)
    at Function.handle (D:\gitHub\basicNodeApp\node_modules\express\lib\router\index.js:174:3)
    at router (D:\gitHub\basicNodeApp\node_modules\express\lib\router\index.js:47:12)
    at Layer.handle [as handle_request] (D:\gitHub\basicNodeApp\node_modules\express\lib\router\layer.js:95:5)
    at trim_prefix (D:\gitHub\basicNodeApp\node_modules\express\lib\router\index.js:317:13)
    at D:\gitHub\basicNodeApp\node_modules\express\lib\router\index.js:284:7
    at Function.process_params (D:\gitHub\basicNodeApp\node_modules\express\lib\router\index.js:335:12)
    at next (D:\gitHub\basicNodeApp\node_modules\express\lib\router\index.js:275:10)
    at app.use (D:\gitHub\basicNodeApp\app.js:55:5)Error msg:  Not Found 
 data: Sun Jan 07 2018 08:35:51 GMT-0200 (Horário brasileiro de verão) stack: Error: Not Found
    at app.use (D:\gitHub\basicNodeApp\app.js:71:16)
    at Layer.handle [as handle_request] (D:\gitHub\basicNodeApp\node_modules\express\lib\router\layer.js:95:5)
    at trim_prefix (D:\gitHub\basicNodeApp\node_modules\express\lib\router\index.js:317:13)
    at D:\gitHub\basicNodeApp\node_modules\express\lib\router\index.js:284:7
    at Function.process_params (D:\gitHub\basicNodeApp\node_modules\express\lib\router\index.js:335:12)
    at next (D:\gitHub\basicNodeApp\node_modules\express\lib\router\index.js:275:10)
    at D:\gitHub\basicNodeApp\node_modules\express\lib\router\index.js:635:15
    at next (D:\gitHub\basicNodeApp\node_modules\express\lib\router\index.js:260:14)
    at Function.handle (D:\gitHub\basicNodeApp\node_modules\express\lib\router\index.js:174:3)
    at router (D:\gitHub\basicNodeApp\node_modules\express\lib\router\index.js:47:12)
    at Layer.handle [as handle_request] (D:\gitHub\basicNodeApp\node_modules\express\lib\router\layer.js:95:5)
    at trim_prefix (D:\gitHub\basicNodeApp\node_modules\express\lib\router\index.js:317:13)
    at D:\gitHub\basicNodeApp\node_modules\express\lib\router\index.js:284:7
    at Function.process_params (D:\gitHub\basicNodeApp\node_modules\express\lib\router\index.js:335:12)
    at next (D:\gitHub\basicNodeApp\node_modules\express\lib\router\index.js:275:10)
    at app.use (D:\gitHub\basicNodeApp\app.js:55:5)Error msg:  Not Found 
 data: Sun Jan 07 2018 08:35:51 GMT-0200 (Horário brasileiro de verão) stack: Error: Not Found
    at app.use (D:\gitHub\basicNodeApp\app.js:71:16)
    at Layer.handle [as handle_request] (D:\gitHub\basicNodeApp\node_modules\express\lib\router\layer.js:95:5)
    at trim_prefix (D:\gitHub\basicNodeApp\node_modules\express\lib\router\index.js:317:13)
    at D:\gitHub\basicNodeApp\node_modules\express\lib\router\index.js:284:7
    at Function.process_params (D:\gitHub\basicNodeApp\node_modules\express\lib\router\index.js:335:12)
    at next (D:\gitHub\basicNodeApp\node_modules\express\lib\router\index.js:275:10)
    at D:\gitHub\basicNodeApp\node_modules\express\lib\router\index.js:635:15
    at next (D:\gitHub\basicNodeApp\node_modules\express\lib\router\index.js:260:14)
    at Function.handle (D:\gitHub\basicNodeApp\node_modules\express\lib\router\index.js:174:3)
    at router (D:\gitHub\basicNodeApp\node_modules\express\lib\router\index.js:47:12)
    at Layer.handle [as handle_request] (D:\gitHub\basicNodeApp\node_modules\express\lib\router\layer.js:95:5)
    at trim_prefix (D:\gitHub\basicNodeApp\node_modules\express\lib\router\index.js:317:13)
    at D:\gitHub\basicNodeApp\node_modules\express\lib\router\index.js:284:7
    at Function.process_params (D:\gitHub\basicNodeApp\node_modules\express\lib\router\index.js:335:12)
    at next (D:\gitHub\basicNodeApp\node_modules\express\lib\router\index.js:275:10)
    at app.use (D:\gitHub\basicNodeApp\app.js:55:5)Error msg:  Not Found 
 data: Sun Jan 07 2018 08:35:51 GMT-0200 (Horário brasileiro de verão) stack: Error: Not Found
    at app.use (D:\gitHub\basicNodeApp\app.js:71:16)
    at Layer.handle [as handle_request] (D:\gitHub\basicNodeApp\node_modules\express\lib\router\layer.js:95:5)
    at trim_prefix (D:\gitHub\basicNodeApp\node_modules\express\lib\router\index.js:317:13)
    at D:\gitHub\basicNodeApp\node_modules\express\lib\router\index.js:284:7
    at Function.process_params (D:\gitHub\basicNodeApp\node_modules\express\lib\router\index.js:335:12)
    at next (D:\gitHub\basicNodeApp\node_modules\express\lib\router\index.js:275:10)
    at D:\gitHub\basicNodeApp\node_modules\express\lib\router\index.js:635:15
    at next (D:\gitHub\basicNodeApp\node_modules\express\lib\router\index.js:260:14)
    at Function.handle (D:\gitHub\basicNodeApp\node_modules\express\lib\router\index.js:174:3)
    at router (D:\gitHub\basicNodeApp\node_modules\express\lib\router\index.js:47:12)
    at Layer.handle [as handle_request] (D:\gitHub\basicNodeApp\node_modules\express\lib\router\layer.js:95:5)
    at trim_prefix (D:\gitHub\basicNodeApp\node_modules\express\lib\router\index.js:317:13)
    at D:\gitHub\basicNodeApp\node_modules\express\lib\router\index.js:284:7
    at Function.process_params (D:\gitHub\basicNodeApp\node_modules\express\lib\router\index.js:335:12)
    at next (D:\gitHub\basicNodeApp\node_modules\express\lib\router\index.js:275:10)
    at app.use (D:\gitHub\basicNodeApp\app.js:55:5)Error msg:  Not Found 
 data: Sun Jan 07 2018 08:35:51 GMT-0200 (Horário brasileiro de verão) stack: Error: Not Found
    at app.use (D:\gitHub\basicNodeApp\app.js:71:16)
    at Layer.handle [as handle_request] (D:\gitHub\basicNodeApp\node_modules\express\lib\router\layer.js:95:5)
    at trim_prefix (D:\gitHub\basicNodeApp\node_modules\express\lib\router\index.js:317:13)
    at D:\gitHub\basicNodeApp\node_modules\express\lib\router\index.js:284:7
    at Function.process_params (D:\gitHub\basicNodeApp\node_modules\express\lib\router\index.js:335:12)
    at next (D:\gitHub\basicNodeApp\node_modules\express\lib\router\index.js:275:10)
    at D:\gitHub\basicNodeApp\node_modules\express\lib\router\index.js:635:15
    at next (D:\gitHub\basicNodeApp\node_modules\express\lib\router\index.js:260:14)
    at Function.handle (D:\gitHub\basicNodeApp\node_modules\express\lib\router\index.js:174:3)
    at router (D:\gitHub\basicNodeApp\node_modules\express\lib\router\index.js:47:12)
    at Layer.handle [as handle_request] (D:\gitHub\basicNodeApp\node_modules\express\lib\router\layer.js:95:5)
    at trim_prefix (D:\gitHub\basicNodeApp\node_modules\express\lib\router\index.js:317:13)
    at D:\gitHub\basicNodeApp\node_modules\express\lib\router\index.js:284:7
    at Function.process_params (D:\gitHub\basicNodeApp\node_modules\express\lib\router\index.js:335:12)
    at next (D:\gitHub\basicNodeApp\node_modules\express\lib\router\index.js:275:10)
    at app.use (D:\gitHub\basicNodeApp\app.js:55:5)Error msg:  Not Found 
 data: Sun Jan 07 2018 08:35:52 GMT-0200 (Horário brasileiro de verão) stack: Error: Not Found
    at app.use (D:\gitHub\basicNodeApp\app.js:71:16)
    at Layer.handle [as handle_request] (D:\gitHub\basicNodeApp\node_modules\express\lib\router\layer.js:95:5)
    at trim_prefix (D:\gitHub\basicNodeApp\node_modules\express\lib\router\index.js:317:13)
    at D:\gitHub\basicNodeApp\node_modules\express\lib\router\index.js:284:7
    at Function.process_params (D:\gitHub\basicNodeApp\node_modules\express\lib\router\index.js:335:12)
    at next (D:\gitHub\basicNodeApp\node_modules\express\lib\router\index.js:275:10)
    at D:\gitHub\basicNodeApp\node_modules\express\lib\router\index.js:635:15
    at next (D:\gitHub\basicNodeApp\node_modules\express\lib\router\index.js:260:14)
    at Function.handle (D:\gitHub\basicNodeApp\node_modules\express\lib\router\index.js:174:3)
    at router (D:\gitHub\basicNodeApp\node_modules\express\lib\router\index.js:47:12)
    at Layer.handle [as handle_request] (D:\gitHub\basicNodeApp\node_modules\express\lib\router\layer.js:95:5)
    at trim_prefix (D:\gitHub\basicNodeApp\node_modules\express\lib\router\index.js:317:13)
    at D:\gitHub\basicNodeApp\node_modules\express\lib\router\index.js:284:7
    at Function.process_params (D:\gitHub\basicNodeApp\node_modules\express\lib\router\index.js:335:12)
    at next (D:\gitHub\basicNodeApp\node_modules\express\lib\router\index.js:275:10)
    at app.use (D:\gitHub\basicNodeApp\app.js:55:5)Error msg:  Not Found 
 data: Sun Jan 07 2018 08:35:52 GMT-0200 (Horário brasileiro de verão) stack: Error: Not Found
    at app.use (D:\gitHub\basicNodeApp\app.js:71:16)
    at Layer.handle [as handle_request] (D:\gitHub\basicNodeApp\node_modules\express\lib\router\layer.js:95:5)
    at trim_prefix (D:\gitHub\basicNodeApp\node_modules\express\lib\router\index.js:317:13)
    at D:\gitHub\basicNodeApp\node_modules\express\lib\router\index.js:284:7
    at Function.process_params (D:\gitHub\basicNodeApp\node_modules\express\lib\router\index.js:335:12)
    at next (D:\gitHub\basicNodeApp\node_modules\express\lib\router\index.js:275:10)
    at D:\gitHub\basicNodeApp\node_modules\express\lib\router\index.js:635:15
    at next (D:\gitHub\basicNodeApp\node_modules\express\lib\router\index.js:260:14)
    at Function.handle (D:\gitHub\basicNodeApp\node_modules\express\lib\router\index.js:174:3)
    at router (D:\gitHub\basicNodeApp\node_modules\express\lib\router\index.js:47:12)
    at Layer.handle [as handle_request] (D:\gitHub\basicNodeApp\node_modules\express\lib\router\layer.js:95:5)
    at trim_prefix (D:\gitHub\basicNodeApp\node_modules\express\lib\router\index.js:317:13)
    at D:\gitHub\basicNodeApp\node_modules\express\lib\router\index.js:284:7
    at Function.process_params (D:\gitHub\basicNodeApp\node_modules\express\lib\router\index.js:335:12)
    at next (D:\gitHub\basicNodeApp\node_modules\express\lib\router\index.js:275:10)
    at app.use (D:\gitHub\basicNodeApp\app.js:55:5)Error msg:  Not Found 
 data: Sun Jan 07 2018 08:35:52 GMT-0200 (Horário brasileiro de verão) stack: Error: Not Found
    at app.use (D:\gitHub\basicNodeApp\app.js:71:16)
    at Layer.handle [as handle_request] (D:\gitHub\basicNodeApp\node_modules\express\lib\router\layer.js:95:5)
    at trim_prefix (D:\gitHub\basicNodeApp\node_modules\express\lib\router\index.js:317:13)
    at D:\gitHub\basicNodeApp\node_modules\express\lib\router\index.js:284:7
    at Function.process_params (D:\gitHub\basicNodeApp\node_modules\express\lib\router\index.js:335:12)
    at next (D:\gitHub\basicNodeApp\node_modules\express\lib\router\index.js:275:10)
    at D:\gitHub\basicNodeApp\node_modules\express\lib\router\index.js:635:15
    at next (D:\gitHub\basicNodeApp\node_modules\express\lib\router\index.js:260:14)
    at Function.handle (D:\gitHub\basicNodeApp\node_modules\express\lib\router\index.js:174:3)
    at router (D:\gitHub\basicNodeApp\node_modules\express\lib\router\index.js:47:12)
    at Layer.handle [as handle_request] (D:\gitHub\basicNodeApp\node_modules\express\lib\router\layer.js:95:5)
    at trim_prefix (D:\gitHub\basicNodeApp\node_modules\express\lib\router\index.js:317:13)
    at D:\gitHub\basicNodeApp\node_modules\express\lib\router\index.js:284:7
    at Function.process_params (D:\gitHub\basicNodeApp\node_modules\express\lib\router\index.js:335:12)
    at next (D:\gitHub\basicNodeApp\node_modules\express\lib\router\index.js:275:10)
    at app.use (D:\gitHub\basicNodeApp\app.js:55:5)Error msg:  Not Found 
 data: Sun Jan 07 2018 08:35:52 GMT-0200 (Horário brasileiro de verão) stack: Error: Not Found
    at app.use (D:\gitHub\basicNodeApp\app.js:71:16)
    at Layer.handle [as handle_request] (D:\gitHub\basicNodeApp\node_modules\express\lib\router\layer.js:95:5)
    at trim_prefix (D:\gitHub\basicNodeApp\node_modules\express\lib\router\index.js:317:13)
    at D:\gitHub\basicNodeApp\node_modules\express\lib\router\index.js:284:7
    at Function.process_params (D:\gitHub\basicNodeApp\node_modules\express\lib\router\index.js:335:12)
    at next (D:\gitHub\basicNodeApp\node_modules\express\lib\router\index.js:275:10)
    at D:\gitHub\basicNodeApp\node_modules\express\lib\router\index.js:635:15
    at next (D:\gitHub\basicNodeApp\node_modules\express\lib\router\index.js:260:14)
    at Function.handle (D:\gitHub\basicNodeApp\node_modules\express\lib\router\index.js:174:3)
    at router (D:\gitHub\basicNodeApp\node_modules\express\lib\router\index.js:47:12)
    at Layer.handle [as handle_request] (D:\gitHub\basicNodeApp\node_modules\express\lib\router\layer.js:95:5)
    at trim_prefix (D:\gitHub\basicNodeApp\node_modules\express\lib\router\index.js:317:13)
    at D:\gitHub\basicNodeApp\node_modules\express\lib\router\index.js:284:7
    at Function.process_params (D:\gitHub\basicNodeApp\node_modules\express\lib\router\index.js:335:12)
    at next (D:\gitHub\basicNodeApp\node_modules\express\lib\router\index.js:275:10)
    at app.use (D:\gitHub\basicNodeApp\app.js:55:5)Error msg:  Not Found 
 data: Sun Jan 07 2018 08:35:53 GMT-0200 (Horário brasileiro de verão) stack: Error: Not Found
    at app.use (D:\gitHub\basicNodeApp\app.js:71:16)
    at Layer.handle [as handle_request] (D:\gitHub\basicNodeApp\node_modules\express\lib\router\layer.js:95:5)
    at trim_prefix (D:\gitHub\basicNodeApp\node_modules\express\lib\router\index.js:317:13)
    at D:\gitHub\basicNodeApp\node_modules\express\lib\router\index.js:284:7
    at Function.process_params (D:\gitHub\basicNodeApp\node_modules\express\lib\router\index.js:335:12)
    at next (D:\gitHub\basicNodeApp\node_modules\express\lib\router\index.js:275:10)
    at D:\gitHub\basicNodeApp\node_modules\express\lib\router\index.js:635:15
    at next (D:\gitHub\basicNodeApp\node_modules\express\lib\router\index.js:260:14)
    at Function.handle (D:\gitHub\basicNodeApp\node_modules\express\lib\router\index.js:174:3)
    at router (D:\gitHub\basicNodeApp\node_modules\express\lib\router\index.js:47:12)
    at Layer.handle [as handle_request] (D:\gitHub\basicNodeApp\node_modules\express\lib\router\layer.js:95:5)
    at trim_prefix (D:\gitHub\basicNodeApp\node_modules\express\lib\router\index.js:317:13)
    at D:\gitHub\basicNodeApp\node_modules\express\lib\router\index.js:284:7
    at Function.process_params (D:\gitHub\basicNodeApp\node_modules\express\lib\router\index.js:335:12)
    at next (D:\gitHub\basicNodeApp\node_modules\express\lib\router\index.js:275:10)
    at app.use (D:\gitHub\basicNodeApp\app.js:55:5)Error msg:  Not Found 
 data: Sun Jan 07 2018 08:35:53 GMT-0200 (Horário brasileiro de verão) stack: Error: Not Found
    at app.use (D:\gitHub\basicNodeApp\app.js:71:16)
    at Layer.handle [as handle_request] (D:\gitHub\basicNodeApp\node_modules\express\lib\router\layer.js:95:5)
    at trim_prefix (D:\gitHub\basicNodeApp\node_modules\express\lib\router\index.js:317:13)
    at D:\gitHub\basicNodeApp\node_modules\express\lib\router\index.js:284:7
    at Function.process_params (D:\gitHub\basicNodeApp\node_modules\express\lib\router\index.js:335:12)
    at next (D:\gitHub\basicNodeApp\node_modules\express\lib\router\index.js:275:10)
    at D:\gitHub\basicNodeApp\node_modules\express\lib\router\index.js:635:15
    at next (D:\gitHub\basicNodeApp\node_modules\express\lib\router\index.js:260:14)
    at Function.handle (D:\gitHub\basicNodeApp\node_modules\express\lib\router\index.js:174:3)
    at router (D:\gitHub\basicNodeApp\node_modules\express\lib\router\index.js:47:12)
    at Layer.handle [as handle_request] (D:\gitHub\basicNodeApp\node_modules\express\lib\router\layer.js:95:5)
    at trim_prefix (D:\gitHub\basicNodeApp\node_modules\express\lib\router\index.js:317:13)
    at D:\gitHub\basicNodeApp\node_modules\express\lib\router\index.js:284:7
    at Function.process_params (D:\gitHub\basicNodeApp\node_modules\express\lib\router\index.js:335:12)
    at next (D:\gitHub\basicNodeApp\node_modules\express\lib\router\index.js:275:10)
    at app.use (D:\gitHub\basicNodeApp\app.js:55:5)Error msg:  Not Found 
 data: Sun Jan 07 2018 08:35:53 GMT-0200 (Horário brasileiro de verão) stack: Error: Not Found
    at app.use (D:\gitHub\basicNodeApp\app.js:71:16)
    at Layer.handle [as handle_request] (D:\gitHub\basicNodeApp\node_modules\express\lib\router\layer.js:95:5)
    at trim_prefix (D:\gitHub\basicNodeApp\node_modules\express\lib\router\index.js:317:13)
    at D:\gitHub\basicNodeApp\node_modules\express\lib\router\index.js:284:7
    at Function.process_params (D:\gitHub\basicNodeApp\node_modules\express\lib\router\index.js:335:12)
    at next (D:\gitHub\basicNodeApp\node_modules\express\lib\router\index.js:275:10)
    at D:\gitHub\basicNodeApp\node_modules\express\lib\router\index.js:635:15
    at next (D:\gitHub\basicNodeApp\node_modules\express\lib\router\index.js:260:14)
    at Function.handle (D:\gitHub\basicNodeApp\node_modules\express\lib\router\index.js:174:3)
    at router (D:\gitHub\basicNodeApp\node_modules\express\lib\router\index.js:47:12)
    at Layer.handle [as handle_request] (D:\gitHub\basicNodeApp\node_modules\express\lib\router\layer.js:95:5)
    at trim_prefix (D:\gitHub\basicNodeApp\node_modules\express\lib\router\index.js:317:13)
    at D:\gitHub\basicNodeApp\node_modules\express\lib\router\index.js:284:7
    at Function.process_params (D:\gitHub\basicNodeApp\node_modules\express\lib\router\index.js:335:12)
    at next (D:\gitHub\basicNodeApp\node_modules\express\lib\router\index.js:275:10)
    at app.use (D:\gitHub\basicNodeApp\app.js:55:5)Error msg:  Not Found 
 data: Sun Jan 07 2018 08:35:53 GMT-0200 (Horário brasileiro de verão) stack: Error: Not Found
    at app.use (D:\gitHub\basicNodeApp\app.js:71:16)
    at Layer.handle [as handle_request] (D:\gitHub\basicNodeApp\node_modules\express\lib\router\layer.js:95:5)
    at trim_prefix (D:\gitHub\basicNodeApp\node_modules\express\lib\router\index.js:317:13)
    at D:\gitHub\basicNodeApp\node_modules\express\lib\router\index.js:284:7
    at Function.process_params (D:\gitHub\basicNodeApp\node_modules\express\lib\router\index.js:335:12)
    at next (D:\gitHub\basicNodeApp\node_modules\express\lib\router\index.js:275:10)
    at D:\gitHub\basicNodeApp\node_modules\express\lib\router\index.js:635:15
    at next (D:\gitHub\basicNodeApp\node_modules\express\lib\router\index.js:260:14)
    at Function.handle (D:\gitHub\basicNodeApp\node_modules\express\lib\router\index.js:174:3)
    at router (D:\gitHub\basicNodeApp\node_modules\express\lib\router\index.js:47:12)
    at Layer.handle [as handle_request] (D:\gitHub\basicNodeApp\node_modules\express\lib\router\layer.js:95:5)
    at trim_prefix (D:\gitHub\basicNodeApp\node_modules\express\lib\router\index.js:317:13)
    at D:\gitHub\basicNodeApp\node_modules\express\lib\router\index.js:284:7
    at Function.process_params (D:\gitHub\basicNodeApp\node_modules\express\lib\router\index.js:335:12)
    at next (D:\gitHub\basicNodeApp\node_modules\express\lib\router\index.js:275:10)
    at app.use (D:\gitHub\basicNodeApp\app.js:55:5)Error msg:  Not Found 
 data: Sun Jan 07 2018 08:35:53 GMT-0200 (Horário brasileiro de verão) stack: Error: Not Found
    at app.use (D:\gitHub\basicNodeApp\app.js:71:16)
    at Layer.handle [as handle_request] (D:\gitHub\basicNodeApp\node_modules\express\lib\router\layer.js:95:5)
    at trim_prefix (D:\gitHub\basicNodeApp\node_modules\express\lib\router\index.js:317:13)
    at D:\gitHub\basicNodeApp\node_modules\express\lib\router\index.js:284:7
    at Function.process_params (D:\gitHub\basicNodeApp\node_modules\express\lib\router\index.js:335:12)
    at next (D:\gitHub\basicNodeApp\node_modules\express\lib\router\index.js:275:10)
    at D:\gitHub\basicNodeApp\node_modules\express\lib\router\index.js:635:15
    at next (D:\gitHub\basicNodeApp\node_modules\express\lib\router\index.js:260:14)
    at Function.handle (D:\gitHub\basicNodeApp\node_modules\express\lib\router\index.js:174:3)
    at router (D:\gitHub\basicNodeApp\node_modules\express\lib\router\index.js:47:12)
    at Layer.handle [as handle_request] (D:\gitHub\basicNodeApp\node_modules\express\lib\router\layer.js:95:5)
    at trim_prefix (D:\gitHub\basicNodeApp\node_modules\express\lib\router\index.js:317:13)
    at D:\gitHub\basicNodeApp\node_modules\express\lib\router\index.js:284:7
    at Function.process_params (D:\gitHub\basicNodeApp\node_modules\express\lib\router\index.js:335:12)
    at next (D:\gitHub\basicNodeApp\node_modules\express\lib\router\index.js:275:10)
    at app.use (D:\gitHub\basicNodeApp\app.js:55:5)Error msg:  Not Found 
 data: Sun Jan 07 2018 08:35:53 GMT-0200 (Horário brasileiro de verão) stack: Error: Not Found
    at app.use (D:\gitHub\basicNodeApp\app.js:71:16)
    at Layer.handle [as handle_request] (D:\gitHub\basicNodeApp\node_modules\express\lib\router\layer.js:95:5)
    at trim_prefix (D:\gitHub\basicNodeApp\node_modules\express\lib\router\index.js:317:13)
    at D:\gitHub\basicNodeApp\node_modules\express\lib\router\index.js:284:7
    at Function.process_params (D:\gitHub\basicNodeApp\node_modules\express\lib\router\index.js:335:12)
    at next (D:\gitHub\basicNodeApp\node_modules\express\lib\router\index.js:275:10)
    at D:\gitHub\basicNodeApp\node_modules\express\lib\router\index.js:635:15
    at next (D:\gitHub\basicNodeApp\node_modules\express\lib\router\index.js:260:14)
    at Function.handle (D:\gitHub\basicNodeApp\node_modules\express\lib\router\index.js:174:3)
    at router (D:\gitHub\basicNodeApp\node_modules\express\lib\router\index.js:47:12)
    at Layer.handle [as handle_request] (D:\gitHub\basicNodeApp\node_modules\express\lib\router\layer.js:95:5)
    at trim_prefix (D:\gitHub\basicNodeApp\node_modules\express\lib\router\index.js:317:13)
    at D:\gitHub\basicNodeApp\node_modules\express\lib\router\index.js:284:7
    at Function.process_params (D:\gitHub\basicNodeApp\node_modules\express\lib\router\index.js:335:12)
    at next (D:\gitHub\basicNodeApp\node_modules\express\lib\router\index.js:275:10)
    at app.use (D:\gitHub\basicNodeApp\app.js:55:5)Error msg:  Not Found 
 data: Sun Jan 07 2018 08:35:53 GMT-0200 (Horário brasileiro de verão) stack: Error: Not Found
    at app.use (D:\gitHub\basicNodeApp\app.js:71:16)
    at Layer.handle [as handle_request] (D:\gitHub\basicNodeApp\node_modules\express\lib\router\layer.js:95:5)
    at trim_prefix (D:\gitHub\basicNodeApp\node_modules\express\lib\router\index.js:317:13)
    at D:\gitHub\basicNodeApp\node_modules\express\lib\router\index.js:284:7
    at Function.process_params (D:\gitHub\basicNodeApp\node_modules\express\lib\router\index.js:335:12)
    at next (D:\gitHub\basicNodeApp\node_modules\express\lib\router\index.js:275:10)
    at D:\gitHub\basicNodeApp\node_modules\express\lib\router\index.js:635:15
    at next (D:\gitHub\basicNodeApp\node_modules\express\lib\router\index.js:260:14)
    at Function.handle (D:\gitHub\basicNodeApp\node_modules\express\lib\router\index.js:174:3)
    at router (D:\gitHub\basicNodeApp\node_modules\express\lib\router\index.js:47:12)
    at Layer.handle [as handle_request] (D:\gitHub\basicNodeApp\node_modules\express\lib\router\layer.js:95:5)
    at trim_prefix (D:\gitHub\basicNodeApp\node_modules\express\lib\router\index.js:317:13)
    at D:\gitHub\basicNodeApp\node_modules\express\lib\router\index.js:284:7
    at Function.process_params (D:\gitHub\basicNodeApp\node_modules\express\lib\router\index.js:335:12)
    at next (D:\gitHub\basicNodeApp\node_modules\express\lib\router\index.js:275:10)
    at app.use (D:\gitHub\basicNodeApp\app.js:55:5)Error msg:  Not Found 
 data: Sun Jan 07 2018 08:35:53 GMT-0200 (Horário brasileiro de verão) stack: Error: Not Found
    at app.use (D:\gitHub\basicNodeApp\app.js:71:16)
    at Layer.handle [as handle_request] (D:\gitHub\basicNodeApp\node_modules\express\lib\router\layer.js:95:5)
    at trim_prefix (D:\gitHub\basicNodeApp\node_modules\express\lib\router\index.js:317:13)
    at D:\gitHub\basicNodeApp\node_modules\express\lib\router\index.js:284:7
    at Function.process_params (D:\gitHub\basicNodeApp\node_modules\express\lib\router\index.js:335:12)
    at next (D:\gitHub\basicNodeApp\node_modules\express\lib\router\index.js:275:10)
    at D:\gitHub\basicNodeApp\node_modules\express\lib\router\index.js:635:15
    at next (D:\gitHub\basicNodeApp\node_modules\express\lib\router\index.js:260:14)
    at Function.handle (D:\gitHub\basicNodeApp\node_modules\express\lib\router\index.js:174:3)
    at router (D:\gitHub\basicNodeApp\node_modules\express\lib\router\index.js:47:12)
    at Layer.handle [as handle_request] (D:\gitHub\basicNodeApp\node_modules\express\lib\router\layer.js:95:5)
    at trim_prefix (D:\gitHub\basicNodeApp\node_modules\express\lib\router\index.js:317:13)
    at D:\gitHub\basicNodeApp\node_modules\express\lib\router\index.js:284:7
    at Function.process_params (D:\gitHub\basicNodeApp\node_modules\express\lib\router\index.js:335:12)
    at next (D:\gitHub\basicNodeApp\node_modules\express\lib\router\index.js:275:10)
    at app.use (D:\gitHub\basicNodeApp\app.js:55:5)Error msg:  Not Found 
 data: Sun Jan 07 2018 08:35:54 GMT-0200 (Horário brasileiro de verão) stack: Error: Not Found
    at app.use (D:\gitHub\basicNodeApp\app.js:71:16)
    at Layer.handle [as handle_request] (D:\gitHub\basicNodeApp\node_modules\express\lib\router\layer.js:95:5)
    at trim_prefix (D:\gitHub\basicNodeApp\node_modules\express\lib\router\index.js:317:13)
    at D:\gitHub\basicNodeApp\node_modules\express\lib\router\index.js:284:7
    at Function.process_params (D:\gitHub\basicNodeApp\node_modules\express\lib\router\index.js:335:12)
    at next (D:\gitHub\basicNodeApp\node_modules\express\lib\router\index.js:275:10)
    at D:\gitHub\basicNodeApp\node_modules\express\lib\router\index.js:635:15
    at next (D:\gitHub\basicNodeApp\node_modules\express\lib\router\index.js:260:14)
    at Function.handle (D:\gitHub\basicNodeApp\node_modules\express\lib\router\index.js:174:3)
    at router (D:\gitHub\basicNodeApp\node_modules\express\lib\router\index.js:47:12)
    at Layer.handle [as handle_request] (D:\gitHub\basicNodeApp\node_modules\express\lib\router\layer.js:95:5)
    at trim_prefix (D:\gitHub\basicNodeApp\node_modules\express\lib\router\index.js:317:13)
    at D:\gitHub\basicNodeApp\node_modules\express\lib\router\index.js:284:7
    at Function.process_params (D:\gitHub\basicNodeApp\node_modules\express\lib\router\index.js:335:12)
    at next (D:\gitHub\basicNodeApp\node_modules\express\lib\router\index.js:275:10)
    at app.use (D:\gitHub\basicNodeApp\app.js:55:5)Error msg:  Not Found 
 data: Sun Jan 07 2018 08:35:54 GMT-0200 (Horário brasileiro de verão) stack: Error: Not Found
    at app.use (D:\gitHub\basicNodeApp\app.js:71:16)
    at Layer.handle [as handle_request] (D:\gitHub\basicNodeApp\node_modules\express\lib\router\layer.js:95:5)
    at trim_prefix (D:\gitHub\basicNodeApp\node_modules\express\lib\router\index.js:317:13)
    at D:\gitHub\basicNodeApp\node_modules\express\lib\router\index.js:284:7
    at Function.process_params (D:\gitHub\basicNodeApp\node_modules\express\lib\router\index.js:335:12)
    at next (D:\gitHub\basicNodeApp\node_modules\express\lib\router\index.js:275:10)
    at D:\gitHub\basicNodeApp\node_modules\express\lib\router\index.js:635:15
    at next (D:\gitHub\basicNodeApp\node_modules\express\lib\router\index.js:260:14)
    at Function.handle (D:\gitHub\basicNodeApp\node_modules\express\lib\router\index.js:174:3)
    at router (D:\gitHub\basicNodeApp\node_modules\express\lib\router\index.js:47:12)
    at Layer.handle [as handle_request] (D:\gitHub\basicNodeApp\node_modules\express\lib\router\layer.js:95:5)
    at trim_prefix (D:\gitHub\basicNodeApp\node_modules\express\lib\router\index.js:317:13)
    at D:\gitHub\basicNodeApp\node_modules\express\lib\router\index.js:284:7
    at Function.process_params (D:\gitHub\basicNodeApp\node_modules\express\lib\router\index.js:335:12)
    at next (D:\gitHub\basicNodeApp\node_modules\express\lib\router\index.js:275:10)
    at app.use (D:\gitHub\basicNodeApp\app.js:55:5)Error msg:  Not Found 
 data: Sun Jan 07 2018 08:35:54 GMT-0200 (Horário brasileiro de verão) stack: Error: Not Found
    at app.use (D:\gitHub\basicNodeApp\app.js:71:16)
    at Layer.handle [as handle_request] (D:\gitHub\basicNodeApp\node_modules\express\lib\router\layer.js:95:5)
    at trim_prefix (D:\gitHub\basicNodeApp\node_modules\express\lib\router\index.js:317:13)
    at D:\gitHub\basicNodeApp\node_modules\express\lib\router\index.js:284:7
    at Function.process_params (D:\gitHub\basicNodeApp\node_modules\express\lib\router\index.js:335:12)
    at next (D:\gitHub\basicNodeApp\node_modules\express\lib\router\index.js:275:10)
    at D:\gitHub\basicNodeApp\node_modules\express\lib\router\index.js:635:15
    at next (D:\gitHub\basicNodeApp\node_modules\express\lib\router\index.js:260:14)
    at Function.handle (D:\gitHub\basicNodeApp\node_modules\express\lib\router\index.js:174:3)
    at router (D:\gitHub\basicNodeApp\node_modules\express\lib\router\index.js:47:12)
    at Layer.handle [as handle_request] (D:\gitHub\basicNodeApp\node_modules\express\lib\router\layer.js:95:5)
    at trim_prefix (D:\gitHub\basicNodeApp\node_modules\express\lib\router\index.js:317:13)
    at D:\gitHub\basicNodeApp\node_modules\express\lib\router\index.js:284:7
    at Function.process_params (D:\gitHub\basicNodeApp\node_modules\express\lib\router\index.js:335:12)
    at next (D:\gitHub\basicNodeApp\node_modules\express\lib\router\index.js:275:10)
    at app.use (D:\gitHub\basicNodeApp\app.js:55:5)Error msg:  Not Found 
 data: Sun Jan 07 2018 08:35:55 GMT-0200 (Horário brasileiro de verão) stack: Error: Not Found
    at app.use (D:\gitHub\basicNodeApp\app.js:71:16)
    at Layer.handle [as handle_request] (D:\gitHub\basicNodeApp\node_modules\express\lib\router\layer.js:95:5)
    at trim_prefix (D:\gitHub\basicNodeApp\node_modules\express\lib\router\index.js:317:13)
    at D:\gitHub\basicNodeApp\node_modules\express\lib\router\index.js:284:7
    at Function.process_params (D:\gitHub\basicNodeApp\node_modules\express\lib\router\index.js:335:12)
    at next (D:\gitHub\basicNodeApp\node_modules\express\lib\router\index.js:275:10)
    at D:\gitHub\basicNodeApp\node_modules\express\lib\router\index.js:635:15
    at next (D:\gitHub\basicNodeApp\node_modules\express\lib\router\index.js:260:14)
    at Function.handle (D:\gitHub\basicNodeApp\node_modules\express\lib\router\index.js:174:3)
    at router (D:\gitHub\basicNodeApp\node_modules\express\lib\router\index.js:47:12)
    at Layer.handle [as handle_request] (D:\gitHub\basicNodeApp\node_modules\express\lib\router\layer.js:95:5)
    at trim_prefix (D:\gitHub\basicNodeApp\node_modules\express\lib\router\index.js:317:13)
    at D:\gitHub\basicNodeApp\node_modules\express\lib\router\index.js:284:7
    at Function.process_params (D:\gitHub\basicNodeApp\node_modules\express\lib\router\index.js:335:12)
    at next (D:\gitHub\basicNodeApp\node_modules\express\lib\router\index.js:275:10)
    at app.use (D:\gitHub\basicNodeApp\app.js:55:5)Error msg:  Not Found 
 data: Sun Jan 07 2018 08:35:56 GMT-0200 (Horário brasileiro de verão) stack: Error: Not Found
    at app.use (D:\gitHub\basicNodeApp\app.js:71:16)
    at Layer.handle [as handle_request] (D:\gitHub\basicNodeApp\node_modules\express\lib\router\layer.js:95:5)
    at trim_prefix (D:\gitHub\basicNodeApp\node_modules\express\lib\router\index.js:317:13)
    at D:\gitHub\basicNodeApp\node_modules\express\lib\router\index.js:284:7
    at Function.process_params (D:\gitHub\basicNodeApp\node_modules\express\lib\router\index.js:335:12)
    at next (D:\gitHub\basicNodeApp\node_modules\express\lib\router\index.js:275:10)
    at D:\gitHub\basicNodeApp\node_modules\express\lib\router\index.js:635:15
    at next (D:\gitHub\basicNodeApp\node_modules\express\lib\router\index.js:260:14)
    at Function.handle (D:\gitHub\basicNodeApp\node_modules\express\lib\router\index.js:174:3)
    at router (D:\gitHub\basicNodeApp\node_modules\express\lib\router\index.js:47:12)
    at Layer.handle [as handle_request] (D:\gitHub\basicNodeApp\node_modules\express\lib\router\layer.js:95:5)
    at trim_prefix (D:\gitHub\basicNodeApp\node_modules\express\lib\router\index.js:317:13)
    at D:\gitHub\basicNodeApp\node_modules\express\lib\router\index.js:284:7
    at Function.process_params (D:\gitHub\basicNodeApp\node_modules\express\lib\router\index.js:335:12)
    at next (D:\gitHub\basicNodeApp\node_modules\express\lib\router\index.js:275:10)
    at app.use (D:\gitHub\basicNodeApp\app.js:55:5)Error msg:  Not Found 
 data: Sun Jan 07 2018 08:35:56 GMT-0200 (Horário brasileiro de verão) stack: Error: Not Found
    at app.use (D:\gitHub\basicNodeApp\app.js:71:16)
    at Layer.handle [as handle_request] (D:\gitHub\basicNodeApp\node_modules\express\lib\router\layer.js:95:5)
    at trim_prefix (D:\gitHub\basicNodeApp\node_modules\express\lib\router\index.js:317:13)
    at D:\gitHub\basicNodeApp\node_modules\express\lib\router\index.js:284:7
    at Function.process_params (D:\gitHub\basicNodeApp\node_modules\express\lib\router\index.js:335:12)
    at next (D:\gitHub\basicNodeApp\node_modules\express\lib\router\index.js:275:10)
    at D:\gitHub\basicNodeApp\node_modules\express\lib\router\index.js:635:15
    at next (D:\gitHub\basicNodeApp\node_modules\express\lib\router\index.js:260:14)
    at Function.handle (D:\gitHub\basicNodeApp\node_modules\express\lib\router\index.js:174:3)
    at router (D:\gitHub\basicNodeApp\node_modules\express\lib\router\index.js:47:12)
    at Layer.handle [as handle_request] (D:\gitHub\basicNodeApp\node_modules\express\lib\router\layer.js:95:5)
    at trim_prefix (D:\gitHub\basicNodeApp\node_modules\express\lib\router\index.js:317:13)
    at D:\gitHub\basicNodeApp\node_modules\express\lib\router\index.js:284:7
    at Function.process_params (D:\gitHub\basicNodeApp\node_modules\express\lib\router\index.js:335:12)
    at next (D:\gitHub\basicNodeApp\node_modules\express\lib\router\index.js:275:10)
    at app.use (D:\gitHub\basicNodeApp\app.js:55:5)Error msg:  Not Found 
 data: Sun Jan 07 2018 08:35:56 GMT-0200 (Horário brasileiro de verão) stack: Error: Not Found
    at app.use (D:\gitHub\basicNodeApp\app.js:71:16)
    at Layer.handle [as handle_request] (D:\gitHub\basicNodeApp\node_modules\express\lib\router\layer.js:95:5)
    at trim_prefix (D:\gitHub\basicNodeApp\node_modules\express\lib\router\index.js:317:13)
    at D:\gitHub\basicNodeApp\node_modules\express\lib\router\index.js:284:7
    at Function.process_params (D:\gitHub\basicNodeApp\node_modules\express\lib\router\index.js:335:12)
    at next (D:\gitHub\basicNodeApp\node_modules\express\lib\router\index.js:275:10)
    at D:\gitHub\basicNodeApp\node_modules\express\lib\router\index.js:635:15
    at next (D:\gitHub\basicNodeApp\node_modules\express\lib\router\index.js:260:14)
    at Function.handle (D:\gitHub\basicNodeApp\node_modules\express\lib\router\index.js:174:3)
    at router (D:\gitHub\basicNodeApp\node_modules\express\lib\router\index.js:47:12)
    at Layer.handle [as handle_request] (D:\gitHub\basicNodeApp\node_modules\express\lib\router\layer.js:95:5)
    at trim_prefix (D:\gitHub\basicNodeApp\node_modules\express\lib\router\index.js:317:13)
    at D:\gitHub\basicNodeApp\node_modules\express\lib\router\index.js:284:7
    at Function.process_params (D:\gitHub\basicNodeApp\node_modules\express\lib\router\index.js:335:12)
    at next (D:\gitHub\basicNodeApp\node_modules\express\lib\router\index.js:275:10)
    at app.use (D:\gitHub\basicNodeApp\app.js:55:5)Error msg:  Not Found 
 data: Sun Jan 07 2018 08:35:56 GMT-0200 (Horário brasileiro de verão) stack: Error: Not Found
    at app.use (D:\gitHub\basicNodeApp\app.js:71:16)
    at Layer.handle [as handle_request] (D:\gitHub\basicNodeApp\node_modules\express\lib\router\layer.js:95:5)
    at trim_prefix (D:\gitHub\basicNodeApp\node_modules\express\lib\router\index.js:317:13)
    at D:\gitHub\basicNodeApp\node_modules\express\lib\router\index.js:284:7
    at Function.process_params (D:\gitHub\basicNodeApp\node_modules\express\lib\router\index.js:335:12)
    at next (D:\gitHub\basicNodeApp\node_modules\express\lib\router\index.js:275:10)
    at D:\gitHub\basicNodeApp\node_modules\express\lib\router\index.js:635:15
    at next (D:\gitHub\basicNodeApp\node_modules\express\lib\router\index.js:260:14)
    at Function.handle (D:\gitHub\basicNodeApp\node_modules\express\lib\router\index.js:174:3)
    at router (D:\gitHub\basicNodeApp\node_modules\express\lib\router\index.js:47:12)
    at Layer.handle [as handle_request] (D:\gitHub\basicNodeApp\node_modules\express\lib\router\layer.js:95:5)
    at trim_prefix (D:\gitHub\basicNodeApp\node_modules\express\lib\router\index.js:317:13)
    at D:\gitHub\basicNodeApp\node_modules\express\lib\router\index.js:284:7
    at Function.process_params (D:\gitHub\basicNodeApp\node_modules\express\lib\router\index.js:335:12)
    at next (D:\gitHub\basicNodeApp\node_modules\express\lib\router\index.js:275:10)
    at app.use (D:\gitHub\basicNodeApp\app.js:55:5)Error msg:  Not Found 
 data: Sun Jan 07 2018 08:35:56 GMT-0200 (Horário brasileiro de verão) stack: Error: Not Found
    at app.use (D:\gitHub\basicNodeApp\app.js:71:16)
    at Layer.handle [as handle_request] (D:\gitHub\basicNodeApp\node_modules\express\lib\router\layer.js:95:5)
    at trim_prefix (D:\gitHub\basicNodeApp\node_modules\express\lib\router\index.js:317:13)
    at D:\gitHub\basicNodeApp\node_modules\express\lib\router\index.js:284:7
    at Function.process_params (D:\gitHub\basicNodeApp\node_modules\express\lib\router\index.js:335:12)
    at next (D:\gitHub\basicNodeApp\node_modules\express\lib\router\index.js:275:10)
    at D:\gitHub\basicNodeApp\node_modules\express\lib\router\index.js:635:15
    at next (D:\gitHub\basicNodeApp\node_modules\express\lib\router\index.js:260:14)
    at Function.handle (D:\gitHub\basicNodeApp\node_modules\express\lib\router\index.js:174:3)
    at router (D:\gitHub\basicNodeApp\node_modules\express\lib\router\index.js:47:12)
    at Layer.handle [as handle_request] (D:\gitHub\basicNodeApp\node_modules\express\lib\router\layer.js:95:5)
    at trim_prefix (D:\gitHub\basicNodeApp\node_modules\express\lib\router\index.js:317:13)
    at D:\gitHub\basicNodeApp\node_modules\express\lib\router\index.js:284:7
    at Function.process_params (D:\gitHub\basicNodeApp\node_modules\express\lib\router\index.js:335:12)
    at next (D:\gitHub\basicNodeApp\node_modules\express\lib\router\index.js:275:10)
    at app.use (D:\gitHub\basicNodeApp\app.js:55:5)Error msg:  Not Found 
 data: Sun Jan 07 2018 08:35:57 GMT-0200 (Horário brasileiro de verão) stack: Error: Not Found
    at app.use (D:\gitHub\basicNodeApp\app.js:71:16)
    at Layer.handle [as handle_request] (D:\gitHub\basicNodeApp\node_modules\express\lib\router\layer.js:95:5)
    at trim_prefix (D:\gitHub\basicNodeApp\node_modules\express\lib\router\index.js:317:13)
    at D:\gitHub\basicNodeApp\node_modules\express\lib\router\index.js:284:7
    at Function.process_params (D:\gitHub\basicNodeApp\node_modules\express\lib\router\index.js:335:12)
    at next (D:\gitHub\basicNodeApp\node_modules\express\lib\router\index.js:275:10)
    at D:\gitHub\basicNodeApp\node_modules\express\lib\router\index.js:635:15
    at next (D:\gitHub\basicNodeApp\node_modules\express\lib\router\index.js:260:14)
    at Function.handle (D:\gitHub\basicNodeApp\node_modules\express\lib\router\index.js:174:3)
    at router (D:\gitHub\basicNodeApp\node_modules\express\lib\router\index.js:47:12)
    at Layer.handle [as handle_request] (D:\gitHub\basicNodeApp\node_modules\express\lib\router\layer.js:95:5)
    at trim_prefix (D:\gitHub\basicNodeApp\node_modules\express\lib\router\index.js:317:13)
    at D:\gitHub\basicNodeApp\node_modules\express\lib\router\index.js:284:7
    at Function.process_params (D:\gitHub\basicNodeApp\node_modules\express\lib\router\index.js:335:12)
    at next (D:\gitHub\basicNodeApp\node_modules\express\lib\router\index.js:275:10)
    at app.use (D:\gitHub\basicNodeApp\app.js:55:5)Error msg:  Not Found 
 data: Sun Jan 07 2018 08:35:57 GMT-0200 (Horário brasileiro de verão) stack: Error: Not Found
    at app.use (D:\gitHub\basicNodeApp\app.js:71:16)
    at Layer.handle [as handle_request] (D:\gitHub\basicNodeApp\node_modules\express\lib\router\layer.js:95:5)
    at trim_prefix (D:\gitHub\basicNodeApp\node_modules\express\lib\router\index.js:317:13)
    at D:\gitHub\basicNodeApp\node_modules\express\lib\router\index.js:284:7
    at Function.process_params (D:\gitHub\basicNodeApp\node_modules\express\lib\router\index.js:335:12)
    at next (D:\gitHub\basicNodeApp\node_modules\express\lib\router\index.js:275:10)
    at D:\gitHub\basicNodeApp\node_modules\express\lib\router\index.js:635:15
    at next (D:\gitHub\basicNodeApp\node_modules\express\lib\router\index.js:260:14)
    at Function.handle (D:\gitHub\basicNodeApp\node_modules\express\lib\router\index.js:174:3)
    at router (D:\gitHub\basicNodeApp\node_modules\express\lib\router\index.js:47:12)
    at Layer.handle [as handle_request] (D:\gitHub\basicNodeApp\node_modules\express\lib\router\layer.js:95:5)
    at trim_prefix (D:\gitHub\basicNodeApp\node_modules\express\lib\router\index.js:317:13)
    at D:\gitHub\basicNodeApp\node_modules\express\lib\router\index.js:284:7
    at Function.process_params (D:\gitHub\basicNodeApp\node_modules\express\lib\router\index.js:335:12)
    at next (D:\gitHub\basicNodeApp\node_modules\express\lib\router\index.js:275:10)
    at app.use (D:\gitHub\basicNodeApp\app.js:55:5)Error msg:  Not Found 
 data: Sun Jan 07 2018 08:35:57 GMT-0200 (Horário brasileiro de verão) stack: Error: Not Found
    at app.use (D:\gitHub\basicNodeApp\app.js:71:16)
    at Layer.handle [as handle_request] (D:\gitHub\basicNodeApp\node_modules\express\lib\router\layer.js:95:5)
    at trim_prefix (D:\gitHub\basicNodeApp\node_modules\express\lib\router\index.js:317:13)
    at D:\gitHub\basicNodeApp\node_modules\express\lib\router\index.js:284:7
    at Function.process_params (D:\gitHub\basicNodeApp\node_modules\express\lib\router\index.js:335:12)
    at next (D:\gitHub\basicNodeApp\node_modules\express\lib\router\index.js:275:10)
    at D:\gitHub\basicNodeApp\node_modules\express\lib\router\index.js:635:15
    at next (D:\gitHub\basicNodeApp\node_modules\express\lib\router\index.js:260:14)
    at Function.handle (D:\gitHub\basicNodeApp\node_modules\express\lib\router\index.js:174:3)
    at router (D:\gitHub\basicNodeApp\node_modules\express\lib\router\index.js:47:12)
    at Layer.handle [as handle_request] (D:\gitHub\basicNodeApp\node_modules\express\lib\router\layer.js:95:5)
    at trim_prefix (D:\gitHub\basicNodeApp\node_modules\express\lib\router\index.js:317:13)
    at D:\gitHub\basicNodeApp\node_modules\express\lib\router\index.js:284:7
    at Function.process_params (D:\gitHub\basicNodeApp\node_modules\express\lib\router\index.js:335:12)
    at next (D:\gitHub\basicNodeApp\node_modules\express\lib\router\index.js:275:10)
    at app.use (D:\gitHub\basicNodeApp\app.js:55:5)Error msg:  Not Found 
 data: Sun Jan 07 2018 08:35:57 GMT-0200 (Horário brasileiro de verão) stack: Error: Not Found
    at app.use (D:\gitHub\basicNodeApp\app.js:71:16)
    at Layer.handle [as handle_request] (D:\gitHub\basicNodeApp\node_modules\express\lib\router\layer.js:95:5)
    at trim_prefix (D:\gitHub\basicNodeApp\node_modules\express\lib\router\index.js:317:13)
    at D:\gitHub\basicNodeApp\node_modules\express\lib\router\index.js:284:7
    at Function.process_params (D:\gitHub\basicNodeApp\node_modules\express\lib\router\index.js:335:12)
    at next (D:\gitHub\basicNodeApp\node_modules\express\lib\router\index.js:275:10)
    at D:\gitHub\basicNodeApp\node_modules\express\lib\router\index.js:635:15
    at next (D:\gitHub\basicNodeApp\node_modules\express\lib\router\index.js:260:14)
    at Function.handle (D:\gitHub\basicNodeApp\node_modules\express\lib\router\index.js:174:3)
    at router (D:\gitHub\basicNodeApp\node_modules\express\lib\router\index.js:47:12)
    at Layer.handle [as handle_request] (D:\gitHub\basicNodeApp\node_modules\express\lib\router\layer.js:95:5)
    at trim_prefix (D:\gitHub\basicNodeApp\node_modules\express\lib\router\index.js:317:13)
    at D:\gitHub\basicNodeApp\node_modules\express\lib\router\index.js:284:7
    at Function.process_params (D:\gitHub\basicNodeApp\node_modules\express\lib\router\index.js:335:12)
    at next (D:\gitHub\basicNodeApp\node_modules\express\lib\router\index.js:275:10)
    at app.use (D:\gitHub\basicNodeApp\app.js:55:5)Error msg:  Not Found 
 data: Sun Jan 07 2018 08:35:57 GMT-0200 (Horário brasileiro de verão) stack: Error: Not Found
    at app.use (D:\gitHub\basicNodeApp\app.js:71:16)
    at Layer.handle [as handle_request] (D:\gitHub\basicNodeApp\node_modules\express\lib\router\layer.js:95:5)
    at trim_prefix (D:\gitHub\basicNodeApp\node_modules\express\lib\router\index.js:317:13)
    at D:\gitHub\basicNodeApp\node_modules\express\lib\router\index.js:284:7
    at Function.process_params (D:\gitHub\basicNodeApp\node_modules\express\lib\router\index.js:335:12)
    at next (D:\gitHub\basicNodeApp\node_modules\express\lib\router\index.js:275:10)
    at D:\gitHub\basicNodeApp\node_modules\express\lib\router\index.js:635:15
    at next (D:\gitHub\basicNodeApp\node_modules\express\lib\router\index.js:260:14)
    at Function.handle (D:\gitHub\basicNodeApp\node_modules\express\lib\router\index.js:174:3)
    at router (D:\gitHub\basicNodeApp\node_modules\express\lib\router\index.js:47:12)
    at Layer.handle [as handle_request] (D:\gitHub\basicNodeApp\node_modules\express\lib\router\layer.js:95:5)
    at trim_prefix (D:\gitHub\basicNodeApp\node_modules\express\lib\router\index.js:317:13)
    at D:\gitHub\basicNodeApp\node_modules\express\lib\router\index.js:284:7
    at Function.process_params (D:\gitHub\basicNodeApp\node_modules\express\lib\router\index.js:335:12)
    at next (D:\gitHub\basicNodeApp\node_modules\express\lib\router\index.js:275:10)
    at app.use (D:\gitHub\basicNodeApp\app.js:55:5)Error msg:  Not Found 
 data: Sun Jan 07 2018 08:35:57 GMT-0200 (Horário brasileiro de verão) stack: Error: Not Found
    at app.use (D:\gitHub\basicNodeApp\app.js:71:16)
    at Layer.handle [as handle_request] (D:\gitHub\basicNodeApp\node_modules\express\lib\router\layer.js:95:5)
    at trim_prefix (D:\gitHub\basicNodeApp\node_modules\express\lib\router\index.js:317:13)
    at D:\gitHub\basicNodeApp\node_modules\express\lib\router\index.js:284:7
    at Function.process_params (D:\gitHub\basicNodeApp\node_modules\express\lib\router\index.js:335:12)
    at next (D:\gitHub\basicNodeApp\node_modules\express\lib\router\index.js:275:10)
    at D:\gitHub\basicNodeApp\node_modules\express\lib\router\index.js:635:15
    at next (D:\gitHub\basicNodeApp\node_modules\express\lib\router\index.js:260:14)
    at Function.handle (D:\gitHub\basicNodeApp\node_modules\express\lib\router\index.js:174:3)
    at router (D:\gitHub\basicNodeApp\node_modules\express\lib\router\index.js:47:12)
    at Layer.handle [as handle_request] (D:\gitHub\basicNodeApp\node_modules\express\lib\router\layer.js:95:5)
    at trim_prefix (D:\gitHub\basicNodeApp\node_modules\express\lib\router\index.js:317:13)
    at D:\gitHub\basicNodeApp\node_modules\express\lib\router\index.js:284:7
    at Function.process_params (D:\gitHub\basicNodeApp\node_modules\express\lib\router\index.js:335:12)
    at next (D:\gitHub\basicNodeApp\node_modules\express\lib\router\index.js:275:10)
    at app.use (D:\gitHub\basicNodeApp\app.js:55:5)Error msg:  Not Found 
 data: Sun Jan 07 2018 08:35:57 GMT-0200 (Horário brasileiro de verão) stack: Error: Not Found
    at app.use (D:\gitHub\basicNodeApp\app.js:71:16)
    at Layer.handle [as handle_request] (D:\gitHub\basicNodeApp\node_modules\express\lib\router\layer.js:95:5)
    at trim_prefix (D:\gitHub\basicNodeApp\node_modules\express\lib\router\index.js:317:13)
    at D:\gitHub\basicNodeApp\node_modules\express\lib\router\index.js:284:7
    at Function.process_params (D:\gitHub\basicNodeApp\node_modules\express\lib\router\index.js:335:12)
    at next (D:\gitHub\basicNodeApp\node_modules\express\lib\router\index.js:275:10)
    at D:\gitHub\basicNodeApp\node_modules\express\lib\router\index.js:635:15
    at next (D:\gitHub\basicNodeApp\node_modules\express\lib\router\index.js:260:14)
    at Function.handle (D:\gitHub\basicNodeApp\node_modules\express\lib\router\index.js:174:3)
    at router (D:\gitHub\basicNodeApp\node_modules\express\lib\router\index.js:47:12)
    at Layer.handle [as handle_request] (D:\gitHub\basicNodeApp\node_modules\express\lib\router\layer.js:95:5)
    at trim_prefix (D:\gitHub\basicNodeApp\node_modules\express\lib\router\index.js:317:13)
    at D:\gitHub\basicNodeApp\node_modules\express\lib\router\index.js:284:7
    at Function.process_params (D:\gitHub\basicNodeApp\node_modules\express\lib\router\index.js:335:12)
    at next (D:\gitHub\basicNodeApp\node_modules\express\lib\router\index.js:275:10)
    at app.use (D:\gitHub\basicNodeApp\app.js:55:5)Error msg:  Not Found 
 data: Sun Jan 07 2018 08:35:58 GMT-0200 (Horário brasileiro de verão) stack: Error: Not Found
    at app.use (D:\gitHub\basicNodeApp\app.js:71:16)
    at Layer.handle [as handle_request] (D:\gitHub\basicNodeApp\node_modules\express\lib\router\layer.js:95:5)
    at trim_prefix (D:\gitHub\basicNodeApp\node_modules\express\lib\router\index.js:317:13)
    at D:\gitHub\basicNodeApp\node_modules\express\lib\router\index.js:284:7
    at Function.process_params (D:\gitHub\basicNodeApp\node_modules\express\lib\router\index.js:335:12)
    at next (D:\gitHub\basicNodeApp\node_modules\express\lib\router\index.js:275:10)
    at D:\gitHub\basicNodeApp\node_modules\express\lib\router\index.js:635:15
    at next (D:\gitHub\basicNodeApp\node_modules\express\lib\router\index.js:260:14)
    at Function.handle (D:\gitHub\basicNodeApp\node_modules\express\lib\router\index.js:174:3)
    at router (D:\gitHub\basicNodeApp\node_modules\express\lib\router\index.js:47:12)
    at Layer.handle [as handle_request] (D:\gitHub\basicNodeApp\node_modules\express\lib\router\layer.js:95:5)
    at trim_prefix (D:\gitHub\basicNodeApp\node_modules\express\lib\router\index.js:317:13)
    at D:\gitHub\basicNodeApp\node_modules\express\lib\router\index.js:284:7
    at Function.process_params (D:\gitHub\basicNodeApp\node_modules\express\lib\router\index.js:335:12)
    at next (D:\gitHub\basicNodeApp\node_modules\express\lib\router\index.js:275:10)
    at app.use (D:\gitHub\basicNodeApp\app.js:55:5)Error msg:  Not Found 
 data: Sun Jan 07 2018 08:35:58 GMT-0200 (Horário brasileiro de verão) stack: Error: Not Found
    at app.use (D:\gitHub\basicNodeApp\app.js:71:16)
    at Layer.handle [as handle_request] (D:\gitHub\basicNodeApp\node_modules\express\lib\router\layer.js:95:5)
    at trim_prefix (D:\gitHub\basicNodeApp\node_modules\express\lib\router\index.js:317:13)
    at D:\gitHub\basicNodeApp\node_modules\express\lib\router\index.js:284:7
    at Function.process_params (D:\gitHub\basicNodeApp\node_modules\express\lib\router\index.js:335:12)
    at next (D:\gitHub\basicNodeApp\node_modules\express\lib\router\index.js:275:10)
    at D:\gitHub\basicNodeApp\node_modules\express\lib\router\index.js:635:15
    at next (D:\gitHub\basicNodeApp\node_modules\express\lib\router\index.js:260:14)
    at Function.handle (D:\gitHub\basicNodeApp\node_modules\express\lib\router\index.js:174:3)
    at router (D:\gitHub\basicNodeApp\node_modules\express\lib\router\index.js:47:12)
    at Layer.handle [as handle_request] (D:\gitHub\basicNodeApp\node_modules\express\lib\router\layer.js:95:5)
    at trim_prefix (D:\gitHub\basicNodeApp\node_modules\express\lib\router\index.js:317:13)
    at D:\gitHub\basicNodeApp\node_modules\express\lib\router\index.js:284:7
    at Function.process_params (D:\gitHub\basicNodeApp\node_modules\express\lib\router\index.js:335:12)
    at next (D:\gitHub\basicNodeApp\node_modules\express\lib\router\index.js:275:10)
    at app.use (D:\gitHub\basicNodeApp\app.js:55:5)Error msg:  Not Found 
 data: Sun Jan 07 2018 08:35:58 GMT-0200 (Horário brasileiro de verão) stack: Error: Not Found
    at app.use (D:\gitHub\basicNodeApp\app.js:71:16)
    at Layer.handle [as handle_request] (D:\gitHub\basicNodeApp\node_modules\express\lib\router\layer.js:95:5)
    at trim_prefix (D:\gitHub\basicNodeApp\node_modules\express\lib\router\index.js:317:13)
    at D:\gitHub\basicNodeApp\node_modules\express\lib\router\index.js:284:7
    at Function.process_params (D:\gitHub\basicNodeApp\node_modules\express\lib\router\index.js:335:12)
    at next (D:\gitHub\basicNodeApp\node_modules\express\lib\router\index.js:275:10)
    at D:\gitHub\basicNodeApp\node_modules\express\lib\router\index.js:635:15
    at next (D:\gitHub\basicNodeApp\node_modules\express\lib\router\index.js:260:14)
    at Function.handle (D:\gitHub\basicNodeApp\node_modules\express\lib\router\index.js:174:3)
    at router (D:\gitHub\basicNodeApp\node_modules\express\lib\router\index.js:47:12)
    at Layer.handle [as handle_request] (D:\gitHub\basicNodeApp\node_modules\express\lib\router\layer.js:95:5)
    at trim_prefix (D:\gitHub\basicNodeApp\node_modules\express\lib\router\index.js:317:13)
    at D:\gitHub\basicNodeApp\node_modules\express\lib\router\index.js:284:7
    at Function.process_params (D:\gitHub\basicNodeApp\node_modules\express\lib\router\index.js:335:12)
    at next (D:\gitHub\basicNodeApp\node_modules\express\lib\router\index.js:275:10)
    at app.use (D:\gitHub\basicNodeApp\app.js:55:5)Error msg:  Not Found 
 data: Sun Jan 07 2018 08:35:58 GMT-0200 (Horário brasileiro de verão) stack: Error: Not Found
    at app.use (D:\gitHub\basicNodeApp\app.js:71:16)
    at Layer.handle [as handle_request] (D:\gitHub\basicNodeApp\node_modules\express\lib\router\layer.js:95:5)
    at trim_prefix (D:\gitHub\basicNodeApp\node_modules\express\lib\router\index.js:317:13)
    at D:\gitHub\basicNodeApp\node_modules\express\lib\router\index.js:284:7
    at Function.process_params (D:\gitHub\basicNodeApp\node_modules\express\lib\router\index.js:335:12)
    at next (D:\gitHub\basicNodeApp\node_modules\express\lib\router\index.js:275:10)
    at D:\gitHub\basicNodeApp\node_modules\express\lib\router\index.js:635:15
    at next (D:\gitHub\basicNodeApp\node_modules\express\lib\router\index.js:260:14)
    at Function.handle (D:\gitHub\basicNodeApp\node_modules\express\lib\router\index.js:174:3)
    at router (D:\gitHub\basicNodeApp\node_modules\express\lib\router\index.js:47:12)
    at Layer.handle [as handle_request] (D:\gitHub\basicNodeApp\node_modules\express\lib\router\layer.js:95:5)
    at trim_prefix (D:\gitHub\basicNodeApp\node_modules\express\lib\router\index.js:317:13)
    at D:\gitHub\basicNodeApp\node_modules\express\lib\router\index.js:284:7
    at Function.process_params (D:\gitHub\basicNodeApp\node_modules\express\lib\router\index.js:335:12)
    at next (D:\gitHub\basicNodeApp\node_modules\express\lib\router\index.js:275:10)
    at app.use (D:\gitHub\basicNodeApp\app.js:55:5)Error msg:  Not Found 
 data: Sun Jan 07 2018 08:35:59 GMT-0200 (Horário brasileiro de verão) stack: Error: Not Found
    at app.use (D:\gitHub\basicNodeApp\app.js:71:16)
    at Layer.handle [as handle_request] (D:\gitHub\basicNodeApp\node_modules\express\lib\router\layer.js:95:5)
    at trim_prefix (D:\gitHub\basicNodeApp\node_modules\express\lib\router\index.js:317:13)
    at D:\gitHub\basicNodeApp\node_modules\express\lib\router\index.js:284:7
    at Function.process_params (D:\gitHub\basicNodeApp\node_modules\express\lib\router\index.js:335:12)
    at next (D:\gitHub\basicNodeApp\node_modules\express\lib\router\index.js:275:10)
    at D:\gitHub\basicNodeApp\node_modules\express\lib\router\index.js:635:15
    at next (D:\gitHub\basicNodeApp\node_modules\express\lib\router\index.js:260:14)
    at Function.handle (D:\gitHub\basicNodeApp\node_modules\express\lib\router\index.js:174:3)
    at router (D:\gitHub\basicNodeApp\node_modules\express\lib\router\index.js:47:12)
    at Layer.handle [as handle_request] (D:\gitHub\basicNodeApp\node_modules\express\lib\router\layer.js:95:5)
    at trim_prefix (D:\gitHub\basicNodeApp\node_modules\express\lib\router\index.js:317:13)
    at D:\gitHub\basicNodeApp\node_modules\express\lib\router\index.js:284:7
    at Function.process_params (D:\gitHub\basicNodeApp\node_modules\express\lib\router\index.js:335:12)
    at next (D:\gitHub\basicNodeApp\node_modules\express\lib\router\index.js:275:10)
    at app.use (D:\gitHub\basicNodeApp\app.js:55:5)Error msg:  Not Found 
 data: Sun Jan 07 2018 08:35:59 GMT-0200 (Horário brasileiro de verão) stack: Error: Not Found
    at app.use (D:\gitHub\basicNodeApp\app.js:71:16)
    at Layer.handle [as handle_request] (D:\gitHub\basicNodeApp\node_modules\express\lib\router\layer.js:95:5)
    at trim_prefix (D:\gitHub\basicNodeApp\node_modules\express\lib\router\index.js:317:13)
    at D:\gitHub\basicNodeApp\node_modules\express\lib\router\index.js:284:7
    at Function.process_params (D:\gitHub\basicNodeApp\node_modules\express\lib\router\index.js:335:12)
    at next (D:\gitHub\basicNodeApp\node_modules\express\lib\router\index.js:275:10)
    at D:\gitHub\basicNodeApp\node_modules\express\lib\router\index.js:635:15
    at next (D:\gitHub\basicNodeApp\node_modules\express\lib\router\index.js:260:14)
    at Function.handle (D:\gitHub\basicNodeApp\node_modules\express\lib\router\index.js:174:3)
    at router (D:\gitHub\basicNodeApp\node_modules\express\lib\router\index.js:47:12)
    at Layer.handle [as handle_request] (D:\gitHub\basicNodeApp\node_modules\express\lib\router\layer.js:95:5)
    at trim_prefix (D:\gitHub\basicNodeApp\node_modules\express\lib\router\index.js:317:13)
    at D:\gitHub\basicNodeApp\node_modules\express\lib\router\index.js:284:7
    at Function.process_params (D:\gitHub\basicNodeApp\node_modules\express\lib\router\index.js:335:12)
    at next (D:\gitHub\basicNodeApp\node_modules\express\lib\router\index.js:275:10)
    at app.use (D:\gitHub\basicNodeApp\app.js:55:5)Error msg:  Not Found 
 data: Sun Jan 07 2018 08:35:59 GMT-0200 (Horário brasileiro de verão) stack: Error: Not Found
    at app.use (D:\gitHub\basicNodeApp\app.js:71:16)
    at Layer.handle [as handle_request] (D:\gitHub\basicNodeApp\node_modules\express\lib\router\layer.js:95:5)
    at trim_prefix (D:\gitHub\basicNodeApp\node_modules\express\lib\router\index.js:317:13)
    at D:\gitHub\basicNodeApp\node_modules\express\lib\router\index.js:284:7
    at Function.process_params (D:\gitHub\basicNodeApp\node_modules\express\lib\router\index.js:335:12)
    at next (D:\gitHub\basicNodeApp\node_modules\express\lib\router\index.js:275:10)
    at D:\gitHub\basicNodeApp\node_modules\express\lib\router\index.js:635:15
    at next (D:\gitHub\basicNodeApp\node_modules\express\lib\router\index.js:260:14)
    at Function.handle (D:\gitHub\basicNodeApp\node_modules\express\lib\router\index.js:174:3)
    at router (D:\gitHub\basicNodeApp\node_modules\express\lib\router\index.js:47:12)
    at Layer.handle [as handle_request] (D:\gitHub\basicNodeApp\node_modules\express\lib\router\layer.js:95:5)
    at trim_prefix (D:\gitHub\basicNodeApp\node_modules\express\lib\router\index.js:317:13)
    at D:\gitHub\basicNodeApp\node_modules\express\lib\router\index.js:284:7
    at Function.process_params (D:\gitHub\basicNodeApp\node_modules\express\lib\router\index.js:335:12)
    at next (D:\gitHub\basicNodeApp\node_modules\express\lib\router\index.js:275:10)
    at app.use (D:\gitHub\basicNodeApp\app.js:55:5)Error msg:  Not Found 
 data: Sun Jan 07 2018 08:35:59 GMT-0200 (Horário brasileiro de verão) stack: Error: Not Found
    at app.use (D:\gitHub\basicNodeApp\app.js:71:16)
    at Layer.handle [as handle_request] (D:\gitHub\basicNodeApp\node_modules\express\lib\router\layer.js:95:5)
    at trim_prefix (D:\gitHub\basicNodeApp\node_modules\express\lib\router\index.js:317:13)
    at D:\gitHub\basicNodeApp\node_modules\express\lib\router\index.js:284:7
    at Function.process_params (D:\gitHub\basicNodeApp\node_modules\express\lib\router\index.js:335:12)
    at next (D:\gitHub\basicNodeApp\node_modules\express\lib\router\index.js:275:10)
    at D:\gitHub\basicNodeApp\node_modules\express\lib\router\index.js:635:15
    at next (D:\gitHub\basicNodeApp\node_modules\express\lib\router\index.js:260:14)
    at Function.handle (D:\gitHub\basicNodeApp\node_modules\express\lib\router\index.js:174:3)
    at router (D:\gitHub\basicNodeApp\node_modules\express\lib\router\index.js:47:12)
    at Layer.handle [as handle_request] (D:\gitHub\basicNodeApp\node_modules\express\lib\router\layer.js:95:5)
    at trim_prefix (D:\gitHub\basicNodeApp\node_modules\express\lib\router\index.js:317:13)
    at D:\gitHub\basicNodeApp\node_modules\express\lib\router\index.js:284:7
    at Function.process_params (D:\gitHub\basicNodeApp\node_modules\express\lib\router\index.js:335:12)
    at next (D:\gitHub\basicNodeApp\node_modules\express\lib\router\index.js:275:10)
    at app.use (D:\gitHub\basicNodeApp\app.js:55:5)Error msg:  Not Found 
 data: Sun Jan 07 2018 08:36:00 GMT-0200 (Horário brasileiro de verão) stack: Error: Not Found
    at app.use (D:\gitHub\basicNodeApp\app.js:71:16)
    at Layer.handle [as handle_request] (D:\gitHub\basicNodeApp\node_modules\express\lib\router\layer.js:95:5)
    at trim_prefix (D:\gitHub\basicNodeApp\node_modules\express\lib\router\index.js:317:13)
    at D:\gitHub\basicNodeApp\node_modules\express\lib\router\index.js:284:7
    at Function.process_params (D:\gitHub\basicNodeApp\node_modules\express\lib\router\index.js:335:12)
    at next (D:\gitHub\basicNodeApp\node_modules\express\lib\router\index.js:275:10)
    at D:\gitHub\basicNodeApp\node_modules\express\lib\router\index.js:635:15
    at next (D:\gitHub\basicNodeApp\node_modules\express\lib\router\index.js:260:14)
    at Function.handle (D:\gitHub\basicNodeApp\node_modules\express\lib\router\index.js:174:3)
    at router (D:\gitHub\basicNodeApp\node_modules\express\lib\router\index.js:47:12)
    at Layer.handle [as handle_request] (D:\gitHub\basicNodeApp\node_modules\express\lib\router\layer.js:95:5)
    at trim_prefix (D:\gitHub\basicNodeApp\node_modules\express\lib\router\index.js:317:13)
    at D:\gitHub\basicNodeApp\node_modules\express\lib\router\index.js:284:7
    at Function.process_params (D:\gitHub\basicNodeApp\node_modules\express\lib\router\index.js:335:12)
    at next (D:\gitHub\basicNodeApp\node_modules\express\lib\router\index.js:275:10)
    at app.use (D:\gitHub\basicNodeApp\app.js:55:5)Error msg:  Not Found 
 data: Sun Jan 07 2018 08:36:00 GMT-0200 (Horário brasileiro de verão) stack: Error: Not Found
    at app.use (D:\gitHub\basicNodeApp\app.js:71:16)
    at Layer.handle [as handle_request] (D:\gitHub\basicNodeApp\node_modules\express\lib\router\layer.js:95:5)
    at trim_prefix (D:\gitHub\basicNodeApp\node_modules\express\lib\router\index.js:317:13)
    at D:\gitHub\basicNodeApp\node_modules\express\lib\router\index.js:284:7
    at Function.process_params (D:\gitHub\basicNodeApp\node_modules\express\lib\router\index.js:335:12)
    at next (D:\gitHub\basicNodeApp\node_modules\express\lib\router\index.js:275:10)
    at D:\gitHub\basicNodeApp\node_modules\express\lib\router\index.js:635:15
    at next (D:\gitHub\basicNodeApp\node_modules\express\lib\router\index.js:260:14)
    at Function.handle (D:\gitHub\basicNodeApp\node_modules\express\lib\router\index.js:174:3)
    at router (D:\gitHub\basicNodeApp\node_modules\express\lib\router\index.js:47:12)
    at Layer.handle [as handle_request] (D:\gitHub\basicNodeApp\node_modules\express\lib\router\layer.js:95:5)
    at trim_prefix (D:\gitHub\basicNodeApp\node_modules\express\lib\router\index.js:317:13)
    at D:\gitHub\basicNodeApp\node_modules\express\lib\router\index.js:284:7
    at Function.process_params (D:\gitHub\basicNodeApp\node_modules\express\lib\router\index.js:335:12)
    at next (D:\gitHub\basicNodeApp\node_modules\express\lib\router\index.js:275:10)
    at app.use (D:\gitHub\basicNodeApp\app.js:55:5)Error msg:  Not Found 
 data: Sun Jan 07 2018 08:36:00 GMT-0200 (Horário brasileiro de verão) stack: Error: Not Found
    at app.use (D:\gitHub\basicNodeApp\app.js:71:16)
    at Layer.handle [as handle_request] (D:\gitHub\basicNodeApp\node_modules\express\lib\router\layer.js:95:5)
    at trim_prefix (D:\gitHub\basicNodeApp\node_modules\express\lib\router\index.js:317:13)
    at D:\gitHub\basicNodeApp\node_modules\express\lib\router\index.js:284:7
    at Function.process_params (D:\gitHub\basicNodeApp\node_modules\express\lib\router\index.js:335:12)
    at next (D:\gitHub\basicNodeApp\node_modules\express\lib\router\index.js:275:10)
    at D:\gitHub\basicNodeApp\node_modules\express\lib\router\index.js:635:15
    at next (D:\gitHub\basicNodeApp\node_modules\express\lib\router\index.js:260:14)
    at Function.handle (D:\gitHub\basicNodeApp\node_modules\express\lib\router\index.js:174:3)
    at router (D:\gitHub\basicNodeApp\node_modules\express\lib\router\index.js:47:12)
    at Layer.handle [as handle_request] (D:\gitHub\basicNodeApp\node_modules\express\lib\router\layer.js:95:5)
    at trim_prefix (D:\gitHub\basicNodeApp\node_modules\express\lib\router\index.js:317:13)
    at D:\gitHub\basicNodeApp\node_modules\express\lib\router\index.js:284:7
    at Function.process_params (D:\gitHub\basicNodeApp\node_modules\express\lib\router\index.js:335:12)
    at next (D:\gitHub\basicNodeApp\node_modules\express\lib\router\index.js:275:10)
    at app.use (D:\gitHub\basicNodeApp\app.js:55:5)Error msg:  Not Found 
 data: Sun Jan 07 2018 08:36:00 GMT-0200 (Horário brasileiro de verão) stack: Error: Not Found
    at app.use (D:\gitHub\basicNodeApp\app.js:71:16)
    at Layer.handle [as handle_request] (D:\gitHub\basicNodeApp\node_modules\express\lib\router\layer.js:95:5)
    at trim_prefix (D:\gitHub\basicNodeApp\node_modules\express\lib\router\index.js:317:13)
    at D:\gitHub\basicNodeApp\node_modules\express\lib\router\index.js:284:7
    at Function.process_params (D:\gitHub\basicNodeApp\node_modules\express\lib\router\index.js:335:12)
    at next (D:\gitHub\basicNodeApp\node_modules\express\lib\router\index.js:275:10)
    at D:\gitHub\basicNodeApp\node_modules\express\lib\router\index.js:635:15
    at next (D:\gitHub\basicNodeApp\node_modules\express\lib\router\index.js:260:14)
    at Function.handle (D:\gitHub\basicNodeApp\node_modules\express\lib\router\index.js:174:3)
    at router (D:\gitHub\basicNodeApp\node_modules\express\lib\router\index.js:47:12)
    at Layer.handle [as handle_request] (D:\gitHub\basicNodeApp\node_modules\express\lib\router\layer.js:95:5)
    at trim_prefix (D:\gitHub\basicNodeApp\node_modules\express\lib\router\index.js:317:13)
    at D:\gitHub\basicNodeApp\node_modules\express\lib\router\index.js:284:7
    at Function.process_params (D:\gitHub\basicNodeApp\node_modules\express\lib\router\index.js:335:12)
    at next (D:\gitHub\basicNodeApp\node_modules\express\lib\router\index.js:275:10)
    at app.use (D:\gitHub\basicNodeApp\app.js:55:5)